I: parsing spec file timekeeper+.v...
I: parsing BLIF file synth.blif...
D: inputs and outputs parsed.
D: circuit initialized.
D: connections (#2018) parsed.
D: gates (#20547) parsed.
D: outputs: 33607 33610 33613 33616 33619 33622 33625 33628 33631 33634 33637 33640 33643 33646 33649 33652 33655 33658 33661 33664 33667 33670 33673 33676 33679 33682 33685 33688 33691 33694 33697 33703 33605 
D: circuit size: 33704
D: adding identity gates for outputs...
D: outputs after identity: 33737 33738 33739 33740 33741 33742 33743 33744 33745 33746 33747 33748 33749 33750 33751 33752 33753 33754 33755 33756 33757 33758 33759 33760 33761 33762 33763 33764 33765 33766 33767 33768 33769 
D: circuit size after identity: 33770
I: initializing safe primes...
I: using prime modulus 1552518092300708935130918131258481755631334049434514313202351194902966239949102107258669453876591642442910007680288864229150803718918046342632727613031282983744380820890196288509170691316593175367469551763119843371637221007210577919
D:  sending message (size 0.000005 MB)
I: InitMonitor::next
I: GenerateDriverLabels::next
D:   driver labels generated in 21727.582031 ms
I: GenerateInWireKeys::next
D:   in-wire keys generated in 10643.528320 ms
D: SendLabels::message
D:   generating in-wire labels for 20618 gates
D:   10000 gates processed
D:   20000 gates processed
D:   in-wire labels generated in 5265.085938 ms
D:  gateCount: 20618
D:  sending message (size 14.471056 MB)
I: SendLabels::next
I: RecvGarbledGates::next
I: RecvSystemInputLabels::next
I: RecvFlagBitLabels::next
I: MonitorObliviousTransfer::next
I: InitChooser::next
I: MonitorObliviousTransfer::next
I: RecvConstant::next
D: received message: 764a4cd26bd88a99115cdda1056c62322421fc2b43eb3ab1f258b1910e78f22e290b656106b8b8aafc022252622c74c3c9b1554e3d434e9c986ab8c966c5ef4ed22fddac1608859d2d3fd9700cb8ef5bddb28696ab1ca2b81b94c53b0434ca9
I: MonitorObliviousTransfer::next
I: GeneratePublicKey::next
D:  sending message (size 0.000192 MB)
I: MonitorObliviousTransfer::next
I: SendPublicKey::next
I: MonitorObliviousTransfer::next
I: RecvEncryptedMessages::next
I: MonitorObliviousTransfer::next
I: DecryptChosenMessage::next
I: MonitorObliviousTransfer::next
I: ChooserDone::next
I: MonitorObliviousTransfer::next
I: MonitorObliviousTransfer::next
I: InitChooser::next
I: MonitorObliviousTransfer::next
I: RecvConstant::next
D: received message: 8a5cea0dc788badd47fc5e83529312aac48e56e595a0983ab2d1c475de1f93384af21a643198c997aead82d3e53f3ef2f33af21adbaa0fc411f4f2f1362e681a34cc7ffd4d3b445e929fcda3bf705a8cdff7e7998f787b15a617b69859d731e7
I: MonitorObliviousTransfer::next
I: GeneratePublicKey::next
D:  sending message (size 0.000192 MB)
I: MonitorObliviousTransfer::next
I: SendPublicKey::next
I: MonitorObliviousTransfer::next
I: RecvEncryptedMessages::next
I: MonitorObliviousTransfer::next
I: DecryptChosenMessage::next
I: MonitorObliviousTransfer::next
I: ChooserDone::next
I: MonitorObliviousTransfer::next
I: MonitorObliviousTransfer::next
I: InitChooser::next
I: MonitorObliviousTransfer::next
I: RecvConstant::next
D: received message: 1c96f3571c0bf234cadd3bb5f3d68b1459ecbdf8cc116b88acd8c97c88e132e00e4bc10c4fb8d2c10f4dfaa1dae967d97e051a80645bf1f4dd38ff99ecadb2570ab50af8e617807d8eba52d81c2175101738d36e88bdd2106c0388976eb1e707
I: MonitorObliviousTransfer::next
I: GeneratePublicKey::next
D:  sending message (size 0.000192 MB)
I: MonitorObliviousTransfer::next
I: SendPublicKey::next
I: MonitorObliviousTransfer::next
I: RecvEncryptedMessages::next
I: MonitorObliviousTransfer::next
I: DecryptChosenMessage::next
I: MonitorObliviousTransfer::next
I: ChooserDone::next
I: MonitorObliviousTransfer::next
I: MonitorObliviousTransfer::next
I: InitChooser::next
I: MonitorObliviousTransfer::next
I: RecvConstant::next
D: received message: 6d646cb128710eed683a7aa53480410c3ba5f55fd78e48678319bf800d5db77e3541d34cc6aed61a899d77d3af4113ef3e574aee7d682aa5d9b1d350cfa7ce8642157eef128dbcbf4a99f7ddc5471d8881d998bb6fe9553a8d6a8ec6e3752dec
I: MonitorObliviousTransfer::next
I: GeneratePublicKey::next
D:  sending message (size 0.000192 MB)
I: MonitorObliviousTransfer::next
I: SendPublicKey::next
I: MonitorObliviousTransfer::next
I: RecvEncryptedMessages::next
I: MonitorObliviousTransfer::next
I: DecryptChosenMessage::next
I: MonitorObliviousTransfer::next
I: ChooserDone::next
I: MonitorObliviousTransfer::next
I: MonitorObliviousTransfer::next
I: InitChooser::next
I: MonitorObliviousTransfer::next
I: RecvConstant::next
D: received message: d49776bd340427d9098b751171d58e6f7f8714b89c5092118f1aacbe266ce4310fd377c184d1aefdbebe7e2fc1828c7766380ac59e99b6d51cef20df014ea871ce92b16dfca6b3c4bc30a5d9d1987c99935b74aa108e998b4b6188a117509b99
I: MonitorObliviousTransfer::next
I: GeneratePublicKey::next
D:  sending message (size 0.000192 MB)
I: MonitorObliviousTransfer::next
I: SendPublicKey::next
I: MonitorObliviousTransfer::next
I: RecvEncryptedMessages::next
I: MonitorObliviousTransfer::next
I: DecryptChosenMessage::next
I: MonitorObliviousTransfer::next
I: ChooserDone::next
I: MonitorObliviousTransfer::next
I: MonitorObliviousTransfer::next
I: InitChooser::next
I: MonitorObliviousTransfer::next
I: RecvConstant::next
D: received message: 8ae6f8c0689a9ee3fef5ebb1c58d20922b697563f788960a08827ae0abfa2a9749505bc8f32734e63a400921a4857e26d2693f15cbb53532de857768d59734107d8cbbc5aee7ba81c5f3b2c4b2c6b96d6cc5b74714dc138e5b2fef8cb4445d16
I: MonitorObliviousTransfer::next
I: GeneratePublicKey::next
D:  sending message (size 0.000192 MB)
I: MonitorObliviousTransfer::next
I: SendPublicKey::next
I: MonitorObliviousTransfer::next
I: RecvEncryptedMessages::next
I: MonitorObliviousTransfer::next
I: DecryptChosenMessage::next
I: MonitorObliviousTransfer::next
I: ChooserDone::next
I: MonitorObliviousTransfer::next
I: MonitorObliviousTransfer::next
I: InitChooser::next
I: MonitorObliviousTransfer::next
I: RecvConstant::next
D: received message: c78b702cfaf3213da7d9056880196aeea30ff2f83865353d3933faa42bd9a6708354a0e8201e401d45596becaf538dc048c0f2d0674c12526f0a7fb6d89ba3dc93aac10d70b016176147eb8999eea553d99e3716a0a4849453e0a241672f82b7
I: MonitorObliviousTransfer::next
I: GeneratePublicKey::next
D:  sending message (size 0.000192 MB)
I: MonitorObliviousTransfer::next
I: SendPublicKey::next
I: MonitorObliviousTransfer::next
I: RecvEncryptedMessages::next
I: MonitorObliviousTransfer::next
I: DecryptChosenMessage::next
I: MonitorObliviousTransfer::next
I: ChooserDone::next
I: MonitorObliviousTransfer::next
I: MonitorObliviousTransfer::next
I: InitChooser::next
I: MonitorObliviousTransfer::next
I: RecvConstant::next
D: received message: 2c049721b287519f2a64ce7d3379f8ce07e24291535222dea3cf816c77805414202de216e3c7d3fc885b938b0068a9011a5f3f92935774e7984b03f2b40c6f2e973ecdfa576e73c4c596e30f739f3e1443c054e04ca88599d0a6d008efcb3c48
I: MonitorObliviousTransfer::next
I: GeneratePublicKey::next
D:  sending message (size 0.000192 MB)
I: MonitorObliviousTransfer::next
I: SendPublicKey::next
I: MonitorObliviousTransfer::next
I: RecvEncryptedMessages::next
I: MonitorObliviousTransfer::next
I: DecryptChosenMessage::next
I: MonitorObliviousTransfer::next
I: ChooserDone::next
I: MonitorObliviousTransfer::next
I: MonitorObliviousTransfer::next
I: InitChooser::next
I: MonitorObliviousTransfer::next
I: RecvConstant::next
D: received message: 4d817a758014c34cd6ed8c3d19521f50f465ac3ea092aabc52fbaa11ead2825ba30303bf8a6e4914678da74ef23805bb60fd51b1de9919dcf1d5485c2e05241e73cab49e34d641ea53edfec7e9aeae451d896e2b9e11354b65b4167a970310e4
I: MonitorObliviousTransfer::next
I: GeneratePublicKey::next
D:  sending message (size 0.000191 MB)
I: MonitorObliviousTransfer::next
I: SendPublicKey::next
I: MonitorObliviousTransfer::next
I: RecvEncryptedMessages::next
I: MonitorObliviousTransfer::next
I: DecryptChosenMessage::next
I: MonitorObliviousTransfer::next
I: ChooserDone::next
I: MonitorObliviousTransfer::next
I: MonitorObliviousTransfer::next
I: InitChooser::next
I: MonitorObliviousTransfer::next
I: RecvConstant::next
D: received message: d901521d9fee82d5217689516061687c403818f18090aaa475fd91bd705a910d71a13941428044aed03d2e8df29af40dbfae157f5cf7deff05013337a10fa0afde0421d9a101460e39b63c48c6c0285bbb6cc0f0a0d6b21da7b2e8316fbd4dfa
I: MonitorObliviousTransfer::next
I: GeneratePublicKey::next
D:  sending message (size 0.000192 MB)
I: MonitorObliviousTransfer::next
I: SendPublicKey::next
I: MonitorObliviousTransfer::next
I: RecvEncryptedMessages::next
I: MonitorObliviousTransfer::next
I: DecryptChosenMessage::next
I: MonitorObliviousTransfer::next
I: ChooserDone::next
I: MonitorObliviousTransfer::next
I: MonitorObliviousTransfer::next
I: InitChooser::next
I: MonitorObliviousTransfer::next
I: RecvConstant::next
D: received message: 499aea709f432a7fe733c684e7110b39870513fcc4fa61730c619ef98808443b217bc187aa3225db6516bde5b512dcf66b5678ebc05551d2e619b3b983b97ce776f7af00c376f464b10be740d4293216bcf4b322045870a942c6cc0b1de14adc
I: MonitorObliviousTransfer::next
I: GeneratePublicKey::next
D:  sending message (size 0.000192 MB)
I: MonitorObliviousTransfer::next
I: SendPublicKey::next
I: MonitorObliviousTransfer::next
I: RecvEncryptedMessages::next
I: MonitorObliviousTransfer::next
I: DecryptChosenMessage::next
I: MonitorObliviousTransfer::next
I: ChooserDone::next
I: MonitorObliviousTransfer::next
I: MonitorObliviousTransfer::next
I: InitChooser::next
I: MonitorObliviousTransfer::next
I: RecvConstant::next
D: received message: 9ae73093225008ba9c49837b3048703f22b4e082aee5db2f2142f13b4d1e73d21a71f79ab1818b9272b6c596bf6ffd82ba10154698127c58f241d84dd914a348d828f4dc647cc2ba2ae7048334615a2400edea77a5bdef43b2d6364711b2f1f8
I: MonitorObliviousTransfer::next
I: GeneratePublicKey::next
D:  sending message (size 0.000192 MB)
I: MonitorObliviousTransfer::next
I: SendPublicKey::next
I: MonitorObliviousTransfer::next
I: RecvEncryptedMessages::next
I: MonitorObliviousTransfer::next
I: DecryptChosenMessage::next
I: MonitorObliviousTransfer::next
I: ChooserDone::next
I: MonitorObliviousTransfer::next
I: MonitorObliviousTransfer::next
I: InitChooser::next
I: MonitorObliviousTransfer::next
I: RecvConstant::next
D: received message: 32633d20ba086b1d96c9b9ca673e81b5748027b2cfbc7c7f33bb96142bb7b1f91c209fa09cb6805c65e475ce33006e2d7c83f9ed8d49d0155d61c931c5fcdc0bc2552778c6afb1e53821c0a040968a8aef3eaa1484704304487aaa62ee9107ac
I: MonitorObliviousTransfer::next
I: GeneratePublicKey::next
D:  sending message (size 0.000192 MB)
I: MonitorObliviousTransfer::next
I: SendPublicKey::next
I: MonitorObliviousTransfer::next
I: RecvEncryptedMessages::next
I: MonitorObliviousTransfer::next
I: DecryptChosenMessage::next
I: MonitorObliviousTransfer::next
I: ChooserDone::next
I: MonitorObliviousTransfer::next
I: MonitorObliviousTransfer::next
I: InitChooser::next
I: MonitorObliviousTransfer::next
I: RecvConstant::next
D: received message: f1402e14937391b4123e34cae230a152ae599711dbe97d4f027c248a50313417994a8077e1f4ca76932346ef70ebce798779e11827733ff45cdb704af07b251f6251038e76d4a365eac97d5d93dafbcf34a0c654c0e9b31ad58d2dc06c190d1f
I: MonitorObliviousTransfer::next
I: GeneratePublicKey::next
D:  sending message (size 0.000192 MB)
I: MonitorObliviousTransfer::next
I: SendPublicKey::next
I: MonitorObliviousTransfer::next
I: RecvEncryptedMessages::next
I: MonitorObliviousTransfer::next
I: DecryptChosenMessage::next
I: MonitorObliviousTransfer::next
I: ChooserDone::next
I: MonitorObliviousTransfer::next
I: MonitorObliviousTransfer::next
I: InitChooser::next
I: MonitorObliviousTransfer::next
I: RecvConstant::next
D: received message: 3f98bcf44890abce88625cfeaf44e2eef592ee4ce10f504011f8943548991f0235d4a0a83afeff7dc35c915f7c2ed743d9c2db98bcc7663e363df9cfd3e5eb4d2686438b1cf7536000395d26d95a4c06be1aaf9aa3e561c7d7eb64a3f49e340f
I: MonitorObliviousTransfer::next
I: GeneratePublicKey::next
D:  sending message (size 0.000192 MB)
I: MonitorObliviousTransfer::next
I: SendPublicKey::next
I: MonitorObliviousTransfer::next
I: RecvEncryptedMessages::next
I: MonitorObliviousTransfer::next
I: DecryptChosenMessage::next
I: MonitorObliviousTransfer::next
I: ChooserDone::next
I: MonitorObliviousTransfer::next
I: MonitorObliviousTransfer::next
I: InitChooser::next
I: MonitorObliviousTransfer::next
I: RecvConstant::next
D: received message: f9cbcfac2d38c597ed2ddf95c5d2b68248e5eebcfc6981fc7472ac3e90df36ce0353fd91916d2338e0e1702ab8c255af0b010614b6347dcbb912e9891aa54c4f6c82ed9da29b4b52dee38cb1a000ddfc206f8730e1c30a6ac78a6e14c9a62d3a
I: MonitorObliviousTransfer::next
I: GeneratePublicKey::next
D:  sending message (size 0.000192 MB)
I: MonitorObliviousTransfer::next
I: SendPublicKey::next
I: MonitorObliviousTransfer::next
I: RecvEncryptedMessages::next
I: MonitorObliviousTransfer::next
I: DecryptChosenMessage::next
I: MonitorObliviousTransfer::next
I: ChooserDone::next
I: MonitorObliviousTransfer::next
I: MonitorObliviousTransfer::next
I: InitChooser::next
I: MonitorObliviousTransfer::next
I: RecvConstant::next
D: received message: 9c2f2e08a00b24270e8ec59cf39b91d167a6452c3e34699266ccbf08a1dbb550f79aac98f90cc53384700bf8b78f08a086a0c2d3b23f5e9a13ff4668b5a885aa13bb575a207cd380b8c2a2908788523391ef373db7915016b092778b12e72e69
I: MonitorObliviousTransfer::next
I: GeneratePublicKey::next
D:  sending message (size 0.000192 MB)
I: MonitorObliviousTransfer::next
I: SendPublicKey::next
I: MonitorObliviousTransfer::next
I: RecvEncryptedMessages::next
I: MonitorObliviousTransfer::next
I: DecryptChosenMessage::next
I: MonitorObliviousTransfer::next
I: ChooserDone::next
I: MonitorObliviousTransfer::next
I: MonitorObliviousTransfer::next
I: InitChooser::next
I: MonitorObliviousTransfer::next
I: RecvConstant::next
D: received message: 772df7d495e586715dfbb604f2cb01d2ca97c03c8ea29113016821cbcab7bb11cd65433f2fe1c1c41a3aa34330afab38b8349111766f7da8c728a893d19999e440d4e93c68979dd2348e87adf49bd01d38ededdee2fcd40eccba57509665d28d
I: MonitorObliviousTransfer::next
I: GeneratePublicKey::next
D:  sending message (size 0.000192 MB)
I: MonitorObliviousTransfer::next
I: SendPublicKey::next
I: MonitorObliviousTransfer::next
I: RecvEncryptedMessages::next
I: MonitorObliviousTransfer::next
I: DecryptChosenMessage::next
I: MonitorObliviousTransfer::next
I: ChooserDone::next
I: MonitorObliviousTransfer::next
I: MonitorObliviousTransfer::next
I: InitChooser::next
I: MonitorObliviousTransfer::next
I: RecvConstant::next
D: received message: d21a1459c8c94fdcbfdfde1d64e6f8c38ca87e39a53dd6527138491689266bf9688589198262762046f18c4054190c29322c16b56c91ccd4c345603c7ade31a1f185ed8c32c5a9fb0ac9a111fb9da416a1a57eda83cc4b7e6607b6bc132b08a9
I: MonitorObliviousTransfer::next
I: GeneratePublicKey::next
D:  sending message (size 0.000192 MB)
I: MonitorObliviousTransfer::next
I: SendPublicKey::next
I: MonitorObliviousTransfer::next
I: RecvEncryptedMessages::next
I: MonitorObliviousTransfer::next
I: DecryptChosenMessage::next
I: MonitorObliviousTransfer::next
I: ChooserDone::next
I: MonitorObliviousTransfer::next
I: MonitorObliviousTransfer::next
I: InitChooser::next
I: MonitorObliviousTransfer::next
I: RecvConstant::next
D: received message: 2d4361beffeca7dc06aafe2bd37cc896c4eef24e43d764debc7f5c2f197d095410f96982f64f8a56ad5d0b248edad911f78a3ce0f4c8b692b33145692734e062af15d010ec85c1294bb8a5820bc9e62bba36a972835e33ebb75192057fb8b7cb
I: MonitorObliviousTransfer::next
I: GeneratePublicKey::next
D:  sending message (size 0.000192 MB)
I: MonitorObliviousTransfer::next
I: SendPublicKey::next
I: MonitorObliviousTransfer::next
I: RecvEncryptedMessages::next
I: MonitorObliviousTransfer::next
I: DecryptChosenMessage::next
I: MonitorObliviousTransfer::next
I: ChooserDone::next
I: MonitorObliviousTransfer::next
I: MonitorObliviousTransfer::next
I: InitChooser::next
I: MonitorObliviousTransfer::next
I: RecvConstant::next
D: received message: ac9dfed237fff81b72210aeddda9a8304b2edde0f85df8329e792a2de12a766d67ebb2a86c3ba74af93093a5389e2e748ebaefacfa6b111a846544092b61e0a198d74242b2e218643e23dd14192fa96783bdff0abab650dfd5ef6f3c2b10bfc4
I: MonitorObliviousTransfer::next
I: GeneratePublicKey::next
D:  sending message (size 0.000192 MB)
I: MonitorObliviousTransfer::next
I: SendPublicKey::next
I: MonitorObliviousTransfer::next
I: RecvEncryptedMessages::next
I: MonitorObliviousTransfer::next
I: DecryptChosenMessage::next
I: MonitorObliviousTransfer::next
I: ChooserDone::next
I: MonitorObliviousTransfer::next
I: MonitorObliviousTransfer::next
I: InitChooser::next
I: MonitorObliviousTransfer::next
I: RecvConstant::next
D: received message: b6f1f1280670db9531ccf87c6965a3091dd2dbe8a2af6574c713d5e697683d5b63e5d4a80481fb99f98860bd8b938d9099b61fb50f8b781f3d0cd2be6174e1a20a11d8dd63256fc26220fed3b697888335b749aaa6c22e633b4eadd4e6658ad1
I: MonitorObliviousTransfer::next
I: GeneratePublicKey::next
D:  sending message (size 0.000192 MB)
I: MonitorObliviousTransfer::next
I: SendPublicKey::next
I: MonitorObliviousTransfer::next
I: RecvEncryptedMessages::next
I: MonitorObliviousTransfer::next
I: DecryptChosenMessage::next
I: MonitorObliviousTransfer::next
I: ChooserDone::next
I: MonitorObliviousTransfer::next
I: MonitorObliviousTransfer::next
I: InitChooser::next
I: MonitorObliviousTransfer::next
I: RecvConstant::next
D: received message: 94b974ebf5ce674db8b2614c65b02868126114dc87ed9b0bded18e32748b8149ea65c50362bd8521f7b36808ec0024103cffcfea9865187c714eb551cfe0a28a977a6f27692d3438140128e90224ae2bd388c8226dc3a532e785f9b9ea3399e2
I: MonitorObliviousTransfer::next
I: GeneratePublicKey::next
D:  sending message (size 0.000192 MB)
I: MonitorObliviousTransfer::next
I: SendPublicKey::next
I: MonitorObliviousTransfer::next
I: RecvEncryptedMessages::next
I: MonitorObliviousTransfer::next
I: DecryptChosenMessage::next
I: MonitorObliviousTransfer::next
I: ChooserDone::next
I: MonitorObliviousTransfer::next
I: MonitorObliviousTransfer::next
I: InitChooser::next
I: MonitorObliviousTransfer::next
I: RecvConstant::next
D: received message: 440c4b9f27bc9246a987baa0dcbf0610fe00b2baf92c06d564c384c935ef8678502886a5533aab0e17a5c931b20b60277f5d8fad070b8cff4af8ceded5b756c9988ab4c30cdfdf2eca7ecea10bd08dfa6c7c34ec2d170952d3ad0c1441aed6d9
I: MonitorObliviousTransfer::next
I: GeneratePublicKey::next
D:  sending message (size 0.000192 MB)
I: MonitorObliviousTransfer::next
I: SendPublicKey::next
I: MonitorObliviousTransfer::next
I: RecvEncryptedMessages::next
I: MonitorObliviousTransfer::next
I: DecryptChosenMessage::next
I: MonitorObliviousTransfer::next
I: ChooserDone::next
I: MonitorObliviousTransfer::next
I: MonitorObliviousTransfer::next
I: InitChooser::next
I: MonitorObliviousTransfer::next
I: RecvConstant::next
D: received message: e2b82a5216fe838cbdd0272556cdcd64e2276262554b612a9f2d9334be5874b2bc3620ca53d0ac8d616dea9ecdfe96acb0fee8caff9aa7eeb3ec1d968e536c193ecc5252eac7f5c8990c2019ecd7617eb51b5516711d11bb5eae565720ddbba4
I: MonitorObliviousTransfer::next
I: GeneratePublicKey::next
D:  sending message (size 0.000192 MB)
I: MonitorObliviousTransfer::next
I: SendPublicKey::next
I: MonitorObliviousTransfer::next
I: RecvEncryptedMessages::next
I: MonitorObliviousTransfer::next
I: DecryptChosenMessage::next
I: MonitorObliviousTransfer::next
I: ChooserDone::next
I: MonitorObliviousTransfer::next
I: MonitorObliviousTransfer::next
I: InitChooser::next
I: MonitorObliviousTransfer::next
I: RecvConstant::next
D: received message: 1bc1d4db5f5cc439d30438b57cdd6a9ee86f969bef4e0a5452b93eb915cdbb012492b88a466000a0a46cccb1259505c4bbed4b2c329e5b4b221d962be8665d3cf29aa92544c420c0147fc924b517eae1dc3078cd9b2c149483e844ce8dd16e3
I: MonitorObliviousTransfer::next
I: GeneratePublicKey::next
D:  sending message (size 0.000192 MB)
I: MonitorObliviousTransfer::next
I: SendPublicKey::next
I: MonitorObliviousTransfer::next
I: RecvEncryptedMessages::next
I: MonitorObliviousTransfer::next
I: DecryptChosenMessage::next
I: MonitorObliviousTransfer::next
I: ChooserDone::next
I: MonitorObliviousTransfer::next
I: MonitorObliviousTransfer::next
I: InitChooser::next
I: MonitorObliviousTransfer::next
I: RecvConstant::next
D: received message: f63865a3136936c016a92eeba6ce219a67d10f5802f8e7f831e3a1599bbcbfed84379ed8c81596e66fb61b7080ab074baf6537034c8fcebb71cdca032da8be93bad0d482e92d9a117e08dbf976d04255ef966a68f60cdcc790d7745d1128bd4b
I: MonitorObliviousTransfer::next
I: GeneratePublicKey::next
D:  sending message (size 0.000192 MB)
I: MonitorObliviousTransfer::next
I: SendPublicKey::next
I: MonitorObliviousTransfer::next
I: RecvEncryptedMessages::next
I: MonitorObliviousTransfer::next
I: DecryptChosenMessage::next
I: MonitorObliviousTransfer::next
I: ChooserDone::next
I: MonitorObliviousTransfer::next
I: MonitorObliviousTransfer::next
I: InitChooser::next
I: MonitorObliviousTransfer::next
I: RecvConstant::next
D: received message: 8ab593b017f593475aa4905610805e5eb18ee91a50d0c66a6ccd8b3a14d5a62e3a46e28987c36b19e436fc1d9bbd130e0a8deeca0d3b0c4f03e01a4ed57a965aa7f5c2015a125ac53bf450c97a9f64ce1e643d8957b9d0e5df57eeb125a80272
I: MonitorObliviousTransfer::next
I: GeneratePublicKey::next
D:  sending message (size 0.000192 MB)
I: MonitorObliviousTransfer::next
I: SendPublicKey::next
I: MonitorObliviousTransfer::next
I: RecvEncryptedMessages::next
I: MonitorObliviousTransfer::next
I: DecryptChosenMessage::next
I: MonitorObliviousTransfer::next
I: ChooserDone::next
I: MonitorObliviousTransfer::next
I: MonitorObliviousTransfer::next
I: InitChooser::next
I: MonitorObliviousTransfer::next
I: RecvConstant::next
D: received message: 9c4f9128c9d738c09fd81b8879160e2d2b694d5f31c9cbdbea122248e9590dcda2befa52b2182c4f53739eb480cedba5580395324a0fde7484d7c02fd0c635ee80c965db1d9f58fdd2e63fd191495021c00156d42b48e9a81be433917027e3f5
I: MonitorObliviousTransfer::next
I: GeneratePublicKey::next
D:  sending message (size 0.000192 MB)
I: MonitorObliviousTransfer::next
I: SendPublicKey::next
I: MonitorObliviousTransfer::next
I: RecvEncryptedMessages::next
I: MonitorObliviousTransfer::next
I: DecryptChosenMessage::next
I: MonitorObliviousTransfer::next
I: ChooserDone::next
I: MonitorObliviousTransfer::next
I: MonitorObliviousTransfer::next
I: InitChooser::next
I: MonitorObliviousTransfer::next
I: RecvConstant::next
D: received message: 4994aa6cf1d51bbba4559b41e3fdf679cb62f0280b93e359f52f7f7b1eddcf1450d28afcae6b856e428e25dffdfe57cb065edac7ba8043d1ebfd1816a385b37386b1c8f62e09443052d0cd4604c91f28150ff97b7c815d78c207c1c51125fa8a
I: MonitorObliviousTransfer::next
I: GeneratePublicKey::next
D:  sending message (size 0.000192 MB)
I: MonitorObliviousTransfer::next
I: SendPublicKey::next
I: MonitorObliviousTransfer::next
I: RecvEncryptedMessages::next
I: MonitorObliviousTransfer::next
I: DecryptChosenMessage::next
I: MonitorObliviousTransfer::next
I: ChooserDone::next
I: MonitorObliviousTransfer::next
I: MonitorObliviousTransfer::next
I: InitChooser::next
I: MonitorObliviousTransfer::next
I: RecvConstant::next
D: received message: 65c5680cf6e6e79762b6a44a53fa3ef45237399323016316a701a85fb437320d6686a7c733a4296fa108d325336cd460bbf2ff54bc726ba32fd7659284a8fc38e858f3911a853bdb26928bb933384d05d92ba2510fbc8857161b3dc59225b38b
I: MonitorObliviousTransfer::next
I: GeneratePublicKey::next
D:  sending message (size 0.000192 MB)
I: MonitorObliviousTransfer::next
I: SendPublicKey::next
I: MonitorObliviousTransfer::next
I: RecvEncryptedMessages::next
I: MonitorObliviousTransfer::next
I: DecryptChosenMessage::next
I: MonitorObliviousTransfer::next
I: ChooserDone::next
I: MonitorObliviousTransfer::next
I: MonitorObliviousTransfer::next
I: InitChooser::next
I: MonitorObliviousTransfer::next
I: RecvConstant::next
D: received message: 2576b47c635299b74c549d4a4cad53755a8175b5f065f8ce75c83ea07a64010f364cb5785a08556dedfb78356a6f00f5ebcf7ea9bb4039c989fac672576ceb0d947703132641288859cd335f561ff8f4c32cbbe164b8f0bfa62fa23bcbf7525c
I: MonitorObliviousTransfer::next
I: GeneratePublicKey::next
D:  sending message (size 0.000192 MB)
I: MonitorObliviousTransfer::next
I: SendPublicKey::next
I: MonitorObliviousTransfer::next
I: RecvEncryptedMessages::next
I: MonitorObliviousTransfer::next
I: DecryptChosenMessage::next
I: MonitorObliviousTransfer::next
I: ChooserDone::next
I: MonitorObliviousTransfer::next
I: MonitorObliviousTransfer::next
I: EvaluateCircuit::next
D:   evaluating gate 10000
D:   evaluating gate 20000
D:  sending message (size 0.000001 MB)
I: SendOutputBit::next
I: ==== round duration: 7131.946777 ms ====
I: CopyMonitorStateLabels::next
I: RecvGarbledGates::next
I: RecvSystemInputLabels::next
I: RecvFlagBitLabels::next
I: EvaluateCircuit::next
D:   evaluating gate 10000
D:   evaluating gate 20000
D:  sending message (size 0.000001 MB)
I: SendOutputBit::next
I: ==== round duration: 6954.829590 ms ====
I: FaultObserved::next
I: MonitorDone::next
