I: parsing spec file timekeeper+.v...
skipping synthesis, BLIF file already exists.
I: parsing BLIF file synth.blif...
D: inputs and outputs parsed.
D: circuit initialized.
D: connections (#2018) parsed.
D: gates (#20547) parsed.
D: outputs: 23047 23050 23053 23056 23059 23062 23065 23068 23071 23074 23077 23080 23083 23086 23089 23092 23095 23098 23101 23104 23107 23110 23113 23116 23119 23122 23125 23128 23131 23134 23137 23143 23045 
D: circuit size: 23144
D: adding identity gates for outputs...
D: outputs after identity: 23177 23178 23179 23180 23181 23182 23183 23184 23185 23186 23187 23188 23189 23190 23191 23192 23193 23194 23195 23196 23197 23198 23199 23200 23201 23202 23203 23204 23205 23206 23207 23208 23209 
D: circuit size after identity: 23210
I: initializing safe primes...
I: using prime modulus 32317006071311007300338913926423828248817941241140239112842009751400741706634354222619689417363569347117901737909704191754605873209195028853758986185622153212175412514901774520270235796078236248884246189477587641105928646099411723245426622522193230540919037680524235519125679715870117001058055877651038861847280257976054903569732561526167081339361799541336476559160368317896729073178384589680639671900977202194168647225871031411336429319536193471636533209717077448227988588565369208645296636077250268955505928362751121174096972998068410554359584866583291642136218231078990999448652468262416972035911852507045361090559
D:  sending message (size 0.000005 MB)
I: InitMonitor::next
I: GenerateDriverLabels::next
D:   driver labels generated in 58268.406250 ms
I: GenerateInWireKeys::next
D:   in-wire keys generated in 10412.310547 ms
D: SendLabels::message
D:   generating in-wire labels for 20618 gates
D:   10000 gates processed
D:   20000 gates processed
D:   in-wire labels generated in 82190.492188 ms
D:  gateCount: 20618
D:  sending message (size 33.056008 MB)
I: SendLabels::next
I: RecvGarbledGates::next
I: RecvSystemInputLabels::next
I: RecvFlagBitLabels::next
I: MonitorObliviousTransfer::next
I: InitChooser::next
I: MonitorObliviousTransfer::next
I: RecvConstant::next
D: received message: 352413a5b2ca778dda9ea5be25962e6160b2188cdecb7370846f44d3ac37505fcf6504dbe5704994c78c94dcdc0f6b717066ada3723a0eac6b4eb0d733cf11c612f161bed1900b8077967d612951ef18e5ccf003678bea96fd5f975183d9274bdda2a6db8b9d0dff38aa3c14c1b21e375aa348a40453afe3c40e319b2e818a91bc8bdda3ea3814c97e96f8816fd8570e0a58e6a5b0eea7a77ee6a1d2d4cc02eb77fa8bacc25064fc527f5b3a988f46671e1664fa5e0358d409055b8e7a9da6f7b1b7beb22d096f09807a8848a4576f4f79d7c5bb3201fd1219433219b697b51db6f0c3613a7c3768901f1f56dbbca5e6efb375db08490a8a6f5c3ede0209ee35
I: MonitorObliviousTransfer::next
I: GeneratePublicKey::next
D:  sending message (size 0.000512 MB)
I: MonitorObliviousTransfer::next
I: SendPublicKey::next
I: MonitorObliviousTransfer::next
I: RecvEncryptedMessages::next
I: MonitorObliviousTransfer::next
I: DecryptChosenMessage::next
I: MonitorObliviousTransfer::next
I: ChooserDone::next
I: MonitorObliviousTransfer::next
I: MonitorObliviousTransfer::next
I: InitChooser::next
I: MonitorObliviousTransfer::next
I: RecvConstant::next
D: received message: 536f1305ffc08273d1551c9ba36bb037ca78342a481589d91d7acb006334884faa5efd369c4455ebc6bf3771d1dbe0c8b4beec5305bb6dcbf4e02932c03e84c369bd9c9fddaf2a2753a381e9c0cd5cb8cc53e85d20fdefb200cda872bd3da6052148e081f080edde23e5a08bf751873156fc0c24d424e0ea673ca7c0a9e299a4f10d05632fe0183f9a99da5292677470cf9ec47a0e23a9e77a9f29b5600e750b79f7f0e54aa171474c30ebc504f22f6e38bf237f346f86d6b86ca5778e1504db7fc73e149dadca83fc077fc24bd99d5b0444b9dcda98976fae43da5bae627cba27cd236074b30dfd5499cb1e48ae216c2f6d2ca7b0a32607fae5a7cbff9f7ae9
I: MonitorObliviousTransfer::next
I: GeneratePublicKey::next
D:  sending message (size 0.000512 MB)
I: MonitorObliviousTransfer::next
I: SendPublicKey::next
I: MonitorObliviousTransfer::next
I: RecvEncryptedMessages::next
I: MonitorObliviousTransfer::next
I: DecryptChosenMessage::next
I: MonitorObliviousTransfer::next
I: ChooserDone::next
I: MonitorObliviousTransfer::next
I: MonitorObliviousTransfer::next
I: InitChooser::next
I: MonitorObliviousTransfer::next
I: RecvConstant::next
D: received message: a2914f3a080c5914dc0fd4ae146e76af862139b7bbd61ef19f580b7719e127f1e95f3517024551f0c9df34cce3e00634ad99167de98a52bf0efd0f518230dcab8c12b3894f207c357ad736eccff998028cbc1b41ee303b25a548e9b09da4819d70abc7d6c3c15144ad19ccfe4b5198a2b9703c81fe1539e02b53bccb456091f04adde84d944f73c0f7ed5269531a41151ec882670f68c32857b266b286d43ae6406ea4e90e4cf4fddf44000887f027d571bd4c5ee594093e6c3dc5344d4a79354f615657f54ba8f11fc751487f679c98cb27721c692b9dcee8bf83a625ad4778ff7d197fdb632cdfd254aa4491b9767f20270ca87378408e3c4e26c8136043eb
I: MonitorObliviousTransfer::next
I: GeneratePublicKey::next
D:  sending message (size 0.000512 MB)
I: MonitorObliviousTransfer::next
I: SendPublicKey::next
I: MonitorObliviousTransfer::next
I: RecvEncryptedMessages::next
I: MonitorObliviousTransfer::next
I: DecryptChosenMessage::next
I: MonitorObliviousTransfer::next
I: ChooserDone::next
I: MonitorObliviousTransfer::next
I: MonitorObliviousTransfer::next
I: InitChooser::next
I: MonitorObliviousTransfer::next
I: RecvConstant::next
D: received message: 7d35d2a0336557709963851dc2f5296e4ce9c6220ee1c773b2d0d95d69c3ca42e144060703c6c844f3c2f048282a6e2de423d1e0bc5a0daf96513994cc8af197763ac5873ae77f43cddf639dbd67eb5ccc55587dfa6ec4e9fd20ba23f422524b87de0c2adb0227cbdbdd089aa18e5127e2d9579519a4f2a24dd927f577c7c011fc28a5bc6e2b20fddca63f76f93a23106c472f6ccd5b6669ff0957d74b1343a9db512834957882528414986e34223ab1fd58341eb5156475302632cc5b272635fe0944c5ec2ba78b45d12e12c94543f59063f9bc20a746c02cbd50a550faf9cc6b02985e84eed9af992c7d838fae02b04c672c9281de6de34d2808bd87e44f26
I: MonitorObliviousTransfer::next
I: GeneratePublicKey::next
D:  sending message (size 0.000512 MB)
I: MonitorObliviousTransfer::next
I: SendPublicKey::next
I: MonitorObliviousTransfer::next
I: RecvEncryptedMessages::next
I: MonitorObliviousTransfer::next
I: DecryptChosenMessage::next
I: MonitorObliviousTransfer::next
I: ChooserDone::next
I: MonitorObliviousTransfer::next
I: MonitorObliviousTransfer::next
I: InitChooser::next
I: MonitorObliviousTransfer::next
I: RecvConstant::next
D: received message: 7695e3d4300e41ff86838436b1114ef2ae7fd78bc5e030b28dea98c171b2d1d92856d4ef0af0f23a4e8b3fce7c09a7059a0ee2a240614f5968f22bfecc51b08d706ef47106da6ceab15893fc9977bece3bf35b655e8a1de578983a5797a4529b543372223c0d97941b6c6cac279d85aeb75fa8f37a042e9759309fa646507eeed4b28f03b700c378815a3318ab5c5bdaa665deae7c97071f223a2a38ad1512975f7ef204ba63c3495221e68784a82915af2c6a6d9b4419f6f7dba26d0fbd93342b17ce903728d5693ae158eae827ef352087c44acf61e5a75de366ce2693486dd379af37b0a28b316bbecc995999d00d126cf14e4260bd6035a1c2a19b5f5de4
I: MonitorObliviousTransfer::next
I: GeneratePublicKey::next
D:  sending message (size 0.000512 MB)
I: MonitorObliviousTransfer::next
I: SendPublicKey::next
I: MonitorObliviousTransfer::next
I: RecvEncryptedMessages::next
I: MonitorObliviousTransfer::next
I: DecryptChosenMessage::next
I: MonitorObliviousTransfer::next
I: ChooserDone::next
I: MonitorObliviousTransfer::next
I: MonitorObliviousTransfer::next
I: InitChooser::next
I: MonitorObliviousTransfer::next
I: RecvConstant::next
D: received message: 83dc8e6a59b0332606ad674fb6306a9fcf0b505c1758cffc58c64f5b614aacd649ef5ec05a7c80928410dae0af38986f239e3e9016528c6b8661a7734cec324c8a5286a6182b1c07c14a019b3b9705511e82c5187099be87ea3b802fb71ef777c85dbf25dbb79d3f75000fdf071bd3b1c6908f13a1a5a1d0364120d3c233ed70fbad15743f86acda33cea538b0dd1491548f65e7a5b789d371db0a35f99f098159bf8fb6bf69750e936545b37d7ef1178f22af53c989733c53623c89d29859ac5e37d50c9e779a6dcc063311068ef9a57fc36ff912a90a291b7b1dd12b5b0cb07dbc5eac15c368be1511fba0d5c57c83750af459c9779f3d2dd6490843bb3ec9
I: MonitorObliviousTransfer::next
I: GeneratePublicKey::next
D:  sending message (size 0.000512 MB)
I: MonitorObliviousTransfer::next
I: SendPublicKey::next
I: MonitorObliviousTransfer::next
I: RecvEncryptedMessages::next
I: MonitorObliviousTransfer::next
I: DecryptChosenMessage::next
I: MonitorObliviousTransfer::next
I: ChooserDone::next
I: MonitorObliviousTransfer::next
I: MonitorObliviousTransfer::next
I: InitChooser::next
I: MonitorObliviousTransfer::next
I: RecvConstant::next
D: received message: 6f943d660eda45c6849b03bfc19b38b473d3a964f43133aad9660975ce482487d2b29c6767c910fbe0f634992fd0c782255bdb2cc6aeb5dcce0827316f4b33074a40ec634cc1f05df83d79e5b92eb5f21f322ed07c9cef391245618bec1668487d71a977ab030943f3497471ec1d84f6c623d1a697a9628f6e7b5d59cdb5f7627fa0cb91389115c3b9bcc2b24e0655cbe750e07b84e6729808c65358a0e9c8f6b2e02138506688c61260d7d89891f64985a16f21273bdfab1b9b628add1d246403ecabf3a3aad3f1838ec2b71142d779fa812d0a012965e30fc150cad50758fc3bae2479da2b8d1dcae7bd95ec4e70a16e3c3203c2037edc908c9f0bbbaf1351
I: MonitorObliviousTransfer::next
I: GeneratePublicKey::next
D:  sending message (size 0.000512 MB)
I: MonitorObliviousTransfer::next
I: SendPublicKey::next
I: MonitorObliviousTransfer::next
I: RecvEncryptedMessages::next
I: MonitorObliviousTransfer::next
I: DecryptChosenMessage::next
I: MonitorObliviousTransfer::next
I: ChooserDone::next
I: MonitorObliviousTransfer::next
I: MonitorObliviousTransfer::next
I: InitChooser::next
I: MonitorObliviousTransfer::next
I: RecvConstant::next
D: received message: d72f72898ed5cbf269ad0cbedc7e6de5877ffb6913b9cea6e845ea06bcb5a1ade7a88fc258216991ac9c1ca1cfad6031c79f652243cd27743115ef3f1f68a2f1fc209bce40d8ae0c0c3bc8e4474c21dc54b1617682028263f608fd9b5a33f16269f1c4e6c59575a6c2c5fc5bb9df61eaab1fed12903012cd5882a8bf45d9d6e543ed06b082aa75412df11f0c9e0bb60cac224737bf6dcd4df35b8d37e3fdb547ae9c4e0c850815d39c9e7e3a9c325467cd43dc47d29de8e345e80b3f9cd8fde4e556ff8fb1ad0340452e9d2ee09bf3c2d96e94e54554ee5247ed2bd2aca089d6d7cbcc7335958c75f48b7ee3a0dbf86770d45941154e9ddb12bddc44e940a7be
I: MonitorObliviousTransfer::next
I: GeneratePublicKey::next
D:  sending message (size 0.000512 MB)
I: MonitorObliviousTransfer::next
I: SendPublicKey::next
I: MonitorObliviousTransfer::next
I: RecvEncryptedMessages::next
I: MonitorObliviousTransfer::next
I: DecryptChosenMessage::next
I: MonitorObliviousTransfer::next
I: ChooserDone::next
I: MonitorObliviousTransfer::next
I: MonitorObliviousTransfer::next
I: InitChooser::next
I: MonitorObliviousTransfer::next
I: RecvConstant::next
D: received message: 1a2a4a652c52da03bcf4f9102db358dff45f4555ce49181bf65a05dbee2663f1a36e02177cfe26cb4af863b55fe38ec8702cd128f8d591b88d5ccc60ff55159e4b1c28f633210acc4fbd177e12c7bc57c1479d093c329edf305cffc5e46bb5333f5646887c60285522e6b755b397b6827c8d5b01c6d0b8dcdba51c528b2df5dd827c36a4be7c6559f53c5aaff00fe891feb0558fc33a13ebce3ced330efaf59809eb6e154efab73075fb0715d6d6c646f84bcee1dc1d7b098834d832bc878c8cca790e3eae99165a396650e2ec287c7a60deda7d846540739d62a96a8d9e746e23b9d801befed4a7d87e6f3ff09fafce3f60f60856a06ce7d2cdf7bb693ba42f
I: MonitorObliviousTransfer::next
I: GeneratePublicKey::next
D:  sending message (size 0.000512 MB)
I: MonitorObliviousTransfer::next
I: SendPublicKey::next
I: MonitorObliviousTransfer::next
I: RecvEncryptedMessages::next
I: MonitorObliviousTransfer::next
I: DecryptChosenMessage::next
I: MonitorObliviousTransfer::next
I: ChooserDone::next
I: MonitorObliviousTransfer::next
I: MonitorObliviousTransfer::next
I: InitChooser::next
I: MonitorObliviousTransfer::next
I: RecvConstant::next
D: received message: b3db5c1a9fddeae0d3849b4087be6b0608b3d209cb654389a442d5c46269345d91b1d68ba452d59514cef613030577d61e41c4d43bd87d41a1bf4788a21d931f870b809f1634f9ce2b161d0a919e4a14b73ff2c10637796029c5ae11943120423512d3f4596acf2a94d0e4ec9b1b5cb5c1344ae8c613ea435bcb6cd9512bef10909299b3ba3981339d8c48945d1a86aaaa662f2b65bc4ea1d34d53a78c2bf530f1c0ea39ea3cd20bf0ca45dca6d617aae52f4ec3cd4ce0a8a79481c3cfe854ac08a16e57e4706c1ab715665cadf282590fd23f00a5421f0ab2d2cdb7b5fc05d76bb33b5a8830a19ef05e57065f1119637c227d0f67a35239c844411b9d65ced1
I: MonitorObliviousTransfer::next
I: GeneratePublicKey::next
D:  sending message (size 0.000512 MB)
I: MonitorObliviousTransfer::next
I: SendPublicKey::next
I: MonitorObliviousTransfer::next
I: RecvEncryptedMessages::next
I: MonitorObliviousTransfer::next
I: DecryptChosenMessage::next
I: MonitorObliviousTransfer::next
I: ChooserDone::next
I: MonitorObliviousTransfer::next
I: MonitorObliviousTransfer::next
I: InitChooser::next
I: MonitorObliviousTransfer::next
I: RecvConstant::next
D: received message: 230c7f6621d5a305ef869f12368d1a39f4f98942464df602d861e369c5a21d5a7bf0f05616fb454883d901ac7595228c7263c5f8821586ad97a2303ca725a9c8676c82d3501c1e7957c2535617e9e02810dad0786987540533694745947195dd95ef865a44483a4288fe453851ede505b006b579b19a3e141d327f6d7a0e3807c0b36f969150aece77340662f64cfe4b6f46e7e641cbd4564e027f64f9ed58803f5394c2e59ee4c9f0018c10eb2f9a36669c752d81488c698b38797746c642a4e7403521d98891e328c833018f7ce65b8c8f916b23d2c22afc6f9a77c8b8602bab5f22c07a1a82e2e7dfad6f73c2de1456976c933a9df2b2e98fd2c291e55d18
I: MonitorObliviousTransfer::next
I: GeneratePublicKey::next
D:  sending message (size 0.000512 MB)
I: MonitorObliviousTransfer::next
I: SendPublicKey::next
I: MonitorObliviousTransfer::next
I: RecvEncryptedMessages::next
I: MonitorObliviousTransfer::next
I: DecryptChosenMessage::next
I: MonitorObliviousTransfer::next
I: ChooserDone::next
I: MonitorObliviousTransfer::next
I: MonitorObliviousTransfer::next
I: InitChooser::next
I: MonitorObliviousTransfer::next
I: RecvConstant::next
D: received message: d19c6bc8a19f65a583f5e675c90bfa0a206a141cd4c603c260b919298064d611ce9dae900fdebae2c19259ba31ca2ea9b1c5445a54aa94e066b1426d7fee9dcbe5baa805656e6f6e18f9860692fecc7e1c63e9a45991f83058a16dd2c616b03f13ecc4c9e9a9ba3fd29e35275fa77c01966c56a3c0a7b439e23525a40a7c06174796cd2026364e1f1e344ef9ef8d6f240af2781b68378cac9c68f7bccc70d4c3274681dd6aad804c3fe72c1650b319108e4355330008af47df48b953697d172b1be9d67b3b3ec57017f70a5dad590680d197865f49cf07e23cb329b89e813d7bfd9617d80180dc9a71b7a8936790c89dcf475ece18827ca00e8ef8aef713335d
I: MonitorObliviousTransfer::next
I: GeneratePublicKey::next
D:  sending message (size 0.000512 MB)
I: MonitorObliviousTransfer::next
I: SendPublicKey::next
I: MonitorObliviousTransfer::next
I: RecvEncryptedMessages::next
I: MonitorObliviousTransfer::next
I: DecryptChosenMessage::next
I: MonitorObliviousTransfer::next
I: ChooserDone::next
I: MonitorObliviousTransfer::next
I: MonitorObliviousTransfer::next
I: InitChooser::next
I: MonitorObliviousTransfer::next
I: RecvConstant::next
D: received message: 5194fc24eaf794f3a1a8aa1c621ddfc4f2ca67783a1d90b4805edca6045090e4945b5fabcdffb175fb2e49ae84f9e4ac4d35cd902a65dfaa8f5bd67b57adaf3303e8fa0bd15111d826cad4485495dcf88b8edf6a743cd28f40543af43190eca3d3fa305a36525149b8f74eead0d4f39dab9e5e4fa9b043ebc9219b832a2d79f0b96407bc04fa33589884223b0b3eca11839d072cc890d34f4eac4f08a0e4d929319c996a793776b81689fe55798bd15de38151b4b076c96913bb9d4e087812d829240128796e2f456041aa817b25a1a33c4c0d12d235b95f35463b0eb549846c8bc4da9ebdd41389fc1ceb31520217c85fe76a0cc42597e9143c81c57c7cf13e
I: MonitorObliviousTransfer::next
I: GeneratePublicKey::next
D:  sending message (size 0.000512 MB)
I: MonitorObliviousTransfer::next
I: SendPublicKey::next
I: MonitorObliviousTransfer::next
I: RecvEncryptedMessages::next
I: MonitorObliviousTransfer::next
I: DecryptChosenMessage::next
I: MonitorObliviousTransfer::next
I: ChooserDone::next
I: MonitorObliviousTransfer::next
I: MonitorObliviousTransfer::next
I: InitChooser::next
I: MonitorObliviousTransfer::next
I: RecvConstant::next
D: received message: bbc0b5eae86554f42b775fff58dc446cff70ff0ede163aae8f3ea0ff7c28f609dc0d4f69663864059adf83d74c46b3f8da815b05412319e35fa581e41916e2d93c0fab89cbb2a7c8590b85c8733b7d1fbc5816a62aa9048596cec879258e4a2933348c6275a98eaf75cbba3f955d2c5bb2773d0a20af5eb38e06ca97295faacfd5422f52a374419974bf3789c8945760891e92a80cba33dc39c4b11b5662d2fd5d65ce03348a1cf59751bd25b475d9918032cc09b0db7040fc7ca11403acf716181d11d22bc41a51b667eacd6ec5086430ecfad69b572a16bddf2205a50f2daececd72b43854332d32e8846cb99065e44d00f32542179ddefdb061026a46729f
I: MonitorObliviousTransfer::next
I: GeneratePublicKey::next
D:  sending message (size 0.000512 MB)
I: MonitorObliviousTransfer::next
I: SendPublicKey::next
I: MonitorObliviousTransfer::next
I: RecvEncryptedMessages::next
I: MonitorObliviousTransfer::next
I: DecryptChosenMessage::next
I: MonitorObliviousTransfer::next
I: ChooserDone::next
I: MonitorObliviousTransfer::next
I: MonitorObliviousTransfer::next
I: InitChooser::next
I: MonitorObliviousTransfer::next
I: RecvConstant::next
D: received message: e27cd673320f5a17060e3fa611cdb8acf174276c55408b85e3aefa3ace4b083a0a1d01c8d507936a2ec38dc2160c4129087e536d5a99a61ab04575d3b337527c23a7f09453f657fbe3cafc0d51865909c27f0597ef611e3e69534bf1a72d1c1a0fecee0e359c79f96b52a927fd2dc4234a99c6f76db768ae81d22ecc79780b18ff576ddc4cf7348a8266f27c1e6b2f2735eb25734f4a6ab383aa848b68b5309d85b457d57c47e97639a9512ebf19935d1f404cc26ef0f23533ed51c5bc3a29c05c774db352184fd8ec6bd7e5134faa0816bc3051d41e53a73c436cc3cb655346a05985bae4d943ade03f67ba2112fd3c9278033f03ce64c8a8948eed49e5be47
I: MonitorObliviousTransfer::next
I: GeneratePublicKey::next
D:  sending message (size 0.000512 MB)
I: MonitorObliviousTransfer::next
I: SendPublicKey::next
I: MonitorObliviousTransfer::next
I: RecvEncryptedMessages::next
I: MonitorObliviousTransfer::next
I: DecryptChosenMessage::next
I: MonitorObliviousTransfer::next
I: ChooserDone::next
I: MonitorObliviousTransfer::next
I: MonitorObliviousTransfer::next
I: InitChooser::next
I: MonitorObliviousTransfer::next
I: RecvConstant::next
D: received message: 49d8831d691ce1a8812b9d2754a7171d12a200cfa2eed2a62429ee395339c519d03efccb6fee1524eb99b79e7ad3fab4cb40846ba45e701dc1dcbf8c1174ae95c52f44c336a155bfb09b071e90fc5f43047fc58147cb5c7957af3c3b337ebc466d8fab562f6fc28e8f61f3d6f363ce54158e212a12e817612452ec6ed88b2cd8979258e670828e1bc74398efbe742279777d24dde14bc79c675feb4545236f78c4b9507b6c33be54ea59ea5efbbd3f0afead66b679c07ba360cf483c15b655581174ba0cf7e43963b9c0641db8d585ad376e1dc93af5094d9d1154ea9e2657044ad5a8538859d097e47fc1b4afa502e4908ff60d98c3f0598b7b71955b2f3d55
I: MonitorObliviousTransfer::next
I: GeneratePublicKey::next
D:  sending message (size 0.000511 MB)
I: MonitorObliviousTransfer::next
I: SendPublicKey::next
I: MonitorObliviousTransfer::next
I: RecvEncryptedMessages::next
I: MonitorObliviousTransfer::next
I: DecryptChosenMessage::next
I: MonitorObliviousTransfer::next
I: ChooserDone::next
I: MonitorObliviousTransfer::next
I: MonitorObliviousTransfer::next
I: InitChooser::next
I: MonitorObliviousTransfer::next
I: RecvConstant::next
D: received message: 3b4d91390691d1bf8fcd4c7e5bcf8cca56d5dfe162a1b1b808940dba710386b0af17552b35d3ac1c3ee7302d78fb89aa036c000d6caa5820ed4c30d39956e8d44c85dcc8d7564a28855008a2a09e89a87630af08ed0e763e0c0572c7f23c50468fb01a046765d03a87ae7f4f93e1d05a7ae4c5ac7cc792d8e96e6f204b731adc81af2910dc17b489aa80576a876499155436b09788b96c9ae1e09171219773ce131a87676e7c02d858ec1524820881fb502a6ff904db8b9fb2cb6bd2725265c6866d114e0bc392d246e039cfb7163c73643acef181ba5af4bdac8f226233b57278ca5ea8803e24a9d2a78b673fd0e1a2040d70fb28d540c022f890697e5a2e04
I: MonitorObliviousTransfer::next
I: GeneratePublicKey::next
D:  sending message (size 0.000512 MB)
I: MonitorObliviousTransfer::next
I: SendPublicKey::next
I: MonitorObliviousTransfer::next
I: RecvEncryptedMessages::next
I: MonitorObliviousTransfer::next
I: DecryptChosenMessage::next
I: MonitorObliviousTransfer::next
I: ChooserDone::next
I: MonitorObliviousTransfer::next
I: MonitorObliviousTransfer::next
I: InitChooser::next
I: MonitorObliviousTransfer::next
I: RecvConstant::next
D: received message: 95e4a6083bee3c9e6ce021abe91ee74f13c51f35510147aa066f92eeac4b241438a5a196f15fe68be652b8c5a739ac52b9731c8d959530dbedcd41cbe9649afde62b11b2f8964852e29c8f49075caf9d7747c8927cca53c740a1de915b837dd35e42f86b0290e9f2369d109bc7d62d0d2a191a74db1b97a6855f02492327653cb9d3ff9fa2b80fc9b82fe212295708ae6411629fa47bf6ad928f474ca01278e5e94d6212ead1a3933882081f8f8a2e0cfeacd1210badff14cd7b7e069039ecf31246e24e05e71e71f477581ac0bad5174addb880dbd77c074279220563ed024288c23599fe705e845ab5a543cbbd6922e51ef6acbaab6fda669259cb68ab0602
I: MonitorObliviousTransfer::next
I: GeneratePublicKey::next
D:  sending message (size 0.000512 MB)
I: MonitorObliviousTransfer::next
I: SendPublicKey::next
I: MonitorObliviousTransfer::next
I: RecvEncryptedMessages::next
I: MonitorObliviousTransfer::next
I: DecryptChosenMessage::next
I: MonitorObliviousTransfer::next
I: ChooserDone::next
I: MonitorObliviousTransfer::next
I: MonitorObliviousTransfer::next
I: InitChooser::next
I: MonitorObliviousTransfer::next
I: RecvConstant::next
D: received message: dddec3c2bf31ef60cd5d41a227ffc0e0724db5161d9fde89ab5958b24cf9584c080135f61016da880a92be010753a1aa5e070e82f5ebe05e8c87bc31658c629b217c5f2633a0fcc8bd132839fbbb4a3e661740bfce60207ed9d46114f32ba84cabd2d8089412c4e518bf9afe2ab4dbfb87577316c13a1f6a68f8d34d2cca69f208a11c87298362f908f96d1c106509ee2ec7cfbf54fd92fcd594a949a455b2dbb279aff2f3f16908c7ce06d1520b042caaed7b3f17694aff65b199777dca749b88aa794b201293603b120c650e313244d06b8edc070b0c86c74649e3c61474f223c9ba9e2fe52ccba0a5856c10778f1e50bcc399c3be3b112723eb156150e13
I: MonitorObliviousTransfer::next
I: GeneratePublicKey::next
D:  sending message (size 0.000512 MB)
I: MonitorObliviousTransfer::next
I: SendPublicKey::next
I: MonitorObliviousTransfer::next
I: RecvEncryptedMessages::next
I: MonitorObliviousTransfer::next
I: DecryptChosenMessage::next
I: MonitorObliviousTransfer::next
I: ChooserDone::next
I: MonitorObliviousTransfer::next
I: MonitorObliviousTransfer::next
I: InitChooser::next
I: MonitorObliviousTransfer::next
I: RecvConstant::next
D: received message: 5cb2a6708ceca7c7be7cb0710f8b7c49b93dca1c22ef965092ba39be6d5231c42875f7322de773878dcab2765b5cf4b92b21de2c56c5ec15bd9996e8488e40a10b959129583f46d06961e3136be961d53f226a8fd889ce4b87a1df559c8133601aba321886ff3a8c0a6f3c720b9b01d8a3017569daa3e65821ac72b74be23ec1998875cd43fcefe3f3b82d4e65998acf691bf218e4e50ae130413ab56d1ace47bc914bd8a022493c5881c2001d5b4af54fa1bb6508c46fbf12ac742d5da2ebb746e8867f0077348735feb7dbfac3847e1fde7fe3c18a8a72ae8b2ab4cc438cd058f5f407a18c82a9a81b073c56b30486c04f38d6f93450ebd3a3de74d65ecbc9
I: MonitorObliviousTransfer::next
I: GeneratePublicKey::next
D:  sending message (size 0.000512 MB)
I: MonitorObliviousTransfer::next
I: SendPublicKey::next
I: MonitorObliviousTransfer::next
I: RecvEncryptedMessages::next
I: MonitorObliviousTransfer::next
I: DecryptChosenMessage::next
I: MonitorObliviousTransfer::next
I: ChooserDone::next
I: MonitorObliviousTransfer::next
I: MonitorObliviousTransfer::next
I: InitChooser::next
I: MonitorObliviousTransfer::next
I: RecvConstant::next
D: received message: 180c4adac3fd1ecda841f55830931f80c84a6e8e2810d2511f99bbdb38a0fc13bf8b5c00302fd1d68d05ee8fcd4810024937cd9663dd7b5655137c191688d3c74fd40b456329ed28bac3ea1cf2705d68d742678485abcc2ed58673e4fe1a6304f07cbf29c66589eca4302b06b1d19ebbb1d077d182290bdd676e557785617b31d6411c3596cd563efeb1555255cc7dca606e3cf1055ebe50832dfad7810d93eedd4c39116dcf5a5a9ddd7b908da9686a6137655316e12bff5778ada79c110ecfd997681dba2b5f3e786a4c14256f16498a3589611e06bc72f4f1a4ebf76acb4d346f334179fd1b0075cda1393bbdf4a3c99681b506851feebb10b5f069b3ef05
I: MonitorObliviousTransfer::next
I: GeneratePublicKey::next
D:  sending message (size 0.000512 MB)
I: MonitorObliviousTransfer::next
I: SendPublicKey::next
I: MonitorObliviousTransfer::next
I: RecvEncryptedMessages::next
I: MonitorObliviousTransfer::next
I: DecryptChosenMessage::next
I: MonitorObliviousTransfer::next
I: ChooserDone::next
I: MonitorObliviousTransfer::next
I: MonitorObliviousTransfer::next
I: InitChooser::next
I: MonitorObliviousTransfer::next
I: RecvConstant::next
D: received message: da8d6c9e0015b2b607772df1934996ff558dc0524f0a6026f8849923594b2bd54289089765a77bbf9ce2683689647135b69bd1081c807620624784ee632a05a5595be2983299d0649ab0f038f886795af8153ec0ac504626a6c0c2e5e50c82c9c0b700ecfd4b896171e83b063de4208827115b9a01c5369c679edb3d9a1c79dfd68c8c6f715ca9ece09869a5c73449227fd7a473134ad2230bbca9cacd7f31a6a55cba09a78ee86050d865afb58a4ac4898e5d97ceb40af5914cb05adb8748c3c1cbdcd0f2d4578e01f5d3a12c584c75a10eda4276b077782b046f9bfb9443f5111d46f40e2bcf259d77f7da6a4dd7663c654860b5a1aa35f539879930059b0b
I: MonitorObliviousTransfer::next
I: GeneratePublicKey::next
D:  sending message (size 0.000512 MB)
I: MonitorObliviousTransfer::next
I: SendPublicKey::next
I: MonitorObliviousTransfer::next
I: RecvEncryptedMessages::next
I: MonitorObliviousTransfer::next
I: DecryptChosenMessage::next
I: MonitorObliviousTransfer::next
I: ChooserDone::next
I: MonitorObliviousTransfer::next
I: MonitorObliviousTransfer::next
I: InitChooser::next
I: MonitorObliviousTransfer::next
I: RecvConstant::next
D: received message: b50233d31cdc7e9bad71097d842bd5c0c810df2be54237039ef5b4abd8e171fdd622d6f456711963bb346f38494cb62ba512ecd839746e7a684aaf5a97357f78ebf5c6ece823800ba707418f620b94fc30a3cb102df2e4a5aadff87d803e01b5e72b80d58b1ef4f64da4c5bef37080707fa73a8ce3dc2f49e6148d69d1d156b93a95ada76e740263fc4c00218671452bd85db5617de4c1723a1b7434e4c445abd5a7c062243d60cdf57a980e5cee6033bd710609621d388035d251cc15ced747fcc82166b1ee6ae06129f8f7d720798c888579a24215acfd499ce99f8e9274a6875be2ff8bade62df40bdb0e5a6a367fdb9d8b57b2eb7555b851e756b53d458d
I: MonitorObliviousTransfer::next
I: GeneratePublicKey::next
D:  sending message (size 0.000512 MB)
I: MonitorObliviousTransfer::next
I: SendPublicKey::next
I: MonitorObliviousTransfer::next
I: RecvEncryptedMessages::next
I: MonitorObliviousTransfer::next
I: DecryptChosenMessage::next
I: MonitorObliviousTransfer::next
I: ChooserDone::next
I: MonitorObliviousTransfer::next
I: MonitorObliviousTransfer::next
I: InitChooser::next
I: MonitorObliviousTransfer::next
I: RecvConstant::next
D: received message: 1bf1c14488fb75a51b3d24ffb39163b79458c4c58220600c39f6077fb61ef31aa19921e0207d4e7faa4794a58449b61ee57ec2fa39391cf87a2e21bc6a90ea7461c4b829c65df86573091b48b5b3de003fd43ea56bfa42cc875eee70ad3d07e4af6bd357754217acb5e923c1096dd6b5360bcbb4d5081fbcf162c1eaf3161e0fcb560aaf33e594b0aaca1023769329ed5f964ca5695afd151f36a107534e3d8cfd1cecd2c128f302281cf7c9bf209050b25809d161e4f610bb83f9fa02fb534d3d0a41ffa35a8d21b19bd670ca62e2cf9dd87a65cc646a17f5f32b44faa2c405ab0a2d5cc8d4a50fe976b6732724d44caa295a90ef00b5ebb10a10a04a1eab27
I: MonitorObliviousTransfer::next
I: GeneratePublicKey::next
D:  sending message (size 0.000512 MB)
I: MonitorObliviousTransfer::next
I: SendPublicKey::next
I: MonitorObliviousTransfer::next
I: RecvEncryptedMessages::next
I: MonitorObliviousTransfer::next
I: DecryptChosenMessage::next
I: MonitorObliviousTransfer::next
I: ChooserDone::next
I: MonitorObliviousTransfer::next
I: MonitorObliviousTransfer::next
I: InitChooser::next
I: MonitorObliviousTransfer::next
I: RecvConstant::next
D: received message: e0ed9a47920ffc447e3473a5c7ce41907f1b2731e5662bd82a0fb13031569b74614057cc91d405e8e8166d0b0a1846b4fb59085db51b9bcd43f7abcb821546e16bd2e900ffb9c69c4cad11fd9c9eb3bf3fefdde8be94ac138a79eec5ab264aad7630973fff7fed58ed0468182749b9537f8419f43e476f92e09b7414fe3bc6ee252a51ea934440010e91d20da67df1d5414d18ca990836c50ae4ad9136cc4b7d1e010f29c3d0f91734c6f4fe1f51e3aafb5d91f07c290d9a1248754c6db935a80603fdf0ab24176747f58c047916fd05ba5f173ad8561f0c05f140fb0d9d35b9d0f3da80a47bc8c8614f79f230c47d002d2225434ddead3da9a4517b90e50187
I: MonitorObliviousTransfer::next
I: GeneratePublicKey::next
D:  sending message (size 0.000512 MB)
I: MonitorObliviousTransfer::next
I: SendPublicKey::next
I: MonitorObliviousTransfer::next
I: RecvEncryptedMessages::next
I: MonitorObliviousTransfer::next
I: DecryptChosenMessage::next
I: MonitorObliviousTransfer::next
I: ChooserDone::next
I: MonitorObliviousTransfer::next
I: MonitorObliviousTransfer::next
I: InitChooser::next
I: MonitorObliviousTransfer::next
I: RecvConstant::next
D: received message: c85cd1d235c36609c195cc2415f7916a419bdd86294d29ef92810c6d7e49a8b53c15004794b4469102474f2a5ba2851ce792052575b767d68fb9f101d7fc21881b548b35c93f0f6ad2b0049dccdd5f8e9eefe9f748bcba38a6ba8ebbf845a39b73afe2612be44bb346cf330084cbc646015a2e2dd55e12831acd4ef0d024a509e1733a5b3006685b340579c780809ecbe3097917e74ac0984519fe2fa2747bce0cfe6429c62994e94ce49debcefc0c3ad169992e4e3f62d740a2beebb5033136b832dab955e2c51af2e220471416625cb2fb2cb803f6274028ab9b9fddf401252494cab686c5453bb152011e44763ba3e5468a4011a85ad9c32e4976ddf5b891
I: MonitorObliviousTransfer::next
I: GeneratePublicKey::next
D:  sending message (size 0.000512 MB)
I: MonitorObliviousTransfer::next
I: SendPublicKey::next
I: MonitorObliviousTransfer::next
I: RecvEncryptedMessages::next
I: MonitorObliviousTransfer::next
I: DecryptChosenMessage::next
I: MonitorObliviousTransfer::next
I: ChooserDone::next
I: MonitorObliviousTransfer::next
I: MonitorObliviousTransfer::next
I: InitChooser::next
I: MonitorObliviousTransfer::next
I: RecvConstant::next
D: received message: e334f4f1cbe082b9c62d57976b9b6e1221fc12b95c6c6055aca638cb366ce898287776583e1f4a8c7b81d9b222df4cad882b18613014deebd3da60bc8eb13b7a7f6d598ad432202baa0c2a04766409062b09090fb98ae41e9b0cdc56f73b585bb3b7a26b195f9eb13bd957878ccde769b42d5a78ae2a4268167be4d65660d18227917a29f734e2bfb6087cba445611d6758031af75cfc5dbbac8d7bc0039879779973348c800711115d6af14b8e0963fc39722e60cc982871aaaba092ce483c7d2bc6d9308eabbf4eba4cbfd191b431ea387691f1ae086574b6c48bfc81d7bd5868892c70f41cbc1e7032fa19bb54eadacb140c676360f06028895045627aa20
I: MonitorObliviousTransfer::next
I: GeneratePublicKey::next
D:  sending message (size 0.000512 MB)
I: MonitorObliviousTransfer::next
I: SendPublicKey::next
I: MonitorObliviousTransfer::next
I: RecvEncryptedMessages::next
I: MonitorObliviousTransfer::next
I: DecryptChosenMessage::next
I: MonitorObliviousTransfer::next
I: ChooserDone::next
I: MonitorObliviousTransfer::next
I: MonitorObliviousTransfer::next
I: InitChooser::next
I: MonitorObliviousTransfer::next
I: RecvConstant::next
D: received message: c739d8a55b5c06022484f90b035a3d5d3395f0410e54dda1765c19c03c2260becf75939fa15426994a875820a3cf8941989f5965676f3f700801223056b7f82e6529bca046723496f0a5c4aed8cab1147b86c25203eed5ced53211ae83e8def6b428c5151b57aac1485e960726d5f2b6876ff7d704f67ba195c5e68b3051562ba39b75a8552c1bc73fe7551b645e1ca9a92cb08474d6fce67bdf4e6f5e2f32ed3044b666370362967848435d7b4ffee75a8d36a3cefe80c2c28a02fdba48f847a503dff7906a9fe52a4aff776e04654bc7b26ce5395dcbdd8f3df635043bbe331f33cf9f600fb00705eb770c9765d1f89f50a5932604bfc65fa5159d19716ddf
I: MonitorObliviousTransfer::next
I: GeneratePublicKey::next
D:  sending message (size 0.000512 MB)
I: MonitorObliviousTransfer::next
I: SendPublicKey::next
I: MonitorObliviousTransfer::next
I: RecvEncryptedMessages::next
I: MonitorObliviousTransfer::next
I: DecryptChosenMessage::next
I: MonitorObliviousTransfer::next
I: ChooserDone::next
I: MonitorObliviousTransfer::next
I: MonitorObliviousTransfer::next
I: InitChooser::next
I: MonitorObliviousTransfer::next
I: RecvConstant::next
D: received message: 853e0b08cf46f22268da00c9ec6cf5121b7d70dbf59e980427bc18cf5eac64093f75cf25bbd4cd5da922aec100e5da03adb3cdfb9d8a7a2dd0f253a5f5c326606729a0fac688a98fe183c7fea101d769dd4cc617cdaba47bc80bdbbd79c02269621fbb99627657d1c2258efb632a0e6ff9904ca10cd06029b2847b79eb31c58af8414512399c3eebb64433e5c9332239e90e04ea3882c7304c3511dc5291f8607e2f72bcd8b72233471b59ee7f39e5bae75c59d7360ac0d2df0c1ffd4171b6793e66fb1ed5739f354abd5edeafbdbf516f256d4aff28379940fb5a74042bfd17fe5fb8fc5c213dc3506cd3b6d70d47307718e9f3af4a2db91d3fc065b97e275f
I: MonitorObliviousTransfer::next
I: GeneratePublicKey::next
D:  sending message (size 0.000512 MB)
I: MonitorObliviousTransfer::next
I: SendPublicKey::next
I: MonitorObliviousTransfer::next
I: RecvEncryptedMessages::next
I: MonitorObliviousTransfer::next
I: DecryptChosenMessage::next
I: MonitorObliviousTransfer::next
I: ChooserDone::next
I: MonitorObliviousTransfer::next
I: MonitorObliviousTransfer::next
I: InitChooser::next
I: MonitorObliviousTransfer::next
I: RecvConstant::next
D: received message: 614b3aa7af32cf8a5f6e5021cd8b5f412c287c42db2e5aad324b9b863fe2650177736b7ff1ac44be6dcef50af3b662c9a1bbec4e44064d268295ed4a241677078c84f7ce0e6e3a812005428dc3be95b869f62875d6f046f73a69e690730327f7b1d753e91f22458f4b4373ab778f12f135e94c546bd4494c56c3ca262d8f34d63b8754064d9fc25f40aa1c4d85833807aa851d97fe7e56e0f12dbc4731a2e3c7565f2f1e3c065eec2c4aa95b0cd2638f47ae7bd3829db311c42a7b7733f4606720902186c0ed92dbc3058c7f47536ba30bd23454b602ef954139fa1c350562ea86c099028d937e6b36bad7b22eda841f68c7312dab017fae1fe2a7f562fbe367
I: MonitorObliviousTransfer::next
I: GeneratePublicKey::next
D:  sending message (size 0.000511 MB)
I: MonitorObliviousTransfer::next
I: SendPublicKey::next
I: MonitorObliviousTransfer::next
I: RecvEncryptedMessages::next
I: MonitorObliviousTransfer::next
I: DecryptChosenMessage::next
I: MonitorObliviousTransfer::next
I: ChooserDone::next
I: MonitorObliviousTransfer::next
I: MonitorObliviousTransfer::next
I: InitChooser::next
I: MonitorObliviousTransfer::next
I: RecvConstant::next
D: received message: 6b959b3ca6e1f7a2daa84c38e8df12c1d1264bd5c8c1f5152662831017372d6eef21354e181adbcf9a2ca3ad34d4f3143c1ee6e4ce06be45e4215909f220331f12386fc6816f0d7b00fd34a57f619cceb72f459abda87b7cc9f84c3e743c8e5dab7b141a85a8b78fdb55971af58b6f99b5696fcbb93c767108a59312aa7ff9ac56fb05fe5f1203cfe40a19e256bc4a2f8073ebaf4e3026efcde871ee85290a073e161dc8c187b1dc18b87fbfcf4271573a6e4123d9ec1b0c290a09e9770de16bfcd82c9fe4ec074e47bafae9529a2fb1c1d8ddaf0e28cd8c909b06af5074bff4797334b1ff2a921133e54414f04ae67fbcd7e4aa051480933fe0799b39f76818
I: MonitorObliviousTransfer::next
I: GeneratePublicKey::next
D:  sending message (size 0.000512 MB)
I: MonitorObliviousTransfer::next
I: SendPublicKey::next
I: MonitorObliviousTransfer::next
I: RecvEncryptedMessages::next
I: MonitorObliviousTransfer::next
I: DecryptChosenMessage::next
I: MonitorObliviousTransfer::next
I: ChooserDone::next
I: MonitorObliviousTransfer::next
I: MonitorObliviousTransfer::next
I: InitChooser::next
I: MonitorObliviousTransfer::next
I: RecvConstant::next
D: received message: ef0c28fd781d1939f7453304c3b5dc8c554e580726c2b4d9c83237915a8536f523ce6dbf4f2f8ad79236d616afffad0b0199504572493a29cee073ef58fc7ac157e7136af80b7aeab6e60e2283d53c356375e8d9c24ebb903d3a82d8f10c82f4111b8e92e8c2db671009e73bd2b6ca1402eba0a88c8404847cdb2d8917ebeb31fe4b384526f97bafb0796731ce18e0cfa303bbdaf6a4c4b8cde4da7f2f02ec7711a5df793d53e03a9f184abb5ce959dcc688194142a62c4650ad9ee2723cc452cc1cc3e7df26a0454842c96f5fa3be44ac3a5f5da5fafbefa4c60cdbd97133d7651cb68634ae28f3552a7b868428a91bad4e56325cf139a5c99f71464f1582de
I: MonitorObliviousTransfer::next
I: GeneratePublicKey::next
D:  sending message (size 0.000512 MB)
I: MonitorObliviousTransfer::next
I: SendPublicKey::next
I: MonitorObliviousTransfer::next
I: RecvEncryptedMessages::next
I: MonitorObliviousTransfer::next
I: DecryptChosenMessage::next
I: MonitorObliviousTransfer::next
I: ChooserDone::next
I: MonitorObliviousTransfer::next
I: MonitorObliviousTransfer::next
I: EvaluateCircuit::next
D:   evaluating gate 10000
D:   evaluating gate 20000
D:  sending message (size 0.000001 MB)
I: SendOutputBit::next
I: ==== round duration: 86272.000000 ms ====
I: CopyMonitorStateLabels::next
I: RecvGarbledGates::next
I: RecvSystemInputLabels::next
I: RecvFlagBitLabels::next
I: EvaluateCircuit::next
D:   evaluating gate 10000
D:   evaluating gate 20000
D:  sending message (size 0.000001 MB)
I: SendOutputBit::next
I: ==== round duration: 94314.054688 ms ====
I: FaultObserved::next
I: MonitorDone::next
