I: parsing spec file timekeeper+.v...
skipping synthesis, BLIF file already exists.
I: parsing BLIF file synth.blif...
D: inputs and outputs parsed.
D: circuit initialized.
D: connections (#2018) parsed.
D: gates (#20547) parsed.
D: outputs: 35207 35210 35213 35216 35219 35222 35225 35228 35231 35234 35237 35240 35243 35246 35249 35252 35255 35258 35261 35264 35267 35270 35273 35276 35279 35282 35285 35288 35291 35294 35297 35303 35205 
D: circuit size: 35304
D: adding identity gates for outputs...
D: outputs after identity: 35337 35338 35339 35340 35341 35342 35343 35344 35345 35346 35347 35348 35349 35350 35351 35352 35353 35354 35355 35356 35357 35358 35359 35360 35361 35362 35363 35364 35365 35366 35367 35368 35369 
D: circuit size after identity: 35370
I: initializing safe primes...
I: using prime modulus 2410312426921032588552076022197566074856950548502459942654116941958108831682612228890093858261341614673227141477904012196503648957050582631942730706805009223062734745341073406696246014589361659774041027169249453200378729434170325843778659198143763193776859869524088940195577346119843545301547043747207749969763750084308926339295559968882457872412993810129130294592999947926365264059284647209730384947211681434464714438488520940127459844288859336526896320919633919
D:  sending message (size 0.000005 MB)
I: InitMonitor::next
I: GenerateDriverLabels::next
D:   driver labels generated in 52700.847656 ms
I: GenerateInWireKeys::next
D:   in-wire keys generated in 10721.218750 ms
D: SendLabels::message
D:   generating in-wire labels for 20618 gates
D:   10000 gates processed
D:   20000 gates processed
D:   in-wire labels generated in 36287.171875 ms
D:  gateCount: 20618
D:  sending message (size 29.487728 MB)
I: SendLabels::next
I: RecvGarbledGates::next
I: RecvSystemInputLabels::next
I: RecvFlagBitLabels::next
I: MonitorObliviousTransfer::next
I: InitChooser::next
I: MonitorObliviousTransfer::next
I: RecvConstant::next
D: received message: 42fbe3d3114d8d51c02a706175e4fb83a564a46f22128147ffa1146f5deef6f8b9874a9da459b2bbe5dee05cad70113401c0958b2e6207bc41639cdf8d1665b4e2c39debf6e0f7b6d74571d1d17d2082a694f5267628bfef652382689c39c115193c9cd71c31db2802459f747680b040a6dc2e0c7cc7b26722cf088683a8d32d9ead80f470c9bec30b60da7886840cc5e6c8e11f62d77b4c792f216eb5c6861f64e087a6b907c60e57cd7a3f9e4f3672cc2e6fd65677d86adf04d9e5ecd4db30
I: MonitorObliviousTransfer::next
I: GeneratePublicKey::next
D:  sending message (size 0.000384 MB)
I: MonitorObliviousTransfer::next
I: SendPublicKey::next
I: MonitorObliviousTransfer::next
I: RecvEncryptedMessages::next
I: MonitorObliviousTransfer::next
I: DecryptChosenMessage::next
I: MonitorObliviousTransfer::next
I: ChooserDone::next
I: MonitorObliviousTransfer::next
I: MonitorObliviousTransfer::next
I: InitChooser::next
I: MonitorObliviousTransfer::next
I: RecvConstant::next
D: received message: d043247f84ca42adfb2de13f1919bb85294d10b1d82476c0d4e2357d79586c5714b9771fe8fc11625738c334755730cbf20753f6091ea55d7a46b9e7dc84a7f0699d8ae9342f40e7080d545157b8f24a5726ab9606460c118da269338f8473daba6a3e3434da33814b4c069ee97eeeea3f50d5988ac2255c31fb832eefcce0b609fd337a8212b6137378f554f580477e72fbdf9ba12b4b182c378e93811bfedcead5652a21d9dfde8cb4929c9346f37003d7338db60fa745ecd3f409bb313572
I: MonitorObliviousTransfer::next
I: GeneratePublicKey::next
D:  sending message (size 0.000384 MB)
I: MonitorObliviousTransfer::next
I: SendPublicKey::next
I: MonitorObliviousTransfer::next
I: RecvEncryptedMessages::next
I: MonitorObliviousTransfer::next
I: DecryptChosenMessage::next
I: MonitorObliviousTransfer::next
I: ChooserDone::next
I: MonitorObliviousTransfer::next
I: MonitorObliviousTransfer::next
I: InitChooser::next
I: MonitorObliviousTransfer::next
I: RecvConstant::next
D: received message: 3227d8325ac23319e7bbd54ca06a0ce6f7691d2e531b0b8dee515867a63351db93114f3531c4b70d43c3f68bc437490973e126a0371b8835210fba718b755c6b76e1ddce6e02c0d95b4a9a907e44cc82d6e698c6c7638c4ba15e2a88eba5b1fc496c62676f04fc76246a8aa584776d8ad163cd92af109e2ec0ceda176f574ccd2f05fa59b61bda9b83fe800302ade9f9171836e5d65e206e09ab7c3262e7553f30aee7c6f9b664d4992ecd0991494b754d20e23e9baf45c49c64d428ee1d9e91
I: MonitorObliviousTransfer::next
I: GeneratePublicKey::next
D:  sending message (size 0.000384 MB)
I: MonitorObliviousTransfer::next
I: SendPublicKey::next
I: MonitorObliviousTransfer::next
I: RecvEncryptedMessages::next
I: MonitorObliviousTransfer::next
I: DecryptChosenMessage::next
I: MonitorObliviousTransfer::next
I: ChooserDone::next
I: MonitorObliviousTransfer::next
I: MonitorObliviousTransfer::next
I: InitChooser::next
I: MonitorObliviousTransfer::next
I: RecvConstant::next
D: received message: 8d9022ec8a7cc31fe44c1756f7727bbbefc376d31e946376ad62aa4082b281108e6f1856af63593b0eb5bcb377d7262bdde1b8f2a83a069391f7d1383f989b9ceb47657b541fc469ba7ac216a68ea7f0042c7c201900f0684c7199d350217e5cf699a2f59770c98ece5ad468c84caeb2f1c0b5421e485b8f76043cd4d20d502d51b1b08641695084c450032e03cb400a35c4d736074d7d520e8a7fc15d51a4e3ea432bb5af6b4d698d06c38f85757b0b16b2a7e93d1c9b293ec00578c65adf1a
I: MonitorObliviousTransfer::next
I: GeneratePublicKey::next
D:  sending message (size 0.000384 MB)
I: MonitorObliviousTransfer::next
I: SendPublicKey::next
I: MonitorObliviousTransfer::next
I: RecvEncryptedMessages::next
I: MonitorObliviousTransfer::next
I: DecryptChosenMessage::next
I: MonitorObliviousTransfer::next
I: ChooserDone::next
I: MonitorObliviousTransfer::next
I: MonitorObliviousTransfer::next
I: InitChooser::next
I: MonitorObliviousTransfer::next
I: RecvConstant::next
D: received message: 3d8fe53f6a8ae43eae76b0671c8754aca3a78e80d872e94f443d16bc432d145d12f92ce642127132bc618f5db63dec099595ce6364f205c2f9be57d019662fa6fac4561abea30041933759fdcf79c6398b7ff0ee4d0d8c22069e61497d20ff8107f75214ddf36e9a58117ffc1f7cc1814c94a3050fde5c82ce8f997fa56ef82f1ce4b04873ff134e1cce9376533fe3201a30ba91dd0cf9102e74a78a6e44f7b739d4da0cb1841fea946be6960a764c3bcb57e5cb4ec8e34cc19ea2b35b59fc84
I: MonitorObliviousTransfer::next
I: GeneratePublicKey::next
D:  sending message (size 0.000384 MB)
I: MonitorObliviousTransfer::next
I: SendPublicKey::next
I: MonitorObliviousTransfer::next
I: RecvEncryptedMessages::next
I: MonitorObliviousTransfer::next
I: DecryptChosenMessage::next
I: MonitorObliviousTransfer::next
I: ChooserDone::next
I: MonitorObliviousTransfer::next
I: MonitorObliviousTransfer::next
I: InitChooser::next
I: MonitorObliviousTransfer::next
I: RecvConstant::next
D: received message: 693e1e40489dd909c5668c53ac487b3d6eba3763aa18963f0cf7d8ac583742d01e574c313a393e4c2e220c16bd83e885b8555ce877a230a250f74f4bcf85373f205650cbec72eb81eb715db12da31164a5b59581f6afe8f1dbec64c2b883e929f7bcd23a89d324a726e360f8ff9230c4dd33b94f31f27bc31cd9708da35856dab479166854535d49086f826ff1d5b570e3982a385fdacd6a7a220faaf609bd54e11ff065bb8cade0cb31a9db3b6f34d6124be675a592ab6d2dc40b79d4eb96e6
I: MonitorObliviousTransfer::next
I: GeneratePublicKey::next
D:  sending message (size 0.000384 MB)
I: MonitorObliviousTransfer::next
I: SendPublicKey::next
I: MonitorObliviousTransfer::next
I: RecvEncryptedMessages::next
I: MonitorObliviousTransfer::next
I: DecryptChosenMessage::next
I: MonitorObliviousTransfer::next
I: ChooserDone::next
I: MonitorObliviousTransfer::next
I: MonitorObliviousTransfer::next
I: InitChooser::next
I: MonitorObliviousTransfer::next
I: RecvConstant::next
D: received message: 340762558f8cc597f8f9b6f6e59370efaf105ad1b82cbaedc4dbb29aea7b6bb825b05a3fb59956676ad2e13bfb946ff4e0e05cbeab9a4289809cde6d8a0362da1b5520cdffa10936d55db3d731f3d343939a92446beef228d12aeff878baf2730c6d165f0d4bb88f56c6cee00f50bb230c3cb18b332485e3c09f7be8090002f36086ec5ac1fd71b4cdad964fea16047b980d6d37a6ab8cf4de9c06141d0a1f817e3c0fef5465100fda42326d8e8cfc0a4af7f1e6f045d3ad610df0b12e587d35
I: MonitorObliviousTransfer::next
I: GeneratePublicKey::next
D:  sending message (size 0.000384 MB)
I: MonitorObliviousTransfer::next
I: SendPublicKey::next
I: MonitorObliviousTransfer::next
I: RecvEncryptedMessages::next
I: MonitorObliviousTransfer::next
I: DecryptChosenMessage::next
I: MonitorObliviousTransfer::next
I: ChooserDone::next
I: MonitorObliviousTransfer::next
I: MonitorObliviousTransfer::next
I: InitChooser::next
I: MonitorObliviousTransfer::next
I: RecvConstant::next
D: received message: 11df8b4452e9deddc2451f21c3c25391bf6c6bdd89791bd068dcac72391a3622f2753b6fba104734762f6d18a041894e708dbe65c332fb43607b6582dbe8ea432233056516b78fe10567a9990d51f3e9d5975746514ac2b15b23ea3eb412892734b913f44a910efb5b80e2c5424d565b795af16ead1c93126677b84c824d90b19ad82afd3cfce907f17dcc6dd7049e2707f32b923e5a71274c9a2be3e0265aa0da8cb19793b852814f564a05d7f7540f573efdc08faba631efe7db3f5e78c519
I: MonitorObliviousTransfer::next
I: GeneratePublicKey::next
D:  sending message (size 0.000384 MB)
I: MonitorObliviousTransfer::next
I: SendPublicKey::next
I: MonitorObliviousTransfer::next
I: RecvEncryptedMessages::next
I: MonitorObliviousTransfer::next
I: DecryptChosenMessage::next
I: MonitorObliviousTransfer::next
I: ChooserDone::next
I: MonitorObliviousTransfer::next
I: MonitorObliviousTransfer::next
I: InitChooser::next
I: MonitorObliviousTransfer::next
I: RecvConstant::next
D: received message: dbfe7eee5d54189bc9dff0e317360e337893819c78096b9c61a7b82b443e121c64a495e4bd1d0a2ef7412b8b0639664483d066f1661dd1474f33a87b961da1a7632dc0d98a334ba78c78dc05b1f4a6933b5e761d364d170120e0d41c8a62ef6227714233f767df2580bad405a8b20a6ec24114659a0572613704eeda9b3b6c9d9e2fc77cfec0e7391d4ee6ba42751c557841dec9b0bad9c643be7fb638342203aeaf511bc6ef132315101b64a4900f6e9a4e148aa9c98c6c74a0864d660d4305
I: MonitorObliviousTransfer::next
I: GeneratePublicKey::next
D:  sending message (size 0.000384 MB)
I: MonitorObliviousTransfer::next
I: SendPublicKey::next
I: MonitorObliviousTransfer::next
I: RecvEncryptedMessages::next
I: MonitorObliviousTransfer::next
I: DecryptChosenMessage::next
I: MonitorObliviousTransfer::next
I: ChooserDone::next
I: MonitorObliviousTransfer::next
I: MonitorObliviousTransfer::next
I: InitChooser::next
I: MonitorObliviousTransfer::next
I: RecvConstant::next
D: received message: d2ddc20e686684ae38c61ffc5780f2686e3145be066864f4559813ff6130599d59813674644cfd87b8776985ec64e96e0ba0a047cb8d787050a95d139accd5726c64f61b93f99fdfe9f49cc67bf15c22edefe2c2719d50982e31940b5a685b96c892525ccb99ebbd3e4cedb2fa3de572bd7f4846d742ab93f2c15a77bc0aa42a83ce3f59cc19e6a59612fa1918d231c93aea5f7badb3e510313a8923970183f7d773a15c162e3e86b557f36c8b9db600d3a7c45f7d51a587f0ecf689fc573c53
I: MonitorObliviousTransfer::next
I: GeneratePublicKey::next
D:  sending message (size 0.000384 MB)
I: MonitorObliviousTransfer::next
I: SendPublicKey::next
I: MonitorObliviousTransfer::next
I: RecvEncryptedMessages::next
I: MonitorObliviousTransfer::next
I: DecryptChosenMessage::next
I: MonitorObliviousTransfer::next
I: ChooserDone::next
I: MonitorObliviousTransfer::next
I: MonitorObliviousTransfer::next
I: InitChooser::next
I: MonitorObliviousTransfer::next
I: RecvConstant::next
D: received message: 34a4ab5c8d52a0dac52c97bed54780db9b511ccd5b65468797ce932252b9bafe26ae13cd1a63fa8c2d713f503976830303a5ed562c374361a71cb3f2fc8c6d49943011682cc934e7c8825cbc37f5c3f64d611975f162682799dbc50317f3b77e8d86eaf1aa1f95c0a99be86dcdf73492ccd7f403dd3e5fc6112ef2e6f94778c75a7655e684a04542044197cd469dc175adbab9c29881cf56fb4d7e3326e3fedd1aaa57b4e1e14cedc954f8c34944ee0cf07c6fbf9dacd57fcfeb80ffbdf85a15
I: MonitorObliviousTransfer::next
I: GeneratePublicKey::next
D:  sending message (size 0.000384 MB)
I: MonitorObliviousTransfer::next
I: SendPublicKey::next
I: MonitorObliviousTransfer::next
I: RecvEncryptedMessages::next
I: MonitorObliviousTransfer::next
I: DecryptChosenMessage::next
I: MonitorObliviousTransfer::next
I: ChooserDone::next
I: MonitorObliviousTransfer::next
I: MonitorObliviousTransfer::next
I: InitChooser::next
I: MonitorObliviousTransfer::next
I: RecvConstant::next
D: received message: 662f4f314c8371b922b1be8bcba8ecd3f88d4e8f78c77b5d4a223fe400847917b70c4c790780bdae182476ada5ff6193b4dc1b3c78bae00dd386272275b7350701c02240ab72a2a177bd6854688e4a07d3fa3db357be194b42ad811a46b2defbb70cc3d09c66f52351243c0557ad0233ccadd70f98c4b5240c008312b4b7926548be227dee10e35cf802520d900992129dc369e88e03678b0cee602942782fc30947309279ee3c0f8c49412555a3b9fc28b05c1d297d23c66bc46f67daa29e6a
I: MonitorObliviousTransfer::next
I: GeneratePublicKey::next
D:  sending message (size 0.000384 MB)
I: MonitorObliviousTransfer::next
I: SendPublicKey::next
I: MonitorObliviousTransfer::next
I: RecvEncryptedMessages::next
I: MonitorObliviousTransfer::next
I: DecryptChosenMessage::next
I: MonitorObliviousTransfer::next
I: ChooserDone::next
I: MonitorObliviousTransfer::next
I: MonitorObliviousTransfer::next
I: InitChooser::next
I: MonitorObliviousTransfer::next
I: RecvConstant::next
D: received message: e0f94d27c8c9937355118e96e0205ec94309a501fbecb9d1d35bb20534ce2141cb06c992c2ac257f932c577be14d1371c632deb5c83988823b56eeb04354d83cbb30bfb70739faa8b4bb6d99e2fa9258498c7a79c92af5b942992c45c446a42a24d59b0bfa002c5a1bc24f4de32a8240de82db9f2dc51e5aa5e5c685df4785db4434a6ce8224309056bfd002bac14410a078b41dd63365ab729470b4b1b334b36a2a217cc914a2dfa2cb347eb2524bca289e070eca933cea71b0261ee5c4689
I: MonitorObliviousTransfer::next
I: GeneratePublicKey::next
D:  sending message (size 0.000383 MB)
I: MonitorObliviousTransfer::next
I: SendPublicKey::next
I: MonitorObliviousTransfer::next
I: RecvEncryptedMessages::next
I: MonitorObliviousTransfer::next
I: DecryptChosenMessage::next
I: MonitorObliviousTransfer::next
I: ChooserDone::next
I: MonitorObliviousTransfer::next
I: MonitorObliviousTransfer::next
I: InitChooser::next
I: MonitorObliviousTransfer::next
I: RecvConstant::next
D: received message: 8017e50ba8632ccb190135b5c7448d331ffd55d4f567ed2a9bbf4bc467b834d4e2eb22fbddaf13f6ad3fbbe22c467f7c154eac6fb1c97eed90c60ba0d5c8e1732b0e6abbfd6ee0355b545dd8c6990210b1906b32fd10250f408c25828abdd9ab9425f06b0d42b3025092980601a32371cf7cd3cb4ad78427c5161e0ba6a9272bca2a92d9fcde0f6a69d6b41ad72d892c1d3e305b054649dd8a9a20852eee792496763e61b057245347775c88fa5c85f710a9e3ba9444a9dbc7e6320b0611735c
I: MonitorObliviousTransfer::next
I: GeneratePublicKey::next
D:  sending message (size 0.000383 MB)
I: MonitorObliviousTransfer::next
I: SendPublicKey::next
I: MonitorObliviousTransfer::next
I: RecvEncryptedMessages::next
I: MonitorObliviousTransfer::next
I: DecryptChosenMessage::next
I: MonitorObliviousTransfer::next
I: ChooserDone::next
I: MonitorObliviousTransfer::next
I: MonitorObliviousTransfer::next
I: InitChooser::next
I: MonitorObliviousTransfer::next
I: RecvConstant::next
D: received message: f4403fede2881a1aceb1973c5c6b77c08e52206b941034463cff60ec5d6187c64d5bab2997d321acc709cb4e3d38b7c7202ca06ede603f41434efff2a7300632845851d1286c8f72bf0730ce5f702a39e5d51629d355e3105dd50096330608a2c8c502e30a7b43130550f5b8cec6ef7bf2c84daea187f2933bc14e439287161e6337c4a86459fd36fed0250b2baf66174952d1f8e721b901bb73600442cae424d167b3a849388a31fa9162093a4d001c6995ec4d6ce697dfb618b20cfaa102c0
I: MonitorObliviousTransfer::next
I: GeneratePublicKey::next
D:  sending message (size 0.000384 MB)
I: MonitorObliviousTransfer::next
I: SendPublicKey::next
I: MonitorObliviousTransfer::next
I: RecvEncryptedMessages::next
I: MonitorObliviousTransfer::next
I: DecryptChosenMessage::next
I: MonitorObliviousTransfer::next
I: ChooserDone::next
I: MonitorObliviousTransfer::next
I: MonitorObliviousTransfer::next
I: InitChooser::next
I: MonitorObliviousTransfer::next
I: RecvConstant::next
D: received message: 7e999a78cbc61fb09385e29754fb21373c5ef09d317aaabdf27b7b371f48cbd5db1a52dc2d5d9138d2917cc61dac7f4765e15ceacc1f2051c194410f22956fe6711c7f345d25b7a097c484d531d32e972de11f3f693462bcd54e2b3ebb2019c44fc3f5bda4c18c2f02158c4ce09845f7b1598cd828df3c74df23efb42f95bc88b51cb61ae634c3815d6ba406876b0b1d99c77c6a51b7b4091e91239038431185d9bd9bc4e0145c8eff485b5e81af496738e4e69c1ff8b5d393599f64fa81c7c8
I: MonitorObliviousTransfer::next
I: GeneratePublicKey::next
D:  sending message (size 0.000384 MB)
I: MonitorObliviousTransfer::next
I: SendPublicKey::next
I: MonitorObliviousTransfer::next
I: RecvEncryptedMessages::next
I: MonitorObliviousTransfer::next
I: DecryptChosenMessage::next
I: MonitorObliviousTransfer::next
I: ChooserDone::next
I: MonitorObliviousTransfer::next
I: MonitorObliviousTransfer::next
I: InitChooser::next
I: MonitorObliviousTransfer::next
I: RecvConstant::next
D: received message: 5efc7633054a84da5838ede2244bfcbcf2851e14ee7d1e545da005454ff0ee2c1e2705eb370c440059c3a2a6cac93445434495a21eee43aace825419565a71fc1a5fe30b18b40c0c0757f82355b15b03235606ae4a0627774c176bdf42b5774135eb3e5ef8cda3e23c6403174d5dbe912435e1e51d37597434820282f9e9a6eac5c34acf9f48e2c5e244bbe25b2fb001651e9a1ac7127ba054f6e1a9cb39c2b696cc1e2fb7ab554e575cc8bc60e3575571bc9b6e7644d43b676250b1229f3db5
I: MonitorObliviousTransfer::next
I: GeneratePublicKey::next
D:  sending message (size 0.000384 MB)
I: MonitorObliviousTransfer::next
I: SendPublicKey::next
I: MonitorObliviousTransfer::next
I: RecvEncryptedMessages::next
I: MonitorObliviousTransfer::next
I: DecryptChosenMessage::next
I: MonitorObliviousTransfer::next
I: ChooserDone::next
I: MonitorObliviousTransfer::next
I: MonitorObliviousTransfer::next
I: InitChooser::next
I: MonitorObliviousTransfer::next
I: RecvConstant::next
D: received message: c83eeb6f301dbc75619b1ac0f58325fadb9d118e7b76f2702e64b8c87208dc30b023808781e4f2cecd5cefdc04a578732472378ee7253f33ffc531785281c786cfe93de41bb896ee20ad72a054dffd4ddc6d9cf799d6a5faed5b2d87a86a852b3810d97c2e47be8f51b14e760d882b1979ed635eb1f47bd9e9d126caf937f490e0ab37cc7a2409256c8091eb61a34d817e97d61c8dfecf6fad04b880715a964073781c3587a7268fb53f0f19b71b0df6ae6404841a10258ecef4408b96cc02a0
I: MonitorObliviousTransfer::next
I: GeneratePublicKey::next
D:  sending message (size 0.000384 MB)
I: MonitorObliviousTransfer::next
I: SendPublicKey::next
I: MonitorObliviousTransfer::next
I: RecvEncryptedMessages::next
I: MonitorObliviousTransfer::next
I: DecryptChosenMessage::next
I: MonitorObliviousTransfer::next
I: ChooserDone::next
I: MonitorObliviousTransfer::next
I: MonitorObliviousTransfer::next
I: InitChooser::next
I: MonitorObliviousTransfer::next
I: RecvConstant::next
D: received message: 18bd680ba5e660ac930c38d8a29871979d89984c1966b4da591aa785f41aa76c87f581abb5779f1653356e66ffd841234c91ad2e2b619d4caf793e4dce9690e1a12c0bdcda44746a066251448f023b45a033bea52c02a550ac8675c4ceda6cef685fde2646e11aea5460d012c6de4b66ea0706aa33c32f6dafb83cb310d84b21f4035d8c3a5a1ebb7844586fa855c2b2dcb10dee8805ffa161579c86c81581857b93a9fbfa141c33dae29922cd4bc22886b4256a72ff3e7eeb5066cfc59166b7
I: MonitorObliviousTransfer::next
I: GeneratePublicKey::next
D:  sending message (size 0.000384 MB)
I: MonitorObliviousTransfer::next
I: SendPublicKey::next
I: MonitorObliviousTransfer::next
I: RecvEncryptedMessages::next
I: MonitorObliviousTransfer::next
I: DecryptChosenMessage::next
I: MonitorObliviousTransfer::next
I: ChooserDone::next
I: MonitorObliviousTransfer::next
I: MonitorObliviousTransfer::next
I: InitChooser::next
I: MonitorObliviousTransfer::next
I: RecvConstant::next
D: received message: c2d0df8d798a12377312ebeb48cdb2d1c9b8f4a0c8db4b26f29f4f7409bd4e60f4b944b81091c9e2b864d1c10bcfdea41238f89bda40c05fb9cec186e1386f8ea9723fc76f0c8ef482f85a48fc1376056f01afb8cca6ffa74bcff660a6bf3a1eaa062d8a162b8b9a6097f2e751f1892c2f6c7605ff0124dead7615e77cb565c1c0b74504bb21035b4744615d8d159438a975886b75be38e53fd39dc42dfb3da31a27084d09b9c31ef625b12a4ebf0ca7bd99b7ce3bc761ba206f0b261d1899f9
I: MonitorObliviousTransfer::next
I: GeneratePublicKey::next
D:  sending message (size 0.000384 MB)
I: MonitorObliviousTransfer::next
I: SendPublicKey::next
I: MonitorObliviousTransfer::next
I: RecvEncryptedMessages::next
I: MonitorObliviousTransfer::next
I: DecryptChosenMessage::next
I: MonitorObliviousTransfer::next
I: ChooserDone::next
I: MonitorObliviousTransfer::next
I: MonitorObliviousTransfer::next
I: InitChooser::next
I: MonitorObliviousTransfer::next
I: RecvConstant::next
D: received message: 604efaac591de4c964628921048c245e6edcaa8d9211a3d2e65e7174c21063b704efd9e0fb53c3110d8c2900416d9d45d16ed1bee49d31dbb14a057d38de5ebdfb9f0da95688856cdc8002b7d30a2b9862a86b087de9977437043ebb4252162c7989825e57a4f62a57390cdb01fe90879d9832edf3948ba0bf97e89e3838d3761130e587aabc2409774d42f4e45f103da270795c121f314e6a71b195583d4cdcc57de32b975f0bc8d0cbdae5879c30a228a4b64a539d6def92a1426b806ef503
I: MonitorObliviousTransfer::next
I: GeneratePublicKey::next
D:  sending message (size 0.000384 MB)
I: MonitorObliviousTransfer::next
I: SendPublicKey::next
I: MonitorObliviousTransfer::next
I: RecvEncryptedMessages::next
I: MonitorObliviousTransfer::next
I: DecryptChosenMessage::next
I: MonitorObliviousTransfer::next
I: ChooserDone::next
I: MonitorObliviousTransfer::next
I: MonitorObliviousTransfer::next
I: InitChooser::next
I: MonitorObliviousTransfer::next
I: RecvConstant::next
D: received message: d2422b0265c020715dc01ac301156a064ca28bbb697cfa419936b63204833ce85d5fa12296671518a717349132b1e654f87c28377152b1100a25c5b6ce76587d85bdc1c56b47c6a3fbfeb871d30c4df9c036b872c273e51218ea0c5c41799e4ce3e3f8d355a5a9520b8b6a69ad0102961c5c52ebe8a49ff74ddd27849702f192ee59dabc170c83a2791725c99aaa91e06db16862425eaec27639c664d61b97cf132a932a7377c8148107fd8ddf2def715d93a734c5c90a520eb05f200b7f307a
I: MonitorObliviousTransfer::next
I: GeneratePublicKey::next
D:  sending message (size 0.000384 MB)
I: MonitorObliviousTransfer::next
I: SendPublicKey::next
I: MonitorObliviousTransfer::next
I: RecvEncryptedMessages::next
I: MonitorObliviousTransfer::next
I: DecryptChosenMessage::next
I: MonitorObliviousTransfer::next
I: ChooserDone::next
I: MonitorObliviousTransfer::next
I: MonitorObliviousTransfer::next
I: InitChooser::next
I: MonitorObliviousTransfer::next
I: RecvConstant::next
D: received message: 2727f1447690c6a3259e2dbd1afafe5b25196e292a76dae0dd9404f90b45d8a9e628483b7ea9dd3161ff40c55290271c1856b2fdb2cbed12e682f8985aa3a4a6f12024bbb5d4fd90d299b58f3463bdd8b09eb298565c477feef84532a49fa3832600ca51eeefa6ee7eb8a8fb21d656699c00bd3836dd3dafee6b1c446c383529f2d1e05d0b662a57a6edaaa5e3b34ac64c8c0ccb7c208d2cb184f15199325084515b4791b68bfa617815279e4e6443d15d143ee71dae8d7feb0fd2a637b4c250
I: MonitorObliviousTransfer::next
I: GeneratePublicKey::next
D:  sending message (size 0.000384 MB)
I: MonitorObliviousTransfer::next
I: SendPublicKey::next
I: MonitorObliviousTransfer::next
I: RecvEncryptedMessages::next
I: MonitorObliviousTransfer::next
I: DecryptChosenMessage::next
I: MonitorObliviousTransfer::next
I: ChooserDone::next
I: MonitorObliviousTransfer::next
I: MonitorObliviousTransfer::next
I: InitChooser::next
I: MonitorObliviousTransfer::next
I: RecvConstant::next
D: received message: 5a1f663948fe9e7db9326daa05ed2b57ef2837f0f06ee28b885d3b9311a4a16e9bab1ee5d240a48bd5ff33609ef3eeea267d122e417f1e698072316cc735bdb738a4c95526ffaef053cacf0e7ee8996f3265c57efa8ce16efbb54266134f0634ffa7a9c7ea28e99cf78269622949a1a265a7d48faeb10d93ae455db41ce3a6054cf909cc0b7649c66cf1706062cb2993ffcc9ab598441f290dc4346f4112e9e6027cc4aaa65df517afdd54da59fbeef931a9e9df04b276ed6fb2c62f656328e6
I: MonitorObliviousTransfer::next
I: GeneratePublicKey::next
D:  sending message (size 0.000384 MB)
I: MonitorObliviousTransfer::next
I: SendPublicKey::next
I: MonitorObliviousTransfer::next
I: RecvEncryptedMessages::next
I: MonitorObliviousTransfer::next
I: DecryptChosenMessage::next
I: MonitorObliviousTransfer::next
I: ChooserDone::next
I: MonitorObliviousTransfer::next
I: MonitorObliviousTransfer::next
I: InitChooser::next
I: MonitorObliviousTransfer::next
I: RecvConstant::next
D: received message: 48e44a47e8d58e7057abfd6df7297a6a0973880bf08d3af16c370c2b9ff474c92519522a9eac432d20504a4362ef9e757f9cbbe0d2221575188cd28dea403364d92806cd8a4fa0fae15a2ec660dcc70cd230d0fd5593dc734dc5d4a5633526664af3f6090440811d320347fde3e254032194dab5171c6292c9e928ea433989df129600f1ab10f4a5abde3dc591d734ef8854537f1c53b8458ed803ce98ec9c3e2da39ff13cc2e5f20d9f5d41ab9ec766d41f5ea0110c929af678189a4d35d8a7
I: MonitorObliviousTransfer::next
I: GeneratePublicKey::next
D:  sending message (size 0.000384 MB)
I: MonitorObliviousTransfer::next
I: SendPublicKey::next
I: MonitorObliviousTransfer::next
I: RecvEncryptedMessages::next
I: MonitorObliviousTransfer::next
I: DecryptChosenMessage::next
I: MonitorObliviousTransfer::next
I: ChooserDone::next
I: MonitorObliviousTransfer::next
I: MonitorObliviousTransfer::next
I: InitChooser::next
I: MonitorObliviousTransfer::next
I: RecvConstant::next
D: received message: eb370e583726488d563815047583e1116574066328655388331e6d7e9746573019a18b345b14edefa03a6086c55a4232e28db374ef71ff6d03405ffcababc259bfedbd2539b920c52be02739de92f859d0512131db2da7cc626c5ed7bb5a293bbf2fda06f834d30f3dfd769dc8650257dc958ee2a88e111b1687ae5e8d788d7ff9e090a21d7c1de585b28e665a0557d08751d4fbc7a8d0f5910a28ef5e222140f316113dbf896428f1b55ff224d1efd002c9a0497e8f60c2a7399eed0c321b50
I: MonitorObliviousTransfer::next
I: GeneratePublicKey::next
D:  sending message (size 0.000384 MB)
I: MonitorObliviousTransfer::next
I: SendPublicKey::next
I: MonitorObliviousTransfer::next
I: RecvEncryptedMessages::next
I: MonitorObliviousTransfer::next
I: DecryptChosenMessage::next
I: MonitorObliviousTransfer::next
I: ChooserDone::next
I: MonitorObliviousTransfer::next
I: MonitorObliviousTransfer::next
I: InitChooser::next
I: MonitorObliviousTransfer::next
I: RecvConstant::next
D: received message: 8ce7f1d991ea37d177fa5f72b26253125e90e7a7c78ed6511236e4b8699928f564ca9ba34df3bdafef39b35fb44b439f08e1cbab1ab4f1b4acafe12c2e73ad8e3a93a429971ee2fad57c0e814b3284736599c468b1d884895903a4646a2c13c5333d5c3faf4c5896342c99176c45df04ca0f14284c86604de21762bdff788b094da55e26d9abf106401e94f77656a7f18fcd0a281a04ff8090a94d3cb77f6afb63f16e4b106902f31cb8a7846fb40fb924d090954b84cf8708b290492d3e110c
I: MonitorObliviousTransfer::next
I: GeneratePublicKey::next
D:  sending message (size 0.000384 MB)
I: MonitorObliviousTransfer::next
I: SendPublicKey::next
I: MonitorObliviousTransfer::next
I: RecvEncryptedMessages::next
I: MonitorObliviousTransfer::next
I: DecryptChosenMessage::next
I: MonitorObliviousTransfer::next
I: ChooserDone::next
I: MonitorObliviousTransfer::next
I: MonitorObliviousTransfer::next
I: InitChooser::next
I: MonitorObliviousTransfer::next
I: RecvConstant::next
D: received message: 4b5343677ca73d869f7aca2683eb3e2f1c5a5c50efbe9613762b6a677d6e4e3b80634b79ba1c948061ab2bbe175f339c22a731cafab9180ede6800bacdf820c69f54397b1f0ca3c67ecc74d83ed1189eee6514b8200f50f2cc90d4c3fd239abc2d168640cc27bf9dee66370ac663c8d7c7f8028cfe319bead4b40a0bb02f0f305b83b694de488a7c19f3cc668ad4163b97e3b580f9f7579ba525b2a9da1ebed0c2b58455935b97c15cc11aad69e167f52b0400ebbb8253bc0aefc9c29f6ab994
I: MonitorObliviousTransfer::next
I: GeneratePublicKey::next
D:  sending message (size 0.000384 MB)
I: MonitorObliviousTransfer::next
I: SendPublicKey::next
I: MonitorObliviousTransfer::next
I: RecvEncryptedMessages::next
I: MonitorObliviousTransfer::next
I: DecryptChosenMessage::next
I: MonitorObliviousTransfer::next
I: ChooserDone::next
I: MonitorObliviousTransfer::next
I: MonitorObliviousTransfer::next
I: InitChooser::next
I: MonitorObliviousTransfer::next
I: RecvConstant::next
D: received message: 62e4965670b1938c7c98456e4a5ed17444414b48f091d2986667a0004c49cea32e1c08c4810a36c479d4cc45b8cbc7eb1383595090c849497f237af9b8c85637cdd7ad24435d2d9e21003adba93668257d658efe43ef8004dce783204ee5ab9ab46562bd08164f7a2b6dca7e9d0b3b4938955a394ea87084b38955ed2b202fdbea236a3851d33c0d32bff661f92cf118a4d0ede4a0dca183ab1d396bc618d0cd72610d1aac532c298a5deac7d490131af680c4cba2fce56b5684d19705be8d3d
I: MonitorObliviousTransfer::next
I: GeneratePublicKey::next
D:  sending message (size 0.000383 MB)
I: MonitorObliviousTransfer::next
I: SendPublicKey::next
I: MonitorObliviousTransfer::next
I: RecvEncryptedMessages::next
I: MonitorObliviousTransfer::next
I: DecryptChosenMessage::next
I: MonitorObliviousTransfer::next
I: ChooserDone::next
I: MonitorObliviousTransfer::next
I: MonitorObliviousTransfer::next
I: InitChooser::next
I: MonitorObliviousTransfer::next
I: RecvConstant::next
D: received message: c3d4be878eeb61d1e3d12bb08236286dbe3f2477d46cd5ab9b0a7d079275aad6d000f0b7cbfc06a83a4e0b00b68c436eec472c583af5078f1f316121dced6b675436e01d983462a73c6f6261e4363ea8bae83342b91eb96af0d099156e2eefb804c980248a11235e363bdaf530d3fbbb94753afaa1ffffae03beeaa80e861e3a8307ecdeca054d8e5138c7fffcbe3374bae4d3abc118610d52a3496df371c53cf39da04736b06ee156036cbd95ea3fa7eb4378d68d26cd736f16752681cd4ad7
I: MonitorObliviousTransfer::next
I: GeneratePublicKey::next
D:  sending message (size 0.000384 MB)
I: MonitorObliviousTransfer::next
I: SendPublicKey::next
I: MonitorObliviousTransfer::next
I: RecvEncryptedMessages::next
I: MonitorObliviousTransfer::next
I: DecryptChosenMessage::next
I: MonitorObliviousTransfer::next
I: ChooserDone::next
I: MonitorObliviousTransfer::next
I: MonitorObliviousTransfer::next
I: InitChooser::next
I: MonitorObliviousTransfer::next
I: RecvConstant::next
D: received message: 6930068dda5d898b6791eb453a4858e1b4a0c301ce8bd50480fc91b8b82b63eaee899a2308602aec7ecc4aeb713b783326edf9913f11fe227f1e8e9b28eeb1bc117f574fe7dc58706f82b48c6ca15bbf713ba231576b49285f97e7625c28f181da81449f9f41ec5e86c21475658a2246f2c340c0645c1967e373d2a6b23186f613e2a02afb3d8d1e4f6d7a875cd13ae6d657078122e3be9d3ee2d878f162fcdb993ea3b39263f371a9fc5a9680a8d1fdce24d608f0858f3a0b7721b18983aa14
I: MonitorObliviousTransfer::next
I: GeneratePublicKey::next
D:  sending message (size 0.000384 MB)
I: MonitorObliviousTransfer::next
I: SendPublicKey::next
I: MonitorObliviousTransfer::next
I: RecvEncryptedMessages::next
I: MonitorObliviousTransfer::next
I: DecryptChosenMessage::next
I: MonitorObliviousTransfer::next
I: ChooserDone::next
I: MonitorObliviousTransfer::next
I: MonitorObliviousTransfer::next
I: InitChooser::next
I: MonitorObliviousTransfer::next
I: RecvConstant::next
D: received message: 2c3bc7503a253937208dd04809916a20ca6dd4a6a2f380dce32dcad174b066e1e8cb40e1270251fcda20b265bae2a45c8a626bec99e2382134d6b9d97dde5dc80e1a34456c3afaba7740847ccaf275b29340e09e961767bb1edec33b197ae3ed6c1449f003933fb0f739a5da07b96a95a89d4aca6ed6928ccf1b6a3ae41cd5fb4a3e31886751c6da8acf50af86f912fe242f95f3930588dcee0a54c0e4c6b98d670b6a6515b480aa98e3e03fc7740fbafcdb983719a783a307fb9510b781dc1c
I: MonitorObliviousTransfer::next
I: GeneratePublicKey::next
D:  sending message (size 0.000384 MB)
I: MonitorObliviousTransfer::next
I: SendPublicKey::next
I: MonitorObliviousTransfer::next
I: RecvEncryptedMessages::next
I: MonitorObliviousTransfer::next
I: DecryptChosenMessage::next
I: MonitorObliviousTransfer::next
I: ChooserDone::next
I: MonitorObliviousTransfer::next
I: MonitorObliviousTransfer::next
I: EvaluateCircuit::next
D:   evaluating gate 10000
D:   evaluating gate 20000
D:  sending message (size 0.000001 MB)
I: SendOutputBit::next
I: ==== round duration: 40095.503906 ms ====
I: CopyMonitorStateLabels::next
I: RecvGarbledGates::next
I: RecvSystemInputLabels::next
I: RecvFlagBitLabels::next
I: EvaluateCircuit::next
D:   evaluating gate 10000
D:   evaluating gate 20000
D:  sending message (size 0.000001 MB)
I: SendOutputBit::next
I: ==== round duration: 39845.140625 ms ====
I: FaultObserved::next
I: MonitorDone::next
