I: parsing spec file timekeeper+.v...
skipping synthesis, BLIF file already exists.
I: parsing BLIF file synth.blif...
D: inputs and outputs parsed.
D: circuit initialized.
D: connections (#2018) parsed.
D: gates (#20547) parsed.
D: outputs: 24327 24330 24333 24336 24339 24342 24345 24348 24351 24354 24357 24360 24363 24366 24369 24372 24375 24378 24381 24384 24387 24390 24393 24396 24399 24402 24405 24408 24411 24414 24417 24423 24325 
D: circuit size: 24424
D: adding identity gates for outputs...
D: outputs after identity: 24457 24458 24459 24460 24461 24462 24463 24464 24465 24466 24467 24468 24469 24470 24471 24472 24473 24474 24475 24476 24477 24478 24479 24480 24481 24482 24483 24484 24485 24486 24487 24488 24489 
D: circuit size after identity: 24490
I: initializing safe primes...
I: using prime modulus 32317006071311007300338913926423828248817941241140239112842009751400741706634354222619689417363569347117901737909704191754605873209195028853758986185622153212175412514901774520270235796078236248884246189477587641105928646099411723245426622522193230540919037680524235519125679715870117001058055877651038861847280257976054903569732561526167081339361799541336476559160368317896729073178384589680639671900977202194168647225871031411336429319536193471636533209717077448227988588565369208645296636077250268955505928362751121174096972998068410554359584866583291642136218231078990999448652468262416972035911852507045361090559
D:  sending message (size 0.000005 MB)
I: InitMonitor::next
I: GenerateDriverLabels::next
D:   driver labels generated in 61855.027344 ms
I: GenerateInWireKeys::next
D:   in-wire keys generated in 10850.001953 ms
D: SendLabels::message
D:   generating in-wire labels for 20618 gates
D:   10000 gates processed
D:   20000 gates processed
D:   in-wire labels generated in 83418.882812 ms
D:  gateCount: 20618
D:  sending message (size 33.712532 MB)
I: SendLabels::next
I: RecvGarbledGates::next
I: RecvSystemInputLabels::next
I: RecvFlagBitLabels::next
I: MonitorObliviousTransfer::next
I: InitChooser::next
I: MonitorObliviousTransfer::next
I: RecvConstant::next
D: received message: fd61644d9545a80e39698184ff6a040387829cb96cb63efcba39662d8b6f25c5b65b5a6916877a55d2023aa5389d2b0af26b9e0218b3cd2431baad5f7b941f1d563fb080ab3d7979e8abe08742f786d997231ee00a92601e397f11016443720bd92edc0235c695812f631274591e0ee7f05db458edcbcc87082f3dcfe6a33b51f49eee990ba8abfde768e2af79eb6d2a512c99a34396d96de42dc51ad6ee2cd8ef65c94764e7faad9c32a7737542fd1eafcfc0c38a216d9ac167010c96c50fdca50654678af9507cc0d14eeb0e0c051e7d2d4d498315d6a12c227985f170b138c5cc7788c42b700f72c2faaf2d1dc4315ff07b32a7216ebf06e371da6cc470e0
I: MonitorObliviousTransfer::next
I: GeneratePublicKey::next
D:  sending message (size 0.000512 MB)
I: MonitorObliviousTransfer::next
I: SendPublicKey::next
I: MonitorObliviousTransfer::next
I: RecvEncryptedMessages::next
I: MonitorObliviousTransfer::next
I: DecryptChosenMessage::next
I: MonitorObliviousTransfer::next
I: ChooserDone::next
I: MonitorObliviousTransfer::next
I: MonitorObliviousTransfer::next
I: InitChooser::next
I: MonitorObliviousTransfer::next
I: RecvConstant::next
D: received message: a4b147cb5b590ee80738d3c99fee220fcf992a4e6e366f8bc736502e64952ac2133fe3448db1569b1cd9d0aa1ea42d569776ad0ff31bffaa4cdaf09afab6265d01e1dccf4007ca0ef86be78807127ce7f67a063580558017a74a6199af23bc53740e58effbc6f8e23b2629aa8c2da7904e1bd26dbd4840cbd5e24a40a98d8b04b55873d3b9158227a528472abcc6a202659544d53e69c2d9540f2b23a4e156e4ff9e7ee6e4ee13386e17cf67c04747bd5a911bd94fdc46c40163aad38a6bc4dcedfbfe95c17ffc471f5b1c26344ea6153cd3d63c9c0ecf958817f6f2baccc39efbaf937f8d233e262126549ba15a8081ac2592a2b9b937120cef3cacac5ab2ff
I: MonitorObliviousTransfer::next
I: GeneratePublicKey::next
D:  sending message (size 0.000512 MB)
I: MonitorObliviousTransfer::next
I: SendPublicKey::next
I: MonitorObliviousTransfer::next
I: RecvEncryptedMessages::next
I: MonitorObliviousTransfer::next
I: DecryptChosenMessage::next
I: MonitorObliviousTransfer::next
I: ChooserDone::next
I: MonitorObliviousTransfer::next
I: MonitorObliviousTransfer::next
I: InitChooser::next
I: MonitorObliviousTransfer::next
I: RecvConstant::next
D: received message: d6e3b8014dc0085813acbb4c3a0aac386dd1d16ea8308df4a3a038f12f628a147a3af3344060dc00d51c250beb611bcb7d155dde7307703aa7e3cda4496559229266c836700f12eab956c3f37d2bfd067891366fea033c89ad34224d1362a9580c441a1b16f593b9051bd66579c09243f696fd7ecd85f685490b051f5e4613a043c568aa6f33778f0767329e0328a085785bf86a09aa50184e6c3c7b3afc52f11d8a9fe662766a3456492c1a3283c0bada5c6aa3ab88793ab0d1e67b2b8aa5fefafd7875be21db26d6952e8d5196dc02984be3e9d43eaf963667887b21e5807507ba168e7e9bbf8c3ddfcb48aa832c7279865683cb6e20b43d65d30b784cdd87
I: MonitorObliviousTransfer::next
I: GeneratePublicKey::next
D:  sending message (size 0.000512 MB)
I: MonitorObliviousTransfer::next
I: SendPublicKey::next
I: MonitorObliviousTransfer::next
I: RecvEncryptedMessages::next
I: MonitorObliviousTransfer::next
I: DecryptChosenMessage::next
I: MonitorObliviousTransfer::next
I: ChooserDone::next
I: MonitorObliviousTransfer::next
I: MonitorObliviousTransfer::next
I: InitChooser::next
I: MonitorObliviousTransfer::next
I: RecvConstant::next
D: received message: 8cf328fd56a0e6c21a13ebe83ea2c81161101889c9a265d1a1dfab4fee4b06719e68795f33f950111d16bfcb123516059f50c1daaa8efbd824ef8e05372852af076b87aa3a8706042b6a38a0d54000b3b0b39211ef2c667da700debafda4a35591987e47cdedaa3328fd90020e9db4f40dfb50ccd7b1adde76392aece88e6b09ddf6856e1af79ee7b7cb9704fcdb757c0f25d7ac5aa67744a4552856ebb946872071e1fa6101f63b4f93cc1f7adb295714a558163b3e0fb8a6d81ef07d098e7ed9674ed6141c4ec087394af3c2b9d5040dfe68a997bb9701245869880aae49aadca8f67946b67fe337d42bc0a0a6c5c1c61e8c41a280c0d8dc213e0239693dfa
I: MonitorObliviousTransfer::next
I: GeneratePublicKey::next
D:  sending message (size 0.000512 MB)
I: MonitorObliviousTransfer::next
I: SendPublicKey::next
I: MonitorObliviousTransfer::next
I: RecvEncryptedMessages::next
I: MonitorObliviousTransfer::next
I: DecryptChosenMessage::next
I: MonitorObliviousTransfer::next
I: ChooserDone::next
I: MonitorObliviousTransfer::next
I: MonitorObliviousTransfer::next
I: InitChooser::next
I: MonitorObliviousTransfer::next
I: RecvConstant::next
D: received message: 431975c6e67111c6f294c2882683826f5674faeed02b03e31a4b5257706d968281bc841987f8ae5d10a0538b20a01afe8a896d61382857abdd0bc14b04280e945acd8163d2a7f7d059df093e9725ba7f6e878d2a5f8a5c585d5a98611f6f9519cd73c6cec2ad820fcfb6fcbdebf858ef448ed877c66a5e9bb34712786c4256b5a5db0408503840610ed4842aeb6cde130c0fcf4abddd0b79f89ec83a33746b12888b1155440254ab1616d528cb960c56a3cb7f3a933271fb89ccb6810b8dd99a8fa13439c3b7cd9d7b05ac7536d0043a08809848768318a43985b51ce87b62d0821c8a856ee8c61f91f52bbf28e3a297e59f59902de8a9ac310042b420ffa80d
I: MonitorObliviousTransfer::next
I: GeneratePublicKey::next
D:  sending message (size 0.000512 MB)
I: MonitorObliviousTransfer::next
I: SendPublicKey::next
I: MonitorObliviousTransfer::next
I: RecvEncryptedMessages::next
I: MonitorObliviousTransfer::next
I: DecryptChosenMessage::next
I: MonitorObliviousTransfer::next
I: ChooserDone::next
I: MonitorObliviousTransfer::next
I: MonitorObliviousTransfer::next
I: InitChooser::next
I: MonitorObliviousTransfer::next
I: RecvConstant::next
D: received message: aa4d039949e3a73b0fa3e1cd1c845253e198c446faed77f3c37b63dde6627022c7c6149ed829e9b29cc6a8e2ad364a666f4a9f72fc845e59e9415c5a5c8507349fcef323751f44699782b1e1bc9c33185e5e8518610b7b80564ed6fb61c004569349948abd74d58ad29ca5ed37ebfef2b6a6c597ba0ee75c744122eb7b2722c8eabecabe11b2f7b96dd64de7acefbea5f2d05d556789ca303c858f1de3ffca566f3023c919626fb623db99a1e4c64127ae9db958af16fd22efa19c8b973e23e75f732005f2d48969b7de4332450feb3e6f8f7de67ab852104d0f7e9eabd1dab3ca63fe7521aa7dde523232e5d80d33b82d924b8d856470f59ba9e340c4c444a1
I: MonitorObliviousTransfer::next
I: GeneratePublicKey::next
D:  sending message (size 0.000512 MB)
I: MonitorObliviousTransfer::next
I: SendPublicKey::next
I: MonitorObliviousTransfer::next
I: RecvEncryptedMessages::next
I: MonitorObliviousTransfer::next
I: DecryptChosenMessage::next
I: MonitorObliviousTransfer::next
I: ChooserDone::next
I: MonitorObliviousTransfer::next
I: MonitorObliviousTransfer::next
I: InitChooser::next
I: MonitorObliviousTransfer::next
I: RecvConstant::next
D: received message: e449a5ef3958ec7412945bc84cd204cc8f710efe68ff6c22b47915c7448dd52500355cb311a21df04e703644302e53bca3cbb38ae3036ee14b0100dc64fe05080633438119239c38546c81ff561dbb44e9f450122c9ac684366a9aeb2079a2dce5a6592ea35947ac8c62f634adfa5e5fd33417dd1a52fe7e50c64fd28ce7c788598eca379eeaab44cfbbbfbf429faf1938afb3f599509e6c33833b3bd799010aa63b6393f41d67554324da5f14c25d534f7c8c054c1d48a5732da9db9b0c3ea47fe345fc9b682e424e63ba755af13fac50094da14b8e8629b401e9949ab9e0e2a30ad1f8a3684c5a21890611cd0a818eaf90038752df58ab92027ae5596d487a
I: MonitorObliviousTransfer::next
I: GeneratePublicKey::next
D:  sending message (size 0.000512 MB)
I: MonitorObliviousTransfer::next
I: SendPublicKey::next
I: MonitorObliviousTransfer::next
I: RecvEncryptedMessages::next
I: MonitorObliviousTransfer::next
I: DecryptChosenMessage::next
I: MonitorObliviousTransfer::next
I: ChooserDone::next
I: MonitorObliviousTransfer::next
I: MonitorObliviousTransfer::next
I: InitChooser::next
I: MonitorObliviousTransfer::next
I: RecvConstant::next
D: received message: fea9da83df912c1934d57c5e73537349a96b4f3b0a649a8d466cc4ee2f39fbf68e0dae9d57ceaec13efe3fc57add8f40490492704740cfa1d2507653c030aa0d594d06e5456c57fbe79daa921ea51ecd2f0b046c9ab5f3026772f9b4a7745df38181e17515b94e837e0021bdbb7ab3bb4835ece2bc03ed13b46d8c28e61d72d5b95e38cf0fb67d95f447e5208e4374f6071fa08a86fbc2bc5d30b2fa351aad37d0f0fceef7ed65cd9a7f8d76ab83b3c804769d9e4beab556eaf8ea6cfbfbb32f30e1f501b8240e123ff03e3d385df205bc209bb479f7031709c062a82458d9c9dd6074a90e112674a5c569cae4f5f44ea7e095c576587738d70b747b647bd50e
I: MonitorObliviousTransfer::next
I: GeneratePublicKey::next
D:  sending message (size 0.000512 MB)
I: MonitorObliviousTransfer::next
I: SendPublicKey::next
I: MonitorObliviousTransfer::next
I: RecvEncryptedMessages::next
I: MonitorObliviousTransfer::next
I: DecryptChosenMessage::next
I: MonitorObliviousTransfer::next
I: ChooserDone::next
I: MonitorObliviousTransfer::next
I: MonitorObliviousTransfer::next
I: InitChooser::next
I: MonitorObliviousTransfer::next
I: RecvConstant::next
D: received message: d7453a7c5c8405023e430727c74a198b1bf531104dedfedef3badce532edba3063c5501cddc76fec4ffe24b29bb5b36dd0c255a86bb03738d9153059f8a818c9962969bcd70c84dd40da483ec5a4ec63e0de3596a61c5421982f624407942609f513de0425b4b885acafc68c5430170df2f2e5af59bf61f8b9bcc9ca40d5c7c2a4b01a2297adc7718be095d63f68a7ac84b19c6ae21cfb5fa66e4d418ae5bfc441782271279cfbfb85bfa4e1488ce3a6f7e57e5067cc38c9bdc9e429a5ec5cd1aeafbf23839d93ce61880e73fdb713a61a83203296f73e88767e40b34404a799d78d99bbb5ee3eb3efc0045640b63e6becce134776b08f6154b8a791a39d401b
I: MonitorObliviousTransfer::next
I: GeneratePublicKey::next
D:  sending message (size 0.000512 MB)
I: MonitorObliviousTransfer::next
I: SendPublicKey::next
I: MonitorObliviousTransfer::next
I: RecvEncryptedMessages::next
I: MonitorObliviousTransfer::next
I: DecryptChosenMessage::next
I: MonitorObliviousTransfer::next
I: ChooserDone::next
I: MonitorObliviousTransfer::next
I: MonitorObliviousTransfer::next
I: InitChooser::next
I: MonitorObliviousTransfer::next
I: RecvConstant::next
D: received message: 53a8123cab0659e10fc656a2311a77cf8f380b94bc12de9a873abe0b599c2f166941b86e9e893d1374569bdf65a1899f7ec188788256ef95f75c473fb7442242e53ee25ac834050d3257a55f68e7d94b12886ef256a7baa8ec1f68cb69d7bd6d7ba8fd0c46cf3fe87af10cba52a0bca6693dc46008c5b1899c59174cadf8aec1e571c459286289b3109aa13be477cf75d58936ba698ef10e1aba27abd6490b6c2c2a27a3bc8fc424c62b7de93c0249dd8cee0486ad4b85cfa2d751f8db4120d893950bb2a9b7cf2d588c8dcc02dd9ff1d1a5b3c3036052e181160295d8181d9aa6c07d6e3628997a917a53120168a0f89e7c0db282360d7f833d93e17b9f8a4a
I: MonitorObliviousTransfer::next
I: GeneratePublicKey::next
D:  sending message (size 0.000512 MB)
I: MonitorObliviousTransfer::next
I: SendPublicKey::next
I: MonitorObliviousTransfer::next
I: RecvEncryptedMessages::next
I: MonitorObliviousTransfer::next
I: DecryptChosenMessage::next
I: MonitorObliviousTransfer::next
I: ChooserDone::next
I: MonitorObliviousTransfer::next
I: MonitorObliviousTransfer::next
I: InitChooser::next
I: MonitorObliviousTransfer::next
I: RecvConstant::next
D: received message: 7e198d10a216e770e428c67511515559e8d3a1cff38ffe8092495b2dfa839912293642ef2cf358a11dcb57b8f729a0d80611c48283c6d616a9b37abc3c1cd392473a3a308b0bea9fb472599f43e07d29c5b148005b3d36a37188bc6a01b09cf182feced563a51216718a2271a12c380a0b4d1107f09047409227d60111170ef37ef429ee8f5287e314209d76ad758b1e36962cffbea7f3a62e80cd4e07065c150ef66cb4f9ae1644b2646fc6d32174199f895769bfdbdb84950cc4cb92a5f3f20b3325a4118485dc4ff44530ef668890d14aa7b5cc1520e0d34c1c3a41a26bc87640ed4e615895f4e384ba599f3cb3b4d3eb80faa8b92872e78098df30c5d197
I: MonitorObliviousTransfer::next
I: GeneratePublicKey::next
D:  sending message (size 0.000512 MB)
I: MonitorObliviousTransfer::next
I: SendPublicKey::next
I: MonitorObliviousTransfer::next
I: RecvEncryptedMessages::next
I: MonitorObliviousTransfer::next
I: DecryptChosenMessage::next
I: MonitorObliviousTransfer::next
I: ChooserDone::next
I: MonitorObliviousTransfer::next
I: MonitorObliviousTransfer::next
I: InitChooser::next
I: MonitorObliviousTransfer::next
I: RecvConstant::next
D: received message: 52d1e3183106500535aa2dbc1bf0980487f5737a7ba7260d6af8870becc9ad4776e118339a19b59c1caa123ad62fefb338ee8fcbac70f2507fedcc58cd0c3d39a0320906c2a97cf2e0b344975fcf222833264327d84ead451557d86762dddbdcbc578ae07fbaef8ef1b6d7fb9aea90122dcb3fb6acbfbf5af75222defae46b588694dfefbb6a4e072ae905b34f22f2329cc91a76ff674ea7c010526121640b3d06bb138dcae2965c193c39afa0adea4587cca56266419a27016f213ba10214cfb2764ccfb4c8aa4c147678d047927128a874c1eafcdf20a977827855b40bf7296fab39575df1b25427ec6db34d48ffd7cbaea103062f6f181087878b9e92ab23
I: MonitorObliviousTransfer::next
I: GeneratePublicKey::next
D:  sending message (size 0.000512 MB)
I: MonitorObliviousTransfer::next
I: SendPublicKey::next
I: MonitorObliviousTransfer::next
I: RecvEncryptedMessages::next
I: MonitorObliviousTransfer::next
I: DecryptChosenMessage::next
I: MonitorObliviousTransfer::next
I: ChooserDone::next
I: MonitorObliviousTransfer::next
I: MonitorObliviousTransfer::next
I: InitChooser::next
I: MonitorObliviousTransfer::next
I: RecvConstant::next
D: received message: 41fba366897d98c6abf5b3ba3b5d579065f3c268b5b9705da12ef8a428ad962fcaa84395c9dccfab0f700891548275d351d22e16394b123e5dfb04ef5afd77e212e00502ab360956800b054f12b43e2f9040fb819257511614d0093b0fd39dc6e08afd78f16282bec4864ab55eca465717d60dc27ed58ce4001bc142efde5e30e70703e4baa00be54118a118b97a36103e3033c2d590cf930a88bb20b94dbd5217bfacf280d4afe30805595f0439459d04fee06fb521358195024fac8b27ea52fc72d127f1bda5c24be15922d61d26000adc92f9818b86c27d8c2c729c6ff26f242c2947df7cb7c95001b298aeebd2afa3ab59f29755d96502bd27f93b3f5234
I: MonitorObliviousTransfer::next
I: GeneratePublicKey::next
D:  sending message (size 0.000512 MB)
I: MonitorObliviousTransfer::next
I: SendPublicKey::next
I: MonitorObliviousTransfer::next
I: RecvEncryptedMessages::next
I: MonitorObliviousTransfer::next
I: DecryptChosenMessage::next
I: MonitorObliviousTransfer::next
I: ChooserDone::next
I: MonitorObliviousTransfer::next
I: MonitorObliviousTransfer::next
I: InitChooser::next
I: MonitorObliviousTransfer::next
I: RecvConstant::next
D: received message: dd914132c4f430bad051acc956aad699e2a4d7144c3850b0972da1888404299ab297dfda82fa97a631784245c2b4b2f1943ca7be374f3ebeca6e8145a4affb486c85de16f069fff5f91c106c6df24a537468c9fd658b5e6359877fede38a88c0e34e633df42bf71b7897418cffd0bac68cce1ba60da61a6bce266a78fa6d81a1f8803c553a9db37e683dcc2645acd6cdc3cea60ac2dc944887b95f3577e87524967465a92da25f95debba7c810166a296020b9a56ef33bf02da66c3356cc3b4806e788e7f4480e8a467b77fcaa16ddc71e39d3d0e674fe81268d7c197d626508db7f1a1214fcdf60ce14055454efdee98449a644f42d53ad6b9148ae93559865
I: MonitorObliviousTransfer::next
I: GeneratePublicKey::next
D:  sending message (size 0.000512 MB)
I: MonitorObliviousTransfer::next
I: SendPublicKey::next
I: MonitorObliviousTransfer::next
I: RecvEncryptedMessages::next
I: MonitorObliviousTransfer::next
I: DecryptChosenMessage::next
I: MonitorObliviousTransfer::next
I: ChooserDone::next
I: MonitorObliviousTransfer::next
I: MonitorObliviousTransfer::next
I: InitChooser::next
I: MonitorObliviousTransfer::next
I: RecvConstant::next
D: received message: c1ce77953a335947c40c9fe22ee7ba007a17b90188a29932547dfd29c1da43b56baf2ff71aed958533fd93140f82180a9eb512a1e436fb49546946867592795d0b66c7561aac4513896cfa3067cebaf5bc562984aa014896817f1b9888167a5a13740302a556dabf949eb28620ddfa3ea74b9e4c65ca876b06a0abdd84a35925dec13e59f6b09c0497eb3baaa22e13e1bcf03f3ee666b6e210be6235674abdd119f03273c3a0bf76d698d1597ef402754bacf60c2202274710dac2c02d79ee9d89af3738075086252bee1612b67eb83c8fe0644e996a2ead85e5bf503d57a1518d60ff602ad72d6076d7dc6660341c6837c3a43e2189259cf59e7db9618b433c
I: MonitorObliviousTransfer::next
I: GeneratePublicKey::next
D:  sending message (size 0.000512 MB)
I: MonitorObliviousTransfer::next
I: SendPublicKey::next
I: MonitorObliviousTransfer::next
I: RecvEncryptedMessages::next
I: MonitorObliviousTransfer::next
I: DecryptChosenMessage::next
I: MonitorObliviousTransfer::next
I: ChooserDone::next
I: MonitorObliviousTransfer::next
I: MonitorObliviousTransfer::next
I: InitChooser::next
I: MonitorObliviousTransfer::next
I: RecvConstant::next
D: received message: e760cd821c602f18d04b4e35d01ded86d1b7ae9f580693b2fdc14668463dfc6d9fffaa01a8c0498566a47da483e5122711b268905d34163132b78077c12dcb8f5436c3417bf457c457610882a93b84c0908e5b8a98558fa4c3feab0d49980fdb49e6fcc6638f7a0b842ed60e7a80398351b648577c9aa73683bc3b6d1151c8255703cd85ac8d23cd93e450073bf110b21adeae511d3ab1ae03500c2296b816e9de085d7bd82bbb4fd0d5f2d3c7753628cdce42328e758570445efd17dacb20cfe344dc9971f4934a03d7183aa01a5b9db86a9ab888dfaf974171ce851dd1c0c17eae210c325adfea24d14ac528d54a6fa64eed746fc2048ed92f97f72df8284c
I: MonitorObliviousTransfer::next
I: GeneratePublicKey::next
D:  sending message (size 0.000512 MB)
I: MonitorObliviousTransfer::next
I: SendPublicKey::next
I: MonitorObliviousTransfer::next
I: RecvEncryptedMessages::next
I: MonitorObliviousTransfer::next
I: DecryptChosenMessage::next
I: MonitorObliviousTransfer::next
I: ChooserDone::next
I: MonitorObliviousTransfer::next
I: MonitorObliviousTransfer::next
I: InitChooser::next
I: MonitorObliviousTransfer::next
I: RecvConstant::next
D: received message: bf37c660e1c117587821191cb341d2c5ef0c9dfefe10cf3fa677f24d160c059b292c28e1a5f7c851d60dc4b23995c9717b0876e6fb9db4e1f73bf975639cd74aace5b7913f836c12c494db37f0f504025e45881a65336676253cfc8c9ecb1ceb3c5e4fd62cbf0177240e4c1f287e7c09b88f05dc007413d83e63aebf8bfe364d34dae5e617c22b6d261f54536bda399db6189e44cf8b7c8e5dd78d79e061e30d786002358b8e5436754bc1ddd65ddd5c2142e2664158e64e2a717050ec2b68a330822517c10eb49c46f44084be7c2d0dee71a52244f0cff02441d5e0a3590f6d73c272a84175f0601224a0eb5e329962d7c671202e33a8e7154f1a30b6656ee2
I: MonitorObliviousTransfer::next
I: GeneratePublicKey::next
D:  sending message (size 0.000510 MB)
I: MonitorObliviousTransfer::next
I: SendPublicKey::next
I: MonitorObliviousTransfer::next
I: RecvEncryptedMessages::next
I: MonitorObliviousTransfer::next
I: DecryptChosenMessage::next
I: MonitorObliviousTransfer::next
I: ChooserDone::next
I: MonitorObliviousTransfer::next
I: MonitorObliviousTransfer::next
I: InitChooser::next
I: MonitorObliviousTransfer::next
I: RecvConstant::next
D: received message: 642176058fcc3d3145a3aa1fec3e2dc27c247a984158b5aa1d52f970fb93de78ba3f60517dd9db0f55dc612f1744787c7e3ccb7de204f066ac6bb2a557ea66240b36c9ae4b65c5d13097c94c6856f56cac6308617455a4aeee27e7841bf3d2f9f877be89ddcb9557146a64353af0866816db673b8089ae13473abbe2c7ba1559c584d60dc0b4ba4b87671b5e7fa91203f4f6ec05e5e30eeee5c7e19feccc182859c79ac3c81d4e886c65220c353f68f189ea2a4a7d2b7122097c52e0e89cf72f5f2f6b7d06499935a911ea630fa230a768ed2cbeb70b93314f0d47807ecefe0c62dd8c416b0644f148f68927be8dc0b70d46ce3490850af0019a400772f3d220
I: MonitorObliviousTransfer::next
I: GeneratePublicKey::next
D:  sending message (size 0.000512 MB)
I: MonitorObliviousTransfer::next
I: SendPublicKey::next
I: MonitorObliviousTransfer::next
I: RecvEncryptedMessages::next
I: MonitorObliviousTransfer::next
I: DecryptChosenMessage::next
I: MonitorObliviousTransfer::next
I: ChooserDone::next
I: MonitorObliviousTransfer::next
I: MonitorObliviousTransfer::next
I: InitChooser::next
I: MonitorObliviousTransfer::next
I: RecvConstant::next
D: received message: dd85acf55acd08314d2863e7f4df4e56ec41798109719b9bda7b20fdd5b391ae4f6e4c3a6a7274adbe21b9cdafbb696bd67eab29d3cfbae0932a44f4fa4ce92dfa9f03f59ba3885142d81e09ccf56913a52a43babd107902ccf92bcf4de692ce6d098fb9653d83b9fee3ff70ce99ffc4c30fa1683afcf5dd7fa714acb88cb5eab59494d3e8c810fc593d7ccdc9f5d7087ee82c37fac3d6fc2868049617ab242a5979e3cea67c2e42c25c2be3f7574769419583514fd727b39d4a64020847f232f05abe85f4183846aa99ebf57df581686369af35bae93987b332c670d79761e83db5ac9e78b537e48840e2443e41a6c0fb9fdcf772b24eacd37a7f5328ea8062
I: MonitorObliviousTransfer::next
I: GeneratePublicKey::next
D:  sending message (size 0.000512 MB)
I: MonitorObliviousTransfer::next
I: SendPublicKey::next
I: MonitorObliviousTransfer::next
I: RecvEncryptedMessages::next
I: MonitorObliviousTransfer::next
I: DecryptChosenMessage::next
I: MonitorObliviousTransfer::next
I: ChooserDone::next
I: MonitorObliviousTransfer::next
I: MonitorObliviousTransfer::next
I: InitChooser::next
I: MonitorObliviousTransfer::next
I: RecvConstant::next
D: received message: 8f6cf81fcff452f8b4dd78a71a1b05b83682d53608d90a101f0c179094c0bf8fbcbb7296710a49c7d1c88d8dd90f9d2b19ca990eb43e647389d8c7da9564abd1dbcf8d55184ba2704b9bf0ae7fb7fbffe0c480c97a00da1d13ea91961098eef4a2b2ab5d453d442153d8345bdc96818a1e117e69e4d43119dd14388d500eb49291bed60fb0ebec29e1f163a7118ddde4bef1c10e5e86335593d21ee2cadc180a87fad1dbe44de7d82c9be716a5c5de352948c7fb146cf875b1d6bb7fe77cf83853e57d07f61196b4b8e9b32a71adc26cdbd05bcc1684d9a9571222de452c62a48092dfd687daef7f331e7215c74ad735dab10ab52cc9a41496a1fb4bf3115030
I: MonitorObliviousTransfer::next
I: GeneratePublicKey::next
D:  sending message (size 0.000512 MB)
I: MonitorObliviousTransfer::next
I: SendPublicKey::next
I: MonitorObliviousTransfer::next
I: RecvEncryptedMessages::next
I: MonitorObliviousTransfer::next
I: DecryptChosenMessage::next
I: MonitorObliviousTransfer::next
I: ChooserDone::next
I: MonitorObliviousTransfer::next
I: MonitorObliviousTransfer::next
I: InitChooser::next
I: MonitorObliviousTransfer::next
I: RecvConstant::next
D: received message: 6688baf50a08081e969be81e799b85cec3bcfae8ed087e112c875901d003957778797f4c205c110eb4f4b15f01deb6a9f1779d4879e9f7c95bebf8aa6e9e967120d1e961ed797e488b676aacdfe71b36a9ada56349f519e9cc9d3ce573fe44ac611711555460ea4a34124dc8cbbfb69cf7fead0f2ec96c687104b14b5d3f1cf08e1f28566ed364556da4b2116c25c6539685410afa0fd1088e00feb96a8c3f99d74c2bcfea297c86fedd8a5fd208df961d732bcc0f0b874a9cc4eb493926c2ae7b974563b83fad1a62bddc5d5975315dd8acd7e39cd996c88882a0128a74c14902a38fc7c2851ede752066f0512bc2899ec5e4fee68018030aac1030bcfcb0d3
I: MonitorObliviousTransfer::next
I: GeneratePublicKey::next
D:  sending message (size 0.000512 MB)
I: MonitorObliviousTransfer::next
I: SendPublicKey::next
I: MonitorObliviousTransfer::next
I: RecvEncryptedMessages::next
I: MonitorObliviousTransfer::next
I: DecryptChosenMessage::next
I: MonitorObliviousTransfer::next
I: ChooserDone::next
I: MonitorObliviousTransfer::next
I: MonitorObliviousTransfer::next
I: InitChooser::next
I: MonitorObliviousTransfer::next
I: RecvConstant::next
D: received message: ba780bd817f16929a0b66c6ea7a0cc6d3d9ef4c5a8fde67eafa7ab4f672748da74744ca220060c30c0ee2613fdc6206cac6427820337bb9b07387126d71981dffb7e1960295c2ac58791f65c7a51b7e9b768fb65f2a9ffb7e7fd5cc5c23b9bdea6d3cb114d2754da7b900c4453d4d96d6a2597cf140ef7e2fa99ea8f6e49b244f2dd5f4dcfe6778131d5af9d401adac7c6e48e9c6cd4757351c74bc3f4ce18127eecf335ca136ae365b326f006f2aa8f812b3237cf39b382d8728572d98b6f2e3039dd64c88b6b177d4dfbb53413b994719385dac1843cbcc3fc978ab8173e5ff2aac2afabc45bcc5c75d01dbc306e1d0e930916c2dd19c13d68cecc1755c2cf
I: MonitorObliviousTransfer::next
I: GeneratePublicKey::next
D:  sending message (size 0.000512 MB)
I: MonitorObliviousTransfer::next
I: SendPublicKey::next
I: MonitorObliviousTransfer::next
I: RecvEncryptedMessages::next
I: MonitorObliviousTransfer::next
I: DecryptChosenMessage::next
I: MonitorObliviousTransfer::next
I: ChooserDone::next
I: MonitorObliviousTransfer::next
I: MonitorObliviousTransfer::next
I: InitChooser::next
I: MonitorObliviousTransfer::next
I: RecvConstant::next
D: received message: 42f9d870300d3a3c135bf35bc889ca9a1cbb3c7941c426bbfb40b7960d1dae65616287bdbab574e4e10cfaf221f545d64cc54d50b7356ba66c48476e6f08873d6062085811ff4a226c2c4e4d3004fa7208912f5c6537a761098cf3fb17932b6389574f1c3ea5a0ac7aacef4cc9e07f2a1ddfdb1ff16f630c69e28008faf1b0cf5dba0854ab2d1fa1c164ee53db89a59a8703876973c89c411f1dddfc95db0c47aac962761370686c825a14d4b7e50948c16e41ced833e2284881b0a035e0ab59384feaaa5dda6559a920dd886c3aa41d161ede43725e257cdfae2a98db280e2326b24de5fc8ee0b7ccb87b4b3bb0b64b9df79e8ffca84e82a1302c324377d3ea
I: MonitorObliviousTransfer::next
I: GeneratePublicKey::next
D:  sending message (size 0.000512 MB)
I: MonitorObliviousTransfer::next
I: SendPublicKey::next
I: MonitorObliviousTransfer::next
I: RecvEncryptedMessages::next
I: MonitorObliviousTransfer::next
I: DecryptChosenMessage::next
I: MonitorObliviousTransfer::next
I: ChooserDone::next
I: MonitorObliviousTransfer::next
I: MonitorObliviousTransfer::next
I: InitChooser::next
I: MonitorObliviousTransfer::next
I: RecvConstant::next
D: received message: e610cb69d00bfd4b6dfa8d6b901b0d0fb0bb347d8252b1fb5ab550678071b9ad391079fe1967f4b0289f0bb6d2149d90125c08eb56bc162e738a35df96deed411e154ae5f6936b6c42f5ace6fb0103b38647a1044c7c1a4a5121ed37fcc8d59a8d2dbf9b4d6d31ce458b31ee3810e7677e48ff2aad09e890a6ccd2a0b2d297dd95c5f1bcf56e58cd221c32a09ade70bb95fa3c64e766f15ad9b88549098ceae74f813f404c8ae1201dcf232a4783193b9d954439d27d95465d78145584d8e4f19ea59d2270178b472d38f4c1847e8b3f01dbc2ec94a1a26469d7ea97c43a1ab6e60c5a11d5322b5170368baadd85ab1c6177bf4629955b4d1ca6918717d79ce7
I: MonitorObliviousTransfer::next
I: GeneratePublicKey::next
D:  sending message (size 0.000512 MB)
I: MonitorObliviousTransfer::next
I: SendPublicKey::next
I: MonitorObliviousTransfer::next
I: RecvEncryptedMessages::next
I: MonitorObliviousTransfer::next
I: DecryptChosenMessage::next
I: MonitorObliviousTransfer::next
I: ChooserDone::next
I: MonitorObliviousTransfer::next
I: MonitorObliviousTransfer::next
I: InitChooser::next
I: MonitorObliviousTransfer::next
I: RecvConstant::next
D: received message: fc81e33d694d773e97cd2d88d223fabecc2d83558ef9bf73a28750816e13e68e4d4b9a8f2e75b01b62fe930595477f9dfc7227a4d3410240bde3c82c06848141f193fb779554c848da14ff030bd885d471fefd2f81d14cc05cf43b861483268896b2a96954ea67832358df4419d27782c9e5fda401d03218c0e2366f3a7d0b8f0cec37dc50d732d16819799cba5396ec438a56b16e1658d58e2ee4f2e5cdae6d7b94630cfdb3722a29947bffabe7386f05118cbec8b4b4ebc035560e611f51468548cd3a42fb01c0bcce2cae54c7eeece8ad979de8dcc85a30b6c0e77d2a6255ff310805973c832eaf185a6b39ff60439fdd1208a579c4548953ad0ca222713f
I: MonitorObliviousTransfer::next
I: GeneratePublicKey::next
D:  sending message (size 0.000512 MB)
I: MonitorObliviousTransfer::next
I: SendPublicKey::next
I: MonitorObliviousTransfer::next
I: RecvEncryptedMessages::next
I: MonitorObliviousTransfer::next
I: DecryptChosenMessage::next
I: MonitorObliviousTransfer::next
I: ChooserDone::next
I: MonitorObliviousTransfer::next
I: MonitorObliviousTransfer::next
I: InitChooser::next
I: MonitorObliviousTransfer::next
I: RecvConstant::next
D: received message: 47d64a9fc0b44287500117431abd1e0848b687085922a6febe5985162025793db52424f10f6e70ca38509d25784df44c96c7bb9dece97e4946e507bf72469c4297f62729e6a0cd47c4735c2389d83c2c023730e825f8e744d3d5cc8532df1956674f98ed384cb963673b6b11492373591935512f85d251c1da0d6b1e171a04ab344e2d247697fdb2d5cbd2d93bd1c15fbe1b6a694c688a367c28035e9e9042b53ce2c8d428eb6a18869f1977317c45fe96ee91cb32845b398e2fd8ab5278f2869304cc0f4c622f64ed53850c1a9c9ea0219e9f7e4c5eb5e9c8140b2c007f231579bfc8d311481aa1e14ff591b59cc4e9f370e0317b820feb9f99897467aaf2d5
I: MonitorObliviousTransfer::next
I: GeneratePublicKey::next
D:  sending message (size 0.000512 MB)
I: MonitorObliviousTransfer::next
I: SendPublicKey::next
I: MonitorObliviousTransfer::next
I: RecvEncryptedMessages::next
I: MonitorObliviousTransfer::next
I: DecryptChosenMessage::next
I: MonitorObliviousTransfer::next
I: ChooserDone::next
I: MonitorObliviousTransfer::next
I: MonitorObliviousTransfer::next
I: InitChooser::next
I: MonitorObliviousTransfer::next
I: RecvConstant::next
D: received message: 3b061c49856db8619c9bf093d4c9129955b9ebe43286090aad2712f43938a434971bc0b9cc4aac6fa7450327234925c59665d99eb376c08b57cec85673dc228824f61c14c286ae50671f2da7e07f33a7183846837f0b1cd188293f3f996893d1078e27b0683c91460151620828b8cf7813da4c60af271085b8fe31eddd0b5db1e8b23dea3646345ce62a71a9416900760a56e733da61d2329a124858c37a70101a26b8b789b7982ca7839b74da8a6a90f6b61a22869777906f3bcbcb4c3650c60fa5bbbd444856edc366a8537561d183259edad46e8df99465649d5c86b7a2959679e3b8c0c88fc691db953b4c0b00ba47343003b5fa5ba7be78669f0b0fb08a
I: MonitorObliviousTransfer::next
I: GeneratePublicKey::next
D:  sending message (size 0.000512 MB)
I: MonitorObliviousTransfer::next
I: SendPublicKey::next
I: MonitorObliviousTransfer::next
I: RecvEncryptedMessages::next
I: MonitorObliviousTransfer::next
I: DecryptChosenMessage::next
I: MonitorObliviousTransfer::next
I: ChooserDone::next
I: MonitorObliviousTransfer::next
I: MonitorObliviousTransfer::next
I: InitChooser::next
I: MonitorObliviousTransfer::next
I: RecvConstant::next
D: received message: a6b2a0a65dd413e7ae5246893ca402560275acfe70067912d8bbbaafb49c9d3b13d94d72818d906703b5aef784d2152c8b141aec69d97cfe7d12b707de1c7802526f6dbc09d36f216075acd43adbb74f5ff7a4e30dc0ef1b5fe8c72db4483fcc0e5e6725e0d98a20d3d5bea692801ccff3ab47a2af051b225567bcf1fb1a7a760c8401dbb49b9788484cb8423aadc66650438053cc3c7930ad2048f21de8d4114801e80c12ea7ed24d188623f06bf8d5cffd7d6d5ed23c83f0c361cef6af55973dbd53bceba0bc72d3ffd6b6059a9da2963e59231743747a984bea5934bc9ce3b2c9e486b9915bb2edf9a563f62db8c8a22d5d3b3c3686433fbfea9bcc120bab
I: MonitorObliviousTransfer::next
I: GeneratePublicKey::next
D:  sending message (size 0.000512 MB)
I: MonitorObliviousTransfer::next
I: SendPublicKey::next
I: MonitorObliviousTransfer::next
I: RecvEncryptedMessages::next
I: MonitorObliviousTransfer::next
I: DecryptChosenMessage::next
I: MonitorObliviousTransfer::next
I: ChooserDone::next
I: MonitorObliviousTransfer::next
I: MonitorObliviousTransfer::next
I: InitChooser::next
I: MonitorObliviousTransfer::next
I: RecvConstant::next
D: received message: e2114508b99add96c939620f2ecb22bdc04d990151be5b97bf4451bef586d9da4d64754f1c94b0690cb865f7b725f867ff7b3240fa164b1f7e26fa3e1aaa9a1d909256bc424f84b3cb85ba26cfed5545abc923bf31c1134400e522beb6ab0c5bfec9cfa4fabf65a8c0dbce9b354e0ed7677cd2343e6e817fa965271217742654a103d7450874357c009b6b5df404b7e29fa3daa8c1e71d455f9438563e21907169986c4ada89b6de970e7931f20caf968b4b5cd9fb55fb53357f28e3de632ba5be5dfd8b31d79802a5a9709c22bbf2aee1772704930f04702f8d3f3013b0351abf8464c9c26319fcf66ff979e18e2acc30b66e835420ae41b0f0bc440b247dbe
I: MonitorObliviousTransfer::next
I: GeneratePublicKey::next
D:  sending message (size 0.000512 MB)
I: MonitorObliviousTransfer::next
I: SendPublicKey::next
I: MonitorObliviousTransfer::next
I: RecvEncryptedMessages::next
I: MonitorObliviousTransfer::next
I: DecryptChosenMessage::next
I: MonitorObliviousTransfer::next
I: ChooserDone::next
I: MonitorObliviousTransfer::next
I: MonitorObliviousTransfer::next
I: InitChooser::next
I: MonitorObliviousTransfer::next
I: RecvConstant::next
D: received message: c60dc00b2de6ac076dbaacd50ae0a952ff144b0224db6f2fa307d4b5b282e185c6ed13abc671b06caf9e8e0f2a41eb554d579e4a27af014dcb06cc2e2d4efed75a75ec3e2a18d56495e3bc3bbc6e4907344557fcf8c6d33664791e480d079f0c0272c28a37004f4282e8d9c83bdd853b5d1e2c6c559824bbf27dfb3ab5e1d9f808ea890d9d41083045425f226e580985a6ccb5652f0c71459785132257c8104aaa3fd50737bad368f8a2deb8aba313e8b7e680b2afd3a583141e08707bab8bf37840ef0b83b9d7e27d3707555ab12031259b2f066555f95393c490e832651228089ae400c153d09d9cdfe62430b9a898e8d0db31bcfdb16b9d5532659588710a
I: MonitorObliviousTransfer::next
I: GeneratePublicKey::next
D:  sending message (size 0.000512 MB)
I: MonitorObliviousTransfer::next
I: SendPublicKey::next
I: MonitorObliviousTransfer::next
I: RecvEncryptedMessages::next
I: MonitorObliviousTransfer::next
I: DecryptChosenMessage::next
I: MonitorObliviousTransfer::next
I: ChooserDone::next
I: MonitorObliviousTransfer::next
I: MonitorObliviousTransfer::next
I: InitChooser::next
I: MonitorObliviousTransfer::next
I: RecvConstant::next
D: received message: 74d9abd9a70640f63d35f1c6ade794cd0690e025bf7a2bbfa1dd626c40aa388331e255458d64374ba3c46b9e4ee81d7273a687b69e4103ab2c649c722a532d93530fc4967e2ef3f765919f7a238c3125642037b26afda4f1c2c58760ce28c7ee23aed966143393458974e7ac168183c8fc0a382be92513702ce0238484083d1cff14a60325665688ac6238f5ce6c537668cc1b64eb2e657ee7e414a75b891aa27599b82f8c02211cfac762410e306b02d1fac078b5a384d6e560ffbdbb9965fa53a8d9495d15b38636d3513b1ff9e555244bf76deba9392ed27202e9643d2acdd26f284f271ac54e24fbbe9189db21b5e792c80a210693197ae4325c1cd6d2e0
I: MonitorObliviousTransfer::next
I: GeneratePublicKey::next
D:  sending message (size 0.000511 MB)
I: MonitorObliviousTransfer::next
I: SendPublicKey::next
I: MonitorObliviousTransfer::next
I: RecvEncryptedMessages::next
I: MonitorObliviousTransfer::next
I: DecryptChosenMessage::next
I: MonitorObliviousTransfer::next
I: ChooserDone::next
I: MonitorObliviousTransfer::next
I: MonitorObliviousTransfer::next
I: InitChooser::next
I: MonitorObliviousTransfer::next
I: RecvConstant::next
D: received message: 54ee0d563935dfd9b9f71396ff0f0d71616d086bac31a194cc85e988b4ff2515a3345873fe34c3011e093968c897f22d34e4c4b7efa4acdc4ad438442650a124cfb13d8b3495f2b91913c1aec36973b5e1a707fd757c9828b4cbdb8210aeac5070dc7644fd00931658267479f6e3ca08e6fe3fe3d230a95ef693c0e2ade416906dc57237df1a2f414662ca21fdf97511b2161ac1c61df3e91ca86158339502ccac9c2bec6e095256e6d75bf0d3d1618e2913a926813ece12bca1c93c50266a9a310d02a5104db98b73287960fa22fb66dea636a191fa4b13d6eb8bb1fc58512cae4a8303522f9b21b77357dda90e5d09f59871e046f6d07410e6a828deb03ddf
I: MonitorObliviousTransfer::next
I: GeneratePublicKey::next
D:  sending message (size 0.000511 MB)
I: MonitorObliviousTransfer::next
I: SendPublicKey::next
I: MonitorObliviousTransfer::next
I: RecvEncryptedMessages::next
I: MonitorObliviousTransfer::next
I: DecryptChosenMessage::next
I: MonitorObliviousTransfer::next
I: ChooserDone::next
I: MonitorObliviousTransfer::next
I: MonitorObliviousTransfer::next
I: EvaluateCircuit::next
D:   evaluating gate 10000
D:   evaluating gate 20000
D:  sending message (size 0.000001 MB)
I: SendOutputBit::next
I: ==== round duration: 88157.804688 ms ====
I: CopyMonitorStateLabels::next
I: RecvGarbledGates::next
I: RecvSystemInputLabels::next
I: RecvFlagBitLabels::next
I: EvaluateCircuit::next
D:   evaluating gate 10000
D:   evaluating gate 20000
D:  sending message (size 0.000001 MB)
I: SendOutputBit::next
I: ==== round duration: 85823.640625 ms ====
I: FaultObserved::next
I: MonitorDone::next
