I: parsing spec file timekeeper+.v...
skipping synthesis, BLIF file already exists.
I: parsing BLIF file synth.blif...
D: inputs and outputs parsed.
D: circuit initialized.
D: connections (#2018) parsed.
D: gates (#20547) parsed.
D: outputs: 35207 35210 35213 35216 35219 35222 35225 35228 35231 35234 35237 35240 35243 35246 35249 35252 35255 35258 35261 35264 35267 35270 35273 35276 35279 35282 35285 35288 35291 35294 35297 35303 35205 
D: circuit size: 35304
D: adding identity gates for outputs...
D: outputs after identity: 35337 35338 35339 35340 35341 35342 35343 35344 35345 35346 35347 35348 35349 35350 35351 35352 35353 35354 35355 35356 35357 35358 35359 35360 35361 35362 35363 35364 35365 35366 35367 35368 35369 
D: circuit size after identity: 35370
I: initializing safe primes...
I: using prime modulus 5809605995369958062791915965639201402176612226902900533702900882779736177890990861472094774477339581147373410185646378328043729800750470098210924487866935059164371588168047540943981644516632755067501626434556398193186628990071248660819361205119793693985433297036118232914410171876807536457391277857011849897410207519105333355801121109356897459426271845471397952675959440793493071628394122780510124618488232602464649876850458861245784240929258426287699705312584509625419513463605155428017165714465363094021609290561084025893662561222573202082865797821865270991145082200656978177192827024538990239969175546190770645685893438011714430426409338676314743571154537142031573004276428701433036381801705308659830751190352946025482059931306571004727362479688415574702596946457770284148435989129632853918392117997472632693078113129886487399347796982772784615865232621289656944284216824611318709764535152507354116344703769998514148343807
D:  sending message (size 0.000005 MB)
I: InitMonitor::next
I: GenerateDriverLabels::next
D:   driver labels generated in 251434.437500 ms
I: GenerateInWireKeys::next
D:   in-wire keys generated in 10657.319336 ms
D: SendLabels::message
D:   generating in-wire labels for 20618 gates
D:   10000 gates processed
D:   20000 gates processed
D:   in-wire labels generated in 270583.406250 ms
D:  gateCount: 20618
D:  sending message (size 58.904096 MB)
I: SendLabels::next
I: RecvGarbledGates::next
I: RecvSystemInputLabels::next
I: RecvFlagBitLabels::next
I: MonitorObliviousTransfer::next
I: InitChooser::next
I: MonitorObliviousTransfer::next
I: RecvConstant::next
D: received message: 99aabdfd6d03df7c772cf621255d421f2865061fd3cd1d717c76a2a51d3f25fb562866616cb5b30086e090d525456f5227a7561e7d5bbbb4dc2c8742ca1df27c40989efc555281cba93c70081178226bfc260c4b70ff2e82f7aefbb4b00ea337c1b80d678f0a3a0843f2804feb4d9af07195c83e9b7674c2e654e48a82b2cb0bfc8c2797f6053e9b91fa80660f2a6cf5cb67475e9a3fd727e02c79a6e079da0fbf0ffdf4c61013efb17a85ca7f29132c6a1f85f12ec82746548ea7f7f216204527c13789edb2c0f590dc0566da98cf40bcb8473e99fac7ffcadbda679ab06f28ae955613a3fbd3abf944e0068af40b8e2fc2ad2629fb82759d9938507de7744147640005d2120f637093a5c6603632c2d248cf85707c1421216893414dd33444eac68045509b6f99bc2b61b85f8ea90c4dcc487c80cd8a2feb946f4e6d8a14a99e14d43b11eb0c701f9dcf446ef37ab266122a6250c7241cb04edd6ab9798dac2ea58af048683e1a6fe3feda6c5d829271239440fd423f42f8ebb8e512bd5570
I: MonitorObliviousTransfer::next
I: GeneratePublicKey::next
D:  sending message (size 0.000768 MB)
I: MonitorObliviousTransfer::next
I: SendPublicKey::next
I: MonitorObliviousTransfer::next
I: RecvEncryptedMessages::next
I: MonitorObliviousTransfer::next
I: DecryptChosenMessage::next
I: MonitorObliviousTransfer::next
I: ChooserDone::next
I: MonitorObliviousTransfer::next
I: MonitorObliviousTransfer::next
I: InitChooser::next
I: MonitorObliviousTransfer::next
I: RecvConstant::next
D: received message: 2ac3c01f44308c0362a52563820f7a36d564b5bdc2326449756a2d87093b286d7396024ba05b398ed9ae8a18542fb4522e675846f8a8c0eade4c706d9b06ce5448a13680b87f9dbd9b22483442b644881b27e5361fce09ccb4e881fd17bf2fd1ed8b928f67ecc3b6e37401d7d7cd3de2ff86d48f17271a1ca8f8928e901adc2e6fa4245949c649d5a977cbf5a15ae5074acd084ef6f692262ea14bd46c072b0fb7b23192d58d1fb2951cbc1fee96438cd3f5305a478d92e0dff5165a82559315ad586bdcf382f1b78fa5a7902366e2e22d659f5e8448b25c9e1e1d72629f12482900cd556d3a8f848b9c2bd086cacddd10976933de7c01688ff5018482fefc7afd3efe8058cf2111f910aba238d8bb1549da5222a1abcd5b99ed9ece899efcbd6b314996697fa7d6db95f168db28c0e79bed70420fa5dff82f523f6251175bc93505a3e7a08299b683429496377a740c30b0d86b569b0fbc90c72f6ff01569b559d258c42eaf5341e5a1d343f7f91845c9283391289166f30ffdca2c676fba3e
I: MonitorObliviousTransfer::next
I: GeneratePublicKey::next
D:  sending message (size 0.000768 MB)
I: MonitorObliviousTransfer::next
I: SendPublicKey::next
I: MonitorObliviousTransfer::next
I: RecvEncryptedMessages::next
I: MonitorObliviousTransfer::next
I: DecryptChosenMessage::next
I: MonitorObliviousTransfer::next
I: ChooserDone::next
I: MonitorObliviousTransfer::next
I: MonitorObliviousTransfer::next
I: InitChooser::next
I: MonitorObliviousTransfer::next
I: RecvConstant::next
D: received message: e83583b34b94b3aa7b5310a05ae45ed0f64a2040c52876344a5d0ce91ae1630dc9c98a118a07113f657165cbdc9fb3397e9945fd37377b8dddc605c72e4e85fb0fce4643bc31562e5b9027bc9c028b0aaf7fa83b3b94a44ae23a65714cc557ded8b49140fba55b00b959b8d1d966be940e6e80b15498cb77de489367a2d4ab2263a2289427fc59369f0a5ab759c45f2c2a5d62303de9467c395cbb8d11748486e2d0cb8ee16fb796d2525deedef3abacaef37903c8c2e6e650c44ad59f60250c540d70058a277caec0bc9428e220a1d529a2efbe72ba8ffacdc3a1f16aef254a7ab8b9970626381b7e5eaad7fba34a0827b96819981790b969331f3afa59cc098ec8ff659975196d6f575f312ba0f8b7935d237db00964d73e7f0bae8819b012780c563fe0a697c64acd07cde1006eefd4ecac7476ef351e9e9b0571b0c1fafa0a073925e3b74d35816f6eead999d9ab5119ed019476fde06d55496a10a84fe954fc364d42e4fdf085c7bb0ddc134e22ffd42b9f76154d77ba465bc0026ec34e
I: MonitorObliviousTransfer::next
I: GeneratePublicKey::next
D:  sending message (size 0.000767 MB)
I: MonitorObliviousTransfer::next
I: SendPublicKey::next
I: MonitorObliviousTransfer::next
I: RecvEncryptedMessages::next
I: MonitorObliviousTransfer::next
I: DecryptChosenMessage::next
I: MonitorObliviousTransfer::next
I: ChooserDone::next
I: MonitorObliviousTransfer::next
I: MonitorObliviousTransfer::next
I: InitChooser::next
I: MonitorObliviousTransfer::next
I: RecvConstant::next
D: received message: 70d0d1eba48b98a2c994431c6e869f846ec1a0707490b91631c65b94fd4dc598147b0f5c5d25854f1b2347077e08d66053f14f23a60c75c30cfde8a708a5d5f5cbcad5e5d646731ced13cbac02c2f95ff2bac0d35f8d5947e0f56904999211fccab5e5545339b2bf3a002ca73aee686e6fecbc1e91781f31949f60030c47286ece14cdb732070eb3649cbe8b34a7e1337ff6f249642c144770d4ca2dd8a3677955b5dfd838b224acc50db507dd72238e51cd6eb11d60767accb72a746f8aaffffb123ec5a5e958cbae4b2e867c482bfd3e35a9bfd981a17aa8de5f64490795ff976ad72cbab0e6747d896943225d1020a86ecb5941877eec9addd8b8fa4ffb2471ea9c59804371aabb2439f82a67e6dc020128227625ef5d83bb3c708400f3af865cd289f49afb96b75bbb9ee4d59348a2696b34f8c81da5eb1628108c23f25301b7a79acce989782e03bfc7430595e4d7eaf267cc10133d12c459c02676bce1028a740e43174416d89731a78714388eeb86cae19dcd9c2c8ff66c27129df83e
I: MonitorObliviousTransfer::next
I: GeneratePublicKey::next
D:  sending message (size 0.000768 MB)
I: MonitorObliviousTransfer::next
I: SendPublicKey::next
I: MonitorObliviousTransfer::next
I: RecvEncryptedMessages::next
I: MonitorObliviousTransfer::next
I: DecryptChosenMessage::next
I: MonitorObliviousTransfer::next
I: ChooserDone::next
I: MonitorObliviousTransfer::next
I: MonitorObliviousTransfer::next
I: InitChooser::next
I: MonitorObliviousTransfer::next
I: RecvConstant::next
D: received message: 5f79eed0c5272550fc1f83162813a6d012f0c3d967c8d3cea64ad845fe26e38c62a8d00ad2636dc740c2c1a743e90c448d11b6f7b2c9f1df27e045b3f73d133b5a5cfdf1f6ac243738705bd663c2100f27209a7086d118a8d9e00f919c0bdc8e0361a0ce1bec57ee3286dc727d99b84fbfbed246c4a01a8a1117be124ead72c31ef00191c116244065207d6754140ed68025942dbede4b151819a01eee62f46b51fdcda9b85a98b7cec6bc783669e1e7e6ec739aeb7d7aac4065ccabd4e6d7dad9f1efee908b81420963a4a3754a0eb6a15d14032f1ac322461e595d551f06c365442a88db4107fce06990e4d5b95710239948223c03f6c804c0d73ab88c88464bd2081b41e2997d0bdb18c1414af56c5ae36ac2efb6c9b65e0e6b9994fb38373ba8b2bec23f6ada99cdca32dfadc25eb088ee8eb7337f6c77309d9151543b6975f271ed7daa0fe0dcb120915ced1b934cc12a82bc7c8ff3535bc5a6bfb6d957b963d8166db6eceb6b784a5bbbd3f3da7020a1ddcde44f95654c18f2fe68dead
I: MonitorObliviousTransfer::next
I: GeneratePublicKey::next
D:  sending message (size 0.000768 MB)
I: MonitorObliviousTransfer::next
I: SendPublicKey::next
I: MonitorObliviousTransfer::next
I: RecvEncryptedMessages::next
I: MonitorObliviousTransfer::next
I: DecryptChosenMessage::next
I: MonitorObliviousTransfer::next
I: ChooserDone::next
I: MonitorObliviousTransfer::next
I: MonitorObliviousTransfer::next
I: InitChooser::next
I: MonitorObliviousTransfer::next
I: RecvConstant::next
D: received message: b6b22f633d75125dec913f030cdc6aa4a2498a52f5418f86c0730b940fe230c710124acbed15aa7ccb56ffe7cb686f0c4698bbea5a213faeaf6dfca7aecfa383ee6d81b539d76ac20fd0bff5267f2ea70174d2d225ec15722b083bb284e1b84060f11d9f43d935193e7c0329eceb6bc83bc6be3b86bb225f82108a1bf20403893878f418051dfb9da5af94d3d0cb82a5b0f06929db6490a8317a98102533a7054c094ac68f5281be7fe7961d98388e5de41270b285ad30f5100681346beb7a4b0734c688689e20bc4985c6c831060b116a50584509bef44d08a1442308766b2b197bf479cf489f6c50a9d4536147230766994ce1d1f397c99fd02a7236c4f8f731b415e2e29696ae78a3f85bcf81922a90ea4c2fc1c6b1d2353f70b653e1be24b22ffc4caf908de08b251673dec1755da1bac4071f0deb8da0046161c5dcbd2b08f1272398ee91e245a2d2454ee72bbc7dd38a1dbca5b2022f506b623da891cae872767cc3c7bf1e571a7b10d9cc5824ec1d770463fa888db2b8b3b4c4d79bdd
I: MonitorObliviousTransfer::next
I: GeneratePublicKey::next
D:  sending message (size 0.000768 MB)
I: MonitorObliviousTransfer::next
I: SendPublicKey::next
I: MonitorObliviousTransfer::next
I: RecvEncryptedMessages::next
I: MonitorObliviousTransfer::next
I: DecryptChosenMessage::next
I: MonitorObliviousTransfer::next
I: ChooserDone::next
I: MonitorObliviousTransfer::next
I: MonitorObliviousTransfer::next
I: InitChooser::next
I: MonitorObliviousTransfer::next
I: RecvConstant::next
D: received message: d79c70c1ec04ff67cbdb966bf6fa8ecd31b9bc87c75e4678ccffbb3664b03014d8d7f6ce37ec05211693fd327a183801de3c2da2bac4a8db64734cac0fd3db297ee6913e00e1153247b2654cb239b49e262bb520091ca29df170945df651141b285aadcff95cd6e0b044a3dbf63b4aef9c9f43a5cd5524b600f0bc008f04278cea594700062cbf56beaff9d10099d0ec62b06587c7cc3f0431a3cac023f35b8740ea4c64dba7c3e90fce66f89246fd4d248a20041ddd7af0af6a14bd9bb419bca69dd821f51ae197c3f3ff63acc6e2ac9239f0b2eb0222955866b8ba18e2b873e364ec8d9c46e34f6d48b82f9b0a2546ac4b1ee53fe07e25765c1d92e836e3e34d0d2ad8028ef3192a4ed1863cb8e1037057af63523a08e1a6fab20c8901b64e7db586a9e0c7316de0bed6290481cdf3a698f49d72c4ce08bb52cc000e7b856efeaa6acdbbd916cba23d9a20397da481bad5ae3283ed9b5cfb6022c4f051e90cc94cd5ebd1eb3f6941dff8cfecf9faaa343575e122430a88ad5d8223fbb82c6d
I: MonitorObliviousTransfer::next
I: GeneratePublicKey::next
D:  sending message (size 0.000768 MB)
I: MonitorObliviousTransfer::next
I: SendPublicKey::next
I: MonitorObliviousTransfer::next
I: RecvEncryptedMessages::next
I: MonitorObliviousTransfer::next
I: DecryptChosenMessage::next
I: MonitorObliviousTransfer::next
I: ChooserDone::next
I: MonitorObliviousTransfer::next
I: MonitorObliviousTransfer::next
I: InitChooser::next
I: MonitorObliviousTransfer::next
I: RecvConstant::next
D: received message: f8d5bbf187e49fb45c13302d430703ebbac5c81308466e8d26a83f5cf03341bdd69154d03344b5c3902fcdaef1c0d5dd227beb11a160c2d2e0b607b5c0375824d01af3cc739c4a5cd19abf53ae7492797252f5796c1e9e7811cb574d28fba79be68fb047e5a439b7f6fd09e4725d4219b97e16a6c9b57a4242d8b5e1832a195a7364b60d5ef2451008008ba77ca0688d85f1db45f59465161a52d8e92a51a2bfe7a1128db5c845e2f01a17c2ccc2fc44c245bc2cc65b17f98f6ed5ab65c9c8f544646d965b360fbebd571ba7d53db67635af0ea09bbe591545c15f96144669c0998eb09e9917d183fdfb79acfa3594f606c395c993ccb35cedb516da33fe501bd39d793d4a539ec528be92f61b2a2be77a381b958f8d8e119d46d40bcb54e3115e68107bb778f3859e67ff19f33cc5f587b8c341fe014082983659fb2f2d0ad88cc9f3a00f015aa0dfcd24983edad7041ced038f5e130ed7d3acd19d9c0541ff9ef68cc5fbed71d63a585ab373d4a2b5e480c6a217f2118a4a2fc5d938e7274f
I: MonitorObliviousTransfer::next
I: GeneratePublicKey::next
D:  sending message (size 0.000768 MB)
I: MonitorObliviousTransfer::next
I: SendPublicKey::next
I: MonitorObliviousTransfer::next
I: RecvEncryptedMessages::next
I: MonitorObliviousTransfer::next
I: DecryptChosenMessage::next
I: MonitorObliviousTransfer::next
I: ChooserDone::next
I: MonitorObliviousTransfer::next
I: MonitorObliviousTransfer::next
I: InitChooser::next
I: MonitorObliviousTransfer::next
I: RecvConstant::next
D: received message: 4b464b9e637cce1e7899c5720301f9ca9b529868788164ab75e152347f08e4f6a9effdea9b7bb271f29cee73c985908c952d6689d3782bcee408e766cb0937c218551514a708a4413138bf7f7abdcca24a552cffaea1fba34fb023b90a9250888de43c1bf3d505caebc2ad6846c5e2a62ffdf64fb39cbd15a73e8c45cf754a60fbdec372f6a5f53cd66dad2b3087f7547bf594c7bd5d8deeb8a49e267442c14a88897807de159cc3e888e4f9711329dac736b5be13047ad7b2da36dd2a79e33245f63d6179dbbab9e4d66ed78b1d2636d030822aaa00ac835f5bff15dfd5808990a4d8af7e8a5f1e6678d2c08c19b90cdb3f22694c8e4d41ec6532e31550df34e76559df09db082d471c6cf4e8c0ffa31de87f599688b58985f57ed46566147a1921b5f80754665f5962ac675dd766f107f2673d6ecfc1a296648b7d185bd0b2692f2a4d06a89e6754b9fdb9bd0ecbf7849a393cdcca84fe16561c584f3ad2490e3854d3071f35db836b7b8cb28c165a988fa449a60d2032ef7f5960afe8fa48
I: MonitorObliviousTransfer::next
I: GeneratePublicKey::next
D:  sending message (size 0.000768 MB)
I: MonitorObliviousTransfer::next
I: SendPublicKey::next
I: MonitorObliviousTransfer::next
I: RecvEncryptedMessages::next
I: MonitorObliviousTransfer::next
I: DecryptChosenMessage::next
I: MonitorObliviousTransfer::next
I: ChooserDone::next
I: MonitorObliviousTransfer::next
I: MonitorObliviousTransfer::next
I: InitChooser::next
I: MonitorObliviousTransfer::next
I: RecvConstant::next
D: received message: f34b0e14b3ff0207a6d634e92e2fc2426f23ca2e03ab0450333fef8fb97abe5d445a05043541deb51942617a7fbf0b8395d3b62fcf86a70284e8b551b90a647e37548261c895287d8735f9c4645eabf95513796559261a48b37cd42e6ec83f493e0924fa1cbe0245e6ada01ec0ed1a50cf161e3b6d1848db51b4fbc5adc077b98d569f0c84c0823cbe60a644d7f90c7742a0e9577fd6c8d7707f2b7a7be89570aed8b17e806449a0b474ea3921f492ff472551b01336ae7721367e886b3cad39ee5c9956858626d703c7154537f40ada57d7add0d849b063c0f90dea9f01d347a09c4e216983e1e954b1d9d96708fa81201a076465d02cc5cb9022dff14550a94196135dcfcc2e999e679b14b389bc7763e1257b55b8095fbd62a370ad65284b90f5ae7865d04c71e078f59ec3a394bc69cac0952b107ed2e18af1b6ae7d12d452d37cef18c1b791b6841788fa7b680677c99544d6040be70f025d3337240941f442260793e6c6033cf18eaa56ba242269e9b15a46ca636584ceb529877e3c5b
I: MonitorObliviousTransfer::next
I: GeneratePublicKey::next
D:  sending message (size 0.000768 MB)
I: MonitorObliviousTransfer::next
I: SendPublicKey::next
I: MonitorObliviousTransfer::next
I: RecvEncryptedMessages::next
I: MonitorObliviousTransfer::next
I: DecryptChosenMessage::next
I: MonitorObliviousTransfer::next
I: ChooserDone::next
I: MonitorObliviousTransfer::next
I: MonitorObliviousTransfer::next
I: InitChooser::next
I: MonitorObliviousTransfer::next
I: RecvConstant::next
D: received message: 308b03101f2839707c6661a512a236eed8b54d44d3d887f3223b9f32f065cbbef5f40b64d93726004fc947fa8b5b9aafdbbaff44df77b43a75c832815c83aa3e748164275c92f5a4761e907752ac6ff3d2fb869c164c955ff3e793120b102d075e33fb35267e0e457c88ddfb280a439cb3f77a766cb0121c97b85413c860d0ffa24bd4fa104229d5b6f15a15293c4291485e1adcaea7af2ef15cd810cc1387982fa7a4c4c4995bcd5f016af9b55fe7592d3c007b3f7ad15f15073a11d80fbd7526344f819a00504ed2edec25be2e84e3e73fc078a9ec3a4f8ee772d7e9a23e614fd6d7e19712b1c9b5df3f795d9c3d3984ae55412f4c3b7def4e332f558786c046f14b381edfa246e7ac43d6cfbda45e246ae9281e2e10a5bf1f7d3d9bbbd2330b3562d09df2b8927c74a619c5c93c4ce240e6422ba88a13f07d2ddb276fb4bd76350455d2118d1c58be4ad5772f4f06ceff9f868813ae69c3d224c8d29027a995403b84e11767e8d7f565e95689ebb7844b933ab2a6df610a213e2f6fbbba8c
I: MonitorObliviousTransfer::next
I: GeneratePublicKey::next
D:  sending message (size 0.000768 MB)
I: MonitorObliviousTransfer::next
I: SendPublicKey::next
I: MonitorObliviousTransfer::next
I: RecvEncryptedMessages::next
I: MonitorObliviousTransfer::next
I: DecryptChosenMessage::next
I: MonitorObliviousTransfer::next
I: ChooserDone::next
I: MonitorObliviousTransfer::next
I: MonitorObliviousTransfer::next
I: InitChooser::next
I: MonitorObliviousTransfer::next
I: RecvConstant::next
D: received message: 799cb93c7781bab0d51ef2b378b1d12e473e2cb139182a199d9c53c93da6a6a57ddcbb595d4f74b0fd54d4165c4e6de2d2898bf9882d49a7f98b137d4a2aea7dc6f6f2c1bf73ec7fd6bbdac1dafa53bc76b2f913e4f6f701d80a7f9f8e4216a96867060eb46d3265052aab927bb780d508e0b16e56adacf9ce9224fd2569e0cace25b1aa16d9344a10c2a98a10ad3bf9d444c493afcf9afcbcf46731887e228eb171ff85b209192605fd76a3d86b121bc0d1f6b5c45b7f1b3abc189ad8fc9759daed44634f5b122a068dd5fda6433c48c0826567b580606837821a5f5bc6141d3ae76504e8a372f29436845f016970d4496254ce069595c2dba178a59c0bf4d592b42f84ae93048a0802e753af763c5d70e7c9224bb7bef8990b362ab22e4447b306d81e41d55748e652d61f9438c5a6e9ea5acb04f5a02b1f17f96f9a4fbed26cad36a7c39ce27c1a40ef3ad4ce2942fb495e4423135d3eb5de66b51ad11bfdf00182426554f6e8c5cb50332b0b46c02e4a99c1f1dc1337ebadeef966b4b5df
I: MonitorObliviousTransfer::next
I: GeneratePublicKey::next
D:  sending message (size 0.000768 MB)
I: MonitorObliviousTransfer::next
I: SendPublicKey::next
I: MonitorObliviousTransfer::next
I: RecvEncryptedMessages::next
I: MonitorObliviousTransfer::next
I: DecryptChosenMessage::next
I: MonitorObliviousTransfer::next
I: ChooserDone::next
I: MonitorObliviousTransfer::next
I: MonitorObliviousTransfer::next
I: InitChooser::next
I: MonitorObliviousTransfer::next
I: RecvConstant::next
D: received message: 6514034f591ae428ab2e03457473081d370fb019981fcfd5e01f9434797d2227ae3279c59bb76830d389839c36a5c7660740a60f58c35add0d5d60699bf6596f48d691fd24cc9532df74910cb9f5bd7f0df15e0f43eb5305bc51e267f7719d7968e61ee6311a581fd05776f5a2b2e7ca3b17b8e09095e309c7615eac2f78c1632937ccfe641f57561fe3741c2664f963f091bb60ea26a7c182a35aa6d70aaa264ca17c92e032b7350aaa7a013ed1ea5aee2ef42baf6f995b2411e665bbde5d347163ec5e60444afd78b70a2cd38a9e94558b72554c78e2d857dba615787dbaeddb3f309916b3737118d00ce7c64d16bf57e40147d8a49369be19ffae8ffaea73fccf5382c4aa1a1ac2f93b6a0e6756addc63e403c2263b0c4186b74736c1515018634174008f8ac61c1c29238ee095f635f27b8c35cb0304df3e5749bf84c5d877e76d20b26142449699e1f3cc30f5f53b45cf6229c535a1a09ca7876067d7fb913f2e729c5b61ad8f876ffde4607c719762acbaf956867d9d9a945fc83a6e45
I: MonitorObliviousTransfer::next
I: GeneratePublicKey::next
D:  sending message (size 0.000768 MB)
I: MonitorObliviousTransfer::next
I: SendPublicKey::next
I: MonitorObliviousTransfer::next
I: RecvEncryptedMessages::next
I: MonitorObliviousTransfer::next
I: DecryptChosenMessage::next
I: MonitorObliviousTransfer::next
I: ChooserDone::next
I: MonitorObliviousTransfer::next
I: MonitorObliviousTransfer::next
I: InitChooser::next
I: MonitorObliviousTransfer::next
I: RecvConstant::next
D: received message: dba5f098fcfbf8d2aa5e300493a57bb887fc076d2d27a532cc80d65129b8c86e61a3b4b97d56be3f8c0c310f5ff1568680791718a4ee4da8c45015801f76df006a7865d56bfe0f1320760761166ac0ba81b7085619476bc9898281bde68ec895b7abd19630d5cacefce40fb137fcb550e9a83e55771e7241f73a116c2fe5271b0bef866228fa73dbc307153bc5cfa179ff8e0614f53bd8ba797534a528920f30d23e25cdf0ad02dc0d5c78e5f12553277ecc533356f09be81385daa911711dd31167e95b172b48fa8b0953b34379631de1c19100f5ca19096acb5bf962b0b96eedfb6e2001f740f54a5fa1b85f603c1d6821645a5fc1212225c233f82f354d493d7a1419f0300ba4ceb581449c697c5658b951e8533e7405fa32b4112931df934ab8f34da60b0efb5a57a3f2ead84645e4095f570d1a64e23988646826e9f0ef5e74da71b3ab06c55891e355a38ab06ae40439c19eeb570b34a0896e964daa1ba90b2b71d15e87bee7ec34c09254f2e4644b2cd93af1e5970987723f0322161a
I: MonitorObliviousTransfer::next
I: GeneratePublicKey::next
D:  sending message (size 0.000768 MB)
I: MonitorObliviousTransfer::next
I: SendPublicKey::next
I: MonitorObliviousTransfer::next
I: RecvEncryptedMessages::next
I: MonitorObliviousTransfer::next
I: DecryptChosenMessage::next
I: MonitorObliviousTransfer::next
I: ChooserDone::next
I: MonitorObliviousTransfer::next
I: MonitorObliviousTransfer::next
I: InitChooser::next
I: MonitorObliviousTransfer::next
I: RecvConstant::next
D: received message: 79dcfe8f7e6a082782347898d2591151e965909d4d8c43b8abece5b219a1ef1b348defae10f752739f00f41a35ffdda0814e1eb444962f4f3d3eac7bf21d0405ea0b09c30690021a4fae3d6428f8b0098ae6d9ac3871bc074d82e77ca1a4792b881cbca40bc3e13ebe88f2c3eede253602cc056379e5f31b0f14709196672bec6fecfe8e6a0b13c951a3c698b48cc1acced38e08b2b6dbf7545b8c58dd987b009ead456f391a079e37a785daeae426377c61f2b9133c7fd4fce331282f169fa2a8e5c72942dbb934bb99e43e9e4d231adde0696a0d3456a5f986a325987f071d3641abe20ece81199bed3395d748132777cb5ebedd133552908e575713056420f91d28e18348282c5e75b521d34c235020715361a14b8fa06d9d2692893489f0fde6cc654086855b9efa28c19afa57062862ba7f5897be5d96a40bab3bdbe4e2432f32fdfa86ea38c3b0a4f36cd9acf1c6502cdfeed489b9746f31e619cbbc337d0a1d2ee910bd6b48eac2b92caf0691275b934ad6a566dc1ef92abb113c1afa
I: MonitorObliviousTransfer::next
I: GeneratePublicKey::next
D:  sending message (size 0.000768 MB)
I: MonitorObliviousTransfer::next
I: SendPublicKey::next
I: MonitorObliviousTransfer::next
I: RecvEncryptedMessages::next
I: MonitorObliviousTransfer::next
I: DecryptChosenMessage::next
I: MonitorObliviousTransfer::next
I: ChooserDone::next
I: MonitorObliviousTransfer::next
I: MonitorObliviousTransfer::next
I: InitChooser::next
I: MonitorObliviousTransfer::next
I: RecvConstant::next
D: received message: 5608dc25f8974d1f51d17e134ba54f2d6d030a23f8b1c3121624f1ba6308e7c2d7582900cfdd3fbfe6491b9b116e9b87c6faa0e564df8c581048385c860a6f5cef26b3de907c42c168b4f13a46f634f7627f7d7e402dc079b8b0cedf4ef90f92b16c20b4826005f94b98b0ac5dde1e02575be4c0a07726686ab7bc4c1b759467388a372a7a81d4d7d9a89e31bfc1349a4c8197048a89d0d97b9f31353a22b282b747016d55e60c35fefe6e57881e3986a3f958e7eb020df5a9043edb382698d69a5f78529f4e40e265fe3b279fe73bed7d6fa474ee8b67ae9dcac6318934c7a68e43362b3530dc3016d7249506a52507746739d083ae61b8cfafc87a067d08b114f6c82533ebafba4d8fdc0f009eaa23e27fa49b1ea146aba83ad6cd986bc90e95e375bf69aeea05793baf4291e4be3e9c7135390b9fcc794a01c044111c1f2116d1e4c09f8080ad3327357975b2cdf871a82f12c2c0f3ba775581b69827f0923ad46353f04f383505821699af503c4c29483c2eb1f0505be70706cc8505220f
I: MonitorObliviousTransfer::next
I: GeneratePublicKey::next
D:  sending message (size 0.000768 MB)
I: MonitorObliviousTransfer::next
I: SendPublicKey::next
I: MonitorObliviousTransfer::next
I: RecvEncryptedMessages::next
I: MonitorObliviousTransfer::next
I: DecryptChosenMessage::next
I: MonitorObliviousTransfer::next
I: ChooserDone::next
I: MonitorObliviousTransfer::next
I: MonitorObliviousTransfer::next
I: InitChooser::next
I: MonitorObliviousTransfer::next
I: RecvConstant::next
D: received message: 4102e773245fd09d284032dcd97e44d8b41dc555443f1f5769c861cac014b683f207adfc9813cf0e96f0f0b4add107cb3a6c9b07b997483ab8fb6453de16fb3a3fb2e3c28a46f122ab28cfe9b79aa2aa55cbc542087facc290d7659db536a7971dd191eb46e125dd98e5408a121f0de9fbf0a220069a0e8753aa052f4b38015f745ef4ceedf788b96f6e6a2a07883530a5a1cc79368de5c9c4bfbe73ccf42367b639d326c7367483c175e328ef54f94560104b52cc21e3e5035371fd40e384a66a077510513b7bc7a71db033861a5a56a99f0f03f0e1f5879b222b60ea5ac824f583c233e51169f3b181080f892d9aa0df33d4b58e5efb62a15f6d5521c6e1fec71242a8baae00b3d43863ba38b43b38d201ad2ed588cbfe2e9d534f5ec43ae4969cf6e599da5426ec5602cfa9d25ddf431527dcd24d22fbe14e304179e4d3ee097d605dff401a4ede24a88fb3f35dedd1cdae8c770e4b5927f4fd99d2d0d37643198881641692849bb2cbe76102ef096de68cc66da5b13bd6fadf1bb82520d8
I: MonitorObliviousTransfer::next
I: GeneratePublicKey::next
D:  sending message (size 0.000768 MB)
I: MonitorObliviousTransfer::next
I: SendPublicKey::next
I: MonitorObliviousTransfer::next
I: RecvEncryptedMessages::next
I: MonitorObliviousTransfer::next
I: DecryptChosenMessage::next
I: MonitorObliviousTransfer::next
I: ChooserDone::next
I: MonitorObliviousTransfer::next
I: MonitorObliviousTransfer::next
I: InitChooser::next
I: MonitorObliviousTransfer::next
I: RecvConstant::next
D: received message: 91b14e8f35a30ea8744df39be61ee034bfb9a14bd5dd66b7d1cd89dd461f1e99a536fc30580a00ed7e9816682a30c52957c793e7df422425c80c1f64f34e50e1d0e63b9829a00617c48f6e23289b33915b43f9fd3f3a0dbd8e9d5b9a23e93835f4134ae3db894f07c0eb29de0f81fe546c307461f197356e8c1208da2ddf6f963e66b51f2269898c252db66e6093538b68b349b68702e4eb11a4a391d8cfe5f8e862abe23f273b47f2c500dcbe449cc02261038e8a9d76f38a837d82210323126e237c69806b3efdf6992160bff94fd9d982db170321171b0d492ff09491ae6df1446b9c8b9aa825f23bb5ec5cbdca3fd9138a6031cb5f7726ee0abb4f50d66cca6c45f10f2685d52c2ab6fe3a75626ebde1027c2ac8852fb25032768c379738a5c40712ed3225b74650251cbecefbbb59cd0624f5b937143ec8d3f578588bad5295fd7d1d6994c1d1ce303445d2c35e3b6f5efc450a06e0ffe735486250a86e4fef8f4726f433229d5bae2f7c8aaf294b29676c6f8135575628537678701986
I: MonitorObliviousTransfer::next
I: GeneratePublicKey::next
D:  sending message (size 0.000768 MB)
I: MonitorObliviousTransfer::next
I: SendPublicKey::next
I: MonitorObliviousTransfer::next
I: RecvEncryptedMessages::next
I: MonitorObliviousTransfer::next
I: DecryptChosenMessage::next
I: MonitorObliviousTransfer::next
I: ChooserDone::next
I: MonitorObliviousTransfer::next
I: MonitorObliviousTransfer::next
I: InitChooser::next
I: MonitorObliviousTransfer::next
I: RecvConstant::next
D: received message: 5eb9315fb4e78b4ff613837061974ced12575a79059977164b857d29181bc840a46f957d8a911cd08d8ff2df3b6b84b4a926a144ac3ae1175bfabce71800b871d480ab9945fcfa8f00eb1743ea46487165dda1b4c19bb497da5fb041d8647b1dc41461b46b27a014e4f4cc22a92303e15e428f63735533f2313de442f654d111fc68e2a40df59ff555b7839dbc8e8d75fd32f75e730dca29cb4651393d783971952f67340890ab80fa0cddf8f993f994753120362c4f36cbd24d5eafd4837853f57196e5170d5d8a28d1d2c564073d961cd2947fc8f4f08017851583df2051259ffa6d1750b46972d53e649440c9b58b33d5e4853094413a73c3900e8f86fec24e7ef5da9035ee00dc8e18b089807aaf3515088065340a70210c085139ac0df3a0a7d99d57ef4da9054f6d6682ba8fbc22001c001d5b3ea7108689f5af217d5c9fe7c2c58acfb464ae5ce8afe1fa4687b0bd7b64bd8acad4a6dd80c19ff71553a2911802cdd6d40350a500f22ac3f1bcbd32d2e898f735af7ff1cd503da5d154
I: MonitorObliviousTransfer::next
I: GeneratePublicKey::next
D:  sending message (size 0.000768 MB)
I: MonitorObliviousTransfer::next
I: SendPublicKey::next
I: MonitorObliviousTransfer::next
I: RecvEncryptedMessages::next
I: MonitorObliviousTransfer::next
I: DecryptChosenMessage::next
I: MonitorObliviousTransfer::next
I: ChooserDone::next
I: MonitorObliviousTransfer::next
I: MonitorObliviousTransfer::next
I: InitChooser::next
I: MonitorObliviousTransfer::next
I: RecvConstant::next
D: received message: c09763c5a7408fdb8b59c14fbf73c82e4d5c723ea26ffc580ad18068b9ec5e2acd6577e9e825515c842b7ce4e778e9da96e751cb3375cf31f4eda5da630fc85bcf854cc1e3892793355b86a946e9a35546bbb1fd38537efa6726b9a3f0aa85748c8620704b8cc494fffdc73634295a7d6c58589b35372119331e57b51c4e2e99d1aeb5a7c087f03c31cb8e1f21d4157b8ffe3b15491ce9f2587314cd59deec8556a10caed35910a4c874aebb90c81dbe6377db096575c8bd27e5ae3126ee96ae4d660e3200e5f7eae3c40e7bbaa68f9b26a537bc8d8d1a1ea28923eb6cd11890cdd72973a6012960f1f19b1f468a1b9bc6f4987a10bf4f57b1ad2ba62a41daa3db163f6c9db2a7c4409278bc9182a17a6115ec9a29687632c357d993e938bfd3de942a4d716f1c0890dae10605b1659ea8ff4f7d0e9c89d5fcdfab47df93356aee0b2c371cc2dce55d418d04c74549a204304c6a2871e345a68f7102a6073aadaa02546fbf12ba584864d2307eb34e20b487eea24eb49dc1aef0c0357caba5fd
I: MonitorObliviousTransfer::next
I: GeneratePublicKey::next
D:  sending message (size 0.000768 MB)
I: MonitorObliviousTransfer::next
I: SendPublicKey::next
I: MonitorObliviousTransfer::next
I: RecvEncryptedMessages::next
I: MonitorObliviousTransfer::next
I: DecryptChosenMessage::next
I: MonitorObliviousTransfer::next
I: ChooserDone::next
I: MonitorObliviousTransfer::next
I: MonitorObliviousTransfer::next
I: InitChooser::next
I: MonitorObliviousTransfer::next
I: RecvConstant::next
D: received message: 951e15aa20229a1cc8840efbb6ad23aacb27bd2d331288fd9e7469bd3d699387dc94456decad64918484cecf530b2ed11c9aa4230d4fd21bb96b0e38f0590d3779af9bfa7bfc9688b205c18c4f3080d4827b225bb4493de8350e62c304754e3731cf71c584e83e56df2f7c899583713293d80ead0faeae2ee03c92206940909cb86f8a0cbe4a25c7e47875fefa472d7db53446a120852c3bba616ae338a04a82226da5216463bca1af658fd586508be36bbae94cb66ac98741cb7c9225b2e215d44088ae865faa166aa4778fbe9c9469984394b314a8f0965f7965bd85b204abd1805dcd1d1da93d1d0132e094eb7607d4ec15e8d6b331ec913e301cf9348cb9dc9826079fe6d5d329352d4289e389a13ae1ac326e33380ebcfa1befc2782dbfcf3a45954e95082f7739369ac9b1f215c1e2f67b0d4495b0efb9b4dc5c2a910c7c213af3ce61ecdacc716908549db97e0fafcbbce891ca6419ac2c1128379e3edb6ab593815ae2c5e5c54884c6ffab479ef726c0763d927862178de489cbcc1a
I: MonitorObliviousTransfer::next
I: GeneratePublicKey::next
D:  sending message (size 0.000768 MB)
I: MonitorObliviousTransfer::next
I: SendPublicKey::next
I: MonitorObliviousTransfer::next
I: RecvEncryptedMessages::next
I: MonitorObliviousTransfer::next
I: DecryptChosenMessage::next
I: MonitorObliviousTransfer::next
I: ChooserDone::next
I: MonitorObliviousTransfer::next
I: MonitorObliviousTransfer::next
I: InitChooser::next
I: MonitorObliviousTransfer::next
I: RecvConstant::next
D: received message: 643fd3c4292c78cb8fd2a53d0f57696887ece6c061b63f33f49441e93446be72e8f635a24a68b3f91c92f11a38aa2e564677f05d4b37b0a2deefaefbf141d9772f1c212d3b233cd14c2ef6c9a7e211a6fbe2e181d6b3fb7eb66bd328485714e684621441b8c7a787de2cfbe4882cd80e69766876ba603d670f03067cbb1b675ada370ab71476f3d7f84070ce75cc0eb8c8971e8a758ec027c57c385b55cb4b5fea25653ef073147adf798d88a746bd759441a8581b224229bf8b1558f10205c372c820acf03efd89993e24b6dd1305b8ed7795e04994d96a3670278be4b08726d4424654e7f6f806aea3ca466ad679128a0c8660ced41dd426d9f68995977a64b7ef258f4e7157130c214324c8b8d9c01a8db492d277e7e2de58788aa65f33d5c17ae27abd28c2b409195ffb062a8efe5c5e3d96caf7b173c30b0762c72ca7fea596c42c63157cc1be23bfe65242f49e960f9f38369225fa151066ad8c3a93a1f03f6cfe245aa65ff6855c1a82a9d7a1474a2c12f8145feb6ce900c57bd8a7a6
I: MonitorObliviousTransfer::next
I: GeneratePublicKey::next
D:  sending message (size 0.000768 MB)
I: MonitorObliviousTransfer::next
I: SendPublicKey::next
I: MonitorObliviousTransfer::next
I: RecvEncryptedMessages::next
I: MonitorObliviousTransfer::next
I: DecryptChosenMessage::next
I: MonitorObliviousTransfer::next
I: ChooserDone::next
I: MonitorObliviousTransfer::next
I: MonitorObliviousTransfer::next
I: InitChooser::next
I: MonitorObliviousTransfer::next
I: RecvConstant::next
D: received message: b8a5f4a75fe98da29380c71e534aee90af90a9091c196f07476b7a480e2891d3b59c015dc5d68bdab9108ce746a17c5a55db70eb4b2cbbd526783db76ac928c766ac58f357a64d5f0a98dad19cb34fae73dc17e4e7223c0ec930a2c774da72de7dd96f7a74d839918b3924bfb93892139c125d851abbc89c89df69a0d00c567b1288d2ef42c7a711c59b1cefcfe378b52d1b06db7d45623a0ada6f3d57182038d5f12057dbeb8385f567c0e749fa1e8f3233b1b13b032c55e468f6b7c34c9a9c8245d2bcbf67aa8a05e256c194db2f9ab21909213703a75c97b3d4c7a59a98dcc9089ac6fdf20db1fed9a59347f31f8e4960c6f627026df91ce0c82bda58ac681e4c740ebc4490c8c8dd5c125ac8e883e25e3d6c99dedb853ba0da4740afb771c17482ac1a93d1002fabcfb73281738774baf5da32cb87fe778d0b361044f5b65cf6b2e785b90228623a3a57e222092d1b7996d66be92de26ba14b7fe0653273e6d26e754ee94fc598003b1e1a79f010fb4de33107746c8e8283cdd96ff9c583
I: MonitorObliviousTransfer::next
I: GeneratePublicKey::next
D:  sending message (size 0.000767 MB)
I: MonitorObliviousTransfer::next
I: SendPublicKey::next
I: MonitorObliviousTransfer::next
I: RecvEncryptedMessages::next
I: MonitorObliviousTransfer::next
I: DecryptChosenMessage::next
I: MonitorObliviousTransfer::next
I: ChooserDone::next
I: MonitorObliviousTransfer::next
I: MonitorObliviousTransfer::next
I: InitChooser::next
I: MonitorObliviousTransfer::next
I: RecvConstant::next
D: received message: 94a66b1e8cf60f1b198af639caf348e4d0e5e76ac449efc12a717d2be391da4b4b32e9ceaf18a3194b2aea2262325174b0e4bd3cf0c0be691af9dcdd284c6177ef868507a916c1a06add56dbf48b0b31158d96eb656dacd3cb317b0289004dd24568ce418a5c25049d0559487c1a157b8a04d05ba079eaa2f6eb8d226a13f2f7255bad6b248363365286c61bbc2917de1b866d29062e583cc3f40c1f04db314a116d4120f41deb366bf84799649f77970adfbda06f7ed72fa266b62c9c423eebdc6f4f5ed5a6852d9acc6f9da6611746f843ce27a02ad48a922365cbbfaf7bc184ce8e427a4007ea65e6b7a28a43303bcda156e360b4feec31c77c47817ea22d893f793609ac75cc3e41e8c76194480f5ff4eae03aff11a3e63b20fba9dd7a25233ec662a7dc415e280cbefa1cc601ff3bc34398013c01b432de9b928020e5633b6bf9a2f6a1733da1eb50ca43a63801d84768293a0ccad28c19b3d679715bc9fe30b3345153237901fda8cff0e1c1836ea872cfb3633017872bbccd6155f819
I: MonitorObliviousTransfer::next
I: GeneratePublicKey::next
D:  sending message (size 0.000768 MB)
I: MonitorObliviousTransfer::next
I: SendPublicKey::next
I: MonitorObliviousTransfer::next
I: RecvEncryptedMessages::next
I: MonitorObliviousTransfer::next
I: DecryptChosenMessage::next
I: MonitorObliviousTransfer::next
I: ChooserDone::next
I: MonitorObliviousTransfer::next
I: MonitorObliviousTransfer::next
I: InitChooser::next
I: MonitorObliviousTransfer::next
I: RecvConstant::next
D: received message: 890b6bb4ac4441f91c5a14f2f3ad9e0761d0b86214eb68de64b5ce5e4ce4a18f7144d33913115e3e6a98aa9f8e6c65f01de4f52fe07899a769e1a7af0db54a6ebc651eb9a38b03d7f1a293a7b7fcedb85ade4d72efec93f90e76ef4b242f50364e2202687d203ea530d92855590a05a3a4824f847f699d9dd37e1322596e6ca92c11ed520e91947b6bfffeba7a07736bc9fc508407a8f4af6b9f861a181436a558fc8214627de57407d5c30ef193c2573a7c3e2edcd4ef0adb4513af57b7baa91456689efa04f5fcc9b1cf22ad02f2484abfc1eef6812be4f9da8c7891ab108fb846bf02bb115a8a062b8d49fee8178ca3dbcd1ccc32730c693ae79e2322e650263bcbc6a9e7f4097a14817f6f810d4c6aa5071dd038b7827e7c8159386b7fe7d5908a3928be079adbeb3bb0629c4631df36166943f3b8607e1439472f846b46f8ed08a16113d30d6395727923ac165e5170a75fa211ca854794ba97135cb20d988b5f80a8ec174168a3ef09296e29dee8080bf6f9914908a96731d79bd15fb5
I: MonitorObliviousTransfer::next
I: GeneratePublicKey::next
D:  sending message (size 0.000768 MB)
I: MonitorObliviousTransfer::next
I: SendPublicKey::next
I: MonitorObliviousTransfer::next
I: RecvEncryptedMessages::next
I: MonitorObliviousTransfer::next
I: DecryptChosenMessage::next
I: MonitorObliviousTransfer::next
I: ChooserDone::next
I: MonitorObliviousTransfer::next
I: MonitorObliviousTransfer::next
I: InitChooser::next
I: MonitorObliviousTransfer::next
I: RecvConstant::next
D: received message: 5cbebbaddf7b0f3271040a2d49706e8ff6875c79d2eb76314e7ca1db9157d1e28a80f8ea6beaf0fcf4416cc4ce472fac4f74d77ed1889b0b4de29b99eacdc4f1328480cca0baeb4722a2e578a754b131fd6360b2b8cbb868488b90a0e35d3c40fa893fd1e91fc99bec7f2a12dfa9c7a6cec5be25dc250fcdea5f23e5a244ceb51045e3c6c2ad914570f8673557333befb9f65de60846821d4327b7782666890e5ae43ab5e840eabc941fd3725447339389a1faec706dddb2acaf43a4ad66f56e52222c3d9790c4b53628aea0f0f83a6716c36515b41f2fc3a842d52d7fa94416516f77d1d35fdd2cfe3d6017123bfa24f5ae85d2f8bec31bde7bb90077659d517f5b9519398dbee42b288743f85867d0e944752845b0b94bc092de9cc7ccb2ea57a2b7e917f1cf1d7c021f965614830299106a812d3e2671e864281f3a8a212ec71ded076c9cc23376d2a922efe5056fe32dacb7b161262df47b3a696e62f1608449453612f650b2740aaf270830471f2339ed3faae44b9f7b24b8092790c58f
I: MonitorObliviousTransfer::next
I: GeneratePublicKey::next
D:  sending message (size 0.000768 MB)
I: MonitorObliviousTransfer::next
I: SendPublicKey::next
I: MonitorObliviousTransfer::next
I: RecvEncryptedMessages::next
I: MonitorObliviousTransfer::next
I: DecryptChosenMessage::next
I: MonitorObliviousTransfer::next
I: ChooserDone::next
I: MonitorObliviousTransfer::next
I: MonitorObliviousTransfer::next
I: InitChooser::next
I: MonitorObliviousTransfer::next
I: RecvConstant::next
D: received message: b81c9dd30988c30be8ea279af0911f1e787f5466e385b009d372a4b996005c96465e8d952c2c2101a5e281b56ff83b31060ba5b4462f6ead5bd9fa03d965bc2639e42d3320af3d2a6bed20748d44aef9968208f23e5442253320997f1d3cf408c921157b8dc1beac931c076de98c719c72696cec8d79448713a0f67f2b3416c7a6d03b122959201f583b620597325f8f551694b09c453dda04848209c77d36f97ca96a257046ec0a1ae229150ff1ea837334529fcb6377e27cdb4eaa4a84189a54669f1337fff8ba5e04c0e7f024d0e790947996e2f05e5b895dc00009b3cc5644058c9a620376ed57d801df74b0557f206d585b857a8449e39c26888aeb28676c51a1351493de5946fe78423dae3f5c245c1a5b4fffa333b02c596c7253976a2165db2c84fd674fcdee2314eebfd27b2ad58806bab39800d2977f38a837385f4ab92c0c677b4a296faf942a910d01d4dc7501b8b1a307e46a56340ea56973427a55cf61f8ce7a5b40e866b8b5cd3740562f6f2ec87a7e25eabadd762bcfc013
I: MonitorObliviousTransfer::next
I: GeneratePublicKey::next
D:  sending message (size 0.000768 MB)
I: MonitorObliviousTransfer::next
I: SendPublicKey::next
I: MonitorObliviousTransfer::next
I: RecvEncryptedMessages::next
I: MonitorObliviousTransfer::next
I: DecryptChosenMessage::next
I: MonitorObliviousTransfer::next
I: ChooserDone::next
I: MonitorObliviousTransfer::next
I: MonitorObliviousTransfer::next
I: InitChooser::next
I: MonitorObliviousTransfer::next
I: RecvConstant::next
D: received message: dfeec72a4b187071d20e86651d9504c0cb4d501b97f855d06f7429e82cb9e736c24a7175bc74a3a9a4d4cf6d388dc2fd86fc2456c36f9e946530fcd206c70e17fb60e273e9d63341c02a2237b4aaa750ea98237cb430c7ac447c0ab943b0ccd67a885d9205933061278bfbb1398215ff6117ee045bf7b99cb18282a1058e0d64dd44999e53dfe513aa43a38991d1f397b08ae81f0804fcfa7e2fa33d55cb6954b606834e5db74e9d5716a1a8a8b7bae324d7b40527354bc4bb4a66484df0771d323ee0fb3e14be99504e3fb0b25c4a7a06575e2779e0308f0a5406df0be7fd40121971775deac37f2d5aa142543bafd36dde17632bc85008526478e1fd10b6fd53560aa138839127862f6cb3879753b580901a37b82ec370f96a2544ee647a72f6cfb8cfd42e387c79bfe04c2ec1ffdef079a30e13a2f1a61a4103f843b8f19509e4610dcfc6534c6e5f8fda9a8fd1a72d749283a8f076a1d133c3e8958b1b22a9bfd0d1aae0b49eb13a106bf247540c7a952223a4f53ac6e95ac83c092b9230
I: MonitorObliviousTransfer::next
I: GeneratePublicKey::next
D:  sending message (size 0.000768 MB)
I: MonitorObliviousTransfer::next
I: SendPublicKey::next
I: MonitorObliviousTransfer::next
I: RecvEncryptedMessages::next
I: MonitorObliviousTransfer::next
I: DecryptChosenMessage::next
I: MonitorObliviousTransfer::next
I: ChooserDone::next
I: MonitorObliviousTransfer::next
I: MonitorObliviousTransfer::next
I: InitChooser::next
I: MonitorObliviousTransfer::next
I: RecvConstant::next
D: received message: c8b49f419853585221ede9f3a98b40db290436d4b3006341bb6a7efc7aec5f7ff4b9e3380f204174ed8b584cb673a602230843ab7007252a3ddd733223643b03148b8e37eea32fc45044fca87be13e172c0dc62db2e04519390e59ee6cb4df0371b2c2c1518f2046829b616fcc82db79666934f62060595ffb25b17caffa8e448b957f2a5cf890a982222ecdf59d4340b098860315f7353893bdebae59bc9532413281ef8763e587681af25d16dc35fa5cfc48dd29ac692c6dcf71f5cbef200d6a1cdb8455f4e06e9e66c676b3030820779abe26dcc86734c373b1b43a68c8a2631b18bd66e2120e46689039b5ad5f80d16151e0d0701a853ba7d0c404a83fe26cca4b022da7dea58a7b4f0630c3d4ef03dee501dbf3ea72c81f09391c50da4eb0b5a019529e5fe7b70dc43b16a81eaf069975277efd291a27c84deb8b9d684997d13834a23d5bfd85e9470a7c879d87308cca25dedfc416f911099a97e4ad780bbb4ed17decbd1f3dc9610fa793af61da592963a23bb7ab75615a73e2c5b506
I: MonitorObliviousTransfer::next
I: GeneratePublicKey::next
D:  sending message (size 0.000768 MB)
I: MonitorObliviousTransfer::next
I: SendPublicKey::next
I: MonitorObliviousTransfer::next
I: RecvEncryptedMessages::next
I: MonitorObliviousTransfer::next
I: DecryptChosenMessage::next
I: MonitorObliviousTransfer::next
I: ChooserDone::next
I: MonitorObliviousTransfer::next
I: MonitorObliviousTransfer::next
I: InitChooser::next
I: MonitorObliviousTransfer::next
I: RecvConstant::next
D: received message: 46275d63993619d5c067df5524f34254dd4b3f78b76b168f5881eceb98a7eb48f5b4e27de6816b98c7490351ecc608cfdf774e34a17129f8d1e7224b40c7f12c743d69acb92757e96c1e9bf6c26c81901744949f706619793f923891d161bf17363c52ff31c9b4b5bf0c07205372db3a1b242c93345d143c082dbf9ddf131c1a83312749dbb7551559e7d9157758a48399a9c1c0dee1ff9c23b27a5210de46d7b75ee226a1e959c19046b724c571e5d52847e5a3e5472a201ef427695790680e163a07011e9a14b9ee75e3279a3096347a484b9980db0df675aebe9db4c31bc5db44d5cdfc0a7d30e575658384f5bcb7c5affc12982adc790071067555c9cb6e62595475d1bcf0e2adce7e72d0213d83f05389a6ece1c83c9d939c3aac209dec281b1b9e5dbc74e42ac44eb0c0eeb2ae2e8e15700dba16a0f1f1f45c601368d9bc8ef0ba3ef381f8ea7a4ee4b672b7e22ed8aa5465af15fabed63d22baf0898a9b58f53618930ce083276ee59515fae4f95342e6bac8c5b24c8b0c9a806aa081
I: MonitorObliviousTransfer::next
I: GeneratePublicKey::next
D:  sending message (size 0.000768 MB)
I: MonitorObliviousTransfer::next
I: SendPublicKey::next
I: MonitorObliviousTransfer::next
I: RecvEncryptedMessages::next
I: MonitorObliviousTransfer::next
I: DecryptChosenMessage::next
I: MonitorObliviousTransfer::next
I: ChooserDone::next
I: MonitorObliviousTransfer::next
I: MonitorObliviousTransfer::next
I: InitChooser::next
I: MonitorObliviousTransfer::next
I: RecvConstant::next
D: received message: 8e4e9bf3bf4f9730cff933a43dce2a41fddd2a81f86ed6bbf3b7d361f9c94b5055da04f98a88699fd07bfa39123f4b14abccda44424ca1cde37fea821653edcf21e9f0c322172ac19751e29b00225d8848ff924f0443b040237136c06c1d59521d9d00ce1d64cc7c78013d27266a4a2ca989dff6990e3b108a24f226f12ce5e33f296e6a49ff07c522bba2b52ce2cc4540df9e0794e31bd8e77f1cde0a9349c323dde6d67355a7b4a07e1ba4fc094e216e8ff4f1ef608394361925e98b4252d3fa1c1bbcd615f0945e2d8c3ebe4bf8ab17d49b147976036424de4c4368c8a23d1f1cb9cd9f1aaa80914f2dd09260bdcaa7c35d99ebe2db42544f1e22301967c04c3263f7a2a67ab1d4cf896acd1ce6dcac149a44d292a36fe4d66538a83a4e629f79bafa50457213332f31c6e3ee25846dbe0c7fe370b0e32dd02f214dc565be7fe124e0818710a0fea65916149ffd9085466606a38ce1dfc8895b6d30e36605bc2d39f1dd55008d86801fe900cd54876ed3961c5053c7668c39f8b52ff6ea7b
I: MonitorObliviousTransfer::next
I: GeneratePublicKey::next
D:  sending message (size 0.000768 MB)
I: MonitorObliviousTransfer::next
I: SendPublicKey::next
I: MonitorObliviousTransfer::next
I: RecvEncryptedMessages::next
I: MonitorObliviousTransfer::next
I: DecryptChosenMessage::next
I: MonitorObliviousTransfer::next
I: ChooserDone::next
I: MonitorObliviousTransfer::next
I: MonitorObliviousTransfer::next
I: InitChooser::next
I: MonitorObliviousTransfer::next
I: RecvConstant::next
D: received message: 541da7e30fcbcf22c48225c575f25191b6e0df1efe91da6c3cc043ee2fb4d8e5d521e9f54982493efe32d3027d413c0bb491189adcfe79dc62b840204fc0afd96446ac43d375f677ddfb4a5bb72c19b29e545bd3de7ae03a85ed6b3badaa51d6c4809b53b5a70ffb485907a44b0e4ada84446c25d0605b0bb104d9c84dcbe213cb1df9f27aa6f66fd78c932a68c351cd05729cf07040e648f2390e09fdd8fdc4658eb7c6c5b664ec83d5f7c3a4fcad9da4ba9388fbdaf550bca379166956a6761c161a98ada8bb2308acf5930cc71a38e18ce2748b78c652d48012deb88c9366260ac28eabc06a0cd6f8dc8892801a4393b30d8ee6d4fc937c5e743d534ba7c1eef17d06c3d8dab0bdba0340b59417008c5bf2479168fa7ec7042a9f37f69ab6bcdad218a508717d2666f9d819b16e35d18431667b34de5889c77efd910fb8c800966700df0fb448cddc4be21ba6a268277820ff5806395e2f9a4368a27e560aed579a7aa0081e8b56a5588e0139271d3c15765cdfd3353cef620e1d53268d17
I: MonitorObliviousTransfer::next
I: GeneratePublicKey::next
D:  sending message (size 0.000768 MB)
I: MonitorObliviousTransfer::next
I: SendPublicKey::next
I: MonitorObliviousTransfer::next
I: RecvEncryptedMessages::next
I: MonitorObliviousTransfer::next
I: DecryptChosenMessage::next
I: MonitorObliviousTransfer::next
I: ChooserDone::next
I: MonitorObliviousTransfer::next
I: MonitorObliviousTransfer::next
I: EvaluateCircuit::next
D:   evaluating gate 10000
D:   evaluating gate 20000
D:  sending message (size 0.000001 MB)
I: SendOutputBit::next
I: ==== round duration: 271651.656250 ms ====
I: CopyMonitorStateLabels::next
I: RecvGarbledGates::next
I: RecvSystemInputLabels::next
I: RecvFlagBitLabels::next
I: EvaluateCircuit::next
D:   evaluating gate 10000
D:   evaluating gate 20000
D:  sending message (size 0.000001 MB)
I: SendOutputBit::next
I: ==== round duration: 273275.343750 ms ====
I: FaultObserved::next
I: MonitorDone::next
