I: parsing spec file timekeeper+.v...
skipping synthesis, BLIF file already exists.
I: parsing BLIF file synth.blif...
D: inputs and outputs parsed.
D: circuit initialized.
D: connections (#2018) parsed.
D: gates (#20547) parsed.
D: outputs: 28807 28810 28813 28816 28819 28822 28825 28828 28831 28834 28837 28840 28843 28846 28849 28852 28855 28858 28861 28864 28867 28870 28873 28876 28879 28882 28885 28888 28891 28894 28897 28903 28805 
D: circuit size: 28904
D: adding identity gates for outputs...
D: outputs after identity: 28937 28938 28939 28940 28941 28942 28943 28944 28945 28946 28947 28948 28949 28950 28951 28952 28953 28954 28955 28956 28957 28958 28959 28960 28961 28962 28963 28964 28965 28966 28967 28968 28969 
D: circuit size after identity: 28970
I: initializing safe primes...
I: using prime modulus 179769313486231590770839156793787453197860296048756011706444423684197180216158519368947833795864925541502180565485980503646440548199239100050792877003355816639229553136239076508735759914822574862575007425302077447712589550957937778424442426617334727629299387668709205606050270810842907692932019128194467627007
D:  sending message (size 0.000005 MB)
I: InitMonitor::next
I: GenerateDriverLabels::next
D:   driver labels generated in 27244.785156 ms
I: GenerateInWireKeys::next
D:   in-wire keys generated in 12605.010742 ms
D: SendLabels::message
D:   generating in-wire labels for 20618 gates
D:   10000 gates processed
D:   20000 gates processed
D:   in-wire labels generated in 13779.178711 ms
D:  gateCount: 20618
D:  sending message (size 18.038056 MB)
I: SendLabels::next
I: RecvGarbledGates::next
I: RecvSystemInputLabels::next
I: RecvFlagBitLabels::next
I: MonitorObliviousTransfer::next
I: InitChooser::next
I: MonitorObliviousTransfer::next
I: RecvConstant::next
D: received message: 3fd37ac68b60a3ea07d8bffba99174705d3ae54e8b1e82485cc0cc78e39b27bc0eb5a26869b023e83d5b7785a1563925faae763d8dfcff2ab843645d8697174f6fcf1d60f1d01aa1e131900ce760ac8932a4ff98d776c3c73cff9960f690d997a222200f28520f0e94b47fd07c9a6da043fc8ce5cce751de0ef47d1a17dd930b
I: MonitorObliviousTransfer::next
I: GeneratePublicKey::next
D:  sending message (size 0.000256 MB)
I: MonitorObliviousTransfer::next
I: SendPublicKey::next
I: MonitorObliviousTransfer::next
I: RecvEncryptedMessages::next
I: MonitorObliviousTransfer::next
I: DecryptChosenMessage::next
I: MonitorObliviousTransfer::next
I: ChooserDone::next
I: MonitorObliviousTransfer::next
I: MonitorObliviousTransfer::next
I: InitChooser::next
I: MonitorObliviousTransfer::next
I: RecvConstant::next
D: received message: b21185bee028ca234d7b50f022acf56c104972b7df69a176e08d81a1150811b1a58b4822f519e58938ada1e2fbb403f6fded85d29a66dfbaf0f8806aba938725d87cd0eab7716e4d286b427642d75d3e1bd2e7c710eb034e79f902316ca1a825bb8f4bdbadefaa0a57a0ed4d5ae492bc1a251367b9653488ae42f6dd7758a013
I: MonitorObliviousTransfer::next
I: GeneratePublicKey::next
D:  sending message (size 0.000256 MB)
I: MonitorObliviousTransfer::next
I: SendPublicKey::next
I: MonitorObliviousTransfer::next
I: RecvEncryptedMessages::next
I: MonitorObliviousTransfer::next
I: DecryptChosenMessage::next
I: MonitorObliviousTransfer::next
I: ChooserDone::next
I: MonitorObliviousTransfer::next
I: MonitorObliviousTransfer::next
I: InitChooser::next
I: MonitorObliviousTransfer::next
I: RecvConstant::next
D: received message: 71040bf0b624b6e772fad7eb51df21bebe29f99e83c53153e3dc2924dd0c4a5145ed2977368e72ec75c934d77cc6b74fa4e2275f127aa9779a81e7fb93286b57a161b6edd8ba6e0746d89d19ca07cd8f72f16fe9b2ae9440cff1dea1855efe669f1212d2526f69b197e8323b85ac6d3a22b5f0220d93edd22c0005c466b9a974
I: MonitorObliviousTransfer::next
I: GeneratePublicKey::next
D:  sending message (size 0.000256 MB)
I: MonitorObliviousTransfer::next
I: SendPublicKey::next
I: MonitorObliviousTransfer::next
I: RecvEncryptedMessages::next
I: MonitorObliviousTransfer::next
I: DecryptChosenMessage::next
I: MonitorObliviousTransfer::next
I: ChooserDone::next
I: MonitorObliviousTransfer::next
I: MonitorObliviousTransfer::next
I: InitChooser::next
I: MonitorObliviousTransfer::next
I: RecvConstant::next
D: received message: a73ec9644bea574d1ef5d9d81f26a77922048419132c525c344fc0c46356be6e7d7ff2689748b211d6ee93d2912d7ff6f7071ae0ba2f6dee9eabfb4b146ea43749456c7b0ed936d13fddf85b446f78a9ff9bef6e3516ff306800943e45f561cd5e44bbfd499cd78e0a018406a9525ae563c29ee3d33ef6b46005b4bd725875f6
I: MonitorObliviousTransfer::next
I: GeneratePublicKey::next
D:  sending message (size 0.000256 MB)
I: MonitorObliviousTransfer::next
I: SendPublicKey::next
I: MonitorObliviousTransfer::next
I: RecvEncryptedMessages::next
I: MonitorObliviousTransfer::next
I: DecryptChosenMessage::next
I: MonitorObliviousTransfer::next
I: ChooserDone::next
I: MonitorObliviousTransfer::next
I: MonitorObliviousTransfer::next
I: InitChooser::next
I: MonitorObliviousTransfer::next
I: RecvConstant::next
D: received message: a857a43bdc0333d6cf4c6914594e5a8d318fef6bc10cfef43134d44eda80f272fe5c9e1c01d5e9df402a7522deba0c19d2f78b8b5eed0c1cf3315446c8445caba9e6dccf7eb639cba8f9d62d1a56564f98cc70379d9c098913ad822d76e08ce34a3bceac322ffd222b9bc0d92d247e5aa44b6efeaa1fa1b238f28106bceff764
I: MonitorObliviousTransfer::next
I: GeneratePublicKey::next
D:  sending message (size 0.000256 MB)
I: MonitorObliviousTransfer::next
I: SendPublicKey::next
I: MonitorObliviousTransfer::next
I: RecvEncryptedMessages::next
I: MonitorObliviousTransfer::next
I: DecryptChosenMessage::next
I: MonitorObliviousTransfer::next
I: ChooserDone::next
I: MonitorObliviousTransfer::next
I: MonitorObliviousTransfer::next
I: InitChooser::next
I: MonitorObliviousTransfer::next
I: RecvConstant::next
D: received message: 958ca0154de343a882e00c744f4d3075229a8125f7456c11d931fd8aec0a2c1d2337fbc1d5b5013091ff344b8d936ecf7bbbce35f9200a1024e43c875af45dc00a17e15575bb32026e485c4c72084921c8424bb4258c2ac6aeb4d9e93110429bd036a64a34b9f5ba521de80fbac9488347cf52a8e8fd527ab6e9946ca94ff9e3
I: MonitorObliviousTransfer::next
I: GeneratePublicKey::next
D:  sending message (size 0.000256 MB)
I: MonitorObliviousTransfer::next
I: SendPublicKey::next
I: MonitorObliviousTransfer::next
I: RecvEncryptedMessages::next
I: MonitorObliviousTransfer::next
I: DecryptChosenMessage::next
I: MonitorObliviousTransfer::next
I: ChooserDone::next
I: MonitorObliviousTransfer::next
I: MonitorObliviousTransfer::next
I: InitChooser::next
I: MonitorObliviousTransfer::next
I: RecvConstant::next
D: received message: 806942fd4ea98d607f7791f5951a7540f03355dd6a25954200ce98eaf5144b774c8be51f8e115adce8bca96d346b811d65858410f86013b6f8c2b19bb69421a7221222999ba72691aeadb8fe13e8af318e521f4da15fa9ab832d079aa142f33ee87916b20d6c8c90dd693e7bb0268a230be30147da416eec337d80527a50fd55
I: MonitorObliviousTransfer::next
I: GeneratePublicKey::next
D:  sending message (size 0.000256 MB)
I: MonitorObliviousTransfer::next
I: SendPublicKey::next
I: MonitorObliviousTransfer::next
I: RecvEncryptedMessages::next
I: MonitorObliviousTransfer::next
I: DecryptChosenMessage::next
I: MonitorObliviousTransfer::next
I: ChooserDone::next
I: MonitorObliviousTransfer::next
I: MonitorObliviousTransfer::next
I: InitChooser::next
I: MonitorObliviousTransfer::next
I: RecvConstant::next
D: received message: 940adf5ee6828895e125698ec117af20da981e52b926b78f8b8156f15a3dda11198853ed14a192221dc4cd3942f2e0a1e46e604807bf3e854a040f0d06a5bda860572f19333090d4586bcacb36e0850c9667416bcf1222e1d8a259ced700acfa8a47d3cf0e6dbe4b8168bcfd407eda0bae8f4c0df13ad2b367f6dbbd4a9734ab
I: MonitorObliviousTransfer::next
I: GeneratePublicKey::next
D:  sending message (size 0.000256 MB)
I: MonitorObliviousTransfer::next
I: SendPublicKey::next
I: MonitorObliviousTransfer::next
I: RecvEncryptedMessages::next
I: MonitorObliviousTransfer::next
I: DecryptChosenMessage::next
I: MonitorObliviousTransfer::next
I: ChooserDone::next
I: MonitorObliviousTransfer::next
I: MonitorObliviousTransfer::next
I: InitChooser::next
I: MonitorObliviousTransfer::next
I: RecvConstant::next
D: received message: 98c32e4ddf072babd0cfd7f384e98c2f0cdc9bada32f9c4d92318a205d525cca69f868e767b9d6ab99b38b9b71f1c9785c2b2838a3ce336c26fe7ff78b5e4e7269c8edac861abd99fbd9a991a0b93aee05919149cef64fe80a983c933cde29eb4bf0f62065fe7bfbd2d21a85124cd748dd1e56d183e5de90b1d86b1e1889de43
I: MonitorObliviousTransfer::next
I: GeneratePublicKey::next
D:  sending message (size 0.000256 MB)
I: MonitorObliviousTransfer::next
I: SendPublicKey::next
I: MonitorObliviousTransfer::next
I: RecvEncryptedMessages::next
I: MonitorObliviousTransfer::next
I: DecryptChosenMessage::next
I: MonitorObliviousTransfer::next
I: ChooserDone::next
I: MonitorObliviousTransfer::next
I: MonitorObliviousTransfer::next
I: InitChooser::next
I: MonitorObliviousTransfer::next
I: RecvConstant::next
D: received message: 57620aa65cf48ef99ebf7d8f435c375a01dbd6c499b4e8c9dadf29bb796e2e66cd400de23b7956314e4d4720129f039838a0777ec72a06bb1f92b173d221b81aa424d03487716ea950f3e4e3a464a92951741287ce0c127b61b5f777ef195dddbf016019221dfa685ef556dbab126afa6f04e5244051aac61e47e849fa80a045
I: MonitorObliviousTransfer::next
I: GeneratePublicKey::next
D:  sending message (size 0.000256 MB)
I: MonitorObliviousTransfer::next
I: SendPublicKey::next
I: MonitorObliviousTransfer::next
I: RecvEncryptedMessages::next
I: MonitorObliviousTransfer::next
I: DecryptChosenMessage::next
I: MonitorObliviousTransfer::next
I: ChooserDone::next
I: MonitorObliviousTransfer::next
I: MonitorObliviousTransfer::next
I: InitChooser::next
I: MonitorObliviousTransfer::next
I: RecvConstant::next
D: received message: b49e038ef53d37bb059b2c4def5b0e2ef3f417438c60116694ef867003b859fc7a1bb81f16d20d789d90b5f6ab9e782ad01525a5e702e8cf6ee2bffe69e5ab35d4349d72d096fd130512e029eea3f29ae7ca44c3e98b97811d7304ac358328503e99bcd45f735c8446d78d5e8592f27a9a5e50e4bb358e08784d81268ef22d26
I: MonitorObliviousTransfer::next
I: GeneratePublicKey::next
D:  sending message (size 0.000255 MB)
I: MonitorObliviousTransfer::next
I: SendPublicKey::next
I: MonitorObliviousTransfer::next
I: RecvEncryptedMessages::next
I: MonitorObliviousTransfer::next
I: DecryptChosenMessage::next
I: MonitorObliviousTransfer::next
I: ChooserDone::next
I: MonitorObliviousTransfer::next
I: MonitorObliviousTransfer::next
I: InitChooser::next
I: MonitorObliviousTransfer::next
I: RecvConstant::next
D: received message: c6794e51c3302ed6bc73e9f31c6a8c30cee6a7adb566efc30af07152255f4e88d6857d548a67e111f97750615f07ecb1907330db66d9fb20732f3ae2b6da9651409328bcece3256723d04fcc199df7462ca1ed3ba417fc98fbd34c080038b0b9e2458f60951f5bdddbf54177f787d62dd309df5921c12f39a984d7572f2bb657
I: MonitorObliviousTransfer::next
I: GeneratePublicKey::next
D:  sending message (size 0.000256 MB)
I: MonitorObliviousTransfer::next
I: SendPublicKey::next
I: MonitorObliviousTransfer::next
I: RecvEncryptedMessages::next
I: MonitorObliviousTransfer::next
I: DecryptChosenMessage::next
I: MonitorObliviousTransfer::next
I: ChooserDone::next
I: MonitorObliviousTransfer::next
I: MonitorObliviousTransfer::next
I: InitChooser::next
I: MonitorObliviousTransfer::next
I: RecvConstant::next
D: received message: 9b7c926fbb81dcf9522fc2ffc2f1ee5c76b198e8075c7e869b3443e49da6c9d1aeb8a32dde1a952992996eb7f199c5e8333303526e2e93d3e6c6b180d365f6eae7a8bbafd4dca5cfbe3680e294c963211664fba2f8ebeba52bd1945a1a4b52a6cf02803d792056c0097f7641e1c4fac63afd81e8f95d0f0e6eda3ddeaa642067
I: MonitorObliviousTransfer::next
I: GeneratePublicKey::next
D:  sending message (size 0.000256 MB)
I: MonitorObliviousTransfer::next
I: SendPublicKey::next
I: MonitorObliviousTransfer::next
I: RecvEncryptedMessages::next
I: MonitorObliviousTransfer::next
I: DecryptChosenMessage::next
I: MonitorObliviousTransfer::next
I: ChooserDone::next
I: MonitorObliviousTransfer::next
I: MonitorObliviousTransfer::next
I: InitChooser::next
I: MonitorObliviousTransfer::next
I: RecvConstant::next
D: received message: 4119c78b7a2323f04da307bd9a1855ca6f6192036898756f0a47f78e1196742db7ed91a709890217176a24690bfef0814d19bd7360a67f613790a834dd5b73dfd949a4a745546cf6564c08428c11d8529a895136cbfdc2e5a39c51b6e069a5a3ca6cd3d481db164b129c36cfdacf7240c5e0eeb1089589d8948bde75b5d438b0
I: MonitorObliviousTransfer::next
I: GeneratePublicKey::next
D:  sending message (size 0.000256 MB)
I: MonitorObliviousTransfer::next
I: SendPublicKey::next
I: MonitorObliviousTransfer::next
I: RecvEncryptedMessages::next
I: MonitorObliviousTransfer::next
I: DecryptChosenMessage::next
I: MonitorObliviousTransfer::next
I: ChooserDone::next
I: MonitorObliviousTransfer::next
I: MonitorObliviousTransfer::next
I: InitChooser::next
I: MonitorObliviousTransfer::next
I: RecvConstant::next
D: received message: a662e708e535e730cb207b682838915a743286e45dab1e8473d218c0ad46a38d56e33b872b72b7b50ffac581fceddd5c1600a69a459c6809bc04bd69ca2499bcfb050236d7a438fbc2a9df1b42bef24cc81cc9138c9b13ee0c699b65e5c74f09e6c882afbaf834b9f660359a527cccb908a19e6b08eb67c467ab7e37fb492fe0
I: MonitorObliviousTransfer::next
I: GeneratePublicKey::next
D:  sending message (size 0.000256 MB)
I: MonitorObliviousTransfer::next
I: SendPublicKey::next
I: MonitorObliviousTransfer::next
I: RecvEncryptedMessages::next
I: MonitorObliviousTransfer::next
I: DecryptChosenMessage::next
I: MonitorObliviousTransfer::next
I: ChooserDone::next
I: MonitorObliviousTransfer::next
I: MonitorObliviousTransfer::next
I: InitChooser::next
I: MonitorObliviousTransfer::next
I: RecvConstant::next
D: received message: eb15c20376084fce563e32be222b224cbba9d1028964b7c9297eb0f782dc77e425f93cc2b9f00bc092a401b98eba243a266138219a5ad8520d9798e561fe7c334bcff2fc432896143bf5d0500872b0fb7da4f1ad31f836caf36bfe26413e83fe52829a54a020be0799bc4e76aca46978b0a35f2164e7bee5da26c9bf6f13a383
I: MonitorObliviousTransfer::next
I: GeneratePublicKey::next
D:  sending message (size 0.000256 MB)
I: MonitorObliviousTransfer::next
I: SendPublicKey::next
I: MonitorObliviousTransfer::next
I: RecvEncryptedMessages::next
I: MonitorObliviousTransfer::next
I: DecryptChosenMessage::next
I: MonitorObliviousTransfer::next
I: ChooserDone::next
I: MonitorObliviousTransfer::next
I: MonitorObliviousTransfer::next
I: InitChooser::next
I: MonitorObliviousTransfer::next
I: RecvConstant::next
D: received message: 323d27859665a5261fb764efd832f778e89e9fffbc1aa32cc98a972b853e2f6f99d3dbb9c78c615e99b3c579247eff1badeda1323642c459c02978a874bd2ab60fea1077458b1f3f85e88d17b507291a36f18ffaf619383635ea3ab0e3acff6129e32819c446fc6f8e1dc0d2c2dde7869de20a595ee213a73702213c5e81706d
I: MonitorObliviousTransfer::next
I: GeneratePublicKey::next
D:  sending message (size 0.000256 MB)
I: MonitorObliviousTransfer::next
I: SendPublicKey::next
I: MonitorObliviousTransfer::next
I: RecvEncryptedMessages::next
I: MonitorObliviousTransfer::next
I: DecryptChosenMessage::next
I: MonitorObliviousTransfer::next
I: ChooserDone::next
I: MonitorObliviousTransfer::next
I: MonitorObliviousTransfer::next
I: InitChooser::next
I: MonitorObliviousTransfer::next
I: RecvConstant::next
D: received message: 24013a722aaf570847988d62aeabffbf612e671fd9363d2381486a4f3156f176007e1ce325553f95021200622f56c780d603da83ad0c7086451335f6721a91534888d50cf08121c802fa7f1391b441fd1f1fe3cb3e3131359239abe0679e0848e8ca76ba3e88c94b933e49515250fbfffa42ffd6bf38ac23c7d2210b376c4d06
I: MonitorObliviousTransfer::next
I: GeneratePublicKey::next
D:  sending message (size 0.000256 MB)
I: MonitorObliviousTransfer::next
I: SendPublicKey::next
I: MonitorObliviousTransfer::next
I: RecvEncryptedMessages::next
I: MonitorObliviousTransfer::next
I: DecryptChosenMessage::next
I: MonitorObliviousTransfer::next
I: ChooserDone::next
I: MonitorObliviousTransfer::next
I: MonitorObliviousTransfer::next
I: InitChooser::next
I: MonitorObliviousTransfer::next
I: RecvConstant::next
D: received message: 6b3262a4cd69c1c406e05348c4eae0a1f0526f4d9e21c0102cfa6c4d807d7019e03c0d398ed222f09ef4003e406a42583b3b543869fc22894d39a0506f498f3dbe351224cd42be356027be3dcc777820e8f6caaa5317b6f8c5d312f3fb392bef1b3f992f7e74295840b9a208c455d67c96370ab5c6e2da75dfb84670d8c0715e
I: MonitorObliviousTransfer::next
I: GeneratePublicKey::next
D:  sending message (size 0.000256 MB)
I: MonitorObliviousTransfer::next
I: SendPublicKey::next
I: MonitorObliviousTransfer::next
I: RecvEncryptedMessages::next
I: MonitorObliviousTransfer::next
I: DecryptChosenMessage::next
I: MonitorObliviousTransfer::next
I: ChooserDone::next
I: MonitorObliviousTransfer::next
I: MonitorObliviousTransfer::next
I: InitChooser::next
I: MonitorObliviousTransfer::next
I: RecvConstant::next
D: received message: 9a9c0d0f121801da22b23d4ce454e80fcce1e98b4d1fdb11b6fba4458a5818966f97bd18c51cc912b599b3cf8d7b0b1988598ab363151c5973c8f4bb94e3d56d2c9a43fccaa39e00c1e1ac1b0ba023b3b975f628be33b80996ec09ccbe7f0b5721261dca7d46b3a7658a6051c39ba0c6bc46d84f3096f3ce6e0319f3ab9036b1
I: MonitorObliviousTransfer::next
I: GeneratePublicKey::next
D:  sending message (size 0.000256 MB)
I: MonitorObliviousTransfer::next
I: SendPublicKey::next
I: MonitorObliviousTransfer::next
I: RecvEncryptedMessages::next
I: MonitorObliviousTransfer::next
I: DecryptChosenMessage::next
I: MonitorObliviousTransfer::next
I: ChooserDone::next
I: MonitorObliviousTransfer::next
I: MonitorObliviousTransfer::next
I: InitChooser::next
I: MonitorObliviousTransfer::next
I: RecvConstant::next
D: received message: 9ec514b23a7cd9d7a6ef1962ca34afd4b33a2f0981d2cd60874cb189f881768b6c8a49e9dbd009aeceb198a76e30f59beabd4c68e055caa55d0b22f9f96e0e7ae73f6b4b529ef61d00060d8fc20b498043d5fba376f57971a8fef18f49ed5de5b40881831a867a11ec5b0b02d1fc4506ee11b409dfd8f2a67e2d11d728b1b2a
I: MonitorObliviousTransfer::next
I: GeneratePublicKey::next
D:  sending message (size 0.000256 MB)
I: MonitorObliviousTransfer::next
I: SendPublicKey::next
I: MonitorObliviousTransfer::next
I: RecvEncryptedMessages::next
I: MonitorObliviousTransfer::next
I: DecryptChosenMessage::next
I: MonitorObliviousTransfer::next
I: ChooserDone::next
I: MonitorObliviousTransfer::next
I: MonitorObliviousTransfer::next
I: InitChooser::next
I: MonitorObliviousTransfer::next
I: RecvConstant::next
D: received message: c9d4d1606b02f47f4c6db679c2d2eb93e477d3d7ff678da1e8640b402095e20223b33561fd689accfc91bce2f4a54868f149d58cfe2288ef20be4d7b19296118c029a6d8b13b0dad0a50cc9ff48df120719082979d719a5a91501ce576f3c33a5b6f603d3977f3e6cec44bec2162dc4eeafa1a2c518eec3d8b771743d276d208
I: MonitorObliviousTransfer::next
I: GeneratePublicKey::next
D:  sending message (size 0.000256 MB)
I: MonitorObliviousTransfer::next
I: SendPublicKey::next
I: MonitorObliviousTransfer::next
I: RecvEncryptedMessages::next
I: MonitorObliviousTransfer::next
I: DecryptChosenMessage::next
I: MonitorObliviousTransfer::next
I: ChooserDone::next
I: MonitorObliviousTransfer::next
I: MonitorObliviousTransfer::next
I: InitChooser::next
I: MonitorObliviousTransfer::next
I: RecvConstant::next
D: received message: 4ef7b3cf3b0bbf0d99b857fe762866f78318ed7ef7e72b189e9f3d39c9f0d9259c54e5f4735d4b08c7cb371c213570f631c345f185d4b7865715a772c4f830487ec8bb92f6f5b0aa6d1e1a21ab6099328e99c08c461e7662788969c2d2354732f9a293e404ed82a5aa97e6195079238d2c4d18b596837a4ae41259c3d3d8be9b
I: MonitorObliviousTransfer::next
I: GeneratePublicKey::next
D:  sending message (size 0.000256 MB)
I: MonitorObliviousTransfer::next
I: SendPublicKey::next
I: MonitorObliviousTransfer::next
I: RecvEncryptedMessages::next
I: MonitorObliviousTransfer::next
I: DecryptChosenMessage::next
I: MonitorObliviousTransfer::next
I: ChooserDone::next
I: MonitorObliviousTransfer::next
I: MonitorObliviousTransfer::next
I: InitChooser::next
I: MonitorObliviousTransfer::next
I: RecvConstant::next
D: received message: 9267faf1ab9ad0b1819248b6d216b99f75a9e21a2cd03cdf97407a80aa04ebd57dc074f49299b4bac45cd566a60f9eff18921d544e4d16acf6a59bf1309a616e299ea928639d6932c676a50fd9b06053739600f4186fd8213f4e4c2a6d89e5e859d32331f1bad99b69f2653509fec2e96fbfd6f720e3c1661f20f8dc328a1b28
I: MonitorObliviousTransfer::next
I: GeneratePublicKey::next
D:  sending message (size 0.000256 MB)
I: MonitorObliviousTransfer::next
I: SendPublicKey::next
I: MonitorObliviousTransfer::next
I: RecvEncryptedMessages::next
I: MonitorObliviousTransfer::next
I: DecryptChosenMessage::next
I: MonitorObliviousTransfer::next
I: ChooserDone::next
I: MonitorObliviousTransfer::next
I: MonitorObliviousTransfer::next
I: InitChooser::next
I: MonitorObliviousTransfer::next
I: RecvConstant::next
D: received message: a49a63f41a37482cf73228d6f6c527f49ac7c236e69fbfacddceb06262d889022f011cd1b1deadbfa25a121d03084816056128a64dcf33900a7d137495710e103aca3ececc335487be579795d874c472a8e6cd9e2a76cfd029a2fcb688939d760464912e31bcbbf4f3927214e104b51855938b2af870d56bbd63350e15a03171
I: MonitorObliviousTransfer::next
I: GeneratePublicKey::next
D:  sending message (size 0.000256 MB)
I: MonitorObliviousTransfer::next
I: SendPublicKey::next
I: MonitorObliviousTransfer::next
I: RecvEncryptedMessages::next
I: MonitorObliviousTransfer::next
I: DecryptChosenMessage::next
I: MonitorObliviousTransfer::next
I: ChooserDone::next
I: MonitorObliviousTransfer::next
I: MonitorObliviousTransfer::next
I: InitChooser::next
I: MonitorObliviousTransfer::next
I: RecvConstant::next
D: received message: 77ed0d7e817df10369ad3a89280c78e9df21227cd9b78abd367f731cabeeeac81d26d9a3484c8cd82d24fb07486ad4e0fa1780bbbfd37914195fe0bf070d21b7a3c347fb2a8e9a0fdfff819b322f145935bb3cfbc590f521896d740a3f0bc3a24f992fda62d516aaa8cb15d0f86b6d160e5534c1b2e295f3dc2139e0eb1f724b
I: MonitorObliviousTransfer::next
I: GeneratePublicKey::next
D:  sending message (size 0.000256 MB)
I: MonitorObliviousTransfer::next
I: SendPublicKey::next
I: MonitorObliviousTransfer::next
I: RecvEncryptedMessages::next
I: MonitorObliviousTransfer::next
I: DecryptChosenMessage::next
I: MonitorObliviousTransfer::next
I: ChooserDone::next
I: MonitorObliviousTransfer::next
I: MonitorObliviousTransfer::next
I: InitChooser::next
I: MonitorObliviousTransfer::next
I: RecvConstant::next
D: received message: ca639c9825b77091f545514a60a25bd2def5f850d17c2905241372419efdfa8534c6a776c2009ac2bb56dcb7cd085672b83a78d75c7af9f9a6cf1a25f933d23d2a953379d890b84e3342a163c5621e99e6e4d3914fc9e4f7846359d5bdd2928c00fa1cecd67539f95193787fa0d5b170870559a688b6ff5829708d483a6e5fce
I: MonitorObliviousTransfer::next
I: GeneratePublicKey::next
D:  sending message (size 0.000256 MB)
I: MonitorObliviousTransfer::next
I: SendPublicKey::next
I: MonitorObliviousTransfer::next
I: RecvEncryptedMessages::next
I: MonitorObliviousTransfer::next
I: DecryptChosenMessage::next
I: MonitorObliviousTransfer::next
I: ChooserDone::next
I: MonitorObliviousTransfer::next
I: MonitorObliviousTransfer::next
I: InitChooser::next
I: MonitorObliviousTransfer::next
I: RecvConstant::next
D: received message: daf6f8a97e1a893477655eaf701c6cb6a1b3e8574a97dedfea10209820156c0ac01403d48064f20a092f55aff5a3e3fe28e4936f96e2f3697a8dbdf36e0ef07daa2523162ef7ca5a4671c884686feb296c6adedea76a78b084e7adcb7959a513ae4e1048c14116ab6ec6566a5457118f32b018f3c335b8322ff3016d1b8c91b9
I: MonitorObliviousTransfer::next
I: GeneratePublicKey::next
D:  sending message (size 0.000256 MB)
I: MonitorObliviousTransfer::next
I: SendPublicKey::next
I: MonitorObliviousTransfer::next
I: RecvEncryptedMessages::next
I: MonitorObliviousTransfer::next
I: DecryptChosenMessage::next
I: MonitorObliviousTransfer::next
I: ChooserDone::next
I: MonitorObliviousTransfer::next
I: MonitorObliviousTransfer::next
I: InitChooser::next
I: MonitorObliviousTransfer::next
I: RecvConstant::next
D: received message: 7ad69c9a18421e6697f99504b24e33d54b38ace52aea9388623f3890d733968e40cec5097cb3ca94c07e7b616d583ca3dfad48f211073b2270171eace336f3b5e5afabc624a0e699f541a093e77da03e486833464218c25b3f685fc731f49dc863dfed447aaf5dc051951d9f47b7dd45752aba7af70475b64f6ddafba8f1adde
I: MonitorObliviousTransfer::next
I: GeneratePublicKey::next
D:  sending message (size 0.000256 MB)
I: MonitorObliviousTransfer::next
I: SendPublicKey::next
I: MonitorObliviousTransfer::next
I: RecvEncryptedMessages::next
I: MonitorObliviousTransfer::next
I: DecryptChosenMessage::next
I: MonitorObliviousTransfer::next
I: ChooserDone::next
I: MonitorObliviousTransfer::next
I: MonitorObliviousTransfer::next
I: InitChooser::next
I: MonitorObliviousTransfer::next
I: RecvConstant::next
D: received message: 2b5efcc9c5cd1b59d28aaec8026a37d03048814af026c3410f9d6f8184e564378751032e3c9a4870e823092d08db7d4e7d739e55eb92dfcb72d199164b6547c62abbefeba9604b21fbb7398cef0ec3f293274c7b975fc60d4e62c5efd0c1a2bba914880202309f078fde7db4dea8bb23b1d35f6a327fe9eac76e9ba8fb5e4083
I: MonitorObliviousTransfer::next
I: GeneratePublicKey::next
D:  sending message (size 0.000256 MB)
I: MonitorObliviousTransfer::next
I: SendPublicKey::next
I: MonitorObliviousTransfer::next
I: RecvEncryptedMessages::next
I: MonitorObliviousTransfer::next
I: DecryptChosenMessage::next
I: MonitorObliviousTransfer::next
I: ChooserDone::next
I: MonitorObliviousTransfer::next
I: MonitorObliviousTransfer::next
I: InitChooser::next
I: MonitorObliviousTransfer::next
I: RecvConstant::next
D: received message: c2785a7ddd99dc499eb154864f70b56569c1fc338468e7710b559a7097bcd2d469c1e528bbc6a26720e34f8ecd5907bc4da03a78c0c35a543970d2d1ba095cb05a6805343565693b49112e4d8ead7337bb241e5bc4346a314b46974cc6c76423cfbc204d3835309258dbe1965f7d4a949ba0b004db6aca451de5f58a76477972
I: MonitorObliviousTransfer::next
I: GeneratePublicKey::next
D:  sending message (size 0.000256 MB)
I: MonitorObliviousTransfer::next
I: SendPublicKey::next
I: MonitorObliviousTransfer::next
I: RecvEncryptedMessages::next
I: MonitorObliviousTransfer::next
I: DecryptChosenMessage::next
I: MonitorObliviousTransfer::next
I: ChooserDone::next
I: MonitorObliviousTransfer::next
I: MonitorObliviousTransfer::next
I: InitChooser::next
I: MonitorObliviousTransfer::next
I: RecvConstant::next
D: received message: 8e6d525c994befefcc3b76fc3bf6c5862ab0a1ddec82f17bc64808a238cb1e0db05f6cfd2804cbe54b06f97ae921b695e9142ce7d821f9bdf1aee3214fac71edc711388dc253c0acdb889ce3d9f0c61c03cbbed7287ff8a99755cade25c6ace796975b6fe6dae45ce18cabed208bcb26b9ebf91fdb0e237740724a0bd97908c9
I: MonitorObliviousTransfer::next
I: GeneratePublicKey::next
D:  sending message (size 0.000256 MB)
I: MonitorObliviousTransfer::next
I: SendPublicKey::next
I: MonitorObliviousTransfer::next
I: RecvEncryptedMessages::next
I: MonitorObliviousTransfer::next
I: DecryptChosenMessage::next
I: MonitorObliviousTransfer::next
I: ChooserDone::next
I: MonitorObliviousTransfer::next
I: MonitorObliviousTransfer::next
I: EvaluateCircuit::next
D:   evaluating gate 10000
D:   evaluating gate 20000
D:  sending message (size 0.000001 MB)
I: SendOutputBit::next
I: ==== round duration: 14051.622070 ms ====
I: CopyMonitorStateLabels::next
I: RecvGarbledGates::next
I: RecvSystemInputLabels::next
I: RecvFlagBitLabels::next
I: EvaluateCircuit::next
D:   evaluating gate 10000
D:   evaluating gate 20000
D:  sending message (size 0.000001 MB)
I: SendOutputBit::next
I: ==== round duration: 17411.808594 ms ====
I: FaultObserved::next
I: MonitorDone::next
