I: parsing spec file timekeeper+.v...
skipping synthesis, BLIF file already exists.
I: parsing BLIF file synth.blif...
D: inputs and outputs parsed.
D: circuit initialized.
D: connections (#2018) parsed.
D: gates (#20547) parsed.
D: outputs: 28807 28810 28813 28816 28819 28822 28825 28828 28831 28834 28837 28840 28843 28846 28849 28852 28855 28858 28861 28864 28867 28870 28873 28876 28879 28882 28885 28888 28891 28894 28897 28903 28805 
D: circuit size: 28904
D: adding identity gates for outputs...
D: outputs after identity: 28937 28938 28939 28940 28941 28942 28943 28944 28945 28946 28947 28948 28949 28950 28951 28952 28953 28954 28955 28956 28957 28958 28959 28960 28961 28962 28963 28964 28965 28966 28967 28968 28969 
D: circuit size after identity: 28970
I: initializing safe primes...
I: using prime modulus 32317006071311007300338913926423828248817941241140239112842009751400741706634354222619689417363569347117901737909704191754605873209195028853758986185622153212175412514901774520270235796078236248884246189477587641105928646099411723245426622522193230540919037680524235519125679715870117001058055877651038861847280257976054903569732561526167081339361799541336476559160368317896729073178384589680639671900977202194168647225871031411336429319536193471636533209717077448227988588565369208645296636077250268955505928362751121174096972998068410554359584866583291642136218231078990999448652468262416972035911852507045361090559
D:  sending message (size 0.000005 MB)
I: InitMonitor::next
I: GenerateDriverLabels::next
D:   driver labels generated in 82080.273438 ms
I: GenerateInWireKeys::next
D:   in-wire keys generated in 13533.875977 ms
D: SendLabels::message
D:   generating in-wire labels for 20618 gates
D:   10000 gates processed
D:   20000 gates processed
D:   in-wire labels generated in 96084.390625 ms
D:  gateCount: 20618
D:  sending message (size 36.010440 MB)
I: SendLabels::next
I: RecvGarbledGates::next
I: RecvSystemInputLabels::next
I: RecvFlagBitLabels::next
I: MonitorObliviousTransfer::next
I: InitChooser::next
I: MonitorObliviousTransfer::next
I: RecvConstant::next
D: received message: a59d3cfaaef15067b4f740d195e79e2665aad7745d63907a36e78c840f9d7bf8025f3439f5b16ca76a844c3f00f745600bbbea8884aae3ca357183d77908ff1f03f50e166fb50f0b472d5b63ab6e0c92644294d4b5f46e7ba4729da0514bc58546dd38b044fc5f8368aca722b77221b73f5f7dd9fb7f3b0702e1d290785083acd184bee51e54165c334dfc4f95e076a5a3a7826364d953a18303dc59adb3e4451b6c8c185aec95328a9c5ffbf97ddb815f4ea95573c215095e3e21f7580a84dcd5a89c23f4e9c5bd45b96fcbb4dbb120903f7949a5ba90234decee4412a2fd7f3e1472166b9d772c78b0137889157db88de6b1e5fc69f06f300eddfb9e996600
I: MonitorObliviousTransfer::next
I: GeneratePublicKey::next
D:  sending message (size 0.000512 MB)
I: MonitorObliviousTransfer::next
I: SendPublicKey::next
I: MonitorObliviousTransfer::next
I: RecvEncryptedMessages::next
I: MonitorObliviousTransfer::next
I: DecryptChosenMessage::next
I: MonitorObliviousTransfer::next
I: ChooserDone::next
I: MonitorObliviousTransfer::next
I: MonitorObliviousTransfer::next
I: InitChooser::next
I: MonitorObliviousTransfer::next
I: RecvConstant::next
D: received message: ffb6a97d71d139d9666107346be9c75e80ab050581f19483c0a83610d9940d8007133192ea1c2f0196f44a37e18c819d7072b39a17e6199103ffba59125cdc1c0de793d3b7db58745d63f580676054c98deb3df228b04df60f95ff1b5811fadf9500db81cdfb0ad7b84aa009c332548849d3f35745563fbf5d753cd4263d89d0ef10e07f70d7c1476b60c51178a8a140937e66af0e4bea166d15329f0edbaf088ee701cac451bdfc7c035ce8ec65f9fed19f906fae7ed58483a27a2922e5842bf24fa5faf3a928ca91bbac4931814c46a2538b6a1676fef555be8c4e3e766c8201efb36a693282f8784986c2027c85a568fc401fde03cce26a27eb3757dfc801
I: MonitorObliviousTransfer::next
I: GeneratePublicKey::next
D:  sending message (size 0.000512 MB)
I: MonitorObliviousTransfer::next
I: SendPublicKey::next
I: MonitorObliviousTransfer::next
I: RecvEncryptedMessages::next
I: MonitorObliviousTransfer::next
I: DecryptChosenMessage::next
I: MonitorObliviousTransfer::next
I: ChooserDone::next
I: MonitorObliviousTransfer::next
I: MonitorObliviousTransfer::next
I: InitChooser::next
I: MonitorObliviousTransfer::next
I: RecvConstant::next
D: received message: f983a4fe8b18ce5ea2853d09fd5efed6269dfff427bad9c8dad7ccea33c94ed0ee54c15859db547f46f9187916fc9e312acb43e62de0ab39ec87f047b1a6acf9956ca22a57ecb67638d3a4f73d6b962a952bda8c9cc7998c8c3062b869f5372a592912ed5686e3e42c0d6aa00fbb7c8dec705679ebc87b6a48b575479e5337a227b8147d918d75bc5e49ded91cf5d629087154699d86ba96e18e689f65b86eff70aaa88985b63c031ab88421fcb45810e59fcac1944bf123d67907658ef35c8c021cc33bb79cac0ad657d912e0b97c02dd70ef4836f1f690b5bd4dacf7bc57ba50e5f0f057954ae94ca13d6f0ada00b29f160ca8b22f761c0552eaab364e3ad6
I: MonitorObliviousTransfer::next
I: GeneratePublicKey::next
D:  sending message (size 0.000512 MB)
I: MonitorObliviousTransfer::next
I: SendPublicKey::next
I: MonitorObliviousTransfer::next
I: RecvEncryptedMessages::next
I: MonitorObliviousTransfer::next
I: DecryptChosenMessage::next
I: MonitorObliviousTransfer::next
I: ChooserDone::next
I: MonitorObliviousTransfer::next
I: MonitorObliviousTransfer::next
I: InitChooser::next
I: MonitorObliviousTransfer::next
I: RecvConstant::next
D: received message: b059e5b726cd754570050bbc996ce91690f0f0914f5ee4e013b7a459aad9ab6a6262fcba8457449040887bf5119e5e2b6c7e25f8d898e98c913bda92c653dfb0cc87e56c5dc7746ce2b67decbf62a52068ad7df2ae6fddd171de9e6be90a6c0c83f0891714fb7a9b0da8cc145e2acd4bc707e7c1333203b494e3e89b6bba359d93751124f46e2d559e685e018d1ba980632930c02802abe03c7fc87dc758a8cded0e60f8cfaebbae89914cb42d99d1be10f165056051b5b4c92fcc37cbff1e3700278d7184e687ccca7b70c11f45a50a9e3aa15a492e89f12b012be3b2fc5cabddd958a7f9349f9b9723a5747b7db336198e921677d800c612886fcf86b5ff6f
I: MonitorObliviousTransfer::next
I: GeneratePublicKey::next
D:  sending message (size 0.000512 MB)
I: MonitorObliviousTransfer::next
I: SendPublicKey::next
I: MonitorObliviousTransfer::next
I: RecvEncryptedMessages::next
I: MonitorObliviousTransfer::next
I: DecryptChosenMessage::next
I: MonitorObliviousTransfer::next
I: ChooserDone::next
I: MonitorObliviousTransfer::next
I: MonitorObliviousTransfer::next
I: InitChooser::next
I: MonitorObliviousTransfer::next
I: RecvConstant::next
D: received message: e53acbfd301c1dd8197dcbcebcac0d872400bb2583cd32aa655f3245d07400f70da071eff5ff58628ad9e2e47a46cb31a1a127a7b6c44fb6588441a084db85a25c7e51b61795a1e386dcd7876f33a70ac47c64f4f66b883c8a20f7253f81ec086af692c5ad9bb64ce71b21d379fc60b9a237eab4e29cdec790f9d8c2dcc6042f806e9ef20a5345cfc4335943a18722784b4a77927acc80a6ae1e9c980ca5166776bab8d3fcaf0ed8eed1b78f93f989e8579deaa92fd94b2609dcf1947c5b74248fe21eb0c416199b9a7308594d9da43cfe6151bb104e3a00ad0d5a24a3068c45bb37bae7515e9fe325fb81f3da838d31d9f83c381fdb92780f1c986b4d31945e
I: MonitorObliviousTransfer::next
I: GeneratePublicKey::next
D:  sending message (size 0.000512 MB)
I: MonitorObliviousTransfer::next
I: SendPublicKey::next
I: MonitorObliviousTransfer::next
I: RecvEncryptedMessages::next
I: MonitorObliviousTransfer::next
I: DecryptChosenMessage::next
I: MonitorObliviousTransfer::next
I: ChooserDone::next
I: MonitorObliviousTransfer::next
I: MonitorObliviousTransfer::next
I: InitChooser::next
I: MonitorObliviousTransfer::next
I: RecvConstant::next
D: received message: 69448073b351364ec466ad1226dbabcd1e472574eead321f336428d2c88a7889c8681f006a4b0f1f50b0a8f3573b2d9ea126849535e5501fbb9433661ad2af2f249429b670d658d2b1d34ab8ad9cac970133b7e44eacd65483244c83b735480ee58ef035d68850e95eec52937cf1be2eeb75cb6c674a1f11badafcbea78076708d90f939a1bb7fdf0a796d650a66e27a471d6844a62532ca51272dcc5688be6f29d07df8c8c382e5dde36577dcf735bd4b318ef6cc522436e10d8caf14dd72c03ac53a810ed0d0a72389eb7e6a3f4c55f2987d020c0a84ae34f83700c2b0fe3d0289c2daf0eb4db6f2ce1a1af11ba7dc440a858decd3ea395be84f0442930d81
I: MonitorObliviousTransfer::next
I: GeneratePublicKey::next
D:  sending message (size 0.000512 MB)
I: MonitorObliviousTransfer::next
I: SendPublicKey::next
I: MonitorObliviousTransfer::next
I: RecvEncryptedMessages::next
I: MonitorObliviousTransfer::next
I: DecryptChosenMessage::next
I: MonitorObliviousTransfer::next
I: ChooserDone::next
I: MonitorObliviousTransfer::next
I: MonitorObliviousTransfer::next
I: InitChooser::next
I: MonitorObliviousTransfer::next
I: RecvConstant::next
D: received message: 435d2855b2a9a264d30eae5d3cfd1f6c1ce74b1952959644ea8964a206833a3b4580ae96bcf9bd0a0f9fbef4b46067001f3f5a0a0dacb58aefd5797244e3745a873201b1848931414bca154ddee333ece0e675eba8fef5559f1659f819c0d7230e70a989aae41f08d8fab1625b808f4751db816a2f1355d2704ae971f316dc3c92e57f7401cc3574d3fbf11f7c35da6f3302df9be2b260a9a6cd1f52fbae5afe5f132ad45fcfa77eebb5b4ab938a92f0e867368dadb323e307cd9091bdb491c75a67bc347ecb38cdced09e03b31e7c187173445a3049a9694f15193a3009eaa7da95b6f342525a2c698ad9de0870e8723d6f17e6445478347ae519bcb42a6765
I: MonitorObliviousTransfer::next
I: GeneratePublicKey::next
D:  sending message (size 0.000512 MB)
I: MonitorObliviousTransfer::next
I: SendPublicKey::next
I: MonitorObliviousTransfer::next
I: RecvEncryptedMessages::next
I: MonitorObliviousTransfer::next
I: DecryptChosenMessage::next
I: MonitorObliviousTransfer::next
I: ChooserDone::next
I: MonitorObliviousTransfer::next
I: MonitorObliviousTransfer::next
I: InitChooser::next
I: MonitorObliviousTransfer::next
I: RecvConstant::next
D: received message: 64681c6b5e849ab7011186d21bb5d739ec87181b8b6feaf235f00bb78581e420dc035998476b42a0b2c8765f5bbcdfb9229abe48cc6acdd6c71f33e3d5c687938038ce475e03b86f573501886258b7990dc3df6ce1ae9eb97a7831214c4ce15e27fb477013e08caa86dc385042f41aa378b402abedc76a609db91bae80f40aecd8bb0c5d18d706e4013d84cf412e467c98afab5a57c86797f32077e6351c79e36f1e504a7cd61891ebd063bc7f361fd5cc989d44f12781286765cf8c303e60d3ba09e98c17bef627fc1426c9ab554f05248cf4710184e9a51fe3e443a4f9470e07ef36fa6a65f4d6635d522365eac49a191abc7485f77067d96344ef4823319a
I: MonitorObliviousTransfer::next
I: GeneratePublicKey::next
D:  sending message (size 0.000512 MB)
I: MonitorObliviousTransfer::next
I: SendPublicKey::next
I: MonitorObliviousTransfer::next
I: RecvEncryptedMessages::next
I: MonitorObliviousTransfer::next
I: DecryptChosenMessage::next
I: MonitorObliviousTransfer::next
I: ChooserDone::next
I: MonitorObliviousTransfer::next
I: MonitorObliviousTransfer::next
I: InitChooser::next
I: MonitorObliviousTransfer::next
I: RecvConstant::next
D: received message: ef893635d27d91fab8e8322d3b27fe056aed2796ee375297e4b88af75d819ff0da3f72ebeb7f1801669c9314a2c510ee29e0c2893d2ebb9f907570052bd7a79235eaf8743a12d237cbb884394716f3a976891310cd89ff3e4774b0d8a5367f9a2b3503ac168c216aab707f0a3e7cc412852bd983205fb2d94c53df5b4093892fb04928bd5fb2bfeda85871cfb5710cec2068f284596136520c6fe0da98495d27df2ae21c357c23d34099c5aa7079809d1ca32e7d92f859fff67e207f67aaed27d391d7940692b2f397d871568e2c64edcf2c83420fff8417c15d122509b24686dd83c9d3f6b79f1bfb0b70afa77f8619064c0d2edf714df09f48f6c6a0b4e7fc
I: MonitorObliviousTransfer::next
I: GeneratePublicKey::next
D:  sending message (size 0.000512 MB)
I: MonitorObliviousTransfer::next
I: SendPublicKey::next
I: MonitorObliviousTransfer::next
I: RecvEncryptedMessages::next
I: MonitorObliviousTransfer::next
I: DecryptChosenMessage::next
I: MonitorObliviousTransfer::next
I: ChooserDone::next
I: MonitorObliviousTransfer::next
I: MonitorObliviousTransfer::next
I: InitChooser::next
I: MonitorObliviousTransfer::next
I: RecvConstant::next
D: received message: 334e300a0829be7274feea208898811882518c2e212bca9b9cf038d7524202a24d127ffaf6463803127a66301fd279b1cc60a0d700a840be90436a50d45b8854b3d38bd4dea25c27690618dc831572738fb78cf1baada2d901094a674bebe2dceae6502135762de0b69c552dae55eb38ff27794511c28e61791ad4aedac6c5d9a28526733e18999ebcf82eb10ee9ae1ba90175e167509f9cc559de787cab9fd11aaf154ad0ef3986a3192b0a3175b2c35a3061e56338cea5c3693ccb7bda27c45109037f25840bd9f56a4a195d4c7f821af23109ab4bef292cbbbd16c211d75f15a0406dbd6f89ab3e35a886b6dff57776f12302055b8ce8b13f021dae985b5d
I: MonitorObliviousTransfer::next
I: GeneratePublicKey::next
D:  sending message (size 0.000512 MB)
I: MonitorObliviousTransfer::next
I: SendPublicKey::next
I: MonitorObliviousTransfer::next
I: RecvEncryptedMessages::next
I: MonitorObliviousTransfer::next
I: DecryptChosenMessage::next
I: MonitorObliviousTransfer::next
I: ChooserDone::next
I: MonitorObliviousTransfer::next
I: MonitorObliviousTransfer::next
I: InitChooser::next
I: MonitorObliviousTransfer::next
I: RecvConstant::next
D: received message: 1cb617f21da736c199fd3a4d117d82ba90421208774bdbc9289308c7ca272690abc241d1aa6a9d1871746a9e37c4c8645f514607365368896c11d09181a814ba6f8680f287c62e4237676be954dd8649dc330072e728c54b5c96c57242f31b9a7516a59a0366c9bf58a6828b94c71ff488241f598cdca10b900e695ff879802823573827d1f4763c7dc64bcbf68124f7e4a41ebce49e3cce4913cd7ac9e1f479545ce7b2619d131f76e3661acf2eddd03044d2699a2d9dfc05f0aa552aad9f3ebaad29582324d7359481d0fadd84056ab94715a6b026bcd9332d1cddef7fca0b6645ab94088eec2c78bb5c6b640e0b4bedfe9f26d75d81aa700a9ccde072a514
I: MonitorObliviousTransfer::next
I: GeneratePublicKey::next
D:  sending message (size 0.000512 MB)
I: MonitorObliviousTransfer::next
I: SendPublicKey::next
I: MonitorObliviousTransfer::next
I: RecvEncryptedMessages::next
I: MonitorObliviousTransfer::next
I: DecryptChosenMessage::next
I: MonitorObliviousTransfer::next
I: ChooserDone::next
I: MonitorObliviousTransfer::next
I: MonitorObliviousTransfer::next
I: InitChooser::next
I: MonitorObliviousTransfer::next
I: RecvConstant::next
D: received message: 1f0f93409c585a18a26e5ee4e6baa9333973a97af516edd9bd7ab1ca6f4d57b7a7c5b46393e70765ad2637749f62ad43c5b4f036b554b5335066c7b839089f16d81b647ccb7f882aa7086dfa817aa0b184140e7eca302b416a656a7e22aae9ec238b447c51526cc43d1cf4394b53afa2839fca52505d3014ce34ac89cfe874e384220c34b4763e50539ac7284226d9e0afe8d42a193a7b471ca58679da686b9383bc8cec87bba88ceb0e8e8710fe9d61c4f3a77069bbbdada27cc08cd26ad50300cef3519ec81eda14ddabff65e3292e16387b054f725a7b467024bdf3e96b48c70b0f971dfb11432c8ab6de0fcdbd002acc1c1e0bb875c0b6aa10bc0554ede6
I: MonitorObliviousTransfer::next
I: GeneratePublicKey::next
D:  sending message (size 0.000512 MB)
I: MonitorObliviousTransfer::next
I: SendPublicKey::next
I: MonitorObliviousTransfer::next
I: RecvEncryptedMessages::next
I: MonitorObliviousTransfer::next
I: DecryptChosenMessage::next
I: MonitorObliviousTransfer::next
I: ChooserDone::next
I: MonitorObliviousTransfer::next
I: MonitorObliviousTransfer::next
I: InitChooser::next
I: MonitorObliviousTransfer::next
I: RecvConstant::next
D: received message: e96e6852e254ad13a5d23aab16924ab29beeae95c06dbb885ad9368dc49a22cb72ab722b9db0b825a825aaedb260dd50e8348e945927cbbe862d926ba43d434b0625b02ad229abb73ee0321171627f6e9e00f65cc0fe499a24f4bc4a40e46ede8b8572a255d1b4c2bbf7796a5237a6fe7bf23976b6226b7038758040b4fd99dcf854088b212166338cbf305f434a18c31ff5325c06931d12e53e4fca78b31d3a382398fe30ef9bd47f2cf2209383586705c206221f4ab6028cecec0357b136bef427791eca36eb3d22b2bf568b07d7dc34a153c144ea527ab7dc62d26f7a0ad73787c75462fc467d126ebf80458eee2dcd6e36bcb41a71850bbceea726fb315d
I: MonitorObliviousTransfer::next
I: GeneratePublicKey::next
D:  sending message (size 0.000512 MB)
I: MonitorObliviousTransfer::next
I: SendPublicKey::next
I: MonitorObliviousTransfer::next
I: RecvEncryptedMessages::next
I: MonitorObliviousTransfer::next
I: DecryptChosenMessage::next
I: MonitorObliviousTransfer::next
I: ChooserDone::next
I: MonitorObliviousTransfer::next
I: MonitorObliviousTransfer::next
I: InitChooser::next
I: MonitorObliviousTransfer::next
I: RecvConstant::next
D: received message: 7d15dfee5872a2f8e48e552afbfab55e9aa2880c77e42b1bccbfbdfb1139dc93cefe2cb22a24d144d1260a31f1d4f730bcc213e584986d7ebfa9054f9117e28fef07a320c192118c09e892c376488f0bd2be8bc2d9e921b2aaa7caac1d8a3f187ecc8b3bbbbd036a16b8aa691beaec23c1126a637cfcccf090629e32709d5b109425ccf421ad5d077114919836e1ef3376fcc571083c949e1a7ed1c8ce95a7eae6c1b8e02a1ead713c011834aac1bec2adb266f805dc3f7c25a48a1939ce33d3fb467b0f56018bfd01f49d21eff9715b96216e0de92f900d1ba59280467f04d8caaa7d28f720ba453a1b54297434ba2606331aaca765fd38793b59e48209686c
I: MonitorObliviousTransfer::next
I: GeneratePublicKey::next
D:  sending message (size 0.000512 MB)
I: MonitorObliviousTransfer::next
I: SendPublicKey::next
I: MonitorObliviousTransfer::next
I: RecvEncryptedMessages::next
I: MonitorObliviousTransfer::next
I: DecryptChosenMessage::next
I: MonitorObliviousTransfer::next
I: ChooserDone::next
I: MonitorObliviousTransfer::next
I: MonitorObliviousTransfer::next
I: InitChooser::next
I: MonitorObliviousTransfer::next
I: RecvConstant::next
D: received message: e5793592989654adf07cf498d6c28e417c0b072ea4f4280556f771312695b3abcee8115176b0cb480d62043e508fb6dab2d91fe5ee080f380ad979ef4b90f4a663913cd84be58c347e5f6b34dcd8ee49bb6bfd27aa54b2eda96f6c916cf130bc8f596af04dfba1be6066480ff6581bb1fd130431292700d44361970e138276e215d42e41503ec4ada7450e124629a66339d570c3cc324a1e5706090d97460960680a0fe645b192f784ce28d843c8a04a36f95478e90b177c306978c5620c0704866b3b6b130f88ec32429cd4cc8c8ad62fabe091b3ca5264078fa30f71068e3bb4ad0b47eae15b966309b86c4b91a2b6dbdd26818e53666a92604830c974ad23
I: MonitorObliviousTransfer::next
I: GeneratePublicKey::next
D:  sending message (size 0.000512 MB)
I: MonitorObliviousTransfer::next
I: SendPublicKey::next
I: MonitorObliviousTransfer::next
I: RecvEncryptedMessages::next
I: MonitorObliviousTransfer::next
I: DecryptChosenMessage::next
I: MonitorObliviousTransfer::next
I: ChooserDone::next
I: MonitorObliviousTransfer::next
I: MonitorObliviousTransfer::next
I: InitChooser::next
I: MonitorObliviousTransfer::next
I: RecvConstant::next
D: received message: 48c6ca4d0927d57dbb40811a106ba2622409b966946ef2979bf4ca0ee199fb8ea9810f32af97e1d3e99076cdd9c3012b2c6ac8053e52b91f95bf95a5db93c9c11f4c34a3fb531b90d18e33a1973794854b6941dae9b2b1292c6ab57bd857b18a8940b694ddf40e0b02e8515f1d373c0a469789f6be2b178c23b45654aa7cd483e6b3600cc9188260c95e49ab73e7772f699da343fae17006f0c67d2857ec9bad15f599049d103b36896847ef5afeff79d71e40e17874b39b9a4702e534cdd8e2a098fd68cf05f0f59bfc0a21a50afdfda6fdc0e43afe3e9a4c5957a2d3ab280a96820305339b861586f2aa27054806f57b14f29fc4a97a2782c468a1fce48e1a
I: MonitorObliviousTransfer::next
I: GeneratePublicKey::next
D:  sending message (size 0.000512 MB)
I: MonitorObliviousTransfer::next
I: SendPublicKey::next
I: MonitorObliviousTransfer::next
I: RecvEncryptedMessages::next
I: MonitorObliviousTransfer::next
I: DecryptChosenMessage::next
I: MonitorObliviousTransfer::next
I: ChooserDone::next
I: MonitorObliviousTransfer::next
I: MonitorObliviousTransfer::next
I: InitChooser::next
I: MonitorObliviousTransfer::next
I: RecvConstant::next
D: received message: 481e5a23ed4b1f44cfce189de51bd0e0e7ed33b27316773a83b73aa455e9c551b9fb21c8f72a18407fabe02e469c192a5960af8b41c7062e1421ae316bb5f6d2da5a48430cfa562d4073cd5c60c1f98707a2f16d7620fe1235c808cafcad21d6f166b5a50c4d8002629fad9b3cf145a956328090a00b5047758cd3ecc995308a71db6830c83d5cb4e54efe70f1f81a3daea9083feafc1593d337498c0496fe9fc36a89907630145e8e632df61fbeb41dd101eafdb72252b5401f40af1f476c44ddfa5350e9d34eac0a52522c0726cd0a940defd96cdd4d72f3d789e655019a2ffe40174b4a016889c7c1ee3c87dce8bb4a3ce77b51bfbe7b2349cf26bc726bc8
I: MonitorObliviousTransfer::next
I: GeneratePublicKey::next
D:  sending message (size 0.000512 MB)
I: MonitorObliviousTransfer::next
I: SendPublicKey::next
I: MonitorObliviousTransfer::next
I: RecvEncryptedMessages::next
I: MonitorObliviousTransfer::next
I: DecryptChosenMessage::next
I: MonitorObliviousTransfer::next
I: ChooserDone::next
I: MonitorObliviousTransfer::next
I: MonitorObliviousTransfer::next
I: InitChooser::next
I: MonitorObliviousTransfer::next
I: RecvConstant::next
D: received message: f7057d4068237812bb87a634ff1a77548a98cf658a1a0b086e562591c60282accd56bd9eeda7fc3333d71487ed5f7ee84d7727e7347c2b412151625e13dbe4fc5fc2467f564a1ca25e070b8c193a4227bd7f4f683341fce6f7b599756e00da924d61c718f444d27931d21832f8f14c0a78732326fc6f323e76f4688ab4b8ce6751aa71ebb31e68faa0c5457eb0bf4babe46aa46303ac31e2f7d52a5f8eabe3a2914eb91b2b0ec28651f9b49f40bb23e48a59fd6b11215750d3505fcea32f8073551a9651fe8998e57804270a6c63fbcfd8408c1f6520024a5d090745660cf9158e5385bc5aff20e9ad1b50e43b332a70ec1456c513079e8ba5ea7c42304e9f
I: MonitorObliviousTransfer::next
I: GeneratePublicKey::next
D:  sending message (size 0.000512 MB)
I: MonitorObliviousTransfer::next
I: SendPublicKey::next
I: MonitorObliviousTransfer::next
I: RecvEncryptedMessages::next
I: MonitorObliviousTransfer::next
I: DecryptChosenMessage::next
I: MonitorObliviousTransfer::next
I: ChooserDone::next
I: MonitorObliviousTransfer::next
I: MonitorObliviousTransfer::next
I: InitChooser::next
I: MonitorObliviousTransfer::next
I: RecvConstant::next
D: received message: 77fd756075a0779d1c15aeb98402937833457c67d8820ed4004925c4e389a70018a8bc548056b54b2286d8d3fd2282fa1687252fcc9f564fbc7cdd91e041ece3616038a2bdf1d0d99598f26ed4e5562294ec31132f17cae3600c89df4fe77ecfa9070832b58493edc63e0879ff77880304a35515ba71bcbf650dea7bf930fed163c18ebf18bed8546701643657c5b00ff0b17e017b3676b7efaa0f8f6e35e40b486ebe74b43824379fc556366d187d1e354788a1cd61c86e9293ece4361ade90fe5e6c0952c1028dc95df66172eeabb00a3ea8cd06a745cfb851cb3bae40608b965b2374d3d209cfb6991a74de81a21a9b154dba61cd91852ab7cc68ddb53d07
I: MonitorObliviousTransfer::next
I: GeneratePublicKey::next
D:  sending message (size 0.000512 MB)
I: MonitorObliviousTransfer::next
I: SendPublicKey::next
I: MonitorObliviousTransfer::next
I: RecvEncryptedMessages::next
I: MonitorObliviousTransfer::next
I: DecryptChosenMessage::next
I: MonitorObliviousTransfer::next
I: ChooserDone::next
I: MonitorObliviousTransfer::next
I: MonitorObliviousTransfer::next
I: InitChooser::next
I: MonitorObliviousTransfer::next
I: RecvConstant::next
D: received message: 827059b52dae7a1a79574053bdc4e2918a5a890eb7e3a2b9b1a12aff9353feafcb3f5f66ec2c39bbb15965e397a5e80afb92c05ec14918f257bb8bfd34a421975686c581f0dd161b8589e206f4a4d0a579cc08cd8b14edcb7d6e72aee8a5c9f7f50921eb9b97c51124dc912e0625310f2d02e66fed4db8c02e22cb38fe1548efdc3480456f130915beceff0eece0dfc87cb14d657d3427178c276bcd6a50d27bdc45b564304797fc93f325b362e1a833f65e7352a9eae2ece1de16a849d9722152b82cf75ca8d6428de180f463a33617ea9eee5b3ecaadeb9c55ceb2b177a85fac308ca9eac566335b7e7b32d953a28e6bd1fa1d4103924bb2065b39cc579fb3
I: MonitorObliviousTransfer::next
I: GeneratePublicKey::next
D:  sending message (size 0.000512 MB)
I: MonitorObliviousTransfer::next
I: SendPublicKey::next
I: MonitorObliviousTransfer::next
I: RecvEncryptedMessages::next
I: MonitorObliviousTransfer::next
I: DecryptChosenMessage::next
I: MonitorObliviousTransfer::next
I: ChooserDone::next
I: MonitorObliviousTransfer::next
I: MonitorObliviousTransfer::next
I: InitChooser::next
I: MonitorObliviousTransfer::next
I: RecvConstant::next
D: received message: 2500118c0e800b7acd92ab54d9c56c97faebd8c53b9dce3786d6dbf710836549c13ef28980622e61a5dc5f98f655fb1d1b2dc15d1292760c1570a1ef9a226621756cd8f2713476019a66767160d4121646f40a8cc59ceaa7bb2318b852fb4f90b3c6e3ee0d751b8bce80ff42617dd79094c343d0a8e6aface4326ea3a3ce182c6e8fe75e9d064deb56e026fe3ff9b1320e105c7c844dc815467bf986f8b21eec9e6a49dceb808c8c3f51f5228c13808d1ab0cd311a02cdcb638abd3e4eee217ba7932a2ee0fd59f194390e7ac06705dd4fa5eaf8434b31ab51e27594f82794af450aaca32c34776325f5d37fcbe7b0a0d2483ffee2d018f4c6544d16f3b185dc
I: MonitorObliviousTransfer::next
I: GeneratePublicKey::next
D:  sending message (size 0.000512 MB)
I: MonitorObliviousTransfer::next
I: SendPublicKey::next
I: MonitorObliviousTransfer::next
I: RecvEncryptedMessages::next
I: MonitorObliviousTransfer::next
I: DecryptChosenMessage::next
I: MonitorObliviousTransfer::next
I: ChooserDone::next
I: MonitorObliviousTransfer::next
I: MonitorObliviousTransfer::next
I: InitChooser::next
I: MonitorObliviousTransfer::next
I: RecvConstant::next
D: received message: caa280d46c6b3dc9ce345203bc0c507bede7ce0ad873f39f17357f55e5038066b267eeb0811922237744f02ecb91fc36e9f2f596767908d3d2cf4e1b831341712c3e542283dd5b85b2c420209c25cadb2b8eb8e2b6840c59be2a841b8ae09c09ae7f81b6ca9da1a17727501b52cbd99a73f7b064204f6ebfced41b4b6757014327b286eea10df301ac3dbe62a5bc44caa68fbc15918a47488d113f74425955e1037a93cbac77990852b995970aa6415c5ddd5012b0407f79dc027c71380ff51f4a283dd7f1cca5fa5d6efabf666cf10b83127b62b4fd5911f8ff48ccaab21099aa0117efd1fcf45735b52a7eec4843129dd35e63d11f502353e4b02b802208f1
I: MonitorObliviousTransfer::next
I: GeneratePublicKey::next
D:  sending message (size 0.000512 MB)
I: MonitorObliviousTransfer::next
I: SendPublicKey::next
I: MonitorObliviousTransfer::next
I: RecvEncryptedMessages::next
I: MonitorObliviousTransfer::next
I: DecryptChosenMessage::next
I: MonitorObliviousTransfer::next
I: ChooserDone::next
I: MonitorObliviousTransfer::next
I: MonitorObliviousTransfer::next
I: InitChooser::next
I: MonitorObliviousTransfer::next
I: RecvConstant::next
D: received message: feb42ce46642ae58ef78a8050b96a69f215828d2827fe87d8759c3d74aa3149d6048bcce98b0b337eeb71ce2dfd5807e8561deda35d5e339cf0712cf0bda805c545e47f52676fed4bee57256af9ed486c8ea6210228c212b225c2dcd80687dd2536f37133f37f3e3341fad9abac42e0dfac7dd80dabef9b38183aed84378c91e80edbbb762f7a8298bed87973144b220c547d0a9a7654a0e7ffa97e96509809952730f8109efafccfb288cee66d629c0052e6c7493d093bbf862139b0ee6139039efbc2c03ee41e756fc0d154f31b6008371304f8a38437795c2bf10d1564a0f2df34ca9ad013ce76273cc00a52e33e5453095447727c1e8414ee9288e51d9e
I: MonitorObliviousTransfer::next
I: GeneratePublicKey::next
D:  sending message (size 0.000512 MB)
I: MonitorObliviousTransfer::next
I: SendPublicKey::next
I: MonitorObliviousTransfer::next
I: RecvEncryptedMessages::next
I: MonitorObliviousTransfer::next
I: DecryptChosenMessage::next
I: MonitorObliviousTransfer::next
I: ChooserDone::next
I: MonitorObliviousTransfer::next
I: MonitorObliviousTransfer::next
I: InitChooser::next
I: MonitorObliviousTransfer::next
I: RecvConstant::next
D: received message: 352cec5745a23a1c629a07b44bab91af1bf2db0e65ef6dfb9951fce071783a2121f0550ee939190346994689976998d768d56fb089335963256257c67b4f15ed24878d5165e22d26feba8bda35b9ffc7100e4bb285b656810a90f1a6f72e12b8d345953dda7283fada5fe34473909001569af5416d11e1857e85033b52b0924526a6fbf82a477c61af73734c75640460a56e9cf381cde4239f26edfa27c11016f68461a76e3683900f2211ad9ff7c7b62b2483b858881e0071fdb1e9ce6878ed83c567d2aa1a3da404aaec6bc16d5e04c8912e1899cc53dd50bde18573ac0773542963ab9d69adf3a7726840fa2c3afea94a3574364b32c3ef07a3da161801d7
I: MonitorObliviousTransfer::next
I: GeneratePublicKey::next
D:  sending message (size 0.000512 MB)
I: MonitorObliviousTransfer::next
I: SendPublicKey::next
I: MonitorObliviousTransfer::next
I: RecvEncryptedMessages::next
I: MonitorObliviousTransfer::next
I: DecryptChosenMessage::next
I: MonitorObliviousTransfer::next
I: ChooserDone::next
I: MonitorObliviousTransfer::next
I: MonitorObliviousTransfer::next
I: InitChooser::next
I: MonitorObliviousTransfer::next
I: RecvConstant::next
D: received message: e9a5b4415e12d54b8ba33d04190dd89fe455dc53779870c6f79af5d8060565e1091e8714d1ab9522768236a794acb7066f5648454b884fe4bf0b13e7e8fa5e85ac55cdc072bcfe9a40263adb99b1a76467df803e29cf8b76dcbba4676e1ab2589886195efe56a889e9e716ac07b2020a1fd7241245d3e7cdc0492b7318d6b4778c95721800fa23ba6bfd7efba278139bdad6250e7b2829c8f248517ae74f72e8b289ff56aa7b286eec2a0ec39632f5ced5fcedf963d6f6df10d755a988a546127959825ac4f276ecdecc467d57b8f651422df33060e6b5702c0f10a7acf73c8a7319cd23f06758942443fa022def7f5bdebfc907827a4a43c199628ee8f6a6cc
I: MonitorObliviousTransfer::next
I: GeneratePublicKey::next
D:  sending message (size 0.000512 MB)
I: MonitorObliviousTransfer::next
I: SendPublicKey::next
I: MonitorObliviousTransfer::next
I: RecvEncryptedMessages::next
I: MonitorObliviousTransfer::next
I: DecryptChosenMessage::next
I: MonitorObliviousTransfer::next
I: ChooserDone::next
I: MonitorObliviousTransfer::next
I: MonitorObliviousTransfer::next
I: InitChooser::next
I: MonitorObliviousTransfer::next
I: RecvConstant::next
D: received message: 66f9ef799dd931001666e212f7c06dc002ab17a2a60494e63a767ee28aed54a450147521a9d4cf68b36ed60b12801c865eafa2e9882eaba9b3605e8b643194b0381ce156ffdef590c25411c59acaad58057b9dab4b9dce2b481fd3d34c0de1996dbfd10582b61563c31ae74919f2c8f978eed153e50f0cdd38eb57a22efe4da9d0e8c57813ea235e25990fe7a5a34be039dd1d0088906e9a87271e62c3eeaefb070e5be5b10c2385e65dfe8d5433736e2b1602b83507880aeba820d117d70c6b828ef858453cbb56a46cc0a1c1fc766284ce85bf34fbb634f6efd6bacd4e3a4ee530f71fcd494de09320d3a59f45f3592c4ac4fb49df0f6eaa4ce36d5834d57b
I: MonitorObliviousTransfer::next
I: GeneratePublicKey::next
D:  sending message (size 0.000512 MB)
I: MonitorObliviousTransfer::next
I: SendPublicKey::next
I: MonitorObliviousTransfer::next
I: RecvEncryptedMessages::next
I: MonitorObliviousTransfer::next
I: DecryptChosenMessage::next
I: MonitorObliviousTransfer::next
I: ChooserDone::next
I: MonitorObliviousTransfer::next
I: MonitorObliviousTransfer::next
I: InitChooser::next
I: MonitorObliviousTransfer::next
I: RecvConstant::next
D: received message: 1ee46c3df0336c4dead14e91f67b07e6502b47eb67bc2f352c22cab3f5a343f1ee8af4b13ca06ab6f113d2b1762e785ecf28c99cf4630be023b04663bbf453c44a7adb697dc498e16f1bdcb40d9de60fb8ec67ab6d571aff172619f1b7a73eb591dc17a72512c0acd5144e9c4dd3b5a3eb29cd1fca94599b882681da53f5c860ed09bf9e6a30ec6041e2ed3ec7665d5254e7a33c3b531723197f97bf5ea99675bbc209c9d42eda58951a0de2464905f3e290eb70a4f62e3b392ab7fe29510eceac943b1f04b828b3d6cd166de3056e828a25bc6f4e83e7bbf90be7073a0e4c06e7de104de1f28cc8837b891e5b6811d01099bb49a798d96ce4a549123f7b29ba
I: MonitorObliviousTransfer::next
I: GeneratePublicKey::next
D:  sending message (size 0.000512 MB)
I: MonitorObliviousTransfer::next
I: SendPublicKey::next
I: MonitorObliviousTransfer::next
I: RecvEncryptedMessages::next
I: MonitorObliviousTransfer::next
I: DecryptChosenMessage::next
I: MonitorObliviousTransfer::next
I: ChooserDone::next
I: MonitorObliviousTransfer::next
I: MonitorObliviousTransfer::next
I: InitChooser::next
I: MonitorObliviousTransfer::next
I: RecvConstant::next
D: received message: cd78815fab7a6c86cc502a3491ce1a11da04691f0ca60b8472ac1a9aa6b74574776a3c5b5e304747ff1ce4aae635f94f65e7803895e147272e14f0af493e8b5f37de1d74c371fea61c7998afe7a711c567a1e382175e07d11dc1b9aefb26052f633864cbeac862362a10b1540e8a6636c67902e3ffce559b64547ee148b9182a6bc81421b93f9a52dbc6d09de36b7bce65a407d6e82c1ed46f1f415c9ff4edffb1a2a0df2b62e169582a230db4300fd5bfc84b64a36a2b8a52b7ab6fddd75e86eefb14ff3a0cd8430eb3148eccc0be0da791c733299fdee3c73aec5f43cc517b0406fa85d96abe341d4c143e8ba5d75fd3c09d12928e030e943da424c6ee3f2
I: MonitorObliviousTransfer::next
I: GeneratePublicKey::next
D:  sending message (size 0.000512 MB)
I: MonitorObliviousTransfer::next
I: SendPublicKey::next
I: MonitorObliviousTransfer::next
I: RecvEncryptedMessages::next
I: MonitorObliviousTransfer::next
I: DecryptChosenMessage::next
I: MonitorObliviousTransfer::next
I: ChooserDone::next
I: MonitorObliviousTransfer::next
I: MonitorObliviousTransfer::next
I: InitChooser::next
I: MonitorObliviousTransfer::next
I: RecvConstant::next
D: received message: 573069253f3f8376d8c56d88ff2975747fcf6fe4f6be648f617b454bc7db02fdc07dd1fff07202f3ce5bc27a23b370a1fbc4e6880108b16125e87a83454ecd1862478884d9d6ded782692994b0462218b33f34f4b76e438539ede4377dadd01d5a9f8d52764725fbec890edac6cf805cb67bd6846b5ac94d1235e7ee7845b03690fd0f6f4ad44feabe4784262a3e6b3e7dfe22811cbd33521854f0a194a9885ca01c19a12529bdbbb7b1c9af8353b64c773b097c11376bec1116b33b7bf9e6209daeeff4357c2c0fa16467c830c56b50f8f421ed9fc45f551fc7239633490073ff50fb7a88f8fc14703f87cf4ea372a2dcdcab4e73102b0cddf886deae2fa342
I: MonitorObliviousTransfer::next
I: GeneratePublicKey::next
D:  sending message (size 0.000512 MB)
I: MonitorObliviousTransfer::next
I: SendPublicKey::next
I: MonitorObliviousTransfer::next
I: RecvEncryptedMessages::next
I: MonitorObliviousTransfer::next
I: DecryptChosenMessage::next
I: MonitorObliviousTransfer::next
I: ChooserDone::next
I: MonitorObliviousTransfer::next
I: MonitorObliviousTransfer::next
I: InitChooser::next
I: MonitorObliviousTransfer::next
I: RecvConstant::next
D: received message: df936970997c87f0900a0846de3e2eea805475d8730e7b67385dc5e9a83989499f89e118444c4e8652521132913827fac17af2387196b755cf9e45fabf4d3a01028674eb061ad2bb7d6ac061b1aa6f55168f9eb060ee15fed4b96834e6c413cab666441af37a31ec686f40cde63133d2944ce6d2a75f7f0c2e6a472e4fd285dd23525720df40221191b696a4fe6b85fc7e71811a463499df2ed5576a5d5f026bd7109dfef2d62fbd8ca163e701a890bca5cbab3b9194f16c7466cba65b7e35c30aa86220dbc3499b40023ba8e1aebc5af2486952dfe16a2a4a52b9645051ad3a5818055aef72be7ac885c33e77dd0a0e10e0ee9f002773c9b08a7ea43c1d92e3
I: MonitorObliviousTransfer::next
I: GeneratePublicKey::next
D:  sending message (size 0.000512 MB)
I: MonitorObliviousTransfer::next
I: SendPublicKey::next
I: MonitorObliviousTransfer::next
I: RecvEncryptedMessages::next
I: MonitorObliviousTransfer::next
I: DecryptChosenMessage::next
I: MonitorObliviousTransfer::next
I: ChooserDone::next
I: MonitorObliviousTransfer::next
I: MonitorObliviousTransfer::next
I: InitChooser::next
I: MonitorObliviousTransfer::next
I: RecvConstant::next
D: received message: b1cda4d2b6edf76e501ee190b1d7e13c1a3d86bb3bfa1a6f4e8f613c8870a0fb251712c6ac64de62e16acae41e5c276d2da1cd4304a7b9cae8386ad448f62b44307fe8fadeb4502d9f54c57bea0904b107404af056ba2e305d37513f1ee7fbef7bb5a6ac51171c7d6a2b3bc43dcdb35772abdd3abb55b5a131d282cdcd975f52f114cec1cf42b0b6064711dd887399f05937e70f6c741df27319df91e63e5d56f743e5c431e5ff8ea44b296c9b3af313e452148b9f14d18b3614bb5ba441c80716f9fed17b3f22b623d903fbc3767c40d7f3aa574fab63898d06efcd07c60741e6b77b534d35573f896373c485a96a7fa8b6b46d755a4fb5b82455f20244ced9
I: MonitorObliviousTransfer::next
I: GeneratePublicKey::next
D:  sending message (size 0.000512 MB)
I: MonitorObliviousTransfer::next
I: SendPublicKey::next
I: MonitorObliviousTransfer::next
I: RecvEncryptedMessages::next
I: MonitorObliviousTransfer::next
I: DecryptChosenMessage::next
I: MonitorObliviousTransfer::next
I: ChooserDone::next
I: MonitorObliviousTransfer::next
I: MonitorObliviousTransfer::next
I: InitChooser::next
I: MonitorObliviousTransfer::next
I: RecvConstant::next
D: received message: 87a01b7b3f8c63203d659f6cc00260a4d610e9ac3ff662651dd40101449dc27c1d9c82f131add565eeccf51a1abb8246f4d6fc0a63b1748e80d21de57a75d9f812de686a2da04c22fdc39469c813c49a1482359e428933a3f74827293a44e64b7c23ba132396a0e6e167450e334914fa8e13bb8c550973fccf29bf52bb266062c6242d4288d619aeb86b2cd624cddf0855acbd0e0b61c3559dbc6438a8867045606d8882799c4892e6ca47034bd3c3fc9451aac067902f28ecedfa81b8fe2cc9d52992a4b13b5e064fd945c05198b31471ecb4fa11ec2b9e4851286e576de42eb6339d6831ff2945cf4e471ee8b2c2e779215e9912b4670714c5710899522bbe
I: MonitorObliviousTransfer::next
I: GeneratePublicKey::next
D:  sending message (size 0.000512 MB)
I: MonitorObliviousTransfer::next
I: SendPublicKey::next
I: MonitorObliviousTransfer::next
I: RecvEncryptedMessages::next
I: MonitorObliviousTransfer::next
I: DecryptChosenMessage::next
I: MonitorObliviousTransfer::next
I: ChooserDone::next
I: MonitorObliviousTransfer::next
I: MonitorObliviousTransfer::next
I: EvaluateCircuit::next
D:   evaluating gate 10000
D:   evaluating gate 20000
D:  sending message (size 0.000001 MB)
I: SendOutputBit::next
I: ==== round duration: 86725.554688 ms ====
I: CopyMonitorStateLabels::next
I: RecvGarbledGates::next
I: RecvSystemInputLabels::next
I: RecvFlagBitLabels::next
I: EvaluateCircuit::next
D:   evaluating gate 10000
D:   evaluating gate 20000
D:  sending message (size 0.000001 MB)
I: SendOutputBit::next
I: ==== round duration: 93763.375000 ms ====
I: FaultObserved::next
I: MonitorDone::next
