I: parsing spec file timekeeper+.v...
skipping synthesis, BLIF file already exists.
I: parsing BLIF file synth.blif...
D: inputs and outputs parsed.
D: circuit initialized.
D: connections (#2018) parsed.
D: gates (#20547) parsed.
D: outputs: 24327 24330 24333 24336 24339 24342 24345 24348 24351 24354 24357 24360 24363 24366 24369 24372 24375 24378 24381 24384 24387 24390 24393 24396 24399 24402 24405 24408 24411 24414 24417 24423 24325 
D: circuit size: 24424
D: adding identity gates for outputs...
D: outputs after identity: 24457 24458 24459 24460 24461 24462 24463 24464 24465 24466 24467 24468 24469 24470 24471 24472 24473 24474 24475 24476 24477 24478 24479 24480 24481 24482 24483 24484 24485 24486 24487 24488 24489 
D: circuit size after identity: 24490
I: initializing safe primes...
I: using prime modulus 2410312426921032588552076022197566074856950548502459942654116941958108831682612228890093858261341614673227141477904012196503648957050582631942730706805009223062734745341073406696246014589361659774041027169249453200378729434170325843778659198143763193776859869524088940195577346119843545301547043747207749969763750084308926339295559968882457872412993810129130294592999947926365264059284647209730384947211681434464714438488520940127459844288859336526896320919633919
D:  sending message (size 0.000005 MB)
I: InitMonitor::next
I: GenerateDriverLabels::next
D:   driver labels generated in 33915.148438 ms
I: GenerateInWireKeys::next
D:   in-wire keys generated in 10497.858398 ms
D: SendLabels::message
D:   generating in-wire labels for 20618 gates
D:   10000 gates processed
D:   20000 gates processed
D:   in-wire labels generated in 36900.718750 ms
D:  gateCount: 20618
D:  sending message (size 25.299698 MB)
I: SendLabels::next
I: RecvGarbledGates::next
I: RecvSystemInputLabels::next
I: RecvFlagBitLabels::next
I: MonitorObliviousTransfer::next
I: InitChooser::next
I: MonitorObliviousTransfer::next
I: RecvConstant::next
D: received message: c19303fe03bb554a4bf677f4ce42107bbf34e13b32803d572dac4adca33314a8d27c7a08e3f82f7278e246c885c80e96ba071fe6379bb2e26859f0efc3f9eeeef66e47ca46114fe1aff9967d271f7dda335a4f8b0f2d012a288533f92324c423a15efd188506518ca5514c5a66ed62e5ea7019d9cd154b34b8d1c5bce8656531a1ab6824955b3ff2fb20a8f1bb3c319bcf13b954033e6e712b24d88914b5e338d547deb9726eb8e025b90e7ac5c5adbe3209c6411bfedcc1e4947e1d169302a7
I: MonitorObliviousTransfer::next
I: GeneratePublicKey::next
D:  sending message (size 0.000383 MB)
I: MonitorObliviousTransfer::next
I: SendPublicKey::next
I: MonitorObliviousTransfer::next
I: RecvEncryptedMessages::next
I: MonitorObliviousTransfer::next
I: DecryptChosenMessage::next
I: MonitorObliviousTransfer::next
I: ChooserDone::next
I: MonitorObliviousTransfer::next
I: MonitorObliviousTransfer::next
I: InitChooser::next
I: MonitorObliviousTransfer::next
I: RecvConstant::next
D: received message: 9b74aced22a4de44ce25e652d66f8c39dcf75c31f88eda7fc51be45e8b199bee2f578cd6ce066e415a0474fa8b28ce1a705c9314866df76176ee89f360e6595430433e5d8041188ff3ff0868770ce04dcd5ea76b335718b22adb51aac7df14a2cfda0574c9aa75d930ed6f9ec147db7857f187d47de23e16ca5f50eb126b598266c6459c2da997f6a136349d664f987569178d9ea323afba05be9bdfbf88143375c5ccf509d3473404e68c4a05392990fb078b7c4d57695d720be1300b89b002
I: MonitorObliviousTransfer::next
I: GeneratePublicKey::next
D:  sending message (size 0.000384 MB)
I: MonitorObliviousTransfer::next
I: SendPublicKey::next
I: MonitorObliviousTransfer::next
I: RecvEncryptedMessages::next
I: MonitorObliviousTransfer::next
I: DecryptChosenMessage::next
I: MonitorObliviousTransfer::next
I: ChooserDone::next
I: MonitorObliviousTransfer::next
I: MonitorObliviousTransfer::next
I: InitChooser::next
I: MonitorObliviousTransfer::next
I: RecvConstant::next
D: received message: 65e41c00566d691bccd380bd3831098dc08d0910f06b30f6c57965f8bce98ab41ca40368b20a206d5101da33c4880241285828625cc3ee5a4c77366794d7536e0f332c8249f10674b3495661a5f36d2c2500145114bff1f8c09e65f6846bc8e0f016a207b32d58a940d36bb778be9d223c68388dfe23db23f85c6da45b45e401f29f37b0be9616025d7834d40556d046e869d692390f27038f9aea3b9fd49f3b14d96e0c1f461d3ae59f51fe1901cb34e2057cbe0328f509ce97a318759838d3
I: MonitorObliviousTransfer::next
I: GeneratePublicKey::next
D:  sending message (size 0.000384 MB)
I: MonitorObliviousTransfer::next
I: SendPublicKey::next
I: MonitorObliviousTransfer::next
I: RecvEncryptedMessages::next
I: MonitorObliviousTransfer::next
I: DecryptChosenMessage::next
I: MonitorObliviousTransfer::next
I: ChooserDone::next
I: MonitorObliviousTransfer::next
I: MonitorObliviousTransfer::next
I: InitChooser::next
I: MonitorObliviousTransfer::next
I: RecvConstant::next
D: received message: 8fc6b3dfcb12ad47b734921dfd8a5964967087e83fae017609ec64d2315aebbc8e1e0447ea24224532a8dfe27d5ce799e9d41b402a02b14b07be412cd7b3399866f90fa3e58ba906c15aab64febf8563f290baf514e7420e1b82f3653f6a40daca0dfe9d47766b34bf38dd9b4de758e78a01d353bfaf2f0fe852736d8bc81dbec7120ab60b96e64db61cbbe597cfb1ec09f64bb7aa224c7deb6c301486e4cb7a867ebec1a57d715cbf286bec720bdf7841bb116b83f7cdb89a39b8b77a5dead3
I: MonitorObliviousTransfer::next
I: GeneratePublicKey::next
D:  sending message (size 0.000384 MB)
I: MonitorObliviousTransfer::next
I: SendPublicKey::next
I: MonitorObliviousTransfer::next
I: RecvEncryptedMessages::next
I: MonitorObliviousTransfer::next
I: DecryptChosenMessage::next
I: MonitorObliviousTransfer::next
I: ChooserDone::next
I: MonitorObliviousTransfer::next
I: MonitorObliviousTransfer::next
I: InitChooser::next
I: MonitorObliviousTransfer::next
I: RecvConstant::next
D: received message: 3f75557eec970db586891cd10e99e7c4930d12f7fea8bf57a1c84be8b669903b4fdda93187a6ba0ad0de46f010651fa9052dc3aa47c4d686be28f07413383ab0355f98b37d9d0543897b2817a068851249d9c342d677c749389260bd68228f9871f919dce12ce4777a71097b9a3fc8f4a908f8057649d54f1d6a50cb1ee3535c10aa84f92465aa35a7221e828e5bb3d8d446ad40ac151deda22e1bdc77d4da2b51baf9123656d9705fb700275b07a2c4664bd87c78a6054f055d2dd696ba37e8
I: MonitorObliviousTransfer::next
I: GeneratePublicKey::next
D:  sending message (size 0.000384 MB)
I: MonitorObliviousTransfer::next
I: SendPublicKey::next
I: MonitorObliviousTransfer::next
I: RecvEncryptedMessages::next
I: MonitorObliviousTransfer::next
I: DecryptChosenMessage::next
I: MonitorObliviousTransfer::next
I: ChooserDone::next
I: MonitorObliviousTransfer::next
I: MonitorObliviousTransfer::next
I: InitChooser::next
I: MonitorObliviousTransfer::next
I: RecvConstant::next
D: received message: 73bd6237f1a27ff5de7de450a1794280f5dcbdc6c93b94ab28030dbd6af3e4eeb0f927734e50df6db52499d09dfc96d753097f3060321f7ee01eec3ae3a5b6362649ea5fedc708b31107ca7a4e30bdfd3edb6a6d3e6b5f7d057771911aecd48e5a80f3284ff1d49ce4edbef05e960585a9e64c613b051c58664c85f43a368aa58706bde52b221616a802ac733778e046811273e0d78c80a702698a77d0327d00ef810d31e8ff7b164e9cf6bff15a4922ab4188b0d7663463b68ffca83ad08497
I: MonitorObliviousTransfer::next
I: GeneratePublicKey::next
D:  sending message (size 0.000384 MB)
I: MonitorObliviousTransfer::next
I: SendPublicKey::next
I: MonitorObliviousTransfer::next
I: RecvEncryptedMessages::next
I: MonitorObliviousTransfer::next
I: DecryptChosenMessage::next
I: MonitorObliviousTransfer::next
I: ChooserDone::next
I: MonitorObliviousTransfer::next
I: MonitorObliviousTransfer::next
I: InitChooser::next
I: MonitorObliviousTransfer::next
I: RecvConstant::next
D: received message: af574cfd1d8e55b8e2146ae697b3fa002fb174c15b4370ac002efdbe95a53f324a771b6cec25ca4fe7c5c6a3872a99d86a5579f1a2444ccd7876adb98f21bc2824b264cf89269fe51f5252137561fde1335cbde1e3d91f2f9b92f8b067167eec9f9607f8470759c44bf11700252ae3e451af56f172f17610839788c7f72df0b3da4888dbe12c3fb1cc6f75a8d0d104814d1e8d3051a7ed787f695e7adf8c4d4e1eed78aa548ac1123985a2062b0e3762cdf5c69e19661fced696227da4c5b767
I: MonitorObliviousTransfer::next
I: GeneratePublicKey::next
D:  sending message (size 0.000384 MB)
I: MonitorObliviousTransfer::next
I: SendPublicKey::next
I: MonitorObliviousTransfer::next
I: RecvEncryptedMessages::next
I: MonitorObliviousTransfer::next
I: DecryptChosenMessage::next
I: MonitorObliviousTransfer::next
I: ChooserDone::next
I: MonitorObliviousTransfer::next
I: MonitorObliviousTransfer::next
I: InitChooser::next
I: MonitorObliviousTransfer::next
I: RecvConstant::next
D: received message: 943aea134f216e18160cef9a328e986baec495ad70c6cd27225550e5b340770d7528179b577f119c7b37b0e382fab7635936022e6fd6ff80e278f36d9949dc62c652020de4b1d343e146ea429adf59895ffb22567e5067904eca8de1c498cd6f6f0273bce22a663fbfebf7025aad828cd9fb4bf0bf5f77ad039700e59fc6174932390808d7a32c2590b9b6b0eecd2edfbbb3e4b834d957f2c1b7ad62f9b37af2d0e0b9b720ebb11e965c9951fac357205a9f0822d031a3ce334d68804791423
I: MonitorObliviousTransfer::next
I: GeneratePublicKey::next
D:  sending message (size 0.000384 MB)
I: MonitorObliviousTransfer::next
I: SendPublicKey::next
I: MonitorObliviousTransfer::next
I: RecvEncryptedMessages::next
I: MonitorObliviousTransfer::next
I: DecryptChosenMessage::next
I: MonitorObliviousTransfer::next
I: ChooserDone::next
I: MonitorObliviousTransfer::next
I: MonitorObliviousTransfer::next
I: InitChooser::next
I: MonitorObliviousTransfer::next
I: RecvConstant::next
D: received message: 7fec77434bf44097dbbb7ffe4ce944eae5ac63d64417bdd0d7e00cd3067d9c67e5aa64d6cebefeeb1168ecb8da6dd4d70509bbf37524f3e1297faa76ad3588b9b8f9834bf29812c3efe58ceb91b6afb5a7074a04b45e39e79dcc84eca243b3bc7d26f630d0ff8c66a65d13a402cad29fe1dd498aa54cf0d3764e3ace64cef926e5f73efc2a652f04bb87d7616cc8ff441e3256d065de698b97588723fd8d52c1edcd27ff61be0e651fc9a0cdc4afb44a65642470f61dea41aa12858c4fd7863
I: MonitorObliviousTransfer::next
I: GeneratePublicKey::next
D:  sending message (size 0.000384 MB)
I: MonitorObliviousTransfer::next
I: SendPublicKey::next
I: MonitorObliviousTransfer::next
I: RecvEncryptedMessages::next
I: MonitorObliviousTransfer::next
I: DecryptChosenMessage::next
I: MonitorObliviousTransfer::next
I: ChooserDone::next
I: MonitorObliviousTransfer::next
I: MonitorObliviousTransfer::next
I: InitChooser::next
I: MonitorObliviousTransfer::next
I: RecvConstant::next
D: received message: 552109c8682b548aba1820bab9972bf713e3063f0c2d27659f0a7c321e1b4dc6e5b8314dba6ca8b9d5b926cf8724c5c0a4582bb521e6f40e8b1878fe3ac700f8117412339d26c54553bd2b0d885680c5b4131cf5d6d7e01c14213163891898495a76c450dfa89a9d5e877b1c7e21c2016af6aacbec445f17d93ab5a300f7dc2fd762cc75b47cefad178f01bd0ce35e7c3693b959bbad4275fd2e305285e24533b3ed1bd89cf62e339f2392a0ea4b428fabc1aedee4479c73f5869645973af55b
I: MonitorObliviousTransfer::next
I: GeneratePublicKey::next
D:  sending message (size 0.000384 MB)
I: MonitorObliviousTransfer::next
I: SendPublicKey::next
I: MonitorObliviousTransfer::next
I: RecvEncryptedMessages::next
I: MonitorObliviousTransfer::next
I: DecryptChosenMessage::next
I: MonitorObliviousTransfer::next
I: ChooserDone::next
I: MonitorObliviousTransfer::next
I: MonitorObliviousTransfer::next
I: InitChooser::next
I: MonitorObliviousTransfer::next
I: RecvConstant::next
D: received message: 15dc96d996bbab312e0b7acc19d8e76b5b513d1ea4d04f687708226f1849ee73e8e49cd737cec4f00f48e28e313983a44467d9ff9a24104ab9b4fdd727c475752d8c5c21928aff082cda8c67a780045bf86450fed6c253622319e4c7115c25d5dc348cfd8887c2d8285a7bcd228d02d293e63da94a1a21c87606a3456c06ef9b94364ba17f8c44760ed29ce6d4a5724e7f009011c1a06862f61510e44224eb169ed9821c4601d5af2fda9a5b9375c40f9518bda605f633354526f106d967c512
I: MonitorObliviousTransfer::next
I: GeneratePublicKey::next
D:  sending message (size 0.000383 MB)
I: MonitorObliviousTransfer::next
I: SendPublicKey::next
I: MonitorObliviousTransfer::next
I: RecvEncryptedMessages::next
I: MonitorObliviousTransfer::next
I: DecryptChosenMessage::next
I: MonitorObliviousTransfer::next
I: ChooserDone::next
I: MonitorObliviousTransfer::next
I: MonitorObliviousTransfer::next
I: InitChooser::next
I: MonitorObliviousTransfer::next
I: RecvConstant::next
D: received message: 9a51292f72b3d15cbbbd3458309048e27ab600907d537a717e9f75a450896c4ebdd46fbc5dca725f8a5cc1e52b7bb9b78fd0f94a65b888a9012da0038c4c7a7c841fc69d3a803bc4099c1770616ae51493da3876696b5745709396bf8d01296f2be213ed331df710aba1905896c0ff48cadf7aa8d8bc0ff7c415cd93aca796b587dc27253633551dc65eba9f1b6991edd20ccd4e9504777ccddab427ba440962bdc81b20bafe304a7e92d6f16d7307e87cb566d4c514c75df43cef83fc8936d7
I: MonitorObliviousTransfer::next
I: GeneratePublicKey::next
D:  sending message (size 0.000384 MB)
I: MonitorObliviousTransfer::next
I: SendPublicKey::next
I: MonitorObliviousTransfer::next
I: RecvEncryptedMessages::next
I: MonitorObliviousTransfer::next
I: DecryptChosenMessage::next
I: MonitorObliviousTransfer::next
I: ChooserDone::next
I: MonitorObliviousTransfer::next
I: MonitorObliviousTransfer::next
I: InitChooser::next
I: MonitorObliviousTransfer::next
I: RecvConstant::next
D: received message: 9095709c1c134aa640737c99cf7f0062549eda1e7596ef3bc6460d7ecea0285f2184d9de759166b4a848b4a343b22ac26023bb7029fb0e6b81efff051fb666a04a82e49ab67caeaad462ab48e9da03ec04008490f0ac28119017136b6c122c9e67ade3037a6e9018518953f87ad1d815b6e052f9b2eda2b30968d51165106f70880969b4756ef904086e96f7aa5c9e50cd9736d4fd0672918f08f0d9ddd1116a54a27995b4301dc8951f4980a0b964866c0902f5d2f704b690ccd52ba92afc93
I: MonitorObliviousTransfer::next
I: GeneratePublicKey::next
D:  sending message (size 0.000384 MB)
I: MonitorObliviousTransfer::next
I: SendPublicKey::next
I: MonitorObliviousTransfer::next
I: RecvEncryptedMessages::next
I: MonitorObliviousTransfer::next
I: DecryptChosenMessage::next
I: MonitorObliviousTransfer::next
I: ChooserDone::next
I: MonitorObliviousTransfer::next
I: MonitorObliviousTransfer::next
I: InitChooser::next
I: MonitorObliviousTransfer::next
I: RecvConstant::next
D: received message: e1e6d0b1c3322959cc5037e5635597286822a85621293bd03e97fed3fbcf097de8246917377ef4f33c82ae232a342213890abd557b9869a78b67272bc7cca52b28ff9c325696fbdf510c5e70a1d53e26351130c7f83dfd6b8d3e69d5876118a05d1f862e2a6c4bccfa0038f68165cd92164e7c0bfdab91bd9de5991badc0323925fb50d8863c0f12ddaa54c4fb3ea93b5ffb929e94dc03e3c0aa317d59366254343a144f1735da9ec6dc56bc217eda804013722f7c990149f84bfc2d3900e6c6
I: MonitorObliviousTransfer::next
I: GeneratePublicKey::next
D:  sending message (size 0.000384 MB)
I: MonitorObliviousTransfer::next
I: SendPublicKey::next
I: MonitorObliviousTransfer::next
I: RecvEncryptedMessages::next
I: MonitorObliviousTransfer::next
I: DecryptChosenMessage::next
I: MonitorObliviousTransfer::next
I: ChooserDone::next
I: MonitorObliviousTransfer::next
I: MonitorObliviousTransfer::next
I: InitChooser::next
I: MonitorObliviousTransfer::next
I: RecvConstant::next
D: received message: a6fc9df61cda80ecb783b87c5ee3027f998a57792b3c79e55939a5c562f79e0ebe02921ef8c26bbf57c8756957831f5c41a01224ad22b83fc94db8d13567f6a3e5223ae3f38a67ea8a8cd6963b9fdc8372fbc7144d7038650f340f4163d8ee8297dfca9dc07046cf3cdf329a7c84c78a1f51f33770043a579f7d80494de5d731a0d51f62ce969487a60bb7549733a99f8c21e340935af9f79c964e776944d7579b58bb3bd8e29785c3c5fdb494cdee859f7a7f5bf4a1005d7897d1acd02b1135
I: MonitorObliviousTransfer::next
I: GeneratePublicKey::next
D:  sending message (size 0.000384 MB)
I: MonitorObliviousTransfer::next
I: SendPublicKey::next
I: MonitorObliviousTransfer::next
I: RecvEncryptedMessages::next
I: MonitorObliviousTransfer::next
I: DecryptChosenMessage::next
I: MonitorObliviousTransfer::next
I: ChooserDone::next
I: MonitorObliviousTransfer::next
I: MonitorObliviousTransfer::next
I: InitChooser::next
I: MonitorObliviousTransfer::next
I: RecvConstant::next
D: received message: f8d86f3204de3f52a25269d6a4296b8e3f486ab1c79a13cef20dd28cb68cecf413149060bbff0d1fca21f7e49325efe3e760ddacb40a0aad5e189fd65051fb2d592e9f8dccfb2789b444e095740cc470129acf84e5bfdf52200133d9d84e1bdd0a1516cb3d49cc6ab5e9e2571c91a8999b857bd83f71140bb45f73953a9253d309b7bb96aa3435170730e3cc4a612f4781392bd1a70e2d535828cd2b9c9f37c82505f9df2edcb5b4caaf5966a49aa54778471bbe0a357e5c684464e6d7a63164
I: MonitorObliviousTransfer::next
I: GeneratePublicKey::next
D:  sending message (size 0.000384 MB)
I: MonitorObliviousTransfer::next
I: SendPublicKey::next
I: MonitorObliviousTransfer::next
I: RecvEncryptedMessages::next
I: MonitorObliviousTransfer::next
I: DecryptChosenMessage::next
I: MonitorObliviousTransfer::next
I: ChooserDone::next
I: MonitorObliviousTransfer::next
I: MonitorObliviousTransfer::next
I: InitChooser::next
I: MonitorObliviousTransfer::next
I: RecvConstant::next
D: received message: 44fd1d414b847a633cbf48a44ff47fce8a622e94c724bf27851a6b92141d8fa0acd8c7703c7547434fb319b0330142b02b9f7a6eabc5aed3e4fff24c9ef19bb731bac2712c1a54613f347f50f05ee1589334165497bdd609eacf49082d79eb2d0f0ad8ba20e258d379820e1a2cb9c5b28a9ce6676bf68859c04f823c27425e10712fdf4d2fcdf629a59d047608c5756df0462f16cf793b797d679ed0a28cb9f7b2faed78ab0d9f85d7028ebc11d1b07d81f48f4e8147e7b1a53ecbc3fb648172
I: MonitorObliviousTransfer::next
I: GeneratePublicKey::next
D:  sending message (size 0.000384 MB)
I: MonitorObliviousTransfer::next
I: SendPublicKey::next
I: MonitorObliviousTransfer::next
I: RecvEncryptedMessages::next
I: MonitorObliviousTransfer::next
I: DecryptChosenMessage::next
I: MonitorObliviousTransfer::next
I: ChooserDone::next
I: MonitorObliviousTransfer::next
I: MonitorObliviousTransfer::next
I: InitChooser::next
I: MonitorObliviousTransfer::next
I: RecvConstant::next
D: received message: 520d4b81a199ad756cb9de502c19f2104a500fc29dbe4e3b51dc164c48a71becd19de87eca4d89028b69cf88f80d009edcdf6deada06c078c4f7a8598a6e9fa94c0e6c9efaa8a33b136c00b15aa45068214c7e76d36c384a0306ea17116becb00e0e3ab07f2d665fc90b32bf0240e4447714febd9483f08c30ce5a60e6e5f6d8cdc97fe98d734a9baeb9572a18407a033fb64ed68aacf543332e2e0463c558a3d6fe207f8e9881e7a2b7f3610f9a9817f797244d64edd7f0792ddcdcc191cf6
I: MonitorObliviousTransfer::next
I: GeneratePublicKey::next
D:  sending message (size 0.000384 MB)
I: MonitorObliviousTransfer::next
I: SendPublicKey::next
I: MonitorObliviousTransfer::next
I: RecvEncryptedMessages::next
I: MonitorObliviousTransfer::next
I: DecryptChosenMessage::next
I: MonitorObliviousTransfer::next
I: ChooserDone::next
I: MonitorObliviousTransfer::next
I: MonitorObliviousTransfer::next
I: InitChooser::next
I: MonitorObliviousTransfer::next
I: RecvConstant::next
D: received message: 5d4b46ea349c9895d8180a928e9576880d55f87fed1e9305e87b3913720b698c27c9d7319356790c94b33c69232cccc631de310f1e5f7a8c9cc871335b8e0ed083af7001ce19f2dd8a17496bb8077de8913d6ddedd363586c2877b51b8975c04c02a0a4d7fbd7fcf08f8ce5cb88c7f459ecc4b31a061acfd42c6366d6358fb050959beba977a4cf6177b92c855969595992cfddc155bba1d4fad7d3eee876e5b76362ea12df82d7b5bc4cd99a33814283b0c9e4d761ca97a1e5bfb0b5cc00f7c
I: MonitorObliviousTransfer::next
I: GeneratePublicKey::next
D:  sending message (size 0.000384 MB)
I: MonitorObliviousTransfer::next
I: SendPublicKey::next
I: MonitorObliviousTransfer::next
I: RecvEncryptedMessages::next
I: MonitorObliviousTransfer::next
I: DecryptChosenMessage::next
I: MonitorObliviousTransfer::next
I: ChooserDone::next
I: MonitorObliviousTransfer::next
I: MonitorObliviousTransfer::next
I: InitChooser::next
I: MonitorObliviousTransfer::next
I: RecvConstant::next
D: received message: a8e52b10e3f3208fba9544ce10db69691ae6f16289f9cc922e1cbe2b27d8cd3b6971ed0839dc244dc8f785699aca11de90591004a51b6650a2427daf7a0d3211e95db52c223db8ec2654d35be03ec8df1b6881af32205ede355e546645468be8675c4b4c5cbd2f755238b357e7eebe4596078faa7727370576860670fd1eae01c0ef786042d41063caeb2f2b871379771d59b7e93230724c3822a27771bcc43938b931ef5a5fa940d5a5481f0752c901e64c502a63dcdc764df93f9154f96261
I: MonitorObliviousTransfer::next
I: GeneratePublicKey::next
D:  sending message (size 0.000384 MB)
I: MonitorObliviousTransfer::next
I: SendPublicKey::next
I: MonitorObliviousTransfer::next
I: RecvEncryptedMessages::next
I: MonitorObliviousTransfer::next
I: DecryptChosenMessage::next
I: MonitorObliviousTransfer::next
I: ChooserDone::next
I: MonitorObliviousTransfer::next
I: MonitorObliviousTransfer::next
I: InitChooser::next
I: MonitorObliviousTransfer::next
I: RecvConstant::next
D: received message: 740f9361bbae4a6ad8c9559c7aca336457a56a8a90f797255b48d42bdb092275f5b3a30a253a569832523e185245de25cc63661723913a7a7099a4954f127ba7bc13f2b25a4b2dda667fdcc1c775d30568b94a5e7e0dbdb2a284b591e7398bfaddf5c9ccda62a20d809385b64ad93d0d13eba9efc1e3a3fa824dbb22528196f8da5b0989209568481038cf2f07e2799a29834ac323c4f8ee0744edb68302c9cf5bd40aec9ad5d383f0a3d1b0ced138dfe6394a9501c22b003c9277d0206567d2
I: MonitorObliviousTransfer::next
I: GeneratePublicKey::next
D:  sending message (size 0.000384 MB)
I: MonitorObliviousTransfer::next
I: SendPublicKey::next
I: MonitorObliviousTransfer::next
I: RecvEncryptedMessages::next
I: MonitorObliviousTransfer::next
I: DecryptChosenMessage::next
I: MonitorObliviousTransfer::next
I: ChooserDone::next
I: MonitorObliviousTransfer::next
I: MonitorObliviousTransfer::next
I: InitChooser::next
I: MonitorObliviousTransfer::next
I: RecvConstant::next
D: received message: eeab1aafffae207e45553337a376d025a963aead95c861b3fe65e8e68e90a29c40d99aecbd9b663af7c4cdbe7f77148b71fd01874f3335e228acf83887c57d1c16db351e90c59e13dec485b9f4bd6af0325e99aff15ebc598317278e8dd105d07c2e02d418d31b3f2af5569c683629155c074f46c640d3fa391126dad16eef6a3ca046fc907737f388886b1a1356da39f41e55be1525aea09641a5072da3aaef0119947f655d06f43407aa3f0c209c172965124442462579c45fccf2cf6b0bd3
I: MonitorObliviousTransfer::next
I: GeneratePublicKey::next
D:  sending message (size 0.000383 MB)
I: MonitorObliviousTransfer::next
I: SendPublicKey::next
I: MonitorObliviousTransfer::next
I: RecvEncryptedMessages::next
I: MonitorObliviousTransfer::next
I: DecryptChosenMessage::next
I: MonitorObliviousTransfer::next
I: ChooserDone::next
I: MonitorObliviousTransfer::next
I: MonitorObliviousTransfer::next
I: InitChooser::next
I: MonitorObliviousTransfer::next
I: RecvConstant::next
D: received message: 5249f57a45458ddc5ef75afd6409b98402c94b209e95bcddf2992816a6f550a8f277cb9b060484262238ae9afc848662cd5a3b8c73917d8dff96520c4e8b713c66453724452068cce4cfa3ffef688f77a245ff8d8c9af22d2b71f26b557988ee298f500dcff032fa73b84cef22bb28cd02c9089352acc895da543713182304de12062d7f636bffc532437dde1caa50fe3263f49655dfc1144f2328e50d78d3efdcf099e94b8120ad5988efca319e670d4c72d2b675a924d02a91ee0454e12404
I: MonitorObliviousTransfer::next
I: GeneratePublicKey::next
D:  sending message (size 0.000384 MB)
I: MonitorObliviousTransfer::next
I: SendPublicKey::next
I: MonitorObliviousTransfer::next
I: RecvEncryptedMessages::next
I: MonitorObliviousTransfer::next
I: DecryptChosenMessage::next
I: MonitorObliviousTransfer::next
I: ChooserDone::next
I: MonitorObliviousTransfer::next
I: MonitorObliviousTransfer::next
I: InitChooser::next
I: MonitorObliviousTransfer::next
I: RecvConstant::next
D: received message: fb0b9130faf9fb004e50c10f60491d1fd7ee5dfa954f0bc54be1fae6b0c9f3d58ef935a3fb806c665313762f80b5f5195a47bf0a9a398cd58c7382c65cd123ab324160a985304ac47804f4efbe92692854752faa987ae66ebf4e448d2ee3557d3b54df0037c78484ccbcf2e745f26a8b87adb3bdcd4d53b32bbcd6337030e9735c564beff9fcaf8b73495aeb5c66874ae4e6f2385d6387a10e3ca85bde8dcb18c6199a139ccde85ede9ecf75909251f171f951b6a044057e9740c04f957c7954
I: MonitorObliviousTransfer::next
I: GeneratePublicKey::next
D:  sending message (size 0.000384 MB)
I: MonitorObliviousTransfer::next
I: SendPublicKey::next
I: MonitorObliviousTransfer::next
I: RecvEncryptedMessages::next
I: MonitorObliviousTransfer::next
I: DecryptChosenMessage::next
I: MonitorObliviousTransfer::next
I: ChooserDone::next
I: MonitorObliviousTransfer::next
I: MonitorObliviousTransfer::next
I: InitChooser::next
I: MonitorObliviousTransfer::next
I: RecvConstant::next
D: received message: c32a766b83a8384ba57457d414914f25d667c2a61384933513ac2db5dfa6493fbc00ecc6f0ea7bf94d9febf8e40c4984fba7acb637cb600a428ec61d6ebbb064a573d2f599afd8ae0662fbbc9d7ef728b5b07975994a857491e86a04f59922d9137757d6831e8a57b585f0307c941a88d909ecb3b5cfedc75f7b5fe7e32bfcbe622daa3782ce2aeaa0e87bd6ca842c1ba94b873c0a7b94f1f51c9c83227e83be262d9686a4f92305a2b00d4db7db494ab15c331d3663d6b8cd1186edbde1e12d
I: MonitorObliviousTransfer::next
I: GeneratePublicKey::next
D:  sending message (size 0.000383 MB)
I: MonitorObliviousTransfer::next
I: SendPublicKey::next
I: MonitorObliviousTransfer::next
I: RecvEncryptedMessages::next
I: MonitorObliviousTransfer::next
I: DecryptChosenMessage::next
I: MonitorObliviousTransfer::next
I: ChooserDone::next
I: MonitorObliviousTransfer::next
I: MonitorObliviousTransfer::next
I: InitChooser::next
I: MonitorObliviousTransfer::next
I: RecvConstant::next
D: received message: 5f4cae3c24916ac2a2eb41a806f84586da4afd885333bce988fe82fa34868f0bce3c9f82b94073715bf993c65cbd5fc29ff54f10bbfc182175edcf5da934cf1412963208ad41e28ba86cecf8949ac2f5638c6067d7f4aa526356a3ca07dc2e848c37066aca12eb1171eaf984a80fdb67fa9ce6f725fdf69c461d8c1ec8ea44798ebc5b5190fb55b5c4b97fd3805972b7d6620e6757d01ca70ee7b93b4a70181a51fd1054c613e7f61da3692ccf1b09d3fdb76f7bb470d66f898c3758f11991ff
I: MonitorObliviousTransfer::next
I: GeneratePublicKey::next
D:  sending message (size 0.000384 MB)
I: MonitorObliviousTransfer::next
I: SendPublicKey::next
I: MonitorObliviousTransfer::next
I: RecvEncryptedMessages::next
I: MonitorObliviousTransfer::next
I: DecryptChosenMessage::next
I: MonitorObliviousTransfer::next
I: ChooserDone::next
I: MonitorObliviousTransfer::next
I: MonitorObliviousTransfer::next
I: InitChooser::next
I: MonitorObliviousTransfer::next
I: RecvConstant::next
D: received message: f85a8c8e8fc90f5cb95f04c07d21e0c1c2428758bf786e6f3324c6694e6af03d2021d5eb94c7a62a271e10c6eed4c23950e1d0e696a1428f9d58cbb3d398167f5f7b4a57985469549a8d9de12a32fa436fbdbb4c35a541cbe5da1d69e47f395edb3fb176a097560663531748c2fe993b97fb10ec550387206d792c67d2e23641f66c36b481d85268fbdcf68999e75419d4a9304f7bb5879f539a5bd43619f5892f79770085b841848bdc0ae44f0fa258e9b882e4f8e137df4c78838436856018
I: MonitorObliviousTransfer::next
I: GeneratePublicKey::next
D:  sending message (size 0.000383 MB)
I: MonitorObliviousTransfer::next
I: SendPublicKey::next
I: MonitorObliviousTransfer::next
I: RecvEncryptedMessages::next
I: MonitorObliviousTransfer::next
I: DecryptChosenMessage::next
I: MonitorObliviousTransfer::next
I: ChooserDone::next
I: MonitorObliviousTransfer::next
I: MonitorObliviousTransfer::next
I: InitChooser::next
I: MonitorObliviousTransfer::next
I: RecvConstant::next
D: received message: e18921d7505610cc6340ee64f9a88ed89610939a42fd560bc944a83fc6f6aaa811c24ff3bbda3a79f8028893b277336dbc1e394142e76442dcd92e0d334c387270f89e604f6ff53ad7ef1be01c2088645ac52d5551bd685b28314ac2179886e150c488fe78e97505bcd161e7ea7b11d086da46e7ae582bbe7eb825b8ba2797f5a0efa9b4fc0de724febeb2315b5e9538a030e93970a42bd7d181ac020fe9cd83e9bfb1d9ceb861eaed200f5cf72f50a555e52e61fbaa405ca547e2830e6fc88
I: MonitorObliviousTransfer::next
I: GeneratePublicKey::next
D:  sending message (size 0.000384 MB)
I: MonitorObliviousTransfer::next
I: SendPublicKey::next
I: MonitorObliviousTransfer::next
I: RecvEncryptedMessages::next
I: MonitorObliviousTransfer::next
I: DecryptChosenMessage::next
I: MonitorObliviousTransfer::next
I: ChooserDone::next
I: MonitorObliviousTransfer::next
I: MonitorObliviousTransfer::next
I: InitChooser::next
I: MonitorObliviousTransfer::next
I: RecvConstant::next
D: received message: 9c2252446dc67ce006c199b87bd4a6953b443a79ce78639dc41da62d36b5c1bd72ee90718eea42d3db2135baca937e4a9cc8c183f13f85acb7f10723683d879d979038987dd68f9997328c989ebab08d722053f1dda7725d69a12ab9a07d37407e109d5a3e121474d1bc9ade6c98ae41de65dbc46570ffdadc8696c2d2e00466df6056fad3cf82d32b9134b397e6fc911925500ccdec4756698d19acf18a51c8e99eb416c6e2974706be077723a42c3c754aabcb05243de4c779bfa58d81bbf8
I: MonitorObliviousTransfer::next
I: GeneratePublicKey::next
D:  sending message (size 0.000384 MB)
I: MonitorObliviousTransfer::next
I: SendPublicKey::next
I: MonitorObliviousTransfer::next
I: RecvEncryptedMessages::next
I: MonitorObliviousTransfer::next
I: DecryptChosenMessage::next
I: MonitorObliviousTransfer::next
I: ChooserDone::next
I: MonitorObliviousTransfer::next
I: MonitorObliviousTransfer::next
I: InitChooser::next
I: MonitorObliviousTransfer::next
I: RecvConstant::next
D: received message: 5af70287861bc0528b4a289f5bb39694799294122b68d5a050e20207d6f4050701bbbd0d62d452d8cf4137150a3ea44241cc272c3ab9fdacda2b13dad5294787734235ee34ddd22daec81df1af75da180952d47de71843970b2dccb36796d5ed2d6967f585f76e47ee5eb2f56ecd9eb8733c2c9edfc6b0e4454621bf3b08caa5489c291a65812cc977f13581e39a86f44d1e6c3f29df4f503540b576dbfb596492f1093d008fa06fa7c5db2f6cd2ec67eec1246bb1dc870e1c13d63cd163d35f
I: MonitorObliviousTransfer::next
I: GeneratePublicKey::next
D:  sending message (size 0.000384 MB)
I: MonitorObliviousTransfer::next
I: SendPublicKey::next
I: MonitorObliviousTransfer::next
I: RecvEncryptedMessages::next
I: MonitorObliviousTransfer::next
I: DecryptChosenMessage::next
I: MonitorObliviousTransfer::next
I: ChooserDone::next
I: MonitorObliviousTransfer::next
I: MonitorObliviousTransfer::next
I: InitChooser::next
I: MonitorObliviousTransfer::next
I: RecvConstant::next
D: received message: 72a7213dca8009b8e0852f4f8843fb447e96b11cbee5b658107534205e606acb8a76809781fb431f493ee80003cdc968a885354b1c8eb5c0cddea8c1971cbe9ba972fcc40eb53f5e16352d00043bde93445f2a5bdd5f31bcdebbc4e2ce2c61d68510efc10d12cd5ef6fe195dc427a61f2494134ac3003eac4843039b36d4539ea62c076e41e5655d5683cbae3751c4c4f4718b16bd037f2905839b59d4405bd470113231253130e9de7f46b382045c72b3b13e9a3ad2c90a2e9f612f356edc0f
I: MonitorObliviousTransfer::next
I: GeneratePublicKey::next
D:  sending message (size 0.000384 MB)
I: MonitorObliviousTransfer::next
I: SendPublicKey::next
I: MonitorObliviousTransfer::next
I: RecvEncryptedMessages::next
I: MonitorObliviousTransfer::next
I: DecryptChosenMessage::next
I: MonitorObliviousTransfer::next
I: ChooserDone::next
I: MonitorObliviousTransfer::next
I: MonitorObliviousTransfer::next
I: InitChooser::next
I: MonitorObliviousTransfer::next
I: RecvConstant::next
D: received message: 63200c8ddd2a40d9cafd110344856139115c952a09d61b107cb08b5a2bfcf0894d6684f3785c045d6bb473c40433d27cd6eab5211b632a0e55a9f3f8e9e32a8e89758c5c14093e56bb93599d1e6979e1f2e31621b9ba7d91b3ff52aab16c88f4eb8d18d945e32105fc9973cff5b4fc49d199ccc25c0bd6a096b92a609cd771c059c748b159640155bf09a3e10e9e709282b3867bb3770675c1dac30269954dc4faa241366356b21e37159b158c7a51552b2ee72d6bbe8ff4580ae5b9a15f9bb7
I: MonitorObliviousTransfer::next
I: GeneratePublicKey::next
D:  sending message (size 0.000384 MB)
I: MonitorObliviousTransfer::next
I: SendPublicKey::next
I: MonitorObliviousTransfer::next
I: RecvEncryptedMessages::next
I: MonitorObliviousTransfer::next
I: DecryptChosenMessage::next
I: MonitorObliviousTransfer::next
I: ChooserDone::next
I: MonitorObliviousTransfer::next
I: MonitorObliviousTransfer::next
I: EvaluateCircuit::next
D:   evaluating gate 10000
D:   evaluating gate 20000
D:  sending message (size 0.000001 MB)
I: SendOutputBit::next
I: ==== round duration: 38848.945312 ms ====
I: CopyMonitorStateLabels::next
I: RecvGarbledGates::next
I: RecvSystemInputLabels::next
I: RecvFlagBitLabels::next
I: EvaluateCircuit::next
D:   evaluating gate 10000
D:   evaluating gate 20000
D:  sending message (size 0.000001 MB)
I: SendOutputBit::next
I: ==== round duration: 39404.714844 ms ====
I: FaultObserved::next
I: MonitorDone::next
