I: parsing spec file timekeeper+.v...
skipping synthesis, BLIF file already exists.
I: parsing BLIF file synth.blif...
D: inputs and outputs parsed.
D: circuit initialized.
D: connections (#2018) parsed.
D: gates (#20547) parsed.
D: outputs: 22407 22410 22413 22416 22419 22422 22425 22428 22431 22434 22437 22440 22443 22446 22449 22452 22455 22458 22461 22464 22467 22470 22473 22476 22479 22482 22485 22488 22491 22494 22497 22503 22405 
D: circuit size: 22504
D: adding identity gates for outputs...
D: outputs after identity: 22537 22538 22539 22540 22541 22542 22543 22544 22545 22546 22547 22548 22549 22550 22551 22552 22553 22554 22555 22556 22557 22558 22559 22560 22561 22562 22563 22564 22565 22566 22567 22568 22569 
D: circuit size after identity: 22570
I: initializing safe primes...
I: using prime modulus 179769313486231590770839156793787453197860296048756011706444423684197180216158519368947833795864925541502180565485980503646440548199239100050792877003355816639229553136239076508735759914822574862575007425302077447712589550957937778424442426617334727629299387668709205606050270810842907692932019128194467627007
D:  sending message (size 0.000005 MB)
I: InitMonitor::next
I: GenerateDriverLabels::next
D:   driver labels generated in 19763.525391 ms
I: GenerateInWireKeys::next
D:   in-wire keys generated in 12290.657227 ms
D: SendLabels::message
D:   generating in-wire labels for 20618 gates
D:   10000 gates processed
D:   20000 gates processed
D:   in-wire labels generated in 12569.997070 ms
D:  gateCount: 20618
D:  sending message (size 16.393608 MB)
I: SendLabels::next
I: RecvGarbledGates::next
I: RecvSystemInputLabels::next
I: RecvFlagBitLabels::next
I: MonitorObliviousTransfer::next
I: InitChooser::next
I: MonitorObliviousTransfer::next
I: RecvConstant::next
D: received message: 7de92ca177b874de7e54af48ace8288ea2c8c9b420f1cb0f1868002960e351f422b1554b39aa0b7d4317125d6e60298edfe49e30d97c17a5c7dc6fdb212cd9162a91eb03f21260d3e3bcf9012c37bb4badc719a137029312afdc6b27115918793036cf2aefbd2f6c75545d4609d48e9193d314753fb9db499262d5ade14e988f
I: MonitorObliviousTransfer::next
I: GeneratePublicKey::next
D:  sending message (size 0.000256 MB)
I: MonitorObliviousTransfer::next
I: SendPublicKey::next
I: MonitorObliviousTransfer::next
I: RecvEncryptedMessages::next
I: MonitorObliviousTransfer::next
I: DecryptChosenMessage::next
I: MonitorObliviousTransfer::next
I: ChooserDone::next
I: MonitorObliviousTransfer::next
I: MonitorObliviousTransfer::next
I: InitChooser::next
I: MonitorObliviousTransfer::next
I: RecvConstant::next
D: received message: d0620b5c5e50bff6619535b135668631a162c959e85213a611c8a2d34698cd1091709ab1530c8d22a54769aa3424ddb58eda0c0281dcea9aa440bea64cc03914d6b425ae46a843407d6fd929404694c97e782e253fe674035d85b2bbc0886765db7720db018ce169fc9af262f647cc83328b978231713cd2f9eb662063ee77dc
I: MonitorObliviousTransfer::next
I: GeneratePublicKey::next
D:  sending message (size 0.000256 MB)
I: MonitorObliviousTransfer::next
I: SendPublicKey::next
I: MonitorObliviousTransfer::next
I: RecvEncryptedMessages::next
I: MonitorObliviousTransfer::next
I: DecryptChosenMessage::next
I: MonitorObliviousTransfer::next
I: ChooserDone::next
I: MonitorObliviousTransfer::next
I: MonitorObliviousTransfer::next
I: InitChooser::next
I: MonitorObliviousTransfer::next
I: RecvConstant::next
D: received message: 5743d45f108275d03687524cc6e790428d903c2b8fa81d2fe6faacb1ab19a1a4984dd16eae52b4ae9257f7cee97300f84d9c0493e8603bef9a67b8276ff60bcf6370515b4d13e9908b0a2ab40856ec78a34aa962488b1564398ed396e4b061af0ebddf408e128cc93139bf851b99c3cd161025eec5bd921659c29a40e9b39b2f
I: MonitorObliviousTransfer::next
I: GeneratePublicKey::next
D:  sending message (size 0.000256 MB)
I: MonitorObliviousTransfer::next
I: SendPublicKey::next
I: MonitorObliviousTransfer::next
I: RecvEncryptedMessages::next
I: MonitorObliviousTransfer::next
I: DecryptChosenMessage::next
I: MonitorObliviousTransfer::next
I: ChooserDone::next
I: MonitorObliviousTransfer::next
I: MonitorObliviousTransfer::next
I: InitChooser::next
I: MonitorObliviousTransfer::next
I: RecvConstant::next
D: received message: eb0bc99540beae7f2e65e1f27ea400cb3dc22b1784207236f3571f526b754e991f3a4ad9c1a5308a3a8527875ba30bef09ed5a53c05e9b026bf19ff2a7374a3e876e8b172e67332d0b84d100358ead5dbfca119f83758ecc18848e5f900267f48c4a1826232853e7fa95676ee0263d2abe746d62aeb5a34559123961b2fbee72
I: MonitorObliviousTransfer::next
I: GeneratePublicKey::next
D:  sending message (size 0.000256 MB)
I: MonitorObliviousTransfer::next
I: SendPublicKey::next
I: MonitorObliviousTransfer::next
I: RecvEncryptedMessages::next
I: MonitorObliviousTransfer::next
I: DecryptChosenMessage::next
I: MonitorObliviousTransfer::next
I: ChooserDone::next
I: MonitorObliviousTransfer::next
I: MonitorObliviousTransfer::next
I: InitChooser::next
I: MonitorObliviousTransfer::next
I: RecvConstant::next
D: received message: e141418e6ca2b9e22845fcfad3ee6255f273d1888a5a92d1c627c6c2c94ec57b887a2472ad9446e8108e80c8f44057a952ac9309d9da2a63fb0793aa0eb1bb33f82369417c656ba7a0b19cc633e6fdb7d0dd3161145bb4b5ca288ff09c9fd075bfe904376b1b7c1b381475effdc28e881457662ab6f2fcb4d9697fb42cb169b5
I: MonitorObliviousTransfer::next
I: GeneratePublicKey::next
D:  sending message (size 0.000256 MB)
I: MonitorObliviousTransfer::next
I: SendPublicKey::next
I: MonitorObliviousTransfer::next
I: RecvEncryptedMessages::next
I: MonitorObliviousTransfer::next
I: DecryptChosenMessage::next
I: MonitorObliviousTransfer::next
I: ChooserDone::next
I: MonitorObliviousTransfer::next
I: MonitorObliviousTransfer::next
I: InitChooser::next
I: MonitorObliviousTransfer::next
I: RecvConstant::next
D: received message: e85d6180115dad827eb0c1bad45d38d24348b01e4bac3752c03f756268d04562482d45fb82fe2684df5b366a85b06e86e04e8f1014493cd448ffbefc1f1732a6603b5bbd5553638c5f0cc21d0b073c645fafc45f9f3dd214e75985fd862c1da0c681db8700ad8ed446163fb47b463ee827a451f01c9b74b8fe61bb0c46da68d5
I: MonitorObliviousTransfer::next
I: GeneratePublicKey::next
D:  sending message (size 0.000256 MB)
I: MonitorObliviousTransfer::next
I: SendPublicKey::next
I: MonitorObliviousTransfer::next
I: RecvEncryptedMessages::next
I: MonitorObliviousTransfer::next
I: DecryptChosenMessage::next
I: MonitorObliviousTransfer::next
I: ChooserDone::next
I: MonitorObliviousTransfer::next
I: MonitorObliviousTransfer::next
I: InitChooser::next
I: MonitorObliviousTransfer::next
I: RecvConstant::next
D: received message: 3535176c9b5ac7fc502433a4370a6bd49c246a8aac1a8a637fbdec664aeea32bc4a76e8dde2bf16940ef60a5cb3fb981c83f86860f9d07a3662d578d248e4cb617982df6117c90c2c227ee778b0fea3b7b84f89527492ff5dde15019c2104cac76de6e1fa6849f48f297110fea020b899282c4f8aa6f90593d410feb21990a0
I: MonitorObliviousTransfer::next
I: GeneratePublicKey::next
D:  sending message (size 0.000256 MB)
I: MonitorObliviousTransfer::next
I: SendPublicKey::next
I: MonitorObliviousTransfer::next
I: RecvEncryptedMessages::next
I: MonitorObliviousTransfer::next
I: DecryptChosenMessage::next
I: MonitorObliviousTransfer::next
I: ChooserDone::next
I: MonitorObliviousTransfer::next
I: MonitorObliviousTransfer::next
I: InitChooser::next
I: MonitorObliviousTransfer::next
I: RecvConstant::next
D: received message: 3f4414ec81c4d0c23dd9aa200e54858ffdcb8bc6bb7d3f468d20e649ab254534499d4783ea5d01754d40e0b210b557fe5fd8895bc07b1c94d8aba7ba0673071f9b8fd6bff39acb7d93bf6b62ab441aa6559ed22794b392cce4e7fbf0d3d52b450984b6d306ef124264550e7022ead06fe39983ccc5dfb71ef4120abca00a69ac
I: MonitorObliviousTransfer::next
I: GeneratePublicKey::next
D:  sending message (size 0.000256 MB)
I: MonitorObliviousTransfer::next
I: SendPublicKey::next
I: MonitorObliviousTransfer::next
I: RecvEncryptedMessages::next
I: MonitorObliviousTransfer::next
I: DecryptChosenMessage::next
I: MonitorObliviousTransfer::next
I: ChooserDone::next
I: MonitorObliviousTransfer::next
I: MonitorObliviousTransfer::next
I: InitChooser::next
I: MonitorObliviousTransfer::next
I: RecvConstant::next
D: received message: 2498ae4e6def52d1b33c1aa6e2635508f833e9c0df6b2b031c1d7a25d69faf993d75c90d78586e19f50b62ad13d523e0709e18eee61ba3d1d936299ad4dfef5bf456bf668a9609805905c81c67f546b7d822ce9151af80006bd9c205fc06d1a980f4a3af497c21eac1e3709e8f2049aa08ba2a2f900c85e5d7a9d6a900d527ce
I: MonitorObliviousTransfer::next
I: GeneratePublicKey::next
D:  sending message (size 0.000256 MB)
I: MonitorObliviousTransfer::next
I: SendPublicKey::next
I: MonitorObliviousTransfer::next
I: RecvEncryptedMessages::next
I: MonitorObliviousTransfer::next
I: DecryptChosenMessage::next
I: MonitorObliviousTransfer::next
I: ChooserDone::next
I: MonitorObliviousTransfer::next
I: MonitorObliviousTransfer::next
I: InitChooser::next
I: MonitorObliviousTransfer::next
I: RecvConstant::next
D: received message: 4ae589c9eb210c7e89ea37bb814d6733d5e27dc836948c998e150d3f55b7767e2dd3c0259a1abac53fb0f4560c35e3453a61766248a4adcb00526ba35f7e6961835c587f20bdf813b0504b18a009e042d5695a8f45568a2b1147a0ad0dc9c6b7fe214e184008ee6cafc62685bc6b4c26443357c40dc5c5b921e6d41c386716fd
I: MonitorObliviousTransfer::next
I: GeneratePublicKey::next
D:  sending message (size 0.000255 MB)
I: MonitorObliviousTransfer::next
I: SendPublicKey::next
I: MonitorObliviousTransfer::next
I: RecvEncryptedMessages::next
I: MonitorObliviousTransfer::next
I: DecryptChosenMessage::next
I: MonitorObliviousTransfer::next
I: ChooserDone::next
I: MonitorObliviousTransfer::next
I: MonitorObliviousTransfer::next
I: InitChooser::next
I: MonitorObliviousTransfer::next
I: RecvConstant::next
D: received message: e9512680d7ba19d6311804cad237e025e873fe434c652e9edcc66e92070d6f4b39478249a430e76f1a451822ee3796bebdad3fba9ff306433c21854b775b8ee7b0dd21addd78fd8c240693dbc110ade897c7bd7150aa04b445263736a01b41071896c25d7691ddb0ab930777f164dcc7d3c50ab5d8b81d28b41a01d420b89678
I: MonitorObliviousTransfer::next
I: GeneratePublicKey::next
D:  sending message (size 0.000256 MB)
I: MonitorObliviousTransfer::next
I: SendPublicKey::next
I: MonitorObliviousTransfer::next
I: RecvEncryptedMessages::next
I: MonitorObliviousTransfer::next
I: DecryptChosenMessage::next
I: MonitorObliviousTransfer::next
I: ChooserDone::next
I: MonitorObliviousTransfer::next
I: MonitorObliviousTransfer::next
I: InitChooser::next
I: MonitorObliviousTransfer::next
I: RecvConstant::next
D: received message: 85f350a5cd7c7bd410c05a26c5705ff8f616de2587fbe1481e4dbf97cd53cfe14969dfe3284061f623359cf6ea8bfb72a694df4e547c68440c79779c57683a8a2975099edbcb0792dd078311936cc8889a940c627e9fc98ca07fc230be0abe79f8847877af21d6b67e18e8ef236435d57331dd74b1d88e0a21d1792bd1c0b15b
I: MonitorObliviousTransfer::next
I: GeneratePublicKey::next
D:  sending message (size 0.000256 MB)
I: MonitorObliviousTransfer::next
I: SendPublicKey::next
I: MonitorObliviousTransfer::next
I: RecvEncryptedMessages::next
I: MonitorObliviousTransfer::next
I: DecryptChosenMessage::next
I: MonitorObliviousTransfer::next
I: ChooserDone::next
I: MonitorObliviousTransfer::next
I: MonitorObliviousTransfer::next
I: InitChooser::next
I: MonitorObliviousTransfer::next
I: RecvConstant::next
D: received message: f1e104414c41643ea751f1b976e2572fbed983efeaabafeaf0033f8c69ce3a23634402dc62e89d44be7bcb489e45f3780993bedc5d85edbf50045d053a9bffe03d8ecb83520425e99ca49085a31b7d7bbdd72d4ba3013d8dec5536ac1690ace354911d3aa24220618e6e1fec861bbf9c909ed4d986468cbf40290337d1b800e9
I: MonitorObliviousTransfer::next
I: GeneratePublicKey::next
D:  sending message (size 0.000256 MB)
I: MonitorObliviousTransfer::next
I: SendPublicKey::next
I: MonitorObliviousTransfer::next
I: RecvEncryptedMessages::next
I: MonitorObliviousTransfer::next
I: DecryptChosenMessage::next
I: MonitorObliviousTransfer::next
I: ChooserDone::next
I: MonitorObliviousTransfer::next
I: MonitorObliviousTransfer::next
I: InitChooser::next
I: MonitorObliviousTransfer::next
I: RecvConstant::next
D: received message: d077a456d131213077eaf87693defd081cceb7d0c293986e9dce7584de917f87eaffb98ce06456bd40a0868e7b7b2dfa89a8df15c6d6b813b6ef6dfd5cf3b3ac38b7d7eb6ca17a2a7876360cfa2e5908e46614517a2874df09f5cdc88cc5ef162654a717a4f521ab4f84bb4d72c18c3b4cef3db05bb354bed9782835b2897841
I: MonitorObliviousTransfer::next
I: GeneratePublicKey::next
D:  sending message (size 0.000256 MB)
I: MonitorObliviousTransfer::next
I: SendPublicKey::next
I: MonitorObliviousTransfer::next
I: RecvEncryptedMessages::next
I: MonitorObliviousTransfer::next
I: DecryptChosenMessage::next
I: MonitorObliviousTransfer::next
I: ChooserDone::next
I: MonitorObliviousTransfer::next
I: MonitorObliviousTransfer::next
I: InitChooser::next
I: MonitorObliviousTransfer::next
I: RecvConstant::next
D: received message: c999f9cb85a3100e04a510e0422c336ca969410a4f1e84e3d49b74b84a1a879fe2fd59e9c06e9cc65858f0da32d7d025282b16f6e8b7c2e6066d535048be0ef1f284b4ca9c96e23f97cfa1e2bcc8c99d86949a0290858eda4c858d515f3a7a7fb17d4eb41e96ccc7b462bed30054c293784ebb231144075a97bd58f561d03b12
I: MonitorObliviousTransfer::next
I: GeneratePublicKey::next
D:  sending message (size 0.000256 MB)
I: MonitorObliviousTransfer::next
I: SendPublicKey::next
I: MonitorObliviousTransfer::next
I: RecvEncryptedMessages::next
I: MonitorObliviousTransfer::next
I: DecryptChosenMessage::next
I: MonitorObliviousTransfer::next
I: ChooserDone::next
I: MonitorObliviousTransfer::next
I: MonitorObliviousTransfer::next
I: InitChooser::next
I: MonitorObliviousTransfer::next
I: RecvConstant::next
D: received message: d75a69630dbd107f9da3f8cb5ebb5fe136c1fad9655097cf847ec3b97a51cb503d474369f0da6db979094e57cb3afa466da1b010d2f6f82d30616021b1077cc04f3410778450eaf3489fab3eb77f760f8586ee14c652621bc2c073320f65395f222ca6f1ad5c11c4b4eb9f6ddbde4a20537262a1be97756298af5f9d731e87e5
I: MonitorObliviousTransfer::next
I: GeneratePublicKey::next
D:  sending message (size 0.000256 MB)
I: MonitorObliviousTransfer::next
I: SendPublicKey::next
I: MonitorObliviousTransfer::next
I: RecvEncryptedMessages::next
I: MonitorObliviousTransfer::next
I: DecryptChosenMessage::next
I: MonitorObliviousTransfer::next
I: ChooserDone::next
I: MonitorObliviousTransfer::next
I: MonitorObliviousTransfer::next
I: InitChooser::next
I: MonitorObliviousTransfer::next
I: RecvConstant::next
D: received message: 40fbcb82a115112c258d3e4fc58a77cb494ca44c3559dd5f3ba08d6aa539d72c8917e3cff8866d4eafc5c5cc26463d37b7882878389b15bb84803c6bd20fc5d3b616e4d179fbc636b1adbc6d2ca94b781d827e677ee69e9df7500dfdadb1652d720262ef9bc11fe43841479250087ab8037d31157165dd567a021231c3e90300
I: MonitorObliviousTransfer::next
I: GeneratePublicKey::next
D:  sending message (size 0.000256 MB)
I: MonitorObliviousTransfer::next
I: SendPublicKey::next
I: MonitorObliviousTransfer::next
I: RecvEncryptedMessages::next
I: MonitorObliviousTransfer::next
I: DecryptChosenMessage::next
I: MonitorObliviousTransfer::next
I: ChooserDone::next
I: MonitorObliviousTransfer::next
I: MonitorObliviousTransfer::next
I: InitChooser::next
I: MonitorObliviousTransfer::next
I: RecvConstant::next
D: received message: 6d9adc471965e3acc9db76fae5cd224d3c516323d3603095f1600b6085f4a3bbfa98d3538d6c291372890c6f1491beedbca66cb513648ec8edbe28b1669f2ad74b31494c2d148aabca8a8552971c680166717badc4bf2308750e4f7418385010a911c51af841357f368dbf0b4728b2efe2c96bcf89436b0eb668b2a87fa62e64
I: MonitorObliviousTransfer::next
I: GeneratePublicKey::next
D:  sending message (size 0.000256 MB)
I: MonitorObliviousTransfer::next
I: SendPublicKey::next
I: MonitorObliviousTransfer::next
I: RecvEncryptedMessages::next
I: MonitorObliviousTransfer::next
I: DecryptChosenMessage::next
I: MonitorObliviousTransfer::next
I: ChooserDone::next
I: MonitorObliviousTransfer::next
I: MonitorObliviousTransfer::next
I: InitChooser::next
I: MonitorObliviousTransfer::next
I: RecvConstant::next
D: received message: d7537c2ff60962b18d7dede596a4b2ee74662db066dcc92208f5083e16bc1d3643d623e00cdaf36a9a2239cce59b9123093d01d222227f19aa5534172797d113f7195f5d11551a90a8c09b45b1242508489c430e8c13bdb847c8bff34eea7cf8cfdcc17d1c70e93b1b5c65b29030b11dd4243ab57ef6254099e30e37f042380f
I: MonitorObliviousTransfer::next
I: GeneratePublicKey::next
D:  sending message (size 0.000256 MB)
I: MonitorObliviousTransfer::next
I: SendPublicKey::next
I: MonitorObliviousTransfer::next
I: RecvEncryptedMessages::next
I: MonitorObliviousTransfer::next
I: DecryptChosenMessage::next
I: MonitorObliviousTransfer::next
I: ChooserDone::next
I: MonitorObliviousTransfer::next
I: MonitorObliviousTransfer::next
I: InitChooser::next
I: MonitorObliviousTransfer::next
I: RecvConstant::next
D: received message: b12a659e7cfbefd6e479ab61022add16d1286d75bf6cd6fb1a7273a23f12e957d9e196c8da7d502654c5bda53578418bd497730cdca022422ec3ff2ce36bbe322a93fc64f5d8c274e2cf45257a5db9957914961f2405e30408c4b6c94d8f48895b233bc7ebc2e67f2d2a086ac7613125d728a481609195d2800b6d61e9917c35
I: MonitorObliviousTransfer::next
I: GeneratePublicKey::next
D:  sending message (size 0.000256 MB)
I: MonitorObliviousTransfer::next
I: SendPublicKey::next
I: MonitorObliviousTransfer::next
I: RecvEncryptedMessages::next
I: MonitorObliviousTransfer::next
I: DecryptChosenMessage::next
I: MonitorObliviousTransfer::next
I: ChooserDone::next
I: MonitorObliviousTransfer::next
I: MonitorObliviousTransfer::next
I: InitChooser::next
I: MonitorObliviousTransfer::next
I: RecvConstant::next
D: received message: cd165640f3e818d8d215b32198d4ef158083d5f4a8bf075468921f10dc61c2a3694fb109f52ba5d48a1586fc655f25a6b15ff2afcc883125908dc905cf98c700d5f7914a38db48e54a294aeaf9982d6e884c96ebb7bdcae9ba728f812ba13aa7f77f62c1731915ee1fadc71db5ca3a0452605cfd2ddafb60fbc57d01330c936b
I: MonitorObliviousTransfer::next
I: GeneratePublicKey::next
D:  sending message (size 0.000256 MB)
I: MonitorObliviousTransfer::next
I: SendPublicKey::next
I: MonitorObliviousTransfer::next
I: RecvEncryptedMessages::next
I: MonitorObliviousTransfer::next
I: DecryptChosenMessage::next
I: MonitorObliviousTransfer::next
I: ChooserDone::next
I: MonitorObliviousTransfer::next
I: MonitorObliviousTransfer::next
I: InitChooser::next
I: MonitorObliviousTransfer::next
I: RecvConstant::next
D: received message: f18b8a0feb4a7d801d37223d06d478045c9c61d8047a28fa0b56314ca24c116a71d667f0cbb80f869d02bcac498c1fe539883cabc9d254e95950c97679b2d7141f435c74b1191c4927e073140b298e3514bb141673d542f3edfdd4e609b8b163b6e6e001c28aeb2cf542b496789104bcdb55ea41e5efe5984cf8a4baf7e0c537
I: MonitorObliviousTransfer::next
I: GeneratePublicKey::next
D:  sending message (size 0.000256 MB)
I: MonitorObliviousTransfer::next
I: SendPublicKey::next
I: MonitorObliviousTransfer::next
I: RecvEncryptedMessages::next
I: MonitorObliviousTransfer::next
I: DecryptChosenMessage::next
I: MonitorObliviousTransfer::next
I: ChooserDone::next
I: MonitorObliviousTransfer::next
I: MonitorObliviousTransfer::next
I: InitChooser::next
I: MonitorObliviousTransfer::next
I: RecvConstant::next
D: received message: c8653c6eae9d2fd201747b958652ae0808d5c2958f98ae36f1a85ca48bccbec1b205e29ab18b2b561603bdee26fd620b582dcdddf0f5380d392c7e00fa90f804f2d03ec320a2aa94bcbfadf70476ab3e7ad450005faa3719588527f85c4effac41a13f39f1edae7f946e87d557307cf8ca95d659512a02c0ae2400c4b16c61c0
I: MonitorObliviousTransfer::next
I: GeneratePublicKey::next
D:  sending message (size 0.000256 MB)
I: MonitorObliviousTransfer::next
I: SendPublicKey::next
I: MonitorObliviousTransfer::next
I: RecvEncryptedMessages::next
I: MonitorObliviousTransfer::next
I: DecryptChosenMessage::next
I: MonitorObliviousTransfer::next
I: ChooserDone::next
I: MonitorObliviousTransfer::next
I: MonitorObliviousTransfer::next
I: InitChooser::next
I: MonitorObliviousTransfer::next
I: RecvConstant::next
D: received message: 90759e7dcc6ec9a587409394fe860b16ab44b49865bfdea8d38562e3e927f3fc6dc20e4c941649b3cd6093aa99729a1caf7f6c24e6c77a3b1914149004f50874281b9cfa5d535b2dd054d7048a4648f1d977054f45a15d402def601fc48616ad64dfede603c72142e1aae4aeb8cabc1c004ff75f7fdc4afa73673d124e2df012
I: MonitorObliviousTransfer::next
I: GeneratePublicKey::next
D:  sending message (size 0.000256 MB)
I: MonitorObliviousTransfer::next
I: SendPublicKey::next
I: MonitorObliviousTransfer::next
I: RecvEncryptedMessages::next
I: MonitorObliviousTransfer::next
I: DecryptChosenMessage::next
I: MonitorObliviousTransfer::next
I: ChooserDone::next
I: MonitorObliviousTransfer::next
I: MonitorObliviousTransfer::next
I: InitChooser::next
I: MonitorObliviousTransfer::next
I: RecvConstant::next
D: received message: f27c792b9cebafb44696535d77b6685ad0ce2d5da5da777e107fd8fd1c71c0fd9714e95e5185df277295d9c7f603314f39009d785f7395770f5a2ad089f1e6de5c82627e60ccfdd086b09f404079d2d90d18426628bf97cc037c69a895d8cc9c956566e0c42fbcec122f6fb9448e54034ce8115531d0bbb7510f8075151ccd7d
I: MonitorObliviousTransfer::next
I: GeneratePublicKey::next
D:  sending message (size 0.000256 MB)
I: MonitorObliviousTransfer::next
I: SendPublicKey::next
I: MonitorObliviousTransfer::next
I: RecvEncryptedMessages::next
I: MonitorObliviousTransfer::next
I: DecryptChosenMessage::next
I: MonitorObliviousTransfer::next
I: ChooserDone::next
I: MonitorObliviousTransfer::next
I: MonitorObliviousTransfer::next
I: InitChooser::next
I: MonitorObliviousTransfer::next
I: RecvConstant::next
D: received message: bc02ad00d7bb4f2772adba7007b97c6f208029dd90367c90bf39fd7278328a8d6927c090ad44efa3f7cee44f28d61087d93242cb6525ec4b7a0c667933ab1e15280a6994f36e62393968a80c78eb0b8f377d0a91d3cc2764e91637cbbad3577f292cec5c7f153098c710dc99199beb076158ff9635fb6fda8de7e29f39158889
I: MonitorObliviousTransfer::next
I: GeneratePublicKey::next
D:  sending message (size 0.000256 MB)
I: MonitorObliviousTransfer::next
I: SendPublicKey::next
I: MonitorObliviousTransfer::next
I: RecvEncryptedMessages::next
I: MonitorObliviousTransfer::next
I: DecryptChosenMessage::next
I: MonitorObliviousTransfer::next
I: ChooserDone::next
I: MonitorObliviousTransfer::next
I: MonitorObliviousTransfer::next
I: InitChooser::next
I: MonitorObliviousTransfer::next
I: RecvConstant::next
D: received message: 484e5e9e9777d5168ff6b7406a0a433a2531076a63a4c36a0d5f29a82e9dff45ab72b3e495df2f64ccb38515772508869319bc15b1e01209bf36c8159743936a17d12918cd67539abf900d66132cba4042df21630dba59477a7a553376ba763e186a849c3c53ce87bd9955cd22311eaf06678739b92efa00e93e13dd62fb070d
I: MonitorObliviousTransfer::next
I: GeneratePublicKey::next
D:  sending message (size 0.000256 MB)
I: MonitorObliviousTransfer::next
I: SendPublicKey::next
I: MonitorObliviousTransfer::next
I: RecvEncryptedMessages::next
I: MonitorObliviousTransfer::next
I: DecryptChosenMessage::next
I: MonitorObliviousTransfer::next
I: ChooserDone::next
I: MonitorObliviousTransfer::next
I: MonitorObliviousTransfer::next
I: InitChooser::next
I: MonitorObliviousTransfer::next
I: RecvConstant::next
D: received message: d3ac4e5b565d344522f1104c81ed6fb22777f6d0ee1c8a0680d97be61e0ab58162d630e03ca032e1f7611e65e936d68da50dd6dca62fdcbb3cb150766d35108fc13f8fbce62d4cd2b0cc4aace9771a47f8dcf1abd418439710f35b6ca7b6101c173ccf8ffd136f923dba40a1430513e51df560d5130a647b3be5f6f09a94d6ce
I: MonitorObliviousTransfer::next
I: GeneratePublicKey::next
D:  sending message (size 0.000256 MB)
I: MonitorObliviousTransfer::next
I: SendPublicKey::next
I: MonitorObliviousTransfer::next
I: RecvEncryptedMessages::next
I: MonitorObliviousTransfer::next
I: DecryptChosenMessage::next
I: MonitorObliviousTransfer::next
I: ChooserDone::next
I: MonitorObliviousTransfer::next
I: MonitorObliviousTransfer::next
I: InitChooser::next
I: MonitorObliviousTransfer::next
I: RecvConstant::next
D: received message: 7d3c9c2ca746199eb22c6ab7d5d931f4fcdbf9828ccbd33f0676253fb74675a1e14e79143c3fe089ce331a8d9c04405bc06a0e19aa508adabf917a417465f90fb53cf29118ce99a385b3e438f2ca5802d76726a7194397fd5c6611d2196fa2afa9ff0e7f47170445be34bf979cc10892f712377c508d0aebbf56fb7ae767d501
I: MonitorObliviousTransfer::next
I: GeneratePublicKey::next
D:  sending message (size 0.000256 MB)
I: MonitorObliviousTransfer::next
I: SendPublicKey::next
I: MonitorObliviousTransfer::next
I: RecvEncryptedMessages::next
I: MonitorObliviousTransfer::next
I: DecryptChosenMessage::next
I: MonitorObliviousTransfer::next
I: ChooserDone::next
I: MonitorObliviousTransfer::next
I: MonitorObliviousTransfer::next
I: InitChooser::next
I: MonitorObliviousTransfer::next
I: RecvConstant::next
D: received message: 686e36c787387aef36020771cd99975abc2aa6c9fa724e4d04df873eec2d8ff28e92e03066062cdacf0ae8aedfaa96d13fdf8bb0f3b5ab9972f490d6fd44835a26a959679cbcd99b417c0fc3dfb068549ac48bf8fe66380b349a6a881a2a9b915da6bf7b8b860c4fa4f42611418f7605db625defc92090d2eab1c70df71341d5
I: MonitorObliviousTransfer::next
I: GeneratePublicKey::next
D:  sending message (size 0.000256 MB)
I: MonitorObliviousTransfer::next
I: SendPublicKey::next
I: MonitorObliviousTransfer::next
I: RecvEncryptedMessages::next
I: MonitorObliviousTransfer::next
I: DecryptChosenMessage::next
I: MonitorObliviousTransfer::next
I: ChooserDone::next
I: MonitorObliviousTransfer::next
I: MonitorObliviousTransfer::next
I: InitChooser::next
I: MonitorObliviousTransfer::next
I: RecvConstant::next
D: received message: 8b24047d79448e5e93406f2904bc99ddf50b3f721acca9dd6f65271d2b3b3b5d6cc8332a9865a6abb7176635998a80a3016893c5e6b2e8efc3b1f2648382be171c02babd14caed120bcd83249035b2a6f5145ea573de56781b46b510cfac59b93a6a1a00d0f546ec58faa603422dadae6175d9c453720f289c80d7bd7c52e8d5
I: MonitorObliviousTransfer::next
I: GeneratePublicKey::next
D:  sending message (size 0.000256 MB)
I: MonitorObliviousTransfer::next
I: SendPublicKey::next
I: MonitorObliviousTransfer::next
I: RecvEncryptedMessages::next
I: MonitorObliviousTransfer::next
I: DecryptChosenMessage::next
I: MonitorObliviousTransfer::next
I: ChooserDone::next
I: MonitorObliviousTransfer::next
I: MonitorObliviousTransfer::next
I: InitChooser::next
I: MonitorObliviousTransfer::next
I: RecvConstant::next
D: received message: 6eee363abaa5bd381a56c09f81feea1435337bcc5048223bc639d8c6539aa3ea232b82305e27cc48d21a179f436e0465cd9512c7b97e34dc4ebf770f4ce258275d7dfc6379f1cd4f6b8a4cdde7b677011eb1d2c24ea249464cbf72274047db41fdd53595f3fb546fcc24c935011299bdb1356cddd5b2f5c3ebd17af85803f68a
I: MonitorObliviousTransfer::next
I: GeneratePublicKey::next
D:  sending message (size 0.000256 MB)
I: MonitorObliviousTransfer::next
I: SendPublicKey::next
I: MonitorObliviousTransfer::next
I: RecvEncryptedMessages::next
I: MonitorObliviousTransfer::next
I: DecryptChosenMessage::next
I: MonitorObliviousTransfer::next
I: ChooserDone::next
I: MonitorObliviousTransfer::next
I: MonitorObliviousTransfer::next
I: EvaluateCircuit::next
D:   evaluating gate 10000
D:   evaluating gate 20000
D:  sending message (size 0.000001 MB)
I: SendOutputBit::next
I: ==== round duration: 15983.929688 ms ====
I: CopyMonitorStateLabels::next
I: RecvGarbledGates::next
I: RecvSystemInputLabels::next
I: RecvFlagBitLabels::next
I: EvaluateCircuit::next
D:   evaluating gate 10000
D:   evaluating gate 20000
D:  sending message (size 0.000001 MB)
I: SendOutputBit::next
I: ==== round duration: 16573.548828 ms ====
I: FaultObserved::next
I: MonitorDone::next
