I: parsing spec file timekeeper+.v...
skipping synthesis, BLIF file already exists.
I: parsing BLIF file synth.blif...
D: inputs and outputs parsed.
D: circuit initialized.
D: connections (#2018) parsed.
D: gates (#20547) parsed.
D: outputs: 33607 33610 33613 33616 33619 33622 33625 33628 33631 33634 33637 33640 33643 33646 33649 33652 33655 33658 33661 33664 33667 33670 33673 33676 33679 33682 33685 33688 33691 33694 33697 33703 33605 
D: circuit size: 33704
D: adding identity gates for outputs...
D: outputs after identity: 33737 33738 33739 33740 33741 33742 33743 33744 33745 33746 33747 33748 33749 33750 33751 33752 33753 33754 33755 33756 33757 33758 33759 33760 33761 33762 33763 33764 33765 33766 33767 33768 33769 
D: circuit size after identity: 33770
I: initializing safe primes...
I: using prime modulus 179769313486231590770839156793787453197860296048756011706444423684197180216158519368947833795864925541502180565485980503646440548199239100050792877003355816639229553136239076508735759914822574862575007425302077447712589550957937778424442426617334727629299387668709205606050270810842907692932019128194467627007
D:  sending message (size 0.000005 MB)
I: InitMonitor::next
I: GenerateDriverLabels::next
D:   driver labels generated in 37125.820312 ms
I: GenerateInWireKeys::next
D:   in-wire keys generated in 10917.732422 ms
D: SendLabels::message
D:   generating in-wire labels for 20618 gates
D:   10000 gates processed
D:   20000 gates processed
D:   in-wire labels generated in 11392.844727 ms
D:  gateCount: 20618
D:  sending message (size 19.271350 MB)
I: SendLabels::next
I: RecvGarbledGates::next
I: RecvSystemInputLabels::next
I: RecvFlagBitLabels::next
I: MonitorObliviousTransfer::next
I: InitChooser::next
I: MonitorObliviousTransfer::next
I: RecvConstant::next
D: received message: 7ac49d74747b24049f46f9259fd2919677522cbb49d2ef0475b668d1c0806496aa0c25720d1a1e334d0f6acef278485989f738c580c4038fc730820ba3508a6122d2383566e7b0c1baf6002b5e580f7d937389927e7547f1cd1f11f35c419dd5bf4cc4df3ec8d4d6a13b4d3dfbae719e48487a8bb3810cde81942c04c95d4c4
I: MonitorObliviousTransfer::next
I: GeneratePublicKey::next
D:  sending message (size 0.000256 MB)
I: MonitorObliviousTransfer::next
I: SendPublicKey::next
I: MonitorObliviousTransfer::next
I: RecvEncryptedMessages::next
I: MonitorObliviousTransfer::next
I: DecryptChosenMessage::next
I: MonitorObliviousTransfer::next
I: ChooserDone::next
I: MonitorObliviousTransfer::next
I: MonitorObliviousTransfer::next
I: InitChooser::next
I: MonitorObliviousTransfer::next
I: RecvConstant::next
D: received message: de96a632372062b810a606e0f71ee6bf931a5d5268d5ea16d1f55a31bd8de95592c4d35df785678e09d83521a67bc422f2cc6e02db2bcb276f3cc75d47975a9d9c027132fe09302263ebc0a170edffc628519b265d4c89d30fd31e8cbbc4d26c4536195071afe230b48dd647cc1694d7591b3b26cfe48c08c2966249ddda5b54
I: MonitorObliviousTransfer::next
I: GeneratePublicKey::next
D:  sending message (size 0.000256 MB)
I: MonitorObliviousTransfer::next
I: SendPublicKey::next
I: MonitorObliviousTransfer::next
I: RecvEncryptedMessages::next
I: MonitorObliviousTransfer::next
I: DecryptChosenMessage::next
I: MonitorObliviousTransfer::next
I: ChooserDone::next
I: MonitorObliviousTransfer::next
I: MonitorObliviousTransfer::next
I: InitChooser::next
I: MonitorObliviousTransfer::next
I: RecvConstant::next
D: received message: a75c8714d37eeeef0826a050af35d0cd8bfa0cec1fa540540e08916690e091482d77be91a2751532c2d01891fa5b5d31d8a627d21d4056c219b0895f89d0d77372f6a5e99271ed2381bf4d8f4834004a956b3ff1abf26936c42a8b863f09b5948700a2f191ef88cfddbb5a8cc0170cb81fc51c44e7f0d907b5811e9c361a70a3
I: MonitorObliviousTransfer::next
I: GeneratePublicKey::next
D:  sending message (size 0.000256 MB)
I: MonitorObliviousTransfer::next
I: SendPublicKey::next
I: MonitorObliviousTransfer::next
I: RecvEncryptedMessages::next
I: MonitorObliviousTransfer::next
I: DecryptChosenMessage::next
I: MonitorObliviousTransfer::next
I: ChooserDone::next
I: MonitorObliviousTransfer::next
I: MonitorObliviousTransfer::next
I: InitChooser::next
I: MonitorObliviousTransfer::next
I: RecvConstant::next
D: received message: 9e12c666b214eb2967c83b065027c47692b743bcb76f926a35f8c2afc6edac818a39661c81908be26b4a82a504f53337ef7a94dbb129a5808f6ca85c5fad288a331f38ac8f6e0cf8d4f400ee1af67877224d8ad86d3472163b72229120f730c4bae278d387325e2dce6bac7f10652cfbfc65d4545ed9f60fc4e4fe08957f8ac
I: MonitorObliviousTransfer::next
I: GeneratePublicKey::next
D:  sending message (size 0.000256 MB)
I: MonitorObliviousTransfer::next
I: SendPublicKey::next
I: MonitorObliviousTransfer::next
I: RecvEncryptedMessages::next
I: MonitorObliviousTransfer::next
I: DecryptChosenMessage::next
I: MonitorObliviousTransfer::next
I: ChooserDone::next
I: MonitorObliviousTransfer::next
I: MonitorObliviousTransfer::next
I: InitChooser::next
I: MonitorObliviousTransfer::next
I: RecvConstant::next
D: received message: 21a3e1a1cddad26c4d2a8fa66281e98a7861263017be79c622eca4c0b3b2c2eb0536e8db464fcd1e5e323edec7fa40fc9ae52a2eedbffba2f8da7945a652845e73089b994ed860634910da6edf557721789e34f2185843da06d3c6267dbe971ff60665622b76e2e54d829c99330b8819030cf8890b6df2cc868c9094f3fb133a
I: MonitorObliviousTransfer::next
I: GeneratePublicKey::next
D:  sending message (size 0.000256 MB)
I: MonitorObliviousTransfer::next
I: SendPublicKey::next
I: MonitorObliviousTransfer::next
I: RecvEncryptedMessages::next
I: MonitorObliviousTransfer::next
I: DecryptChosenMessage::next
I: MonitorObliviousTransfer::next
I: ChooserDone::next
I: MonitorObliviousTransfer::next
I: MonitorObliviousTransfer::next
I: InitChooser::next
I: MonitorObliviousTransfer::next
I: RecvConstant::next
D: received message: 8f0385fef155f9fe2b9d5fa513a1d839463292c83fadac19e912f6cd814ddd043a44569a1b5d4dadb058a0e853b4e19ea9ee1ba9df7d3aaff84fa3c6b974a137f82667d7f7ffebb1e3a2e4ede8a4b958ea1b10b5ced33e8ad5430346187ea6a9b5606cae6128024c0f596cbf8aafc07669ab0b5479798f7119e27dce83a3f918
I: MonitorObliviousTransfer::next
I: GeneratePublicKey::next
D:  sending message (size 0.000256 MB)
I: MonitorObliviousTransfer::next
I: SendPublicKey::next
I: MonitorObliviousTransfer::next
I: RecvEncryptedMessages::next
I: MonitorObliviousTransfer::next
I: DecryptChosenMessage::next
I: MonitorObliviousTransfer::next
I: ChooserDone::next
I: MonitorObliviousTransfer::next
I: MonitorObliviousTransfer::next
I: InitChooser::next
I: MonitorObliviousTransfer::next
I: RecvConstant::next
D: received message: a90b65bc1b6040fae6adb04d6d7dde6d96b0ab96a150c04cebb910a86f973a1d853db293ed97493d8113cb2b00b0609722188b509f81b3377bc38563a4e1de151758234d0504ffc6d6178be14cd59facb61e280d764174910f823f9af63a345ac6f4e4c7b8baca7cbf382b7298e447c116a6375dda6324d357391b60c34dd5e9
I: MonitorObliviousTransfer::next
I: GeneratePublicKey::next
D:  sending message (size 0.000256 MB)
I: MonitorObliviousTransfer::next
I: SendPublicKey::next
I: MonitorObliviousTransfer::next
I: RecvEncryptedMessages::next
I: MonitorObliviousTransfer::next
I: DecryptChosenMessage::next
I: MonitorObliviousTransfer::next
I: ChooserDone::next
I: MonitorObliviousTransfer::next
I: MonitorObliviousTransfer::next
I: InitChooser::next
I: MonitorObliviousTransfer::next
I: RecvConstant::next
D: received message: 64c00b7f682010e8e11b7abfe95cbaff514024e29872e31ad32db6124a7233957ff8892ae4acdd0d461788bddb3ca65f396d287c286ffc8102afb85b93a2a6e92c8a7a89878f149c7dc56cab45d57a3002bfa8c81edf7e9df0214925749586f7aad5816074d33afc72c372c1dab46ada892f56ea94f0715dd7a5047e668b641d
I: MonitorObliviousTransfer::next
I: GeneratePublicKey::next
D:  sending message (size 0.000255 MB)
I: MonitorObliviousTransfer::next
I: SendPublicKey::next
I: MonitorObliviousTransfer::next
I: RecvEncryptedMessages::next
I: MonitorObliviousTransfer::next
I: DecryptChosenMessage::next
I: MonitorObliviousTransfer::next
I: ChooserDone::next
I: MonitorObliviousTransfer::next
I: MonitorObliviousTransfer::next
I: InitChooser::next
I: MonitorObliviousTransfer::next
I: RecvConstant::next
D: received message: 928be83828d63c4215759ebb70e6f63c5f4079562424aa63206bdc8535860779fb81a5cd8b0bcc47840aed7ffa9dcbf2c07fb30120a0a5aba01b8630762d6735e87d2c97e7e0d89455e4812ae7de1c64cc94ff4a2c6bf713d0aa810486966b3a4c4ac0e77ab730cfad8bc412cbdfb8ebe38884251335186329facd7f3e5b1457
I: MonitorObliviousTransfer::next
I: GeneratePublicKey::next
D:  sending message (size 0.000256 MB)
I: MonitorObliviousTransfer::next
I: SendPublicKey::next
I: MonitorObliviousTransfer::next
I: RecvEncryptedMessages::next
I: MonitorObliviousTransfer::next
I: DecryptChosenMessage::next
I: MonitorObliviousTransfer::next
I: ChooserDone::next
I: MonitorObliviousTransfer::next
I: MonitorObliviousTransfer::next
I: InitChooser::next
I: MonitorObliviousTransfer::next
I: RecvConstant::next
D: received message: 226b3302cd9409ec2d9caecef9816f6fc9c23c7c1ad66cd4be4b032aca25c68baa5e1f0f3acf90ae1c6eb3e136ec54f3de4b8d8521c249965cc4c04c9f638b420f611c244f69076d4251e0c50c717f50340bb6ac51d5b5be8156a071d37f7a3a4219bc8a36097a411cc90003c5f3713f5eaf98c223215a65299e18d70418ca0b
I: MonitorObliviousTransfer::next
I: GeneratePublicKey::next
D:  sending message (size 0.000256 MB)
I: MonitorObliviousTransfer::next
I: SendPublicKey::next
I: MonitorObliviousTransfer::next
I: RecvEncryptedMessages::next
I: MonitorObliviousTransfer::next
I: DecryptChosenMessage::next
I: MonitorObliviousTransfer::next
I: ChooserDone::next
I: MonitorObliviousTransfer::next
I: MonitorObliviousTransfer::next
I: InitChooser::next
I: MonitorObliviousTransfer::next
I: RecvConstant::next
D: received message: 6f75aefeccf036f1a6872f62b8920ff93527c15ce476a9494510be17273ed03573ba6a244d517af702789cd7335bf93cd05cc86da59721f6266205b4d6fff378e3244e58084c29eca583c924bf8a1f2e1ccecb16d1bb4989b135868b56dd0d318fa248c40df25becf54030c2576d6c1fad230b83edcbb920dda347575efe57cc
I: MonitorObliviousTransfer::next
I: GeneratePublicKey::next
D:  sending message (size 0.000256 MB)
I: MonitorObliviousTransfer::next
I: SendPublicKey::next
I: MonitorObliviousTransfer::next
I: RecvEncryptedMessages::next
I: MonitorObliviousTransfer::next
I: DecryptChosenMessage::next
I: MonitorObliviousTransfer::next
I: ChooserDone::next
I: MonitorObliviousTransfer::next
I: MonitorObliviousTransfer::next
I: InitChooser::next
I: MonitorObliviousTransfer::next
I: RecvConstant::next
D: received message: 678b96a3b20e9c7983e731eaf422d7d3852624e27b56a862bf15e83944a00490d4a30b864d463b6114815db3bc658e6ae16cbc98981c567318571aa06eef869ee7a077995a0e311ff0de5472dc4f0b011a3bbf90d829d6094f3275b71027c0062b7da9af98f783236928a3dc4b6f7bceaf7a7117bcf96e458408037c441b0331
I: MonitorObliviousTransfer::next
I: GeneratePublicKey::next
D:  sending message (size 0.000256 MB)
I: MonitorObliviousTransfer::next
I: SendPublicKey::next
I: MonitorObliviousTransfer::next
I: RecvEncryptedMessages::next
I: MonitorObliviousTransfer::next
I: DecryptChosenMessage::next
I: MonitorObliviousTransfer::next
I: ChooserDone::next
I: MonitorObliviousTransfer::next
I: MonitorObliviousTransfer::next
I: InitChooser::next
I: MonitorObliviousTransfer::next
I: RecvConstant::next
D: received message: 497375cf09fefa06ed58df000f40b1568c8459e9fc4dba05ba50076df22e7370eda2d299ab09b7ae71fd3ff79258901e4c2b6da0bc950b51f45b20ce647705d060bcd7d69df7e692347ee6f98fc5c521aca14fc17a467bc271371cea32fe5573e2a6a4df19376df9fe8ced85a1204e548282047e9606c4f23cbcc5e5a38d0f69
I: MonitorObliviousTransfer::next
I: GeneratePublicKey::next
D:  sending message (size 0.000256 MB)
I: MonitorObliviousTransfer::next
I: SendPublicKey::next
I: MonitorObliviousTransfer::next
I: RecvEncryptedMessages::next
I: MonitorObliviousTransfer::next
I: DecryptChosenMessage::next
I: MonitorObliviousTransfer::next
I: ChooserDone::next
I: MonitorObliviousTransfer::next
I: MonitorObliviousTransfer::next
I: InitChooser::next
I: MonitorObliviousTransfer::next
I: RecvConstant::next
D: received message: e8a44bf86969015a947c1c519a9f54a1c3418fd9b1d3c07c4d695ff7e88b2ac0f146ac0334c1ffd219fabac8a23de7b2f8f9e92adb9254d9957dfb15e63986de99593aaf1dfb53af10362043b8516ed0260e0e950f38e6919e310b3ea36a264209b1436f5b57323e80bd31aea1472f0e14d510fdb3bd7eda354aa1e27699b5dd
I: MonitorObliviousTransfer::next
I: GeneratePublicKey::next
D:  sending message (size 0.000256 MB)
I: MonitorObliviousTransfer::next
I: SendPublicKey::next
I: MonitorObliviousTransfer::next
I: RecvEncryptedMessages::next
I: MonitorObliviousTransfer::next
I: DecryptChosenMessage::next
I: MonitorObliviousTransfer::next
I: ChooserDone::next
I: MonitorObliviousTransfer::next
I: MonitorObliviousTransfer::next
I: InitChooser::next
I: MonitorObliviousTransfer::next
I: RecvConstant::next
D: received message: 195a49ac15406b998ba68f1ec5f9539d934dc6c0e114edf93634528e07221280092b4c1eb58c942d089ebf945400d34abc1399ff40ddec738d16cab89e571e8f3f4140ef43a0db00e75cd542d6d6ce4b4c3c717b5ac5b530bf0b68f7904a65fdb0eb01b9533af7ed58d92c2926f3dd1a09f8554e1a0db4cb3409742ec8cb4709
I: MonitorObliviousTransfer::next
I: GeneratePublicKey::next
D:  sending message (size 0.000256 MB)
I: MonitorObliviousTransfer::next
I: SendPublicKey::next
I: MonitorObliviousTransfer::next
I: RecvEncryptedMessages::next
I: MonitorObliviousTransfer::next
I: DecryptChosenMessage::next
I: MonitorObliviousTransfer::next
I: ChooserDone::next
I: MonitorObliviousTransfer::next
I: MonitorObliviousTransfer::next
I: InitChooser::next
I: MonitorObliviousTransfer::next
I: RecvConstant::next
D: received message: dca22fc85a9ff38f0330acbc58ea652b73515cbf11794d587f4e1c8599b85596ec6d45e62683bb5841f94304d7fa7a905dd860781fffe07be0081269121c5dbd3890eafc31487e991898a9c6406c36d6ff7bcc78839f9b1fafff8d70fd08a1ffdf00c1172c0e297d18f716ad12503a50b4db273f46015af78055c5ed8e3666f
I: MonitorObliviousTransfer::next
I: GeneratePublicKey::next
D:  sending message (size 0.000256 MB)
I: MonitorObliviousTransfer::next
I: SendPublicKey::next
I: MonitorObliviousTransfer::next
I: RecvEncryptedMessages::next
I: MonitorObliviousTransfer::next
I: DecryptChosenMessage::next
I: MonitorObliviousTransfer::next
I: ChooserDone::next
I: MonitorObliviousTransfer::next
I: MonitorObliviousTransfer::next
I: InitChooser::next
I: MonitorObliviousTransfer::next
I: RecvConstant::next
D: received message: 973d4cb6235ba780aff58122a8e03009e528d55b521d9226c39b9de89a868b2c0bd39d9a2a11a685085b1d8d821919a4bbcbb83f1dd1b0a09d4409e2331fa06365d13f148ad69dd3959b18d65660a991a6edf5054e78a5c30a0041d37e86fbb70d08396a963ac41d8045a9085fac16632cdfee60fd36843d26e0abde46e6eca1
I: MonitorObliviousTransfer::next
I: GeneratePublicKey::next
D:  sending message (size 0.000256 MB)
I: MonitorObliviousTransfer::next
I: SendPublicKey::next
I: MonitorObliviousTransfer::next
I: RecvEncryptedMessages::next
I: MonitorObliviousTransfer::next
I: DecryptChosenMessage::next
I: MonitorObliviousTransfer::next
I: ChooserDone::next
I: MonitorObliviousTransfer::next
I: MonitorObliviousTransfer::next
I: InitChooser::next
I: MonitorObliviousTransfer::next
I: RecvConstant::next
D: received message: 281287b0ac836b38b9d6fbdd79f08a8f0af522bdff78e80861884184e1eb5efbe7eefc7bb0c8b21579f2f737c013c4c1e074661c60f780bf99ad2550506e50e0e78c1d332bb75b1b75d09c8bf78ef434886a36bd934574baf2bcd6a39765ab2cfe1a16e22276673cb8a779cbc658d6d89663d38c0a0454a60bc55868d0b2c4fe
I: MonitorObliviousTransfer::next
I: GeneratePublicKey::next
D:  sending message (size 0.000255 MB)
I: MonitorObliviousTransfer::next
I: SendPublicKey::next
I: MonitorObliviousTransfer::next
I: RecvEncryptedMessages::next
I: MonitorObliviousTransfer::next
I: DecryptChosenMessage::next
I: MonitorObliviousTransfer::next
I: ChooserDone::next
I: MonitorObliviousTransfer::next
I: MonitorObliviousTransfer::next
I: InitChooser::next
I: MonitorObliviousTransfer::next
I: RecvConstant::next
D: received message: 43563f8dc7c591c58caf6a13e81317bdb2fdf43739543bec84774f244e6810a862b789fa868e87e2599caf8f78b62bf35129add87b922ec055e3626286dc4c5f68db5619f77b5da399506fa546983b890d9417cbf625f1f6e62943e6b373ba8509351dcd30ee8a2472f9e07b52615f92cf6f56f02f9363d2658da05f55a4b3c8
I: MonitorObliviousTransfer::next
I: GeneratePublicKey::next
D:  sending message (size 0.000256 MB)
I: MonitorObliviousTransfer::next
I: SendPublicKey::next
I: MonitorObliviousTransfer::next
I: RecvEncryptedMessages::next
I: MonitorObliviousTransfer::next
I: DecryptChosenMessage::next
I: MonitorObliviousTransfer::next
I: ChooserDone::next
I: MonitorObliviousTransfer::next
I: MonitorObliviousTransfer::next
I: InitChooser::next
I: MonitorObliviousTransfer::next
I: RecvConstant::next
D: received message: 27fa3022e2d5583655c940dfff9f617620573756bb6ceb84e0ad634fecc930cdef1900b9219718243bb75b5ad7e133efd03e6a591aa7195d4e6874edb998919eaddc36a96a84ce53bb92c7c7b348d64113b8a1ef6b6925fd2e301aefdc06ee03ba2603d5b11cf99afde68a88ee2c79448a8b73d7c7e5e3ddc7021a5823df171c
I: MonitorObliviousTransfer::next
I: GeneratePublicKey::next
D:  sending message (size 0.000256 MB)
I: MonitorObliviousTransfer::next
I: SendPublicKey::next
I: MonitorObliviousTransfer::next
I: RecvEncryptedMessages::next
I: MonitorObliviousTransfer::next
I: DecryptChosenMessage::next
I: MonitorObliviousTransfer::next
I: ChooserDone::next
I: MonitorObliviousTransfer::next
I: MonitorObliviousTransfer::next
I: InitChooser::next
I: MonitorObliviousTransfer::next
I: RecvConstant::next
D: received message: 7fdc20c9327b98bf6591f4a83d1c55b27e4d38b791b8a414523a7ad01154d838bb64daa084d4f5fc11d84bce03d074fd6b9d07d492bfd93361a672790c1e9398e953834a85ab24ab5d10f1a9690443e4399e8ef3aa2a072f25b6bda50786ec4d4d47c11b84ef641869e7d1debe8b1a6ade7d6cfb947871496e26c7ca73dac84d
I: MonitorObliviousTransfer::next
I: GeneratePublicKey::next
D:  sending message (size 0.000256 MB)
I: MonitorObliviousTransfer::next
I: SendPublicKey::next
I: MonitorObliviousTransfer::next
I: RecvEncryptedMessages::next
I: MonitorObliviousTransfer::next
I: DecryptChosenMessage::next
I: MonitorObliviousTransfer::next
I: ChooserDone::next
I: MonitorObliviousTransfer::next
I: MonitorObliviousTransfer::next
I: InitChooser::next
I: MonitorObliviousTransfer::next
I: RecvConstant::next
D: received message: 82266d6d687da39d3d86ea02f688f402fcc964312f93a065171310307c09b6dd47bb67373200f03f24eb945fa3a3bb331b3d84857662d7642fdfdc428a0a5a8c0a7fff8f44e068cf873a462fa3cffd375b5621b6e9cfdfbbce94cb1dc24860c83739a74ebae2fe767a0fe0738335085367fa0893bda402b35e35261a3d02c4c8
I: MonitorObliviousTransfer::next
I: GeneratePublicKey::next
D:  sending message (size 0.000256 MB)
I: MonitorObliviousTransfer::next
I: SendPublicKey::next
I: MonitorObliviousTransfer::next
I: RecvEncryptedMessages::next
I: MonitorObliviousTransfer::next
I: DecryptChosenMessage::next
I: MonitorObliviousTransfer::next
I: ChooserDone::next
I: MonitorObliviousTransfer::next
I: MonitorObliviousTransfer::next
I: InitChooser::next
I: MonitorObliviousTransfer::next
I: RecvConstant::next
D: received message: 6db3311c7773cfc974f350317eae6089f70f8bd4827e26e656706c6bad31d01dd9200dba9eca1784e90655aa0dba1f214ce7cae594ec9c91c60019e18e4f20eefe5d129342e488f97a7022814d2c9f8340575fb8e1ec25f383b444c7b526d2b7d00a9eda22b10ae143e62681f78c9e3e32650dedb3a0853c77f4dba6eedd8ced
I: MonitorObliviousTransfer::next
I: GeneratePublicKey::next
D:  sending message (size 0.000256 MB)
I: MonitorObliviousTransfer::next
I: SendPublicKey::next
I: MonitorObliviousTransfer::next
I: RecvEncryptedMessages::next
I: MonitorObliviousTransfer::next
I: DecryptChosenMessage::next
I: MonitorObliviousTransfer::next
I: ChooserDone::next
I: MonitorObliviousTransfer::next
I: MonitorObliviousTransfer::next
I: InitChooser::next
I: MonitorObliviousTransfer::next
I: RecvConstant::next
D: received message: e5c1bc484486be0836ec30fa1d937ca578a233248079dd1ae8b467d6342f25d62855ff72a8dea148c283229ccf97ef573c768dd5ac504290674e3e59226b0d3c2544e55f0060872725f218d7e96e4bcf3bb39f562e4d9fd810961e233af2265e6627d676702e8e0f904300ba2c706a60d825a8b0c0ea48737da34c02e5d9cafd
I: MonitorObliviousTransfer::next
I: GeneratePublicKey::next
D:  sending message (size 0.000256 MB)
I: MonitorObliviousTransfer::next
I: SendPublicKey::next
I: MonitorObliviousTransfer::next
I: RecvEncryptedMessages::next
I: MonitorObliviousTransfer::next
I: DecryptChosenMessage::next
I: MonitorObliviousTransfer::next
I: ChooserDone::next
I: MonitorObliviousTransfer::next
I: MonitorObliviousTransfer::next
I: InitChooser::next
I: MonitorObliviousTransfer::next
I: RecvConstant::next
D: received message: cde390ebf178c8d8487a2645f17002d6f90ee96baeb985230ad41a52a13800f2bd8a84ee1f9cfb0a15215ce0def64fc2452147cc60d3bc3beae7a20ac0e0554e6ed7e433ed881d1174806ed2d5128506709c49da4d08cf9dd4ff19f00a942140e57af7be5b581eae0f780b569a3512dc72d255c6b44abb1b72a5ff8bca152100
I: MonitorObliviousTransfer::next
I: GeneratePublicKey::next
D:  sending message (size 0.000256 MB)
I: MonitorObliviousTransfer::next
I: SendPublicKey::next
I: MonitorObliviousTransfer::next
I: RecvEncryptedMessages::next
I: MonitorObliviousTransfer::next
I: DecryptChosenMessage::next
I: MonitorObliviousTransfer::next
I: ChooserDone::next
I: MonitorObliviousTransfer::next
I: MonitorObliviousTransfer::next
I: InitChooser::next
I: MonitorObliviousTransfer::next
I: RecvConstant::next
D: received message: da0f79dc085e3fe1327f1292bd8bfd51ee68294587786d45b847272a0ad9252dceec306a4011ed0c64d8490419ed409822ade01f5507fad8341237353229cbf23c625d3c441e998ecf16031a33c800ddf37b3d49aaf71e230c2fc39ec5de277bb1fa46a18fd35317c8a4907980a668963dabc6fe4d8591602b0832f88b0a1b3d
I: MonitorObliviousTransfer::next
I: GeneratePublicKey::next
D:  sending message (size 0.000256 MB)
I: MonitorObliviousTransfer::next
I: SendPublicKey::next
I: MonitorObliviousTransfer::next
I: RecvEncryptedMessages::next
I: MonitorObliviousTransfer::next
I: DecryptChosenMessage::next
I: MonitorObliviousTransfer::next
I: ChooserDone::next
I: MonitorObliviousTransfer::next
I: MonitorObliviousTransfer::next
I: InitChooser::next
I: MonitorObliviousTransfer::next
I: RecvConstant::next
D: received message: 6932a0ba91b56c0dbbcd4a49aac55186e7ba789056cb36f99f4627f20fb2a7b0fe51a5fea7bdd23ba421eb11132c0048600a3e52a3486f932118a4054274e64bd086e2ec93f36ce841c9e3a4b66bfd00791de3223bc97877ef64fdd80e88caa71edef83c2cf4fa0d2963aab83804959d447a39b209aad8bfe8c893c488bd399f
I: MonitorObliviousTransfer::next
I: GeneratePublicKey::next
D:  sending message (size 0.000256 MB)
I: MonitorObliviousTransfer::next
I: SendPublicKey::next
I: MonitorObliviousTransfer::next
I: RecvEncryptedMessages::next
I: MonitorObliviousTransfer::next
I: DecryptChosenMessage::next
I: MonitorObliviousTransfer::next
I: ChooserDone::next
I: MonitorObliviousTransfer::next
I: MonitorObliviousTransfer::next
I: InitChooser::next
I: MonitorObliviousTransfer::next
I: RecvConstant::next
D: received message: e9dedc7c43b8614fa53e935f2c15fe40ce4de687b8d19f22fed7ce52bb0cc73d333d28eff3b4a3e7bf70fd7003bba14a6147eeae517cae910be9147076c463ed7c3b7b382737aad9db53ab14bb3430494676508a7b3441569af3a96d300e21c6cc075f33215905a711d3f326e739bfe5c9743a6d9373075d0c9c0351af62e585
I: MonitorObliviousTransfer::next
I: GeneratePublicKey::next
D:  sending message (size 0.000256 MB)
I: MonitorObliviousTransfer::next
I: SendPublicKey::next
I: MonitorObliviousTransfer::next
I: RecvEncryptedMessages::next
I: MonitorObliviousTransfer::next
I: DecryptChosenMessage::next
I: MonitorObliviousTransfer::next
I: ChooserDone::next
I: MonitorObliviousTransfer::next
I: MonitorObliviousTransfer::next
I: InitChooser::next
I: MonitorObliviousTransfer::next
I: RecvConstant::next
D: received message: 32a1c12c930925783f20c63f69ca9eae71754f48d3c079affe8f216d2632f82461fd5a264c6aa4de2796afbcbcb35a63da3ecebd5563b02f7a8c9b5100814b82b9dd794dc9b78540b32c2d36a0f568fea68638d0f1dc23bda1de7dfdd57ee3afa4b2273ab36b8ebca9e6ff2166c831a46131a4a5991ade1940ba019651090d09
I: MonitorObliviousTransfer::next
I: GeneratePublicKey::next
D:  sending message (size 0.000256 MB)
I: MonitorObliviousTransfer::next
I: SendPublicKey::next
I: MonitorObliviousTransfer::next
I: RecvEncryptedMessages::next
I: MonitorObliviousTransfer::next
I: DecryptChosenMessage::next
I: MonitorObliviousTransfer::next
I: ChooserDone::next
I: MonitorObliviousTransfer::next
I: MonitorObliviousTransfer::next
I: InitChooser::next
I: MonitorObliviousTransfer::next
I: RecvConstant::next
D: received message: 1db6d1edc51b9d9797891c9181539c6ee04131fabcaceceac6ae46ed1c4ef42251adc309365a3ab749652b20046bdbdb5178e794dc914f5eddf34113be4a1ad37eecbc170e21f4d9338d6e1ddd2b35219c41daad153e35268c3cd6601d6342f45f6ba885e7890c1df9483dddb940479c17f893e06cd02aad70b29e7303d9c8f3
I: MonitorObliviousTransfer::next
I: GeneratePublicKey::next
D:  sending message (size 0.000256 MB)
I: MonitorObliviousTransfer::next
I: SendPublicKey::next
I: MonitorObliviousTransfer::next
I: RecvEncryptedMessages::next
I: MonitorObliviousTransfer::next
I: DecryptChosenMessage::next
I: MonitorObliviousTransfer::next
I: ChooserDone::next
I: MonitorObliviousTransfer::next
I: MonitorObliviousTransfer::next
I: InitChooser::next
I: MonitorObliviousTransfer::next
I: RecvConstant::next
D: received message: 860b6590fab1c2e4eb7bd400b2eaa73e521e4c0fc3ae55f5dff79f6a620098330e4f6863aeadaa629262f7781119eabf93123af7af40adf56d09b3c4213c1525d39b43732708ba4d6d9d4d32b8e86b79b794d5eee207fe75a67a5fd91964ead79eca45e8dec2a70f5119091bff91ca5605faa7fb613421d3dd1b01c19258cf79
I: MonitorObliviousTransfer::next
I: GeneratePublicKey::next
D:  sending message (size 0.000255 MB)
I: MonitorObliviousTransfer::next
I: SendPublicKey::next
I: MonitorObliviousTransfer::next
I: RecvEncryptedMessages::next
I: MonitorObliviousTransfer::next
I: DecryptChosenMessage::next
I: MonitorObliviousTransfer::next
I: ChooserDone::next
I: MonitorObliviousTransfer::next
I: MonitorObliviousTransfer::next
I: InitChooser::next
I: MonitorObliviousTransfer::next
I: RecvConstant::next
D: received message: 36f24dfe9e981e36ac88197eed11aa8c308c41d70d4597888856c3ef289a9d168ffe0a7eee4fb48e361cd67256359423ca7f63aba27728a5654091340cb12f8bd5aaeeef8bf1e8c2de76b47f27b21a7292849b7ca2b0cd995970c1b48a7aa6a11ba7a99164d4f7d23bcbe0ca5eef27c24fc9204036059f27ca2454b3492474bb
I: MonitorObliviousTransfer::next
I: GeneratePublicKey::next
D:  sending message (size 0.000256 MB)
I: MonitorObliviousTransfer::next
I: SendPublicKey::next
I: MonitorObliviousTransfer::next
I: RecvEncryptedMessages::next
I: MonitorObliviousTransfer::next
I: DecryptChosenMessage::next
I: MonitorObliviousTransfer::next
I: ChooserDone::next
I: MonitorObliviousTransfer::next
I: MonitorObliviousTransfer::next
I: EvaluateCircuit::next
D:   evaluating gate 10000
D:   evaluating gate 20000
D:  sending message (size 0.000001 MB)
I: SendOutputBit::next
I: ==== round duration: 13430.626953 ms ====
I: CopyMonitorStateLabels::next
I: RecvGarbledGates::next
I: RecvSystemInputLabels::next
I: RecvFlagBitLabels::next
I: EvaluateCircuit::next
D:   evaluating gate 10000
D:   evaluating gate 20000
D:  sending message (size 0.000001 MB)
I: SendOutputBit::next
I: ==== round duration: 13330.384766 ms ====
I: FaultObserved::next
I: MonitorDone::next
