I: parsing spec file timekeeper+.v...
skipping synthesis, BLIF file already exists.
I: parsing BLIF file synth.blif...
D: inputs and outputs parsed.
D: circuit initialized.
D: connections (#2018) parsed.
D: gates (#20547) parsed.
D: outputs: 24327 24330 24333 24336 24339 24342 24345 24348 24351 24354 24357 24360 24363 24366 24369 24372 24375 24378 24381 24384 24387 24390 24393 24396 24399 24402 24405 24408 24411 24414 24417 24423 24325 
D: circuit size: 24424
D: adding identity gates for outputs...
D: outputs after identity: 24457 24458 24459 24460 24461 24462 24463 24464 24465 24466 24467 24468 24469 24470 24471 24472 24473 24474 24475 24476 24477 24478 24479 24480 24481 24482 24483 24484 24485 24486 24487 24488 24489 
D: circuit size after identity: 24490
I: initializing safe primes...
I: using prime modulus 5809605995369958062791915965639201402176612226902900533702900882779736177890990861472094774477339581147373410185646378328043729800750470098210924487866935059164371588168047540943981644516632755067501626434556398193186628990071248660819361205119793693985433297036118232914410171876807536457391277857011849897410207519105333355801121109356897459426271845471397952675959440793493071628394122780510124618488232602464649876850458861245784240929258426287699705312584509625419513463605155428017165714465363094021609290561084025893662561222573202082865797821865270991145082200656978177192827024538990239969175546190770645685893438011714430426409338676314743571154537142031573004276428701433036381801705308659830751190352946025482059931306571004727362479688415574702596946457770284148435989129632853918392117997472632693078113129886487399347796982772784615865232621289656944284216824611318709764535152507354116344703769998514148343807
D:  sending message (size 0.000005 MB)
I: InitMonitor::next
I: GenerateDriverLabels::next
D:   driver labels generated in 201324.656250 ms
I: GenerateInWireKeys::next
D:   in-wire keys generated in 10970.061523 ms
D: SendLabels::message
D:   generating in-wire labels for 20618 gates
D:   10000 gates processed
D:   20000 gates processed
D:   in-wire labels generated in 274373.468750 ms
D:  gateCount: 20618
D:  sending message (size 50.538008 MB)
I: SendLabels::next
I: RecvGarbledGates::next
I: RecvSystemInputLabels::next
I: RecvFlagBitLabels::next
I: MonitorObliviousTransfer::next
I: InitChooser::next
I: MonitorObliviousTransfer::next
I: RecvConstant::next
D: received message: bc0820183078dbcb7bc875c043e81f92522145c8fc174056a434d70e845064d7e033d9026fb9a05ecbe89d2cea48e1e1521b4ff4e36dc426f36e4bf00abdfce8f28ebba3610f32f77df6ca6e26c1cee3ccccad698e6141e07bf69b1d6daf02a521db4412218c1d11e229efcd7c35d804ba0dea40afa91a03e23b2046f98901d817f1073a8620112ea85e73ffa5b84c2eeece791d57b6b47959ae63d4efcd62429dc46bfa8344f5d72f23c84b6cc356267a6739c8727a44d3f9d57e2f6e1215101791927bd25993b0c7183a5495ffce268946fce1ad0bba6354ffdfe2c14383816c5396110235491a06958014864beb6a9e4a1444d1e8cf4c22dbf567ec1e38c57d6a9722132e6bf7fee92f1ee945bb3c13995882b6297a41c3fc99e6e7b6fd56985b981ec15c114570f3e196170d8f0b711abb4e42ad00022f0afceec5acf584f27e00cc782d40016fd8a4abba2aa71abde925b7ce8820363d934fe3bd89c6b668c45328b5dd1a8ae37a12be4977da0f64bc3a416ff984372153ee7a5570bbbf
I: MonitorObliviousTransfer::next
I: GeneratePublicKey::next
D:  sending message (size 0.000768 MB)
I: MonitorObliviousTransfer::next
I: SendPublicKey::next
I: MonitorObliviousTransfer::next
I: RecvEncryptedMessages::next
I: MonitorObliviousTransfer::next
I: DecryptChosenMessage::next
I: MonitorObliviousTransfer::next
I: ChooserDone::next
I: MonitorObliviousTransfer::next
I: MonitorObliviousTransfer::next
I: InitChooser::next
I: MonitorObliviousTransfer::next
I: RecvConstant::next
D: received message: ee5f3c2206cc9151ce01f7718a1f3997b0a2c66d95cb5228f4b212314aae95af2cfaaa721f1f2084b380216dabbf69eccb8b6686203636903f08ba086c2dfbbb8452b3d7f0b92c1a1acd728d6987fea75f08aa0318100cbdb93c505c6be3b64f0c07041bc37ceda78f9ef6a0bb41ddc9af2b7b780758a8673e2332449001570437dc6a079255302bc2f54f509970e1a19eccac52acc5c647d63efea8aa29c5e94fcdd4342f2f8b049acf6aa322067b89953cff2891910282b087f6a40914499acd8144f2a5879b1428cd96e7759fabe8f90469e560ac1c9653c998aefe619441f6701323fad33f0ed90f5e1a2dc74963b7487e830b59cf78f2622e8cc30d90f3b676a8c700f6bceb8b8f9bba6f71852ad37d65a39ea7f22b7bfc5ed529710e1debd88c360308a7b794630262980e5e57e9fecaa8360a53aac0de4c57efffe9aad82d6f4af5385addbfc691f75da8a6e736b75bc092fae3f69c406f80c079aca21b52f92c8fc815a2f8e26a07832780a4e412d06f61900e3e3b04cdf61b963dc8
I: MonitorObliviousTransfer::next
I: GeneratePublicKey::next
D:  sending message (size 0.000768 MB)
I: MonitorObliviousTransfer::next
I: SendPublicKey::next
I: MonitorObliviousTransfer::next
I: RecvEncryptedMessages::next
I: MonitorObliviousTransfer::next
I: DecryptChosenMessage::next
I: MonitorObliviousTransfer::next
I: ChooserDone::next
I: MonitorObliviousTransfer::next
I: MonitorObliviousTransfer::next
I: InitChooser::next
I: MonitorObliviousTransfer::next
I: RecvConstant::next
D: received message: cb25310e974c0a0b635dd9a99cd446ae34a8bf7d314b52b67d1defbcfbf301ca200f44f29886e92951185c311df6d3c3457a1dbd1d6967bc4515181110d40ec65ee80a18273b5bc6d7d377081a4c829696bedca78756ab02c6c0199d1096a41af2fb721239d5729862bd8b8394c16255184a32eeecf488472bc04a1a5c89164fafcfdf89aff9163b4a938b47567641652e6dbc6bf5c045ec726fe9b4dcf9815ee7508e8adde8588a6d5e3b2bdde2803b06f22b04dac725b71ddd8569ba21dcd480d3071b8e3a716be5b51dd25271b091f900745d7f30edca82218dcaac68bb34b16d0ab263d5aab4371358ce4ae792aa5c7c4d89fe08661fbade9df673421009f8406c9acd11f4e6973b6278cf2a755ffb0ce7456960fe0ecec6fd921ea5878d99ba0ca3169c115266839d24e0ff0000644c0486cef41e8b6f8b8875b9e5b987034af4303bc5dc56c30865e94742a26038b8fb55e2feb7c5a96b44d44beaa301e644b65bff26c7dd28668765a59a65fd8773c470b8f7721ae578e4faf358d622
I: MonitorObliviousTransfer::next
I: GeneratePublicKey::next
D:  sending message (size 0.000768 MB)
I: MonitorObliviousTransfer::next
I: SendPublicKey::next
I: MonitorObliviousTransfer::next
I: RecvEncryptedMessages::next
I: MonitorObliviousTransfer::next
I: DecryptChosenMessage::next
I: MonitorObliviousTransfer::next
I: ChooserDone::next
I: MonitorObliviousTransfer::next
I: MonitorObliviousTransfer::next
I: InitChooser::next
I: MonitorObliviousTransfer::next
I: RecvConstant::next
D: received message: 821a7172918ef5c92f98c36c17a6118f41bb8aaf2f11c63c3ebf430357d0e25348d543ebce7cee6fede2bb0ff4d69591d7f235863d1b0c2b86cb1dbab51d6d26dfad03c7443f0b21382e20bf5747e5226565966d689050399311e0ce1ab50a2811c0df2d5ef040e2f9d70e26716df8aef49d99fa48b7cfd04f19196736ea118088295cb1fc7d5a0f35488fe8edcbe961fe749f92de765edd8cf69c46d01e717ca92c2a5cdf794c354f7aa80502d6e893d8998a77b2bd3e2777580dafde0d0a711a23fe5f3fc3bec801fa240a4b163ea447fa96607564b76ff422088270ee7bba20e370421c27782bedd937aa857b17e4e7876f4cf7ad5a3b7dcdff7e517b36df6272d0e7726323c70accb2cc3f32d607771462a5e4fa11423df197983d22d45133fc6933ee9b1ec2221a34690a680ee1607e2cff8213d618c00e25512efd7ca7f69cfdb0f2adf4adf793feee2ee1a0fe6273a195b553f666e3353b11c7ec6443fb8cab5dcf5512f6f8dd5631f01f13c7214ec4d4b6dedf5cd48cf0a7f7603eed
I: MonitorObliviousTransfer::next
I: GeneratePublicKey::next
D:  sending message (size 0.000767 MB)
I: MonitorObliviousTransfer::next
I: SendPublicKey::next
I: MonitorObliviousTransfer::next
I: RecvEncryptedMessages::next
I: MonitorObliviousTransfer::next
I: DecryptChosenMessage::next
I: MonitorObliviousTransfer::next
I: ChooserDone::next
I: MonitorObliviousTransfer::next
I: MonitorObliviousTransfer::next
I: InitChooser::next
I: MonitorObliviousTransfer::next
I: RecvConstant::next
D: received message: 34a796f96d4a357aa2bf62c53970937953eb221ae84ab09d82a926d8cbe4ac16ac4d8c6f79f6f2590bf178b4a8810ab2cb54d43000cbbf887b596579589e361424461fa55694b8ca6e19d173bcbb591c2ec30bfc0fe9b02e232c162800f8194cbf64df4685a6a9923e11c7588ced26082f4248a28f6dc55d265aee948d802e90c741008049caaff3e5830789dce44a4435ab8812eb908a8f066e91b7cbf0073c9425d7d4132aa4fee9a266d3de3593e650fe31d0c884051740f88cdad15917c1297c530ab6bbfcbe37b66c67f478076a0268baba98df3927d90ec3015e520ceb8556f7798d5ab0bcac5264c782e33731f437d23d1b5173e03a010f3b73c39436a8dd8ca5f809249b6476bee3d2c5d317adb27bd90de19500b41f7e20e6b55237650d07f0de5968de53746dce3a2ad12678146bfe6f3d10e089a4a18c0909483cc570bd7cb7fd0c2b80424d70e3cf916eace83a4a5ba8361dd4be5c3111c3931ed081499258cefda91fc59dae7e7b96e4e57388656668c815dc8ba8ce458945cb
I: MonitorObliviousTransfer::next
I: GeneratePublicKey::next
D:  sending message (size 0.000768 MB)
I: MonitorObliviousTransfer::next
I: SendPublicKey::next
I: MonitorObliviousTransfer::next
I: RecvEncryptedMessages::next
I: MonitorObliviousTransfer::next
I: DecryptChosenMessage::next
I: MonitorObliviousTransfer::next
I: ChooserDone::next
I: MonitorObliviousTransfer::next
I: MonitorObliviousTransfer::next
I: InitChooser::next
I: MonitorObliviousTransfer::next
I: RecvConstant::next
D: received message: 4c547fe00d9a2b7c39fae9931eead86717a953b14136eed33ec24599c97ea8fa63ed97104e602f0e9160d43f9b703f6756cd54d6e8a9fc52d4bece250c21488698a29e075e3cef05b3b80e68fac61594f5a4faabfbbe4cc68af43d640a9aacb905042eafd28db5cccdd5d80f0cb9335bd180d8f183f7c25a91e0335030c7bf0868c270948a42137e4dae93c1959aae156eda720ce9eda208c81713f552b3e1ca679eefce53e592c3136cd4f03ff889db1a1248cc29546a4034a9854ce1e8115bae6986d5afcaed6eede1c554b4bc1a346591fd3db69a1053d307a68125f47f71a1949edda6b1a0fcbd6e4935b7d99eb5b722090efa5adfeab19ebc74c439e440f119919a4ff70176cae259cf77dfa979ada6b9224da5ba02aa72fdd71d54cc03e1c80c079326891e692870e90510bcee779ca3d6a54016c441b3f9ed870cb266d5281ddb814b8bc9fbc12afdd704ad6730dc983d50b40deabc2a4815bdfa7a082635b0af379c726d938e0c8d068f32d9b8650aba93bd2ace75e0ca4528a46bbf
I: MonitorObliviousTransfer::next
I: GeneratePublicKey::next
D:  sending message (size 0.000768 MB)
I: MonitorObliviousTransfer::next
I: SendPublicKey::next
I: MonitorObliviousTransfer::next
I: RecvEncryptedMessages::next
I: MonitorObliviousTransfer::next
I: DecryptChosenMessage::next
I: MonitorObliviousTransfer::next
I: ChooserDone::next
I: MonitorObliviousTransfer::next
I: MonitorObliviousTransfer::next
I: InitChooser::next
I: MonitorObliviousTransfer::next
I: RecvConstant::next
D: received message: 178b09f943146a2ca472e29639cd31773b00077cedf6e392f605458d85e107a44ec3543d40f85e012553b907cbb537d5e4b03b276f0dcaa3ff50e2a26fba162ae2d3223cc6bbe580a8d8eb2a4bc0607bf6b414f74673faa0de3f50c534201503a1d9651da7c984f9b0e2e66bac66a6eb1e5f0791edce22c887a9d8385c9641eb1d1dc4c1cc9390723603398dc405346961eed46196566959ad8996807c345ddcd621a5488ac68132d082eb6c9d17d502c67469ed31be0cc22d6f348508f6566a3458b762778013c3dc80c68c9dfa9d56d56b6c8be96312b94dc8578c7bea69f5e42548ed3f9a7d91fa482c935eee6a2e30e2e2a69e8c87efc6c8fd7390b753d22e26e6970765ebcd58d711986a6b70b837444bf3abd14b06036125923ad7fa2f4e3f3761f297068fc9dac262cecaaded0c5b17ef2b63da0413b202a64907d7ac96485f674e6a734e5584221a248b39ddeb0c33a6c8e33b1448ba52d11f1291060545cbe491387b2b9f0c61a4a88f783cb940133c06d5b53f4bd0e3f2d43cd45
I: MonitorObliviousTransfer::next
I: GeneratePublicKey::next
D:  sending message (size 0.000768 MB)
I: MonitorObliviousTransfer::next
I: SendPublicKey::next
I: MonitorObliviousTransfer::next
I: RecvEncryptedMessages::next
I: MonitorObliviousTransfer::next
I: DecryptChosenMessage::next
I: MonitorObliviousTransfer::next
I: ChooserDone::next
I: MonitorObliviousTransfer::next
I: MonitorObliviousTransfer::next
I: InitChooser::next
I: MonitorObliviousTransfer::next
I: RecvConstant::next
D: received message: 38a05e20f3239850b1f3fa6565d953480d38a011047fe86166afccd9f9c188e41e06f37bb8bb29cb953c9145becc2239435e7a2355371c8cce6c3bb5f9f8454c76a217636c0eb1fef95ce5b53b4260ae694979992e82c8b92b4a3c42caafceafd0e66931805aa8b11bd6465dbc0cef9d8f44753412b087ba85a5cf33f7c2b57b2f884d989922fbce15ecd72d4b7e423c2ad27ca7ff2437d13fc90de5b8e27e11eab65088b2ce223cfbe654564dccb5d4fe49c6164a767b6c5805c6a39853522b7a36f1e1c0853a232d63b43a8d9fdb8b165a88dbf1acd7e2b3ac864281e82174a60548609a2cd7d2f7f30937a6f968c556912aa87c6159f1fd9ae76726e369e47884ceda265a9a666f6b4cfc66656af42797980f86793619bbdb7d20258d820bae80c4044b30197223bfc2e2e3de1e3a78bd06f5b43a5b00c161f91200860bc97dbd357c6e83bf52c4aa582758cc570079cfeef42b2d7964ea4bbf73db981bbf5273fe4a173fbfa9558b2727014afd3e0af4952dc421afd011c75a288ebfad98
I: MonitorObliviousTransfer::next
I: GeneratePublicKey::next
D:  sending message (size 0.000768 MB)
I: MonitorObliviousTransfer::next
I: SendPublicKey::next
I: MonitorObliviousTransfer::next
I: RecvEncryptedMessages::next
I: MonitorObliviousTransfer::next
I: DecryptChosenMessage::next
I: MonitorObliviousTransfer::next
I: ChooserDone::next
I: MonitorObliviousTransfer::next
I: MonitorObliviousTransfer::next
I: InitChooser::next
I: MonitorObliviousTransfer::next
I: RecvConstant::next
D: received message: d3ee3aade55e980f9b5c357cb6250c0a328e0e382264301457ae8b4e3f9f7320cd7e054054050a5eb435505872f24a883fdc5271fb675b45946dd9460cb0b783a480054d4d5343347512673b0325546deba21219f8c927f1f7c58f0a12ebfb7493aeee40bce814b1714acb271b48620729bf2cf04fcd3a4c7b7fbfd6bb20e8ac2ab0d32bdf4bb466f369be96aad8283afabdd3d8c7ba02686a063227067732f047fb281c7ee17f246b879170bb1128eec1dc3fcc2a7d86e3fddfeb4e9958470882ea0cd5fad8a0bc40301d74e9baa3c6f9966d1b3b16a9c04bef3ebf04bc606177227f858fe4a0c420c9b54aa22814e9c725951b4252691a538d2f5b2e9084127ab5dabe122bd6be883be7f8893507373a69d90971772559f684796c992cc22e3ec91bb6e2b88416aae76f687358b7797bdbf14549e5b645859d340f62574e1e9344c37758c207b12967f55ff46dbc484fab6c9eacf9bca15d4e585b75fea5eacb61fc7e60587e59803dabb67cdaa8d99e5f19a9c740eb492b572ceaf1b675c6
I: MonitorObliviousTransfer::next
I: GeneratePublicKey::next
D:  sending message (size 0.000768 MB)
I: MonitorObliviousTransfer::next
I: SendPublicKey::next
I: MonitorObliviousTransfer::next
I: RecvEncryptedMessages::next
I: MonitorObliviousTransfer::next
I: DecryptChosenMessage::next
I: MonitorObliviousTransfer::next
I: ChooserDone::next
I: MonitorObliviousTransfer::next
I: MonitorObliviousTransfer::next
I: InitChooser::next
I: MonitorObliviousTransfer::next
I: RecvConstant::next
D: received message: 2e6463654b5a8fd577f3790aaecd64d389586dd3fdf56cfdadb04a0756f0fc12bb36e4659a82ae70b7673818f7ea59b3506531bf343363e3d16092a50f0f586472cd64416b2e4419b54999274d2be3082e7670eb632746165fc689b104ae7116506098080fdf3c6fc9d67c1f00277904aac9c79cccd7cdaa37b33a73b001571e49032e26579db8a326d97909879fefa63d67a6e0611dc56f3fc55d2c74f40226f4aca401b90303c2877dcc881f249e952ae66de5af0a51220c67e82b1b4066a04cd633ec44583ef8fe91a0eefe7923cae1b86f283c06355a23b57896924697ee7ded685b6a78167272b1442793904e79fd6d60f569d7b3eba84137b497f810d004ad3d3c4e3cdd6f45c42b42f8279151dd5f32da31cb39711fe19658e58184bb392ef1747c59fa63e592e90edf53cfabd004d770a95478a12f51d7b13c02e7e95c6327248c16c0f483d423d5d1b88c72bfe9f384a94a5bebf484ff0f6de4771fdd57b366d8fb3542973eb42899865df8ed04f72d9ccdeb7c1a642e8031851139
I: MonitorObliviousTransfer::next
I: GeneratePublicKey::next
D:  sending message (size 0.000768 MB)
I: MonitorObliviousTransfer::next
I: SendPublicKey::next
I: MonitorObliviousTransfer::next
I: RecvEncryptedMessages::next
I: MonitorObliviousTransfer::next
I: DecryptChosenMessage::next
I: MonitorObliviousTransfer::next
I: ChooserDone::next
I: MonitorObliviousTransfer::next
I: MonitorObliviousTransfer::next
I: InitChooser::next
I: MonitorObliviousTransfer::next
I: RecvConstant::next
D: received message: e5c78f576180b4b2e1eaab518da242b8b8d14510f7d38016642f6089f5e5db5f4d84fd5e19d62d20eef1c4ff7f24e60991f3eb3f0cb7b5233b9265b7c3835baf832475746b999ab8600ac317030375d0a09ef6a36cd129b42622cc02c117f25ac494fb372675f29eeb40e4751b6c671177a809c433ee03d38a711a6e5852e7627a13df5a9e06be107bc5c3709dbfc7d1eab15cee49aa10ca8cfc96ebc82f03ce0fc3bbd50024c9969ac888eff7a1ceb44233365ebf41d7d3aca7bd7e6b8bb1a7fd30bf9199414448c19bdc464d36472a5a3ff13495d056b19a3ef67a243bb0e25c2768f575f2c1f12c61a68df37daa9bab68092fbffba33e56e4e941e913b255533ea2e41e3fe33e4af1e8de3230a44da4e40767c1ca634a9bf96138352c37235703cb8fd229be7deae8202b511e218e8ac73d1c99b60ee0b6cbd9cb2afd7c2efd0f53fdaddb683f81007eb4fce617ac8ad7ee40e80e0b7c52515b9bbbd2cb911c8f872f4020e8699344058e6a2fcbc56c5f563f8d9eaddb075359eef35b8295
I: MonitorObliviousTransfer::next
I: GeneratePublicKey::next
D:  sending message (size 0.000768 MB)
I: MonitorObliviousTransfer::next
I: SendPublicKey::next
I: MonitorObliviousTransfer::next
I: RecvEncryptedMessages::next
I: MonitorObliviousTransfer::next
I: DecryptChosenMessage::next
I: MonitorObliviousTransfer::next
I: ChooserDone::next
I: MonitorObliviousTransfer::next
I: MonitorObliviousTransfer::next
I: InitChooser::next
I: MonitorObliviousTransfer::next
I: RecvConstant::next
D: received message: 53c21971a72c41e64bd7e631319d231a64fcf9e385a72a2daa68f5b1de225964186e9aed5d01faabbff373b56cbcf2e74425d7701459e9e845d9a4b954cfc85c12c9691c6a966e826d47f2db46ec4a0ff11ba64c4d1f184c5fcc32099ccb3a53efcb3448101496dacbde8431975f6e676c8403bf72d7ced2cfe1eedad88c22a825a3e229155abf37b0032cfad7f1aa81a98d53c0e17d3dfc1996b04945df1e38bc9824fb74b5dc62974b6efdb83b77eb38c6191ff7cea0460263cb0abc3d0f9b837ed35cbb37e788c12d4d9d18a487b7c6eaa4b5a8febf7687a3548a506bcb45ac0721277a8a11035b27e15287fd3a498465e94401e136b5f83e75614b04b61352f3d7b5993525cd9650cf9ed4f777bc4453f57683362f7ff8b706d72e1be776f6707bc0195fbbd57e6a9e9b7bf063406142d57140149af19d812751a5a42e410a316d0df9309f2680abc83004c643524107bc1d8849bf50fa49fda8d1da7c1af79446bd9d9d7781a9165c2303fcf3550e7d4f1c72c2d8031371f901e1ad28bb
I: MonitorObliviousTransfer::next
I: GeneratePublicKey::next
D:  sending message (size 0.000768 MB)
I: MonitorObliviousTransfer::next
I: SendPublicKey::next
I: MonitorObliviousTransfer::next
I: RecvEncryptedMessages::next
I: MonitorObliviousTransfer::next
I: DecryptChosenMessage::next
I: MonitorObliviousTransfer::next
I: ChooserDone::next
I: MonitorObliviousTransfer::next
I: MonitorObliviousTransfer::next
I: InitChooser::next
I: MonitorObliviousTransfer::next
I: RecvConstant::next
D: received message: e497cf710dbfb6cda8cfbf01663537b799c9d0455c6b35f49f33ae10f7a49bfc5568577fcd4774cf581a7511fb019817684ea89b813a0db79cbc10b07f970041c0cfc98cd0470e0d81e194560a21c00218916f6390268724656a24116731a844c49f98463bce25ad8cee937e58356c799a5b38305597d0d6c8e12faf849af7e7eea3dd2321791663163c5ca6453e770098032722e302f51e31b873540ed3e5f774f02c9aa0fa01047e5f8a7912f75023652040ea6477dcb949b6fdd93577198e5b094f8007e74f69fea7f1bea0614cf164ad86d71294853e3aa3785ebb116aa14fdac15dbcb4f8989083cba23c03fe4e1bd945871afafec3cfae9a247129fea6c3475de44bf8b785c088b4bbccdf004abcf2a290c3d619768eb9035a80ee994383aae3ccd30690969f80e9d321c31f7b258a56dd5e5002fb6103738b0183b3c8f48da3ba562c65aea0b56d8806019768671890c206d524f878a39177b7eccdaeac2e76ecde3a2faccbab9e847f346f1692813c9420d57ba081cb3e758668861e
I: MonitorObliviousTransfer::next
I: GeneratePublicKey::next
D:  sending message (size 0.000768 MB)
I: MonitorObliviousTransfer::next
I: SendPublicKey::next
I: MonitorObliviousTransfer::next
I: RecvEncryptedMessages::next
I: MonitorObliviousTransfer::next
I: DecryptChosenMessage::next
I: MonitorObliviousTransfer::next
I: ChooserDone::next
I: MonitorObliviousTransfer::next
I: MonitorObliviousTransfer::next
I: InitChooser::next
I: MonitorObliviousTransfer::next
I: RecvConstant::next
D: received message: 420671de11dc86a772ef634b9886949f8d02adf6e762df91ddf4c271fb7801955435d4684a68db9193c9b22dc9b9a0716cb8328e17491245e075e8479790b539013fb30579994800a74186501ddf7f5d85fade4a025c0adc9d1ee19f465ff5ff18b4ca20ea5e4d5b70c221ab244aa4dd10e6334b140285a99214b7a5052afa486e30e6f695e88c53236bf67c04cf1066744c54909d805bb625b9f64068a09da66144effb753f17e74a775625ea8127613c142e42ab471e1e406f2346461ad7fe40c64c505cb2d8c68a5ee54f36d679b6251bccd4621445f88aaa9b14828fa190ba978dc81cf92336e71cf8b322ff2af7090de9fa73aa2c0710120f1fce23cbc49f422a0c644c04119c8fef1c0b111f9a589884c2cc785134929dccd9f5c1e362c44810dad843d0d446310a3825c1d66cd0edbc865b3e9dd9ad7beb920d2cb0a7d3974aef3f8dda4c3e1ce2c2d4def72b09dd2009cf7ef634fd3127499d44aa14f6fb6b48a0c90c34379d764802a2ce3e9fb0ea339bc16473fffebcc58d6d4a32
I: MonitorObliviousTransfer::next
I: GeneratePublicKey::next
D:  sending message (size 0.000768 MB)
I: MonitorObliviousTransfer::next
I: SendPublicKey::next
I: MonitorObliviousTransfer::next
I: RecvEncryptedMessages::next
I: MonitorObliviousTransfer::next
I: DecryptChosenMessage::next
I: MonitorObliviousTransfer::next
I: ChooserDone::next
I: MonitorObliviousTransfer::next
I: MonitorObliviousTransfer::next
I: InitChooser::next
I: MonitorObliviousTransfer::next
I: RecvConstant::next
D: received message: 892594d5f5fd5b1c81d3159a17471139f78ccc09fc726a3b01709719582232708cd17f60db80b21d570b54a2c0318e7824c703117ebd2ce109b846c356fb0ca85fff3cb6430b10521a89c455268eb001fa552bc7c8536dd2b2e77c8619b32ad20e555c767fdccd7e70d2e19794703d1e589887f7becfe964c7b6e49f8495e612d49841262eb269339f54a863127e521dfd5d49f19a4e285c5a48b1db55dcc710581e534dce2324f811da711e4acc75c1399300d3327d58fc0022362227d78c78db1b2ebe912c15ce1e37c6460dc0cd767919068dc38b922b66238a08d398ffa9a402314babcc1778911622d8b4ac3de03a86d2979719085f1193627ff8f7e366266f75c822983c838fb1b3a3161a767bf3329cb639eca19c2cdaf97c79b6efc03a940d4f9d92d09688940fec3ef871fa46c7c009ca2bbab342109fc8cb71f2e5db1f0387e0b71d28cdc400ae1a12e92ce0cb17cfd1eeb0a43cf8aef8db66035c8c0549a2916314a555fc90277c0e343d52f49e8fb55c6659e81687e5e61080e3
I: MonitorObliviousTransfer::next
I: GeneratePublicKey::next
D:  sending message (size 0.000768 MB)
I: MonitorObliviousTransfer::next
I: SendPublicKey::next
I: MonitorObliviousTransfer::next
I: RecvEncryptedMessages::next
I: MonitorObliviousTransfer::next
I: DecryptChosenMessage::next
I: MonitorObliviousTransfer::next
I: ChooserDone::next
I: MonitorObliviousTransfer::next
I: MonitorObliviousTransfer::next
I: InitChooser::next
I: MonitorObliviousTransfer::next
I: RecvConstant::next
D: received message: c119ace75b5d58c998d860626a8afbb08725b02d9f91e1c053d44fb8c87ebe48f9f8fe25afe04ad92a598a95a14a0b825468152586bc422e59f93d367e4c31ca2afdae2ca014ff098584a3f5bdbf37204eb3aff5bcb7722d86a5e0b64471f81ff367519e7e3172404c93e8e03e66cad2ea951303d58b193f274018352a7eb0c00561173918c03e488da23f8696d1e0760ff47a07da12108b4c6af261b87cfc245bb770a0df5122b6992ad3a659694525ac97a9b0895141e26189f53162ae4c2f19b66c0828473d03e30afbc11a174182ec2987fde18876e8897b41827e336b165a97ef11c20702e0f9d4a5576e46d9fb3d585f96873a7a516ddea9e00ab9c15b04acfcbdc904fdf8bbd0bd6298bd757f6dac125c6ad7c4d83bab394cad7aa4337bd467389b909942792a925f6097235d2123fbd6068fb7b32aeeaf0cff4e735a180c6f797446c3697f95a5dcd27da34f1db65877929ed5909e4057ea5e7037d2ecc3daad557ca3f896e4aad7ac22e66924238ce790a3277761a60906c106d878
I: MonitorObliviousTransfer::next
I: GeneratePublicKey::next
D:  sending message (size 0.000768 MB)
I: MonitorObliviousTransfer::next
I: SendPublicKey::next
I: MonitorObliviousTransfer::next
I: RecvEncryptedMessages::next
I: MonitorObliviousTransfer::next
I: DecryptChosenMessage::next
I: MonitorObliviousTransfer::next
I: ChooserDone::next
I: MonitorObliviousTransfer::next
I: MonitorObliviousTransfer::next
I: InitChooser::next
I: MonitorObliviousTransfer::next
I: RecvConstant::next
D: received message: ea7c2245e508dbbb0882360d24cfda329b2f2d856c7ad24e2a566378012b8f68acdf5bed2e6ff1f085860c7913e0e6805b2fcd60e2144b599d288799b9a4fa214a3cedcade6c933a8d46d47d58fbdd6f684071d0dfb842cf6d1c6c22f0ee3bd559d1573ddb3a57dc1464449a64b9e4f558f293af0923da0818304444850b610f1c50bcf04bbccd343acaa99b2484c8d6adf822b30177de8a8c975bc8a0200d4b866c52e97c740227d0846425375ce1ef3d9e30ab681b145e098123aa35afe7c3db70c456d52dcde59189fc13241f33a6f12adbda73d2448863c279fa127e2ee9e7f66ecc42682c52db2f7803709b0b3c1dbaa09d50fcf46ff97b2efa67eb97f9d05a71f941070b2f5a1ce2a26f77d03d4e806951748cc85c8c644c07ea6fa00fc0d1301214f9b8a928dc0f4746135645e1cddde1c84c0e4a63592d7992d2d7bf5464ce7a8a0052b479d4288d2d71bcbb3e4b1b42e1dbbf72b212a8749ff1b64823a4acb4696bf1eaecaffcc081da6674165631340813e64723e613f46918e13c
I: MonitorObliviousTransfer::next
I: GeneratePublicKey::next
D:  sending message (size 0.000768 MB)
I: MonitorObliviousTransfer::next
I: SendPublicKey::next
I: MonitorObliviousTransfer::next
I: RecvEncryptedMessages::next
I: MonitorObliviousTransfer::next
I: DecryptChosenMessage::next
I: MonitorObliviousTransfer::next
I: ChooserDone::next
I: MonitorObliviousTransfer::next
I: MonitorObliviousTransfer::next
I: InitChooser::next
I: MonitorObliviousTransfer::next
I: RecvConstant::next
D: received message: 5de62cf2499c0524426eb6f45a2712084e4a01adbf0344352cf0ce0605785df478b1ee8ce00ee7bfef41380536c31173122630e9b8452eb6d5b2cea54094a04c3c1610f1acbfac48cc9360c1b8fb4ab03f5701e9e7da67a44b3dce9632f1381798d8ea7bd8580dff51f7d70e056879b80a13f6796e462a7bc48467e483d501030a20dac0c831f64cf501ebe6480c2f8e6f7b3c126ccc9f0f8d3a508cb0007f4285ebb0ee7537fb142f31303d42847a64e5f43382971f6c592da60b0c2e64bcc5dfae3e258a4892bcf203df29af20001e596a8b0c8a016e3e3eb0e76d596d629f06a08c33e5ea713f8d888dabf006341d47f29296997fff8758412e751ac30501d6d273c06792c94dc874ff9f333a6fb148119eb5a10d394f623a4745bfc128169709908b75b08d0b1a45a545dd72acc81f498bdeb076a00e13f588eae188d65ab43c92aa5d748ff6f0927d78a93265665b5f05310ea4f5c708d2b443b91b510e23ed4727fd898d4b2f4a9cfe54de03d123d7ec0de51da58817fcb2577f2a7e34
I: MonitorObliviousTransfer::next
I: GeneratePublicKey::next
D:  sending message (size 0.000768 MB)
I: MonitorObliviousTransfer::next
I: SendPublicKey::next
I: MonitorObliviousTransfer::next
I: RecvEncryptedMessages::next
I: MonitorObliviousTransfer::next
I: DecryptChosenMessage::next
I: MonitorObliviousTransfer::next
I: ChooserDone::next
I: MonitorObliviousTransfer::next
I: MonitorObliviousTransfer::next
I: InitChooser::next
I: MonitorObliviousTransfer::next
I: RecvConstant::next
D: received message: 12f06ef2cbab099d1aa3ae4a427f8ddbbd063401fce20411da175d3b17a0946e26e5546d0273a3d0f8a8d943bad04b91b3ea6b50ba2725f5f1b12b740d3d556a7b1c324c893393b933de8060f27834e929b50fbf21eb6d761335d93fa2b028f2686a4bff95282d17105ea3d52b8c97850989c301bdd85dd3605809b4eb95c66aa089a6bbf7122b54cddce56512efb76fabf559e719bed30fbb04c23014cd61def615bc67868a7cc471d2400ad2890f123f7e9fcb45b85ee31c088f35fbf7c2bb5f4005be8738d8da60d1f9809ab907c0dd1de70f84e1ef9a6bfddcb5a2311272f65dd93f980859fcba8debcff64a9c186afc3b95a98e791fe51cabd8a0ee6543344b68c1936a27006072239f837d77ef1a6db758a2971334ab4c5f52d2350402dfeb5928149e145e5fc823216e0c7dd177105bbbc9981ed197084235ba1279a49601427a1591a9f4e46cacea244c5c8095efabe027369d10ee07446e9ed9904b3716ac4bc8915698ba5bd8267e2a16ce1801fcddca7b640c4bff06586c74566
I: MonitorObliviousTransfer::next
I: GeneratePublicKey::next
D:  sending message (size 0.000768 MB)
I: MonitorObliviousTransfer::next
I: SendPublicKey::next
I: MonitorObliviousTransfer::next
I: RecvEncryptedMessages::next
I: MonitorObliviousTransfer::next
I: DecryptChosenMessage::next
I: MonitorObliviousTransfer::next
I: ChooserDone::next
I: MonitorObliviousTransfer::next
I: MonitorObliviousTransfer::next
I: InitChooser::next
I: MonitorObliviousTransfer::next
I: RecvConstant::next
D: received message: 766ca832cd66aaf52f85211aa885366c56ee0f62e724d86e4592e923da375cb7e11706dce99f810c139cd7f7473d614a72e498f354e6868861e40df452526030e2a0bcf68a94469b6247c8d042f02c9a71e0276195699198088001e45f82042f45c04332e644e754bddd450880031cb2986c7c9dc1c9a8423f84e209ea7a300d26d19164a0544d66ae7325abf52b59093eee7dd4e75c838d0c407eb1a1b6027aa542bf6241d4aa99ee5c1f10377eb1058f79bc909b5a466d8920bd05489aa846997dd0a6d8ec2bc9b1c793f318c2c1689588f305b4538536cda9298c09e95413dd63a2fc860f9a1500839a8b2473bafa8384a6e5e50c786742edec1b1bd61a88f88a7a52e65e69e4b858cdcea298778e2349d2e8dcefe200372dbd54ceef37c8b8624b2e4b87fc86ec36b6c3bb1f57acc202ab30037995c6ad8fd97359d971d6798ee459597d4f314d64c1e7ba0c343224e8611e044d56ec760b9c071ba63871fa024c754367ec7bf7ddc77a98a600b1a7aa41dccdf4a70dab031adc731ef401
I: MonitorObliviousTransfer::next
I: GeneratePublicKey::next
D:  sending message (size 0.000768 MB)
I: MonitorObliviousTransfer::next
I: SendPublicKey::next
I: MonitorObliviousTransfer::next
I: RecvEncryptedMessages::next
I: MonitorObliviousTransfer::next
I: DecryptChosenMessage::next
I: MonitorObliviousTransfer::next
I: ChooserDone::next
I: MonitorObliviousTransfer::next
I: MonitorObliviousTransfer::next
I: InitChooser::next
I: MonitorObliviousTransfer::next
I: RecvConstant::next
D: received message: 2c82441d1665a52c78e6902808a31d1aaddc0081a3baf52892c3006d7f4f8ebc129f902b205d8442aaa2fbc0c25fa17b2d6f55889b8bc3a723707092d50f9c6bbac2c61dff0f48b4181c4d647eb0db3f4404cdfd0df923120366fec6e603b505c39232eb87a44508668b74448fb7927519f274223f32da548f2ec260bdb4e93bcb7614efc0db69576c9d9f24199dcd8762d57021e180e1cf950ea6d1c51494f215ed3275f78cbe41c7e70bd0a8223ea81efb47643bb1b405178d5e304ae1b5d45e43218e49d4f0b4e3d6f8964068c82f69238bca6301a71b568158cb3e9ec2cedb69df830b444b8ffc3a43d0e58257cbe549105f74b8883d630ac5aa3a4ac12fa47208f7c55524806858a3e310c7af6fa8c4bad66e6fa07aad0b142e006cf4cbe3d84b3304d99b7315e4433447c956a473903c8e1fe000056187e44f72204571a127afa362d8d707e79ee31e1210d2656d3001e9eee5ffe8597f0f9378245d18d5685f387ce3fadf57742ee5ca4c600396683ac6234669972313031162ae01b7
I: MonitorObliviousTransfer::next
I: GeneratePublicKey::next
D:  sending message (size 0.000768 MB)
I: MonitorObliviousTransfer::next
I: SendPublicKey::next
I: MonitorObliviousTransfer::next
I: RecvEncryptedMessages::next
I: MonitorObliviousTransfer::next
I: DecryptChosenMessage::next
I: MonitorObliviousTransfer::next
I: ChooserDone::next
I: MonitorObliviousTransfer::next
I: MonitorObliviousTransfer::next
I: InitChooser::next
I: MonitorObliviousTransfer::next
I: RecvConstant::next
D: received message: 1174c1b7954f85fd4dc213e1875aa88a5e9bf8a8a88e6b35bd002cae14bfe105b1553b984bd1c150122f35541c2d67121d5306ecbbdf83c3f2d1baead5d0292e7524888f621adffe18be20a2dc79661287de6162501893f7eaf082240be20b83a836abcb097e0a7f07f529ad945b905379bcd4f7f749a05e8cef83d7dd91641353b4d09ee190436b3519022fc01d524c96b77a165324e874c473fae4779a0238cd4b6fc20aa4c1c60a5270f98cb69d6c15f5675e7c812a4141561a515a6716fcb87b17c700c42727670809b8ac3208095c7951adf3532743bb8108a101346b3e50891bd6000f90eb37a138cb4d034e4e5b37a937dc1dc63e921f3edbd2e3563a37728bb3aed3b2bc40ffa479b27b065c9aae076a7d456776d95c3553e2dbd40efc8927957ab4bb81d8c492bab2cbbc46b145623bba22243f9b831cd5d3c3af629172fcfcd074d71e4adf169a5b0e620f821193e14da87faba3ccdff33b2f272a164766d1586da150067c8c3eabd55b795cfc401be08fecb941519f9fb6700c93
I: MonitorObliviousTransfer::next
I: GeneratePublicKey::next
D:  sending message (size 0.000768 MB)
I: MonitorObliviousTransfer::next
I: SendPublicKey::next
I: MonitorObliviousTransfer::next
I: RecvEncryptedMessages::next
I: MonitorObliviousTransfer::next
I: DecryptChosenMessage::next
I: MonitorObliviousTransfer::next
I: ChooserDone::next
I: MonitorObliviousTransfer::next
I: MonitorObliviousTransfer::next
I: InitChooser::next
I: MonitorObliviousTransfer::next
I: RecvConstant::next
D: received message: db7df7e28ced2fdeadcdfe6fd18e303dcaca7b5c71afa4acd6be6fa5c88daa43a7ffcebed3b7e7ff2432c0a64cf3e59e2c5998507ee5052febd677d7e12d2462e1cb708fdbd57bbb7ad3f59a1e3eb5d0fbe139627bf0d47042d6275ef3a6b256cfcb492ff4df164684861b550e98a0c6141704472b01a59d6141be7a627ef7837e544a9f4eb4b07b897cd14f9706663e7e3c600acdedf1def4756b7ced40900c2fa62bf36a0a8d2e4a08bd11638035535a81d46dec2bf31f52eae7581b2198820f7110be59c6cfd60a890c2491e39a16ac7f9c966a392ab3a8ddbfbd1bb51248e4e63232ee4d9ec6acba736f91ebbcf7260ec160f2882d15ffb68f3811eda12cdefc06723b882b4454bb258ef5cbed458ee55347803444b0c457cd845b4300604c3587290b9ce24f51222bd2cad36900bf36ad2581c161c58d38a3a1d09e5881e5c382457c8fce7770ae6a93a749758b831e7a7986780c3906678feb62809f3d362b84a16d1a467d09e5e78588b011e16b5b75514b637f649fa7f4f014eb06f
I: MonitorObliviousTransfer::next
I: GeneratePublicKey::next
D:  sending message (size 0.000768 MB)
I: MonitorObliviousTransfer::next
I: SendPublicKey::next
I: MonitorObliviousTransfer::next
I: RecvEncryptedMessages::next
I: MonitorObliviousTransfer::next
I: DecryptChosenMessage::next
I: MonitorObliviousTransfer::next
I: ChooserDone::next
I: MonitorObliviousTransfer::next
I: MonitorObliviousTransfer::next
I: InitChooser::next
I: MonitorObliviousTransfer::next
I: RecvConstant::next
D: received message: 55e61c8914de3cca72e24f464b4887a66ecb259fa943ac37dcfd1930a44091d2458166f0bbe9054b0468dab5e1992dab9b69dcb9aa61e5e85e1508f17ce0c778655dd6d402a0a9d348c2a21c303b3da3c39d402ae2d49ca04652dec250789d2d1ea04897b98060b8cf5b43cbc4c20c0f571fec7b67be9b4f09d9b10942ad220df184af3507af94eb8dc7af1476ff6852714e0589f815caf6c37fcccb31c834b0bd1c0066f23f52770b4d9712f06347fcb32e1766e2cd89e377b7e733bf80efbfa30cfa09ce58ba5a68946420f13a19cb269d82288f97d46afb8fcfe2480c0f0aa7f2e464402039001210335a8bd96fc6235a50e75b3ccf072d56e7e56c7a53743402fe3335e786a78e5ef29dba92bfa25b55e4e7d83e8f8b2bf56e0592e2b39681c57f70ecfe2dcd8ec8b2948b432f49ddb52f757ccbc5854f7d69f219e2d6af1fedb403e9829a1807417f877c76a6968a65b4cf3ebce428fb091202e27da8d0eaa580ecee0c06483429cbd76b59430afff2ca4302efbf54d1d8ec61791a71e
I: MonitorObliviousTransfer::next
I: GeneratePublicKey::next
D:  sending message (size 0.000768 MB)
I: MonitorObliviousTransfer::next
I: SendPublicKey::next
I: MonitorObliviousTransfer::next
I: RecvEncryptedMessages::next
I: MonitorObliviousTransfer::next
I: DecryptChosenMessage::next
I: MonitorObliviousTransfer::next
I: ChooserDone::next
I: MonitorObliviousTransfer::next
I: MonitorObliviousTransfer::next
I: InitChooser::next
I: MonitorObliviousTransfer::next
I: RecvConstant::next
D: received message: 74cc92c6f32c88e0b54d9279c19c7c42d34dbeb1c0c970ccc087a4af826ac09e10ab9e75d72e3243c952c21ef70288f937c289a36a99a98c131942cb258a45181ec96a4449eb5190734d88e44a6601f48b1b14a92d7eab0154b495dbeff85797c6637d8bd66cf62533947ad38a97cd214414558a69131e12247b43d73b540a65e4bf1e8b7e914123ad172885b183d3ec83544efb7e3e2f49dc6f062a7ddf5a3fca3227398c33d71753175c09e775cbaf13dcebe4e21fb504f80edf77a10ad7bd89a383d37695573156127af1938a84c1605c67ff21aaae64762cc2aa82503cd12c8d3df79a7de07e1152e3f5bff0707572d2d2797589d9e15db003da1b5103e3496fccf287aa1f1ae9fc5a306b59c14b4e890297a7157953edaacf27ce20c0344fb1fcab106c9c863c54b550bbe2e04fce80409e25fb539ad3bb09d8479107cbe14c2b393338b4f3e9be63c43baa7c2993fb2e8a58b2e35968010aa9e237a0ae5bd3ae49df4f2e7c0a8d46cde3a6ab68f460ca8cb9a0a0921bd6047fcac840be
I: MonitorObliviousTransfer::next
I: GeneratePublicKey::next
D:  sending message (size 0.000768 MB)
I: MonitorObliviousTransfer::next
I: SendPublicKey::next
I: MonitorObliviousTransfer::next
I: RecvEncryptedMessages::next
I: MonitorObliviousTransfer::next
I: DecryptChosenMessage::next
I: MonitorObliviousTransfer::next
I: ChooserDone::next
I: MonitorObliviousTransfer::next
I: MonitorObliviousTransfer::next
I: InitChooser::next
I: MonitorObliviousTransfer::next
I: RecvConstant::next
D: received message: fd10b9460c6375ac55d751db55be9dd8050b50aa4b240f6bef10d2ea19c631f1650661b424fbcec90ec57386f71b6367f1dac95717c07a599ea61b81dad715b9c88fc5ace1e469bcbbe48c3d65ab078f3106b644aa2a064963804395ca1f216f474636f2d73f3ea107b2db18995619e3b69ec856c70fe1d48aede90bfaa3d00504dc90e5ed0748dc374ed967bdb54fc37b6dc9f4e8f0c7be91d07262c6932444a3d8e3f3037f7858af8d226b0ffa79337f595cabb64be388d89e05dfaecb4fa7fd949892812ad6587c0a32a931712cd191cf5318b6a4fd5701f953950b687ef4ffdb34a5a02365b63231038baf956a5c0508c70fa6a7ee5fc99ce6e8c6b269e39a604d2f535c6414487a12e5c8f7d96fab2fc32a73442a9c1cd40dff3686da4446c40bd59a6994244933a4ffd4eb87038a41e1f08421e8c8fac211a51d0884363dfc2c0005acd0cf7d3a46ccfbf15a6c7d629482e9fe301f708823a7803f0ddd543d7aad0ad4f6bf49390ca6ab490773ef93c2f60f5910a9f9791550ef147274
I: MonitorObliviousTransfer::next
I: GeneratePublicKey::next
D:  sending message (size 0.000768 MB)
I: MonitorObliviousTransfer::next
I: SendPublicKey::next
I: MonitorObliviousTransfer::next
I: RecvEncryptedMessages::next
I: MonitorObliviousTransfer::next
I: DecryptChosenMessage::next
I: MonitorObliviousTransfer::next
I: ChooserDone::next
I: MonitorObliviousTransfer::next
I: MonitorObliviousTransfer::next
I: InitChooser::next
I: MonitorObliviousTransfer::next
I: RecvConstant::next
D: received message: 6000963ab357acf61658e95e1fc99438c88069cbc64c3a75d0a5a2e3b94bb74d0f3c4ff5a328f648df43081c32d092259c04964ea7d7b03dfe98e9c1950719ca4035066261a6be0c700e93799428171e0009dff190d8beecbe551065e69c5b675ecbbb9b5a6cdee2c83eda76fa3494eab52937c1eb295621cc3b9baac6dddbb366cf7776a374e4cb8bc78d31b380723290a96edce9c4b7fc2f987026141a0130db4d17f9e4e6fe01017fa45eaba25a9e009531641bd11543becf19aace3eb0e9218f3af9f7e364926050774a35a09090bfc4f8ed9ec6899082324cbdd0a5972ca1d2f3d390f74fb9671b617a323bdd8f75316dcdf24c7f7c0921c8b55d9ea43ab60e59f8923f3b4467b5527950240fe14526d2add4c2e8db7d397d1c6e23b577447c48318af0908e05b768f0207084c1a9f4812793d1ef894868b1db17faac64cae9b67b23b67c9ce5089f953ffa42d549d016f89a0c901a5a88e7a20fc368c0e44cc909fab3ffd2664440c947bb96c92085f6083af2edd3576b30eda65393bc
I: MonitorObliviousTransfer::next
I: GeneratePublicKey::next
D:  sending message (size 0.000768 MB)
I: MonitorObliviousTransfer::next
I: SendPublicKey::next
I: MonitorObliviousTransfer::next
I: RecvEncryptedMessages::next
I: MonitorObliviousTransfer::next
I: DecryptChosenMessage::next
I: MonitorObliviousTransfer::next
I: ChooserDone::next
I: MonitorObliviousTransfer::next
I: MonitorObliviousTransfer::next
I: InitChooser::next
I: MonitorObliviousTransfer::next
I: RecvConstant::next
D: received message: dab37c6cdc0b7d8ae6bd6068470cd95ba9f8c9d158d74da2abfb21f888da29da82aec2b5d83b4d83b7823f3ee44b20f81ca83431e78f76f639b1ef6ff08d6ba8c35b3642cf4b2d133588eb7b6635d5aa9e2238ff3cfb60b5fd37f59c42bbfa03c3105d5906f41919f4884867f22b47492d94869c7c48ffb7f1faa0509b4cd4dc0451031e601ffaeaaa4978678bfd8daaf13e704a13b6d454de5391d7eb46c9344c205fd785b3c15bbca47f6c0d787c2af054ab0f6b33befadac743014d486043077034699336a83a8ae97283fd3782e944a7e910ebbb34d8a0b0c0b045dec5a10f666126f029a2b11d904de28e31fc1b45c24799052d53204e46177957322fef5aabd7eb814eba9eb643cc7e74c50c7ca4789dedeb6680815c2b7cbb90051e8c0b6629bacb544a08a1e53b89d9f3462c12697b0177c9db2035247f4e82ae0a056d0d1dc5eaa0e23d24fa2ef5e56ace26fb7da3be90818de537ab49102d4890c6112dfe571be146626e637c16ad9e797dc424512ddfa5e3d465830556814f8443
I: MonitorObliviousTransfer::next
I: GeneratePublicKey::next
D:  sending message (size 0.000768 MB)
I: MonitorObliviousTransfer::next
I: SendPublicKey::next
I: MonitorObliviousTransfer::next
I: RecvEncryptedMessages::next
I: MonitorObliviousTransfer::next
I: DecryptChosenMessage::next
I: MonitorObliviousTransfer::next
I: ChooserDone::next
I: MonitorObliviousTransfer::next
I: MonitorObliviousTransfer::next
I: InitChooser::next
I: MonitorObliviousTransfer::next
I: RecvConstant::next
D: received message: c0403746a180fe2730dcf3f4414459c800c81baec3d90caf92ae5e0ed4f75ffb422f671c08a8a548e061983ea5fcf51116cb5803f4731de89355edfefbc2aee241c69f0da24713b162c0e9489cf5f76990e3d7291ac111f5928e84813060ec5969645f107b9ae67e5d1037dd5993ffed9e4e844162aa01089b5354eb524c8a0cf17440c00a2ae7060bc1cc3af8bfc059e7f0bd641701010937652e623d365f95f91f38ed4fa0f8a2de430429d8ec15436e260f42fd37f5d815964b9acdfcce8d4eccfc274bc7ff81a2ce7c7d6444ce1dd3fb45c6c8af5fae9f1a1c181491ecfc5de5622fc92847eea37021f6e9d0cf2131904aa50f386137148c4375d6ffe013c5dd9a7f79ac456590d27f8f69b75ae44e3f4d02ded65413fe8d36113c2d2ba56b2c64048a5c960e9d9263d8472f819b657cadcbec0f8fd2f9acc75b32c8735978ab08a2bc060c48da73ff0ba05f7695268ecbe0c2b8078d5049ec8b2a12bdb3994f90ceb2391079b3d9dbc3167e2c9fe1e391bb56352d8af432110d1e36be5
I: MonitorObliviousTransfer::next
I: GeneratePublicKey::next
D:  sending message (size 0.000768 MB)
I: MonitorObliviousTransfer::next
I: SendPublicKey::next
I: MonitorObliviousTransfer::next
I: RecvEncryptedMessages::next
I: MonitorObliviousTransfer::next
I: DecryptChosenMessage::next
I: MonitorObliviousTransfer::next
I: ChooserDone::next
I: MonitorObliviousTransfer::next
I: MonitorObliviousTransfer::next
I: InitChooser::next
I: MonitorObliviousTransfer::next
I: RecvConstant::next
D: received message: 44a453efcc8e1748421ca2474d35c69a7fbe23d34c24f833915a1efa455128815142ffc8e80adcd5ac6f409ce89411e25397299a81a042645adfaa3aeb41d73d644e338be2f2e954306405f56e51a05c94986b78ce9dc65d0c76b79dac0293def9b70aa8250ef3d00870523a80b0d1ff3ed8f8d1dfc25b217bd72d1823c051434be9e5942914ecddad22c3d6bd0d86d65649ebf6dbcecd5104bd7a94895b270b6f68a0565a2702f10ab9c6c1a6f4407704e1a5536cd8ad0255d2163f428cbd9dd5b9684e58996839e9dd1c8bd40e8a7f336e624b4909e4b6af1e7d115603b331308affcbe0aee14b6dbd8a1613f764c72cecf3daa4e2de8d6c02a6de75d36ecbc2ba593165e4bfdb2aea5287e5812d5ca8bcb48fc4977bf9b1887aa62184be439d59fa21ef2d2eb805ab0eb52750b794548d4f35519fe81a540b854a15b096dd26d04a6fc929597b3bff2a922fa5edf6a62681605f94109661b9191ba8220a9c8bd601ef772581e58bfeee3ad9ca644e7af0ebf320634a571094b211b95fe1a4
I: MonitorObliviousTransfer::next
I: GeneratePublicKey::next
D:  sending message (size 0.000768 MB)
I: MonitorObliviousTransfer::next
I: SendPublicKey::next
I: MonitorObliviousTransfer::next
I: RecvEncryptedMessages::next
I: MonitorObliviousTransfer::next
I: DecryptChosenMessage::next
I: MonitorObliviousTransfer::next
I: ChooserDone::next
I: MonitorObliviousTransfer::next
I: MonitorObliviousTransfer::next
I: InitChooser::next
I: MonitorObliviousTransfer::next
I: RecvConstant::next
D: received message: 4816dfea08e45195247a4ad0bb7bdf246d71e039e4ef9cca748dfcbf03576304b05f7533582aabcc18bcfddda5fcde289fcd865577503cac33e1dde6145586af38400582aa9f3eeac95468938a599e61f182a3ee448235502e7856e6a83d8e4521084049be253f313a3d675193b8b74ee5702e9f48a4d0742c0293fc86b804ac6b203fd045fdca217fd12d07fd71676278a6673b01b90c7018d203563256e4937f6d999caec9ad0a7b7259df1708db11608180bbf57bd5fdcf1df9ed98e780fa4861ea8abbc48343c6ad6a36106cfc79359f50bd7ca0352f23ef092d9e9c7e65067a999c525f535456714d37dbd43e6d61de4849e310f4cb23d89b4c7148649a85d0c910418560a0dbd4af1905c90749841ccd5d9d4a809d68ccf316ea478899569efc97584a01168a528dd4e62c8ee61a22fb672ff808388257e2409f58a2e49dcf0f05619b7da576a470b33bda7113b93218373818124e05389d66278bb275debb99e4acc726f52b03884b46fe0972592c6ade1f29c564573219f71b02750c
I: MonitorObliviousTransfer::next
I: GeneratePublicKey::next
D:  sending message (size 0.000768 MB)
I: MonitorObliviousTransfer::next
I: SendPublicKey::next
I: MonitorObliviousTransfer::next
I: RecvEncryptedMessages::next
I: MonitorObliviousTransfer::next
I: DecryptChosenMessage::next
I: MonitorObliviousTransfer::next
I: ChooserDone::next
I: MonitorObliviousTransfer::next
I: MonitorObliviousTransfer::next
I: InitChooser::next
I: MonitorObliviousTransfer::next
I: RecvConstant::next
D: received message: 358cba99dc8f09f46c128149019a106bc1bc0a65260f5e19311aeb969d8a1a31c4e3906d54d5e6ea7575ca5fa21a60bc1e261f909ea7279c055a67b488243e9a86eae5819edade4a219b35943db8e58e2ad2d1a9daec3af1755e3a6aefe0c86f5159ae217f2cf0ea7c26aa857cd04b486dbe87edf88eccf43981f08fa24cd845a5427f1be264f84918fdb35fc5240b7f1d51051b8d60fb68ed2f982313bd2406452b06d212662e0a50e62c8b14d403c169409a20687971ba83a3b0bd3bf90ca4bb792abbcf77e7c48fecd60330b3a1d98a1b5b4e29d79695f94fb01cab4eda020c8f611adfc35ab8d634a70fcea94ff85736efe3cc96cac8c13a9d10b8659ef3dfbc70652b6d5596da400b7674b37ae2ba27bce7f1f3172317cff2cc08915a10aa2c229fe1f745303f6b461824818a8703f4834d49f2113c2ea39b4b518b0b0b2d6adc45dfd901c3efa2d6bfffe9dbc3a4a45944e485f3057b0b1348e3c96fc6310b2f24d0846e9819c9d84ad23006d65973549644975e2de25d6e9500d3f778
I: MonitorObliviousTransfer::next
I: GeneratePublicKey::next
D:  sending message (size 0.000768 MB)
I: MonitorObliviousTransfer::next
I: SendPublicKey::next
I: MonitorObliviousTransfer::next
I: RecvEncryptedMessages::next
I: MonitorObliviousTransfer::next
I: DecryptChosenMessage::next
I: MonitorObliviousTransfer::next
I: ChooserDone::next
I: MonitorObliviousTransfer::next
I: MonitorObliviousTransfer::next
I: EvaluateCircuit::next
D:   evaluating gate 10000
D:   evaluating gate 20000
D:  sending message (size 0.000001 MB)
I: SendOutputBit::next
I: ==== round duration: 337562.468750 ms ====
I: CopyMonitorStateLabels::next
I: RecvGarbledGates::next
I: RecvSystemInputLabels::next
I: RecvFlagBitLabels::next
I: EvaluateCircuit::next
D:   evaluating gate 10000
D:   evaluating gate 20000
D:  sending message (size 0.000001 MB)
I: SendOutputBit::next
I: ==== round duration: 298319.687500 ms ====
I: FaultObserved::next
I: MonitorDone::next
