I: parsing spec file timekeeper+.v...
skipping synthesis, BLIF file already exists.
I: parsing BLIF file synth.blif...
D: inputs and outputs parsed.
D: circuit initialized.
D: connections (#2018) parsed.
D: gates (#20547) parsed.
D: outputs: 22407 22410 22413 22416 22419 22422 22425 22428 22431 22434 22437 22440 22443 22446 22449 22452 22455 22458 22461 22464 22467 22470 22473 22476 22479 22482 22485 22488 22491 22494 22497 22503 22405 
D: circuit size: 22504
D: adding identity gates for outputs...
D: outputs after identity: 22537 22538 22539 22540 22541 22542 22543 22544 22545 22546 22547 22548 22549 22550 22551 22552 22553 22554 22555 22556 22557 22558 22559 22560 22561 22562 22563 22564 22565 22566 22567 22568 22569 
D: circuit size after identity: 22570
I: initializing safe primes...
I: using prime modulus 32317006071311007300338913926423828248817941241140239112842009751400741706634354222619689417363569347117901737909704191754605873209195028853758986185622153212175412514901774520270235796078236248884246189477587641105928646099411723245426622522193230540919037680524235519125679715870117001058055877651038861847280257976054903569732561526167081339361799541336476559160368317896729073178384589680639671900977202194168647225871031411336429319536193471636533209717077448227988588565369208645296636077250268955505928362751121174096972998068410554359584866583291642136218231078990999448652468262416972035911852507045361090559
D:  sending message (size 0.000005 MB)
I: InitMonitor::next
I: GenerateDriverLabels::next
D:   driver labels generated in 65486.304688 ms
I: GenerateInWireKeys::next
D:   in-wire keys generated in 11744.522461 ms
D: SendLabels::message
D:   generating in-wire labels for 20618 gates
D:   10000 gates processed
D:   20000 gates processed
D:   in-wire labels generated in 95263.882812 ms
D:  gateCount: 20618
D:  sending message (size 32.727796 MB)
I: SendLabels::next
I: RecvGarbledGates::next
I: RecvSystemInputLabels::next
I: RecvFlagBitLabels::next
I: MonitorObliviousTransfer::next
I: InitChooser::next
I: MonitorObliviousTransfer::next
I: RecvConstant::next
D: received message: 1fcccf6d33fc3af1b7a0a28bdd5d7ac4c4c335138824dc4ec9a875b20a9ba7f654d514417868fc259af3bb420ad5a257f4c9a9c8e1f344f65c1f0a8a81fdaf8c0eb95f7e17fb3dae6b359e70b73895b9ac4cf03fe3a97ed625514bc2317b5486947d0b19f20bece40aca79590e763631d30d81de301718ef1094950e2e7b5c29dcfea24a124caeb1c874b1b2e7e6dbe13e2957a5f1c162006a71a44b67e1fcc5149ce7f15a45374f7b849c32a0df1fdbacb0a58d397a50a61956076b4b7f114330d487c6fd143d73cf1401737219972f0bf3321ab86cc9fbb76fa6d613d1da60c5a33547a3fd5510b3153912ff8152e344b6b7908a0340de0b3572fda54ffc6d
I: MonitorObliviousTransfer::next
I: GeneratePublicKey::next
D:  sending message (size 0.000512 MB)
I: MonitorObliviousTransfer::next
I: SendPublicKey::next
I: MonitorObliviousTransfer::next
I: RecvEncryptedMessages::next
I: MonitorObliviousTransfer::next
I: DecryptChosenMessage::next
I: MonitorObliviousTransfer::next
I: ChooserDone::next
I: MonitorObliviousTransfer::next
I: MonitorObliviousTransfer::next
I: InitChooser::next
I: MonitorObliviousTransfer::next
I: RecvConstant::next
D: received message: 96c112c0665955842ad5f12775cb71fd262184ca853d672549aabe15ffe6bd826caec5acf0b3acfbb4126e2bad8f24f717bf974b3601a6d371e74736eead0397107d57b74b6f7cad429170d7f81fa783011cfb0030ad432cd09090238aec2f74bc889d17a28c0ce13f7a02305f0f6611281f22703a8b04d80e4e071a3131591824e6513208d8b09c53ecbd0160224052fbffcb56b11e253f18ad39baada917b0e4a189ad4d61e5019a150ddd21b2c84dfc3471190e458b7ce40af8c5c15ae2c42ee0505b8773fce5eccad9b009716ffbe948739021b064fa524c0d7c9a06964a5465d0229f4e30c76fb23c96475df065393dcf1fce7eb4689d6a0f60272f63be
I: MonitorObliviousTransfer::next
I: GeneratePublicKey::next
D:  sending message (size 0.000512 MB)
I: MonitorObliviousTransfer::next
I: SendPublicKey::next
I: MonitorObliviousTransfer::next
I: RecvEncryptedMessages::next
I: MonitorObliviousTransfer::next
I: DecryptChosenMessage::next
I: MonitorObliviousTransfer::next
I: ChooserDone::next
I: MonitorObliviousTransfer::next
I: MonitorObliviousTransfer::next
I: InitChooser::next
I: MonitorObliviousTransfer::next
I: RecvConstant::next
D: received message: 5aa49864e995c8200dc47eba020432c29375c58d2ad72d2fb2bb2f0fa1c6ff3b092795c16c3295d79a790ead03f926d3138663f3a8c09355accf8d451783680fefc780ebb9058754bdd6189580513d6f6c196b1196a696eee7051938e294ac43eef0d29e3462649a548bd1b9069c34a69a2bd821f3c998646c3b2fbd9c666c2611645cadda3b1f29d533189e36e81210feb173d4615e1873cb11911657f2ce9ecefb1a3401a5b1744cf5dc5f34f49897dc779f9756bd1c7a2c3895849c19dc7a5b974d4bcec23bbdc98d51ecede422b042ede688aa609dbb9c42e1693b72771e5cd5c6f820e9365662c1282d59b0b73a5fc2d4cd2fc907c080dc33cf9a8c89d1
I: MonitorObliviousTransfer::next
I: GeneratePublicKey::next
D:  sending message (size 0.000512 MB)
I: MonitorObliviousTransfer::next
I: SendPublicKey::next
I: MonitorObliviousTransfer::next
I: RecvEncryptedMessages::next
I: MonitorObliviousTransfer::next
I: DecryptChosenMessage::next
I: MonitorObliviousTransfer::next
I: ChooserDone::next
I: MonitorObliviousTransfer::next
I: MonitorObliviousTransfer::next
I: InitChooser::next
I: MonitorObliviousTransfer::next
I: RecvConstant::next
D: received message: 3a09286476398bb4e2efd47a99ad134a8e16b3ecb2bb6e0207afa740ebc87338606bf6d0b17bf1ed759cf944040eb6e7497df2a9ff58ae2fb11c69d1c2998ad766a9fedec1b7772fa532f1b065ee0d6e1b1da6bb7a977ba1c968f356e39873e6829a2e8b4b8854d8cb878d71264f57e5714a2e17e5afb1054b3418ac6cf7c6709c9e4ddd5f35772bb49c64739f6d6eb38c1615d12daf7aaed62d78feb3742749cc91a79a9150c6ff74a50d832eb86e94f585b762894ab28e2e31fd46d7c5b957eb0ebd7e94a00aaeaf93375791f5858d44b62af434697099ad9ddb92c7600b9e8ec122128eaa1b67cca426b1a1394be1de020680fd301ee4bd3b8a8e1c6a885a
I: MonitorObliviousTransfer::next
I: GeneratePublicKey::next
D:  sending message (size 0.000512 MB)
I: MonitorObliviousTransfer::next
I: SendPublicKey::next
I: MonitorObliviousTransfer::next
I: RecvEncryptedMessages::next
I: MonitorObliviousTransfer::next
I: DecryptChosenMessage::next
I: MonitorObliviousTransfer::next
I: ChooserDone::next
I: MonitorObliviousTransfer::next
I: MonitorObliviousTransfer::next
I: InitChooser::next
I: MonitorObliviousTransfer::next
I: RecvConstant::next
D: received message: fcc565158b7e33cb3093a8fa2c797784ba7e3a0ba13f99f9a48f1019a15fa5ac042ec4299b9642e6ffc271c95de11d67244e85cbc67df5b59976fcaf4f2f6638bfa3c8536c6cc390bcd6a325d823fc2169724452186c2d05dee4e11a66faa40fe6d7e70695ffcce78488b44a013714ddd6002423c84a3c21b75d0d491052378e00e7e34b69ad25cc4604b9590d68de04e022d3f5fd0596e507599a005624ccbce5ffc5859298399b13c39f6ccab0c412b29650daa96737698a0bc7651813dd6eecdbaea5228c8c28ab9fe48de380d3f21cf987124775b94d2bb594c5d9a7fb8a49ecd721607da2785a33d3ba83238fc9d344fb9fcb6c0ddc0dec8201321bff95
I: MonitorObliviousTransfer::next
I: GeneratePublicKey::next
D:  sending message (size 0.000512 MB)
I: MonitorObliviousTransfer::next
I: SendPublicKey::next
I: MonitorObliviousTransfer::next
I: RecvEncryptedMessages::next
I: MonitorObliviousTransfer::next
I: DecryptChosenMessage::next
I: MonitorObliviousTransfer::next
I: ChooserDone::next
I: MonitorObliviousTransfer::next
I: MonitorObliviousTransfer::next
I: InitChooser::next
I: MonitorObliviousTransfer::next
I: RecvConstant::next
D: received message: 58041421834f338b11193907dbbca9cb72c05fa4b5b982a3325d828ee2d0f0e609c090c9d609c034eba52b41524b0aad930f55cf89dc6bfee6c53a49ccacb50409840700d47803dfd030aa88a177389e7dc10f2dbf00fdc3e2b3f4be763f2f6458fd8c34104bc7f4025b498b8df56d0b3af13142395041fa6eaaa1be3fe52c56d4afbd5198bb549cdd9567f9b0ad9a79a1a05558252ff5eca6e8ba62b5372e3eee3ac92f8abf4328a7ecc0c2c8a45cfc798ad538ed170268d11201dc6b9566dcd42ed6760b467a0ea5373e84ee2a55ceea22cd330fb80ac62a7e9dc7382edb9160a65e7d9bfc378bf59e2b5eca4c338ba064b94132a7440d00bc0663883b1b4c
I: MonitorObliviousTransfer::next
I: GeneratePublicKey::next
D:  sending message (size 0.000512 MB)
I: MonitorObliviousTransfer::next
I: SendPublicKey::next
I: MonitorObliviousTransfer::next
I: RecvEncryptedMessages::next
I: MonitorObliviousTransfer::next
I: DecryptChosenMessage::next
I: MonitorObliviousTransfer::next
I: ChooserDone::next
I: MonitorObliviousTransfer::next
I: MonitorObliviousTransfer::next
I: InitChooser::next
I: MonitorObliviousTransfer::next
I: RecvConstant::next
D: received message: 1ead2a3e827e70a45161323b08f2313c32f35c23bf0e56796d3e24a29dbe4c3ef07b1f08de56377aa5910ae433e23379aad9aed162db6fb344593a525bf9b0bd431db5afb6b427941bd5d1f8f97984f74351338b45e0bfc923c27b6a1006d9fc38529cbad456accb119cf9ad54a5eb99bca57257042445c4792ae88113aaa7e5b05930a003b0e218be7946fee2ff527b3d40eae7fa9a5066c9af338600059d37dde9a1f32007074da0bd324c1ada87ed4e7e77143b4fd93ed84b209bbd0279ba9c4b616d2ecbfb780a2148eb4a8dfe5ce715f89f31889f2581ace64a0ac6805ab1f3b210662ff928f6786c79c4eb7a9eb7e45552a6b89c7b4ed7f9a67a03f21e
I: MonitorObliviousTransfer::next
I: GeneratePublicKey::next
D:  sending message (size 0.000512 MB)
I: MonitorObliviousTransfer::next
I: SendPublicKey::next
I: MonitorObliviousTransfer::next
I: RecvEncryptedMessages::next
I: MonitorObliviousTransfer::next
I: DecryptChosenMessage::next
I: MonitorObliviousTransfer::next
I: ChooserDone::next
I: MonitorObliviousTransfer::next
I: MonitorObliviousTransfer::next
I: InitChooser::next
I: MonitorObliviousTransfer::next
I: RecvConstant::next
D: received message: 4d006692f32903d1b787eb5b62718cbde54fd757a0d2bbf36bfb5e0510a46276427cc554bc6bde1c9bbdf6576d1d6cfd6b7a772b5b593ed9ca2f361082af7da6e5ccbb9f347354ce323a15ac981a902b52c16a6d08ed02e0b61d333bb6ec048d10bb7e738ea150a014778909b997055d8285c0413839baa3566695f3bbd6fd4b26dceb2680f6498b4d2414a301461f214401ea110e27a2c1f28b5aad7bf42ac7918ec72aac04be44232d72daabe34e4e699a0e433b43dd0b79592d62ad221b0fd6c4693e3467e65511752e098489593847a5ec19268e9eb3b6b90360957885e7eb547a610c03e912a3419d91c8d4bf3a811e0aa0483397bdfc6f24763d6afa60
I: MonitorObliviousTransfer::next
I: GeneratePublicKey::next
D:  sending message (size 0.000512 MB)
I: MonitorObliviousTransfer::next
I: SendPublicKey::next
I: MonitorObliviousTransfer::next
I: RecvEncryptedMessages::next
I: MonitorObliviousTransfer::next
I: DecryptChosenMessage::next
I: MonitorObliviousTransfer::next
I: ChooserDone::next
I: MonitorObliviousTransfer::next
I: MonitorObliviousTransfer::next
I: InitChooser::next
I: MonitorObliviousTransfer::next
I: RecvConstant::next
D: received message: e5b030fc9ac2b20774dc148f0212aadab30e6302e57bfa77bc883a9012ce6417fd12b40ee092a2ab719298f71f9017fa1529f390317b97e6ebcd52efe1e7efa02e113f23d727497641e8261db5787433376defa30431cbd6f27cdea5ff7720296cfd7614208850dae17ae6a8935fe8197fa74dcb1e845dd74f9a6d780092888f4df97fe0647a33668cb22c094162bf57b1365562e7113e991fe806b8324b37cd3cdff3d784ceb7437ddefa74f0b4c8e7781e90e203d39bf6c870a31b342a9b3df8f74ec5e63fc5b2acdec4dd8f04d9e60081cb5d93564e51c594d943de9ef473a9aee2005eec15f5785d22470d71896fc9f173a80b39f2d4e6fdb0a2698b215b
I: MonitorObliviousTransfer::next
I: GeneratePublicKey::next
D:  sending message (size 0.000512 MB)
I: MonitorObliviousTransfer::next
I: SendPublicKey::next
I: MonitorObliviousTransfer::next
I: RecvEncryptedMessages::next
I: MonitorObliviousTransfer::next
I: DecryptChosenMessage::next
I: MonitorObliviousTransfer::next
I: ChooserDone::next
I: MonitorObliviousTransfer::next
I: MonitorObliviousTransfer::next
I: InitChooser::next
I: MonitorObliviousTransfer::next
I: RecvConstant::next
D: received message: 1960fdb74281f30b5e6643624a6e61ffe6535f17079731a26a18048ed338569a3e0676f1ec79f61742ce5397d4c023e9eaf24848611b14c7326393dd37d4d1c03242f438e282d7fae05f64ff92e1c85970ef16f23bde09a5950a12d4715e9d8e9d18ce0a1924f1ae99248c95903a846a19e42d95bd1b147d55a8c99f23159f654bbea0370cd0ffc4ee493b08344ccbcac6f4724e830d6498e6d65cd7660dc34366650809717d24957ec30a1afad84b04be3e119a143661eff18389bbad6a0973efa9e894459b51d9f3b9de96f8c34620edf88e7cfd5d0c7cdfff6bd568d85fb64f21c0bfde572d1e592f5e600a0fed195cdd5bcf45bbce7975a95a4602c97362
I: MonitorObliviousTransfer::next
I: GeneratePublicKey::next
D:  sending message (size 0.000512 MB)
I: MonitorObliviousTransfer::next
I: SendPublicKey::next
I: MonitorObliviousTransfer::next
I: RecvEncryptedMessages::next
I: MonitorObliviousTransfer::next
I: DecryptChosenMessage::next
I: MonitorObliviousTransfer::next
I: ChooserDone::next
I: MonitorObliviousTransfer::next
I: MonitorObliviousTransfer::next
I: InitChooser::next
I: MonitorObliviousTransfer::next
I: RecvConstant::next
D: received message: b47ce426f36f162b1802b540370d40721ec3f0ce1047ed044d28f13b5a810ef0492b215249b54c51f17066d62cd10f8ac3386f51ff6d498ed6af5715b69e823c58043cc234744875753df3e2408cde50e4851750abb5f85beb8700157b5d847a411d81ffdd375118cbb8e915d5ab0818310f8d7af9388d9e6fa7e15cc2713ec70ede333fe230418d9fe1a9a37678162db0d968a3533d56e0880df2f19f534f8b62c67d95a31375f5f51bc18e68a6374c9a02dc07c892e5a411b7ed2c110be3e009d2815cab832724daab45cda1bbdc3a54ab08442a9579f5fe471ac515a2b31ecfd1c25580458060ffa6d930a1e93f68c0f5c192d14ad8cc7a055ed388a4d6ac
I: MonitorObliviousTransfer::next
I: GeneratePublicKey::next
D:  sending message (size 0.000512 MB)
I: MonitorObliviousTransfer::next
I: SendPublicKey::next
I: MonitorObliviousTransfer::next
I: RecvEncryptedMessages::next
I: MonitorObliviousTransfer::next
I: DecryptChosenMessage::next
I: MonitorObliviousTransfer::next
I: ChooserDone::next
I: MonitorObliviousTransfer::next
I: MonitorObliviousTransfer::next
I: InitChooser::next
I: MonitorObliviousTransfer::next
I: RecvConstant::next
D: received message: 473246d768aabada9342493546138e24217e137afac6f15256b7f0765eecff5a587b3e60c2703fa83256434051a04c6571dce61f4f3cf8aeb3ef1dce91381d3d3a636fbdc5f7cc1bd3bdaae8895793d0fbf18aa53b042bc2425e01ff65cffbb5c8edfdb9e1f2484d8001fb21c45bae7c1700d799832176c1b16215d2ef426b98700cba79e172a3fcb686208ad79146fc11660ba36dcd559a507ea272c2de9c683e303cda2ce1be41aaea010c688930c706e35d76b19d409f778226c648673c947b2391f40954ad04850eada89811d5f28aac02266ff2fbb44b1b436d779064e6e688e7c52b6c5e5dc61d2e7a22bea6dbd851f4c5ecf3d3574e8abbbef6d2f9d7
I: MonitorObliviousTransfer::next
I: GeneratePublicKey::next
D:  sending message (size 0.000512 MB)
I: MonitorObliviousTransfer::next
I: SendPublicKey::next
I: MonitorObliviousTransfer::next
I: RecvEncryptedMessages::next
I: MonitorObliviousTransfer::next
I: DecryptChosenMessage::next
I: MonitorObliviousTransfer::next
I: ChooserDone::next
I: MonitorObliviousTransfer::next
I: MonitorObliviousTransfer::next
I: InitChooser::next
I: MonitorObliviousTransfer::next
I: RecvConstant::next
D: received message: 49c85afcd0f34c486c9179d96c2b3d2b47ca52c8b01f04948fb1ea480f75b2058858340fa65604aee2b53f6809639eea4e3c9d15ecec0fa9ad5281ccaab16b2cc2a600763837a56f7cab7b692a3b7f4bae3011b347a837e0ffa1f2e92f6a282de8c63fb22e397644d737bb57f47fb416956af21d6fd9a2a733e2005f1bff684d1569be24615e810d176c8cb9dcf6ecf914199fae8cc1a7475f8bffaec12ac198fc0a91eb01abc779f3f555a3cf5a3b214c4d1a4ea6858c46ab267fcf83162a8d822737a954bc8d82dced1d048af6c41fd968c55529c562f35eb9450e673c636b5d1d4001f9fab62bb677b80d623c24fea06223cba871ada64eefac43e6566ad7
I: MonitorObliviousTransfer::next
I: GeneratePublicKey::next
D:  sending message (size 0.000512 MB)
I: MonitorObliviousTransfer::next
I: SendPublicKey::next
I: MonitorObliviousTransfer::next
I: RecvEncryptedMessages::next
I: MonitorObliviousTransfer::next
I: DecryptChosenMessage::next
I: MonitorObliviousTransfer::next
I: ChooserDone::next
I: MonitorObliviousTransfer::next
I: MonitorObliviousTransfer::next
I: InitChooser::next
I: MonitorObliviousTransfer::next
I: RecvConstant::next
D: received message: 4d260463c69862c4b490fbcb3789b05b85ac4ebf58b6b4f6048e5efc0045ea3636d0277d25606a5b8741c6b9e3ee14ff1587a6535b4821e1ac850a422749955da2ca87b4e9466677163a27c210a1c94bdfdcd7654dc271edd97d981f73a686d1eba704f10bcbe65f7dec7b78afb167d97e2616f4d479115b6404f698436f1ae4cb431d0746dab53f28122c15e2fcca07caf3952ee7e749249fe577e9ad9db4c85d6ef702c7c9ec53682373a118d69a5e990accf75da9a8e9d43b7968c8cd137956118c918201c5ca113c21e599bbb96c9c42519a49b563e81016f534fa10e29c262762ccfb84cbc82c6c227c7d8b6c7d7a4ad858e12a4ca0e576ba8c5255bb86
I: MonitorObliviousTransfer::next
I: GeneratePublicKey::next
D:  sending message (size 0.000511 MB)
I: MonitorObliviousTransfer::next
I: SendPublicKey::next
I: MonitorObliviousTransfer::next
I: RecvEncryptedMessages::next
I: MonitorObliviousTransfer::next
I: DecryptChosenMessage::next
I: MonitorObliviousTransfer::next
I: ChooserDone::next
I: MonitorObliviousTransfer::next
I: MonitorObliviousTransfer::next
I: InitChooser::next
I: MonitorObliviousTransfer::next
I: RecvConstant::next
D: received message: dd8b93609fe45ad121be49b07122cdb7ca50ebee5f9fdd7c5d61024218e808fad15439d3b44562482b187452408e22402e913259d9e60821ca6df3bb2f7208df6ee5521343c14f9d3b44afb6f966ade11d34eb3387eaad58b73b08163bdbbeec5f5ccc9c9c0c253a042e88ded562c410dc0e10629f97831a16ca1e1e6e6de40172d479f8c431d9aa12d06a8e237f5755b73a28ac4963d6fe867747f14f4b95ccb16388954460910b4fb8fb7ff1ea3b7c5e475f8df666f79751c62335bab30a6c06ec31d484d0446e7d6c7900f9b257afbb7946007226d9eda78094cc3c781e178c1deecb08181c747fa15700ed04d085e6a24cc83b8e27123605059f814f534a
I: MonitorObliviousTransfer::next
I: GeneratePublicKey::next
D:  sending message (size 0.000512 MB)
I: MonitorObliviousTransfer::next
I: SendPublicKey::next
I: MonitorObliviousTransfer::next
I: RecvEncryptedMessages::next
I: MonitorObliviousTransfer::next
I: DecryptChosenMessage::next
I: MonitorObliviousTransfer::next
I: ChooserDone::next
I: MonitorObliviousTransfer::next
I: MonitorObliviousTransfer::next
I: InitChooser::next
I: MonitorObliviousTransfer::next
I: RecvConstant::next
D: received message: ad6c9467541f12d669c9be5a481f22f42e8077f6cee6242d25d1bc4a9af023e4c33652bf1ba7053c528823e538631af736d2defdef84e454d724f9ecb01f747d545524d9f3c4a429455737aca215de10197a585ac2bef6846faf982b140caccb104a13e2f488fe32782e3eeb2b20f6f413e7726157ffb5076b7ea3a14219d3cdce0f7c96863afe17f6a61f92faef6b0098d6b405c24d2e22608a0e80f9ff941bae056ee417d50a7edb4e83db71461a67c0931326104adeb2107a4051c02c7060a6c975be16ce4688bd0c5ff508515bd9a95745cbc2aaa84ef548b4576c0c6d1a79776cf0e11aa608c1c78e72290b4ad9f1a653a6ec8ba060bc4e8c4f380a33d5
I: MonitorObliviousTransfer::next
I: GeneratePublicKey::next
D:  sending message (size 0.000512 MB)
I: MonitorObliviousTransfer::next
I: SendPublicKey::next
I: MonitorObliviousTransfer::next
I: RecvEncryptedMessages::next
I: MonitorObliviousTransfer::next
I: DecryptChosenMessage::next
I: MonitorObliviousTransfer::next
I: ChooserDone::next
I: MonitorObliviousTransfer::next
I: MonitorObliviousTransfer::next
I: InitChooser::next
I: MonitorObliviousTransfer::next
I: RecvConstant::next
D: received message: 31ce205b470ea5386616e0c8c66d0b9729e9ba0e478e050898062018ece4920d124ddcb5dd1173e3af260914393ac94da776d7a4f12b578d6c92ef6dd5e42766d9833cccfdf5b29b5ee7ce56d2e14828812d24a1f38fb915fd8924156b0f6f53553ff3417e0725d1b751f869e7f3b10bd58bd300e32420e6144d498577c5255069e83c2a3d9b5a73ef4306e767d315825f50e0303c8b82c0426d92e099f338c00df47f58f1b3905317de8cabb78091ac0efb24d20d40bd03fe7acd066d116bb4730555512685876a5440176a1ec992cae6e8c3a9ca0460d97b2083f7fab12069b7548a44716c6cb80bf8e290f053644a0a594f3d2aa9902060ce386f29ebe422
I: MonitorObliviousTransfer::next
I: GeneratePublicKey::next
D:  sending message (size 0.000512 MB)
I: MonitorObliviousTransfer::next
I: SendPublicKey::next
I: MonitorObliviousTransfer::next
I: RecvEncryptedMessages::next
I: MonitorObliviousTransfer::next
I: DecryptChosenMessage::next
I: MonitorObliviousTransfer::next
I: ChooserDone::next
I: MonitorObliviousTransfer::next
I: MonitorObliviousTransfer::next
I: InitChooser::next
I: MonitorObliviousTransfer::next
I: RecvConstant::next
D: received message: b67e86ef613dd9f59cbc07dd5bbbad1beb14d6a69f680e06e3d3339ed815766511643c65e9096c72a171ce45c5ade0b1ba6af5b8fb6891157799713506026c910c87101327f40144aa9942f47a5d9e19ae8f5608763e77c8aad119622ad9cfc0fcd1311688ca931e7e05c052fd1d662105eea5c0b8f26b0ab9e31a4b38e0fc64df3ba12888da7b29c61344be06c0232540d32ccd17153d4034f709139ba8036f23b4792c088e7c7017076893e571006e20b627dd684fa34222918119f8ff4d58c30bdacddbf2aaf32087613953294c16df78c7fb2a030f7f221d95f065ad6e060dc865eea6d9c610a4d77654c224525eeb1b6df779f05342a91da364bc2a84fa
I: MonitorObliviousTransfer::next
I: GeneratePublicKey::next
D:  sending message (size 0.000512 MB)
I: MonitorObliviousTransfer::next
I: SendPublicKey::next
I: MonitorObliviousTransfer::next
I: RecvEncryptedMessages::next
I: MonitorObliviousTransfer::next
I: DecryptChosenMessage::next
I: MonitorObliviousTransfer::next
I: ChooserDone::next
I: MonitorObliviousTransfer::next
I: MonitorObliviousTransfer::next
I: InitChooser::next
I: MonitorObliviousTransfer::next
I: RecvConstant::next
D: received message: c6d79b601c2166ca08938c7d9f451060dcf33dc3983dbf1e6e9564a1bfe1685c5e1c6d0fea97144989ba1282638d1b2309be943a8b8b15f9a88163b2ca18064f3512b2de56df28532401c361f4bcdb84493bfc01e61acc65cd3ca6ddf3832ae744818b9b94166110e76f90c14c0db1391d84d6d0f1ff765f520c6a92741c2bf563c9306e6fee3e09e592de6a360e45106413c342ed4db2aac7e8e16c4aeb74255a894382045ae456dc901bbbbadc8f683c65c286e5177fd430f20554fe923b06de04e9a30a6917639343b2e319ac615bd6c2152483d1dddebcf560b1891c9d67c7b1c99b31a13c878d3091c3e70c85c9a1265ce0023021ec68b4d699682ad2e
I: MonitorObliviousTransfer::next
I: GeneratePublicKey::next
D:  sending message (size 0.000512 MB)
I: MonitorObliviousTransfer::next
I: SendPublicKey::next
I: MonitorObliviousTransfer::next
I: RecvEncryptedMessages::next
I: MonitorObliviousTransfer::next
I: DecryptChosenMessage::next
I: MonitorObliviousTransfer::next
I: ChooserDone::next
I: MonitorObliviousTransfer::next
I: MonitorObliviousTransfer::next
I: InitChooser::next
I: MonitorObliviousTransfer::next
I: RecvConstant::next
D: received message: ab69fc6a3962937a900abfa234cb89b8c9d8762446e727c665ca531d275de3319e7947905f390b540a1027dc96bba86e092ecaeabdd676c4b68a3628608f665b039080e7ab1baca11845d5cf45cb0d2dd526571fa23b7daf3c498975bb8e6b5a4abf65652102d906eec17591e40f3008e832b7f7415f984a81d9f77688121aa40cf26d624c4bee13f58de10d8378fd2758f5b91b5d6712b7bd18611c7be4bddbb25b4eb851fa44bf8aa8e53ff35977b62ba124d7deab8aa693561ebea1b6f347c82f7f07b4a63906892c70272ca1f0d8e53fa3393819c09fb4f0b9ed30e7b0b0b05190fad90be4c8c156d7c8e9879f6f7a0eb67ac2fa45fae28dc8f057b2afd8
I: MonitorObliviousTransfer::next
I: GeneratePublicKey::next
D:  sending message (size 0.000512 MB)
I: MonitorObliviousTransfer::next
I: SendPublicKey::next
I: MonitorObliviousTransfer::next
I: RecvEncryptedMessages::next
I: MonitorObliviousTransfer::next
I: DecryptChosenMessage::next
I: MonitorObliviousTransfer::next
I: ChooserDone::next
I: MonitorObliviousTransfer::next
I: MonitorObliviousTransfer::next
I: InitChooser::next
I: MonitorObliviousTransfer::next
I: RecvConstant::next
D: received message: 9b63d4f56848713f890b536d47060f0481ba08beaf569bec44436920c25c2174b78263d079534fde42f6ac0c2f5e4e0faa0b55c12e153f2e1b5e704b40dea116dd56780c2634482c5052a1a7376109f8fbd67d649a8e042d22e6bcfd6710487b9822857e4f9e338810fb0d49708d053555c1d21448f458c37ed2323f5316d9866a814a45f3d624daeed7091e8f37ece6b3b593512ce7ac0195574360dbcda09fb12a3680d8a4547d62af8750d7d461a18af01992d56932d23df5b1c0310f85fea3de505deb02548a4c4c992319362e2c743bb7b705cc313262dd3611aee7dd8002b8a45fb1646d327ec108ce085acca3de58456f16a66b1a998871e729bdc598
I: MonitorObliviousTransfer::next
I: GeneratePublicKey::next
D:  sending message (size 0.000512 MB)
I: MonitorObliviousTransfer::next
I: SendPublicKey::next
I: MonitorObliviousTransfer::next
I: RecvEncryptedMessages::next
I: MonitorObliviousTransfer::next
I: DecryptChosenMessage::next
I: MonitorObliviousTransfer::next
I: ChooserDone::next
I: MonitorObliviousTransfer::next
I: MonitorObliviousTransfer::next
I: InitChooser::next
I: MonitorObliviousTransfer::next
I: RecvConstant::next
D: received message: 623aa8977bd31cee0fac9c1ebbd167e01c29fdd8d67dffb4ed7f3f04ab83787ff252ae962ba9437f678a473328114bb857db44d5a807ee1dfdac92fe20b5c4304d6e71e4c6c7247440f77020d737f1c031cf13f666aab460f3fc7927e6e64ff1a49e8057ae9d1f4e290bca5dcb44ff42bdeb3de0d1bbaccd5d5ba11885f7efd0e3730fbe20000b510158286410de33a3aa791e36e45475ef730c5e4501412eb2f73da7e1734826f95b1d41b0d11bcba8664de54d82da957ab879c9183b27d51878074465cee5d2f8959c12a71609fcad60d01fabc24dbf3e74d759a14fa37cc9d1e4a037ca68d9e64493c23d023eb338dd20d67629b74091728f9495a4175f45
I: MonitorObliviousTransfer::next
I: GeneratePublicKey::next
D:  sending message (size 0.000512 MB)
I: MonitorObliviousTransfer::next
I: SendPublicKey::next
I: MonitorObliviousTransfer::next
I: RecvEncryptedMessages::next
I: MonitorObliviousTransfer::next
I: DecryptChosenMessage::next
I: MonitorObliviousTransfer::next
I: ChooserDone::next
I: MonitorObliviousTransfer::next
I: MonitorObliviousTransfer::next
I: InitChooser::next
I: MonitorObliviousTransfer::next
I: RecvConstant::next
D: received message: 4c2ca2ae045f2f1bd2b736218bf03cd3a1a7ae69e1305b72f6f5c552e820bef3cff187753ef9e57a90920ef85192692c07a2d97ff742d3840fd0800ea9b51526c09fcadf7a00900ed7c2faadeb036834aa6bdb54923da052d9ea4f01adb399043e5e2010cc6031e2d14cc2b2a5d5ec9998d36dd6ae0f23eb453c04120681cc6a3bb012116ba86e1ff1417c2db7e7d0201560c63d923a8463a1f1b97c14259f969fd7c6349de52a2edc58df7ea1c550b639f419eef4edd16578a0b0200e599abccce9b3aeb15dcca3d771f26412fa8a1e4a6d4cde058e8d45adb552bfab6b967c2332b66b23c7782b1b9e6254db22416b373e3a235a3f7f3a124eabd53114aec3
I: MonitorObliviousTransfer::next
I: GeneratePublicKey::next
D:  sending message (size 0.000512 MB)
I: MonitorObliviousTransfer::next
I: SendPublicKey::next
I: MonitorObliviousTransfer::next
I: RecvEncryptedMessages::next
I: MonitorObliviousTransfer::next
I: DecryptChosenMessage::next
I: MonitorObliviousTransfer::next
I: ChooserDone::next
I: MonitorObliviousTransfer::next
I: MonitorObliviousTransfer::next
I: InitChooser::next
I: MonitorObliviousTransfer::next
I: RecvConstant::next
D: received message: 1d92de7971a9d1f8d743131ccf78498d3395f212c3125084e106704055fe918fc95796f3d4cb659dfa9bf70b9f3d01f3966cf8860dacfc97f11fdc33078df54312af094abacbaf4265b67e5e837f9412934625fbfa6e52ec7170bc272695cc84513c45f3b8144b78efa20b0e4e4ce39c13749651aaeac6b116b68f264a09b7fda4acf3e3a884203294d8c5fa07144cf775433028942d235aa7461378902a53e8f7cea9e2ccf2f6018282e2137dc99d20332a93daded3183107cd9c7e2317c1b4276869039f25cbaffa194c580f7a7af3632cfdf558743085798300f1c057fa8d77bede60126ec5ed55e6c99b622957ec131ec552c8c8b733143dad47ccff64e6
I: MonitorObliviousTransfer::next
I: GeneratePublicKey::next
D:  sending message (size 0.000512 MB)
I: MonitorObliviousTransfer::next
I: SendPublicKey::next
I: MonitorObliviousTransfer::next
I: RecvEncryptedMessages::next
I: MonitorObliviousTransfer::next
I: DecryptChosenMessage::next
I: MonitorObliviousTransfer::next
I: ChooserDone::next
I: MonitorObliviousTransfer::next
I: MonitorObliviousTransfer::next
I: InitChooser::next
I: MonitorObliviousTransfer::next
I: RecvConstant::next
D: received message: 70ca196008f17d4954c769665c3440d3c2787169efd90e7de05670158f2148471e784fdb146a0c5dcbd0d3f0cbe8594ab67c8aad9b128264b7c5e6c8cae67842f85b397b60ff0ba51625103429149e9fc05dc8e6e0a895d19452fd8d78b81f5af8ef537ed840b3e2a30300245f744d8045fab08952d9f4e1160803fd5337532fb6b569fed9db25aba6a0c00bb54227269cf2a9510016c5a5a1c4ba36f89c8d920e065c0879ed46ff29738c8845db3d34e1f6ded2f0aeb9e2f0055bbfe509b7076598b67343ad9790a63409cabd86f766137425ef73d9a31eb8b01ee3645a54596bc3f119133df94f8d40bfe4753673f98696bd1898d42894e37edcd5914df869
I: MonitorObliviousTransfer::next
I: GeneratePublicKey::next
D:  sending message (size 0.000512 MB)
I: MonitorObliviousTransfer::next
I: SendPublicKey::next
I: MonitorObliviousTransfer::next
I: RecvEncryptedMessages::next
I: MonitorObliviousTransfer::next
I: DecryptChosenMessage::next
I: MonitorObliviousTransfer::next
I: ChooserDone::next
I: MonitorObliviousTransfer::next
I: MonitorObliviousTransfer::next
I: InitChooser::next
I: MonitorObliviousTransfer::next
I: RecvConstant::next
D: received message: b8051cba28faccd0063c6e9f801dd1fc515b820f7eabecb3c1913687347183b0b830a34f9753785e4c97ee225fe6d2221f9e05cb904f827bf9db62b31aaafb2f898d913cb6858b963e1e5ef5945d753107ba648e7dd28b468c04cf98120f94a3895a27ee4736bb2fcfb7b46452ef624f5ad94a3a3e705262a4d29f7626ff7fe9870a507f77eb94116ce373ad72629c3bca78f4b8acdd320c88475817428769ae40f6f43ed4158127b8d580b2e8ee770f5c7aed53cad3345d88418e581f50f877dcf979eb4d074336aeca4208fb70a58beceda76eeaadc7d92b7f863c761e62d8717f40ce2beea3811a7f4edf78f7a2117c4cbe90db7eeabf667e235e84c3974d
I: MonitorObliviousTransfer::next
I: GeneratePublicKey::next
D:  sending message (size 0.000512 MB)
I: MonitorObliviousTransfer::next
I: SendPublicKey::next
I: MonitorObliviousTransfer::next
I: RecvEncryptedMessages::next
I: MonitorObliviousTransfer::next
I: DecryptChosenMessage::next
I: MonitorObliviousTransfer::next
I: ChooserDone::next
I: MonitorObliviousTransfer::next
I: MonitorObliviousTransfer::next
I: InitChooser::next
I: MonitorObliviousTransfer::next
I: RecvConstant::next
D: received message: dfde912996ff49e885eb5ea9934d00ae35155f3a0764235f05d2ac78aed63181223f4fdbca1f3069e9c22bf6f0fef7b0349dbfc9157ff246e2833455bca52afccf433340b3c915eb8646cf2a5b4cc8ecc8c98801849866ad18118c10ccfc22584b1272196a5f53fe74b4cb606dbb98eed26a45be1eda7b22c2ca116fde1e7c6c7d2ba657c14d3b4077b554b36e4dd9eaa327eea80ce5fd313350ba144f8dec7d77da1d0ce5d3b08fd95880687b6a79bb5f1fab033315f910676089bc93eaa04ba9e9e1a414c636b9a6c40c78520a104618166ea5214361e879ec5f4b56c4ebf493fdf65e1a7874ce83a2b90166827ed75eef36013d685fe2b43c81dc3a929abd
I: MonitorObliviousTransfer::next
I: GeneratePublicKey::next
D:  sending message (size 0.000512 MB)
I: MonitorObliviousTransfer::next
I: SendPublicKey::next
I: MonitorObliviousTransfer::next
I: RecvEncryptedMessages::next
I: MonitorObliviousTransfer::next
I: DecryptChosenMessage::next
I: MonitorObliviousTransfer::next
I: ChooserDone::next
I: MonitorObliviousTransfer::next
I: MonitorObliviousTransfer::next
I: InitChooser::next
I: MonitorObliviousTransfer::next
I: RecvConstant::next
D: received message: 2ebff2d2b62024ec3f6e247602c38bebabbdb7b53125ec18a0d68c7de9298ba638ec941ea5fba69b75f337c93384d61a9a25de2018c9cac274c008c7a36d433a6841548f7784f00b85add7b08af900b1a6cbe0216c42fdbdeb5864827c6b4074509f47ee1c955d234cacaba9c70e805a622202492672dba32dffcb59eb6a22c877b699e2b54906562b5d7abdbe8253968f94ee22f971ac8d7dcbf758ad01ae61859b7e79e301c973b8c9c7124324ddead323a1c1fdebb8664482e3eec434c802a27e6b84e3318e4c302db195f7572c3fae0756d268f988eb49a3957c92bcb07dbf3693a56c49cd93f2fb597353e3eca6219f1ce48f3c80af2098a86b1d9b573e
I: MonitorObliviousTransfer::next
I: GeneratePublicKey::next
D:  sending message (size 0.000512 MB)
I: MonitorObliviousTransfer::next
I: SendPublicKey::next
I: MonitorObliviousTransfer::next
I: RecvEncryptedMessages::next
I: MonitorObliviousTransfer::next
I: DecryptChosenMessage::next
I: MonitorObliviousTransfer::next
I: ChooserDone::next
I: MonitorObliviousTransfer::next
I: MonitorObliviousTransfer::next
I: InitChooser::next
I: MonitorObliviousTransfer::next
I: RecvConstant::next
D: received message: 64a742bbc68cf8f31947e7a150e8865224c9b2efdc1461a6065f3f31f1cf8b9b6cad8c90d010d71fc3d53b40ac999bdb92aa5652e8d016900cf29982e6019720a9b5d1bc6b3cfac854bbfc620081c83dc135f229f172cf8b11979d3a67b8919c9177bb3a6e4e17eb09cac81a8add18607a7251acacc00f4d0c081285893d4549dae9ceb84c43a4aeb311ec40c756677ebbbbc55b1229915273ec2392c52576ff50f9c068fab389beff65a5dd0569cd306e6de7e9d29832c5e9d28c65e783f8a782667eb8b6cc360621aa4822697ca79ac2af81fe9a81938bd7b4a133e6a0273943494faa7c7f48547777949df785a17b0aec1c40b4b125421d4dcf29bc5acfa6
I: MonitorObliviousTransfer::next
I: GeneratePublicKey::next
D:  sending message (size 0.000512 MB)
I: MonitorObliviousTransfer::next
I: SendPublicKey::next
I: MonitorObliviousTransfer::next
I: RecvEncryptedMessages::next
I: MonitorObliviousTransfer::next
I: DecryptChosenMessage::next
I: MonitorObliviousTransfer::next
I: ChooserDone::next
I: MonitorObliviousTransfer::next
I: MonitorObliviousTransfer::next
I: InitChooser::next
I: MonitorObliviousTransfer::next
I: RecvConstant::next
D: received message: be1ff8f81496427b8749b2ef72f6983ce6807220dae85d045265f3ec8ad6178ad94864616bbaf1ceb84b07fbbc5202f2726f3e607beee1ead8b4194daa5cc4b0ff2128a816bb6e5e24c17d732e558e14eb4d889da7ca6ecf08a27f5c799675c579df1c7b131ed24a4964401f5a8a6ea7ff6f81fb1ee55769015792ab35572f7ea5ffada41784566e3380fdb9eb17bf96860c1ad38b0664b45a1d2569e3be4425d81db43207632d076acdfca9a6d5657da7f87e18cc15a52bc1ef6feea3747ceec1f492f4caf485f4c57aee90ed236f47ecc93c12bd9896c033376b8a97443445e88f4eb799e85f7b00beac5456c563944aa388f1f2971689ac13aaf93dd4e459
I: MonitorObliviousTransfer::next
I: GeneratePublicKey::next
D:  sending message (size 0.000512 MB)
I: MonitorObliviousTransfer::next
I: SendPublicKey::next
I: MonitorObliviousTransfer::next
I: RecvEncryptedMessages::next
I: MonitorObliviousTransfer::next
I: DecryptChosenMessage::next
I: MonitorObliviousTransfer::next
I: ChooserDone::next
I: MonitorObliviousTransfer::next
I: MonitorObliviousTransfer::next
I: InitChooser::next
I: MonitorObliviousTransfer::next
I: RecvConstant::next
D: received message: b4da4718bf417338ee1a2f6a79df16fbc1e5ba1b2667adcf4eccfe2218486d0809655927ce44ba9c49f2d0dbd8905862c2c14e8741890672ea7f3e57e976923675921206c573a057ba87fae5f2c31bcc75f326b9f42804b36d32b8fb834543bba3ebbe2812113111ff0564d9ddd13639d6fad780a0f00de60e7e512222e3d7efc6a35f1db4ab8299ae658974082c3d2d737990cee8bc41d40417c769ab59f5a3b6878700232672a9ea233c184a503264c6dd0b6130d9f8d0e4d2cc74d7efe2fcb735aedd75769eede635a0c5c06e8dbee2efc2e6c8f1348e9470b939cdf04ff704c4143c82eb3816f91897b6c4f955f512a3f8d85f00c23fac21887d518d2564
I: MonitorObliviousTransfer::next
I: GeneratePublicKey::next
D:  sending message (size 0.000512 MB)
I: MonitorObliviousTransfer::next
I: SendPublicKey::next
I: MonitorObliviousTransfer::next
I: RecvEncryptedMessages::next
I: MonitorObliviousTransfer::next
I: DecryptChosenMessage::next
I: MonitorObliviousTransfer::next
I: ChooserDone::next
I: MonitorObliviousTransfer::next
I: MonitorObliviousTransfer::next
I: InitChooser::next
I: MonitorObliviousTransfer::next
I: RecvConstant::next
D: received message: 8f80469a706bb26fdb37d7f8331f9eed20a073fcef8e7064a7a8eabb87ad7f083b92cd20f89fa91299ed1c799591d39a3701afacc8614b80568a51f42a2d1454d666c2b248749d204a7afb2dee242b6aacbf43a50a89f1c9eeb41e304a2ac142f6f0a24128e1e0a49d56cae605ead52680f9ebec33ffc2fc7348a1cf0ca3a81a957f62e7804341d1491e0b6e0641d24e34d2877601eb2ad7ff47f63df36733a60b9ad4f5b307fc503e6aeff60d64e1c042a22b61146d489e879f000aaf20f8dd353103c802247a85be1301cc479c5283985a92a59fcee2c28bd96f8c0d25f964c3bf515920b60b48a092b1ff44bdf095fd1967be910095fc24a16a149c7a1ed7
I: MonitorObliviousTransfer::next
I: GeneratePublicKey::next
D:  sending message (size 0.000512 MB)
I: MonitorObliviousTransfer::next
I: SendPublicKey::next
I: MonitorObliviousTransfer::next
I: RecvEncryptedMessages::next
I: MonitorObliviousTransfer::next
I: DecryptChosenMessage::next
I: MonitorObliviousTransfer::next
I: ChooserDone::next
I: MonitorObliviousTransfer::next
I: MonitorObliviousTransfer::next
I: EvaluateCircuit::next
D:   evaluating gate 10000
D:   evaluating gate 20000
D:  sending message (size 0.000001 MB)
I: SendOutputBit::next
I: ==== round duration: 96279.195312 ms ====
I: CopyMonitorStateLabels::next
I: RecvGarbledGates::next
I: RecvSystemInputLabels::next
I: RecvFlagBitLabels::next
I: EvaluateCircuit::next
D:   evaluating gate 10000
D:   evaluating gate 20000
D:  sending message (size 0.000001 MB)
I: SendOutputBit::next
I: ==== round duration: 93888.757812 ms ====
I: FaultObserved::next
I: MonitorDone::next
