I: parsing spec file timekeeper+.v...
skipping synthesis, BLIF file already exists.
I: parsing BLIF file synth.blif...
D: inputs and outputs parsed.
D: circuit initialized.
D: connections (#2018) parsed.
D: gates (#20547) parsed.
D: outputs: 24327 24330 24333 24336 24339 24342 24345 24348 24351 24354 24357 24360 24363 24366 24369 24372 24375 24378 24381 24384 24387 24390 24393 24396 24399 24402 24405 24408 24411 24414 24417 24423 24325 
D: circuit size: 24424
D: adding identity gates for outputs...
D: outputs after identity: 24457 24458 24459 24460 24461 24462 24463 24464 24465 24466 24467 24468 24469 24470 24471 24472 24473 24474 24475 24476 24477 24478 24479 24480 24481 24482 24483 24484 24485 24486 24487 24488 24489 
D: circuit size after identity: 24490
I: initializing safe primes...
I: using prime modulus 179769313486231590770839156793787453197860296048756011706444423684197180216158519368947833795864925541502180565485980503646440548199239100050792877003355816639229553136239076508735759914822574862575007425302077447712589550957937778424442426617334727629299387668709205606050270810842907692932019128194467627007
D:  sending message (size 0.000005 MB)
I: InitMonitor::next
I: GenerateDriverLabels::next
D:   driver labels generated in 19636.925781 ms
I: GenerateInWireKeys::next
D:   in-wire keys generated in 11164.500000 ms
D: SendLabels::message
D:   generating in-wire labels for 20618 gates
D:   10000 gates processed
D:   20000 gates processed
D:   in-wire labels generated in 11501.347656 ms
D:  gateCount: 20618
D:  sending message (size 16.886978 MB)
I: SendLabels::next
I: RecvGarbledGates::next
I: RecvSystemInputLabels::next
I: RecvFlagBitLabels::next
I: MonitorObliviousTransfer::next
I: InitChooser::next
I: MonitorObliviousTransfer::next
I: RecvConstant::next
D: received message: f859a49ba699fbe156f8c85cba2bf9397ccfa99496b7097816a943fb3956b36c7155b3267d24249ccdfd8e0355b1065d44898f8899359198499af1616659a376b3238e75e21701cf9dff26739daab98e5b174c78bc314bbde555d1a39f176320f9914dc2a14db392f9a45d6fe82f32a54b82a537f3b1845da08912d1ec5b9f26
I: MonitorObliviousTransfer::next
I: GeneratePublicKey::next
D:  sending message (size 0.000256 MB)
I: MonitorObliviousTransfer::next
I: SendPublicKey::next
I: MonitorObliviousTransfer::next
I: RecvEncryptedMessages::next
I: MonitorObliviousTransfer::next
I: DecryptChosenMessage::next
I: MonitorObliviousTransfer::next
I: ChooserDone::next
I: MonitorObliviousTransfer::next
I: MonitorObliviousTransfer::next
I: InitChooser::next
I: MonitorObliviousTransfer::next
I: RecvConstant::next
D: received message: 5bd156132aba41674152ef69e1e8e7dc4a617f6078a587e0f3bc5c6e48caa532d24ef9ecf42d528415eee2f596c0e6f773abd0d36a66408c66e0e024e9691cc0be105d4b368e2cd9ed9e704f40039872412e86232d3db7e9b33e5c48c93f61034bff5b8985686276d0e1797de9b90d6cc07728014c088fbdef5671a6dbdc4d25
I: MonitorObliviousTransfer::next
I: GeneratePublicKey::next
D:  sending message (size 0.000256 MB)
I: MonitorObliviousTransfer::next
I: SendPublicKey::next
I: MonitorObliviousTransfer::next
I: RecvEncryptedMessages::next
I: MonitorObliviousTransfer::next
I: DecryptChosenMessage::next
I: MonitorObliviousTransfer::next
I: ChooserDone::next
I: MonitorObliviousTransfer::next
I: MonitorObliviousTransfer::next
I: InitChooser::next
I: MonitorObliviousTransfer::next
I: RecvConstant::next
D: received message: 781d8dd53ab7aaf2edfaf7352cc3d4f5c5e0a4a1fa5179ea4e3be3d215ebf0d328fe1d61b39a30481d2746cbdc2e5ed758e6da6813e061460d47ee66ff4599c26a7259fa334d436f424dc288ebe53a9644f3283a6c65c7c5e0359279d85e2deb11faee31b8218bea2f96f20e6013d299ac16e2a21a318c493784cb69918b673b
I: MonitorObliviousTransfer::next
I: GeneratePublicKey::next
D:  sending message (size 0.000256 MB)
I: MonitorObliviousTransfer::next
I: SendPublicKey::next
I: MonitorObliviousTransfer::next
I: RecvEncryptedMessages::next
I: MonitorObliviousTransfer::next
I: DecryptChosenMessage::next
I: MonitorObliviousTransfer::next
I: ChooserDone::next
I: MonitorObliviousTransfer::next
I: MonitorObliviousTransfer::next
I: InitChooser::next
I: MonitorObliviousTransfer::next
I: RecvConstant::next
D: received message: c282aa9f24a20b08979a85ced483c1a65893e18495a0914b86dae1508161b8b92ee956443ac55f17a625ca02c8ad5cf05780f836e3241e904cf5da8174a80b19375ffe18667d2ed5249ca58c630ce9bc9e41306adf20219fab5594fc9bed5042f14b5d8b4ee124f6d5dba664986de3b3a0e1de21c0a22de5e11907da4638501e
I: MonitorObliviousTransfer::next
I: GeneratePublicKey::next
D:  sending message (size 0.000256 MB)
I: MonitorObliviousTransfer::next
I: SendPublicKey::next
I: MonitorObliviousTransfer::next
I: RecvEncryptedMessages::next
I: MonitorObliviousTransfer::next
I: DecryptChosenMessage::next
I: MonitorObliviousTransfer::next
I: ChooserDone::next
I: MonitorObliviousTransfer::next
I: MonitorObliviousTransfer::next
I: InitChooser::next
I: MonitorObliviousTransfer::next
I: RecvConstant::next
D: received message: 88d9341f5a26a75abc026faf7ff838d058d169d92ea54b7b3c3d7a47acc56ca0acc32008895c0b52e2beb9e0d4473cd7eb7b72c2bf8d483d74ecae9e373d3a69e42b48ea6179e491a589dd81e500a46baa218d2017054e920df2b690169ccfcc78a383d3f067facf451e7176eb962aea98ea7233a25fea5311db7954f40122a3
I: MonitorObliviousTransfer::next
I: GeneratePublicKey::next
D:  sending message (size 0.000256 MB)
I: MonitorObliviousTransfer::next
I: SendPublicKey::next
I: MonitorObliviousTransfer::next
I: RecvEncryptedMessages::next
I: MonitorObliviousTransfer::next
I: DecryptChosenMessage::next
I: MonitorObliviousTransfer::next
I: ChooserDone::next
I: MonitorObliviousTransfer::next
I: MonitorObliviousTransfer::next
I: InitChooser::next
I: MonitorObliviousTransfer::next
I: RecvConstant::next
D: received message: d88705800bacdaa292cefddf13c32a3a3c5375ea2dc70c61cc763efee7b75f54e18cae082620a8889b4b390a8867769b9ea87cabbb09a05b2e63e445a5322163659f23a8308556908f82e150ce4b136ab142220eeced8b2fd047039f45c6df524ad736c774df2c784da276df9db559fd9ce9569f9654e033231523c3b0bc5e81
I: MonitorObliviousTransfer::next
I: GeneratePublicKey::next
D:  sending message (size 0.000256 MB)
I: MonitorObliviousTransfer::next
I: SendPublicKey::next
I: MonitorObliviousTransfer::next
I: RecvEncryptedMessages::next
I: MonitorObliviousTransfer::next
I: DecryptChosenMessage::next
I: MonitorObliviousTransfer::next
I: ChooserDone::next
I: MonitorObliviousTransfer::next
I: MonitorObliviousTransfer::next
I: InitChooser::next
I: MonitorObliviousTransfer::next
I: RecvConstant::next
D: received message: 2c2b8538bde97920737b2ae21a4b1943251fd51321ab3fa8041b826edb72437d25fd08a5e39bc612d038b71b41bd590de73a602c5fa8a1d7c9dc2c24e3674f9db5f21a5bdf55d68dab8c139ced2fa8959221d7f8f779f73db509f4e6870ce1dc0333ee81cf6cdc0660832f25d1b48edafae6484cb2a5aa886d6b90e9defe956c
I: MonitorObliviousTransfer::next
I: GeneratePublicKey::next
D:  sending message (size 0.000256 MB)
I: MonitorObliviousTransfer::next
I: SendPublicKey::next
I: MonitorObliviousTransfer::next
I: RecvEncryptedMessages::next
I: MonitorObliviousTransfer::next
I: DecryptChosenMessage::next
I: MonitorObliviousTransfer::next
I: ChooserDone::next
I: MonitorObliviousTransfer::next
I: MonitorObliviousTransfer::next
I: InitChooser::next
I: MonitorObliviousTransfer::next
I: RecvConstant::next
D: received message: 7de40a0006d06b4860eb2e996baa34288398be33c4850828489e7dabf4d6c317289c9f0c4f4f92c2a0c158d3072de89bae26852270efa764d76849b595b60fc39dbc512896ce26dc3c58af2aa9c693c78c7ddedd7683c37dcd3913f4fb1607fdf092c445aa0e645fea3d65b8204a7dd559337f95add943f74f2ac5669c3db1b1
I: MonitorObliviousTransfer::next
I: GeneratePublicKey::next
D:  sending message (size 0.000256 MB)
I: MonitorObliviousTransfer::next
I: SendPublicKey::next
I: MonitorObliviousTransfer::next
I: RecvEncryptedMessages::next
I: MonitorObliviousTransfer::next
I: DecryptChosenMessage::next
I: MonitorObliviousTransfer::next
I: ChooserDone::next
I: MonitorObliviousTransfer::next
I: MonitorObliviousTransfer::next
I: InitChooser::next
I: MonitorObliviousTransfer::next
I: RecvConstant::next
D: received message: c7d410986497f12fa5590e07efba8ded2386b14eba86646d24cc132c59204d8d32b9ba492f19b7036348d71b4ae58fd7b13983366e245be82d441846703857aea9a3609c348f52f511eaad570d999c6dc179825d22a52284503d1183cc5daada0e1534d7a94915d85385e4c4b97b4a59b46e292c42401fefce0ff9f28bc9ac4f
I: MonitorObliviousTransfer::next
I: GeneratePublicKey::next
D:  sending message (size 0.000256 MB)
I: MonitorObliviousTransfer::next
I: SendPublicKey::next
I: MonitorObliviousTransfer::next
I: RecvEncryptedMessages::next
I: MonitorObliviousTransfer::next
I: DecryptChosenMessage::next
I: MonitorObliviousTransfer::next
I: ChooserDone::next
I: MonitorObliviousTransfer::next
I: MonitorObliviousTransfer::next
I: InitChooser::next
I: MonitorObliviousTransfer::next
I: RecvConstant::next
D: received message: 6f428c34b3db9a72952568ac3eb490d91a9fa1407fd63a2444b6c4b0ffb0d520102d93c2dd721a309fd8ee1a3e6d450bda52c4e82f25a4c468ddab63ef13f19bb2f918ceb2dba67bd048668b2801e8f907d31fcf66d7ea0e1bf557e0676e974fadfe229dc244b58cef630d4df171706317b8aabcd2ce35370caa734f02d11547
I: MonitorObliviousTransfer::next
I: GeneratePublicKey::next
D:  sending message (size 0.000256 MB)
I: MonitorObliviousTransfer::next
I: SendPublicKey::next
I: MonitorObliviousTransfer::next
I: RecvEncryptedMessages::next
I: MonitorObliviousTransfer::next
I: DecryptChosenMessage::next
I: MonitorObliviousTransfer::next
I: ChooserDone::next
I: MonitorObliviousTransfer::next
I: MonitorObliviousTransfer::next
I: InitChooser::next
I: MonitorObliviousTransfer::next
I: RecvConstant::next
D: received message: e4b5af0eb138c2440ed7535aaffc35b9fec04185728dbe6e2a79edadfef663bce3d8a9ff9f061353d820305ad2894c28f3ed4924c681d63ed79954ed817ac8b305925f681fd998239b316ff6847a4747d02004f854b17835a63143c2533d4a120627da49d48dad328c8de4fed2c031d4cc2f0a4fd695a22ded0e39167b2e427b
I: MonitorObliviousTransfer::next
I: GeneratePublicKey::next
D:  sending message (size 0.000255 MB)
I: MonitorObliviousTransfer::next
I: SendPublicKey::next
I: MonitorObliviousTransfer::next
I: RecvEncryptedMessages::next
I: MonitorObliviousTransfer::next
I: DecryptChosenMessage::next
I: MonitorObliviousTransfer::next
I: ChooserDone::next
I: MonitorObliviousTransfer::next
I: MonitorObliviousTransfer::next
I: InitChooser::next
I: MonitorObliviousTransfer::next
I: RecvConstant::next
D: received message: 8c93dfacb99850383bc940a0545642bd4f35be92cd656a227e3e3d01e728f95b692019e94a0f6389103f4503de706b48e7afa21e90eaa64043f953cb823017ec4366dd36f52ad36e1315e9bf80bb41b9d86f7437dc07c9e8ce564532b76623bad42955a7bb8c772c3bb991337a2850877e8dd6da3ac6d8d029c98531b6fe3290
I: MonitorObliviousTransfer::next
I: GeneratePublicKey::next
D:  sending message (size 0.000256 MB)
I: MonitorObliviousTransfer::next
I: SendPublicKey::next
I: MonitorObliviousTransfer::next
I: RecvEncryptedMessages::next
I: MonitorObliviousTransfer::next
I: DecryptChosenMessage::next
I: MonitorObliviousTransfer::next
I: ChooserDone::next
I: MonitorObliviousTransfer::next
I: MonitorObliviousTransfer::next
I: InitChooser::next
I: MonitorObliviousTransfer::next
I: RecvConstant::next
D: received message: 2cee922a848dea6d924fa2fe299cdcfe95547de5c58e69f7f1fb06014c67d43b1c8a75aeb22525c1fbca5fefe674b6365c33779b05023bda650ac73331f7960f051c8ad672214f40ec54cca4c1b73f5394e187c2b37bbc891a7a978e66e4b69851cecfacdf2bb3efcccc333e4d3ccfa4bd64b4dd133d28ab4fa1ff101416bb26
I: MonitorObliviousTransfer::next
I: GeneratePublicKey::next
D:  sending message (size 0.000256 MB)
I: MonitorObliviousTransfer::next
I: SendPublicKey::next
I: MonitorObliviousTransfer::next
I: RecvEncryptedMessages::next
I: MonitorObliviousTransfer::next
I: DecryptChosenMessage::next
I: MonitorObliviousTransfer::next
I: ChooserDone::next
I: MonitorObliviousTransfer::next
I: MonitorObliviousTransfer::next
I: InitChooser::next
I: MonitorObliviousTransfer::next
I: RecvConstant::next
D: received message: 370a08626bf6648a647fd8b54f7701beef9e6e751c799df7e81a7c359929b7f7df6b05bb6ec9bba47b162836f0bf461c9ee8f2ce55be82685e6e102296aec0a4c693a7b6d2e0a72cf2cd1e6143d613e9cc956a1cbe65ad29e8c8e5f5298f9efa8e085a51c7ba913916bbe500b844626cd7734a961ae21d5ec5140cdfe8d38a59
I: MonitorObliviousTransfer::next
I: GeneratePublicKey::next
D:  sending message (size 0.000256 MB)
I: MonitorObliviousTransfer::next
I: SendPublicKey::next
I: MonitorObliviousTransfer::next
I: RecvEncryptedMessages::next
I: MonitorObliviousTransfer::next
I: DecryptChosenMessage::next
I: MonitorObliviousTransfer::next
I: ChooserDone::next
I: MonitorObliviousTransfer::next
I: MonitorObliviousTransfer::next
I: InitChooser::next
I: MonitorObliviousTransfer::next
I: RecvConstant::next
D: received message: 8ddd905c8176205dff690a211578fd5633f51ba9c645816810ddc5dd8610b5bdd952495d6925c98272a4bd06f2dbb57fe323ea30b0b2186c2997f379e9e1215c43a2c17c361b192f09ebcfb394d213750c7c061f92581088dc97eaa0c8de3bfa1c6e9e31f6273b1bed3bfcccc25366b3831a13105defe16e8f2859d9bce8815
I: MonitorObliviousTransfer::next
I: GeneratePublicKey::next
D:  sending message (size 0.000256 MB)
I: MonitorObliviousTransfer::next
I: SendPublicKey::next
I: MonitorObliviousTransfer::next
I: RecvEncryptedMessages::next
I: MonitorObliviousTransfer::next
I: DecryptChosenMessage::next
I: MonitorObliviousTransfer::next
I: ChooserDone::next
I: MonitorObliviousTransfer::next
I: MonitorObliviousTransfer::next
I: InitChooser::next
I: MonitorObliviousTransfer::next
I: RecvConstant::next
D: received message: f70577cce028d5b15098325df2eb22fc076b4a17f0f89184b8c18364a3c84c3661c3d8a890f88e2247732597f3efed128e210614eed36e04ed97fe442f2add595db0c65d283f0ca6e1b67a4b67862f62a34fcbcf28a6dbcb1b9aa365d25f1e208c6753c4178fdcde175fb2dd4075229e8df280fa951d3c4cb0dc4aa4a7ab9dfd
I: MonitorObliviousTransfer::next
I: GeneratePublicKey::next
D:  sending message (size 0.000256 MB)
I: MonitorObliviousTransfer::next
I: SendPublicKey::next
I: MonitorObliviousTransfer::next
I: RecvEncryptedMessages::next
I: MonitorObliviousTransfer::next
I: DecryptChosenMessage::next
I: MonitorObliviousTransfer::next
I: ChooserDone::next
I: MonitorObliviousTransfer::next
I: MonitorObliviousTransfer::next
I: InitChooser::next
I: MonitorObliviousTransfer::next
I: RecvConstant::next
D: received message: 625b20f82dc8ea9292b0daa724cbe9732bb0423684ec68dbb10dd8bd4a205899661261e76a4e9339779de0fb9ce340eed6d948407ad7b92762aa8b454f0497167c44715496d43d8e281a0d8795e3d7db89b9ed8a26a0f189524632df306be3a983dc2e3625d8d38e96689678c28d1f3cc7289e99b380cdd95c77fd3559a0a3e3
I: MonitorObliviousTransfer::next
I: GeneratePublicKey::next
D:  sending message (size 0.000256 MB)
I: MonitorObliviousTransfer::next
I: SendPublicKey::next
I: MonitorObliviousTransfer::next
I: RecvEncryptedMessages::next
I: MonitorObliviousTransfer::next
I: DecryptChosenMessage::next
I: MonitorObliviousTransfer::next
I: ChooserDone::next
I: MonitorObliviousTransfer::next
I: MonitorObliviousTransfer::next
I: InitChooser::next
I: MonitorObliviousTransfer::next
I: RecvConstant::next
D: received message: 938a26a9359e2a0a074856ea10febd084d43515d1742b086fda35c2eeb4268825718c01d43331562bf4620a469c92590141398f0b2c36150fd23e6a194ae678b48bc8b5c1a34aef492bfa28ca5341ca2ca88568e105af25b10b2fe0a02a957b5e5cb168ff18a09fb10c1c35fb0b41e37f763dc0b46f728867b1e1694b13a071b
I: MonitorObliviousTransfer::next
I: GeneratePublicKey::next
D:  sending message (size 0.000256 MB)
I: MonitorObliviousTransfer::next
I: SendPublicKey::next
I: MonitorObliviousTransfer::next
I: RecvEncryptedMessages::next
I: MonitorObliviousTransfer::next
I: DecryptChosenMessage::next
I: MonitorObliviousTransfer::next
I: ChooserDone::next
I: MonitorObliviousTransfer::next
I: MonitorObliviousTransfer::next
I: InitChooser::next
I: MonitorObliviousTransfer::next
I: RecvConstant::next
D: received message: a0bdcc0c3799844d266c5caaa75e44b042561a87f848aa953086944a98efe0cbed7e44ea7d9b9ee936fd14fef4734b25d2333e422db26f8c8479e44b486d6884da779eb4989291be8575009621ada12ec64fe58c34e05ccf4cfd2d9d60ceec85ea8d3f45f53c5f10b332577828b7d47a439c6f52cae17b93a479b2eeb0818c7b
I: MonitorObliviousTransfer::next
I: GeneratePublicKey::next
D:  sending message (size 0.000255 MB)
I: MonitorObliviousTransfer::next
I: SendPublicKey::next
I: MonitorObliviousTransfer::next
I: RecvEncryptedMessages::next
I: MonitorObliviousTransfer::next
I: DecryptChosenMessage::next
I: MonitorObliviousTransfer::next
I: ChooserDone::next
I: MonitorObliviousTransfer::next
I: MonitorObliviousTransfer::next
I: InitChooser::next
I: MonitorObliviousTransfer::next
I: RecvConstant::next
D: received message: 78e50a79b4f91a0f3be29900a21c003dce30c33236bd924776f6ba17261458092a09a964d05bff0dc53db6670d97a02113f8542a3baf51710873b3001dba58afb9b24a045909165c195808f738b4a73a78b14aefa96ad9f83dbeb55ab665718f3633b86d9cdb002aa62f44331b2a4685d65dc96e6a7d86a665bf67140f0475e6
I: MonitorObliviousTransfer::next
I: GeneratePublicKey::next
D:  sending message (size 0.000256 MB)
I: MonitorObliviousTransfer::next
I: SendPublicKey::next
I: MonitorObliviousTransfer::next
I: RecvEncryptedMessages::next
I: MonitorObliviousTransfer::next
I: DecryptChosenMessage::next
I: MonitorObliviousTransfer::next
I: ChooserDone::next
I: MonitorObliviousTransfer::next
I: MonitorObliviousTransfer::next
I: InitChooser::next
I: MonitorObliviousTransfer::next
I: RecvConstant::next
D: received message: e0ffe73340442ca7f44ad63588c498ec0df94238318675b7ec21209c60771bdb6978a935a588b24e9a2810dce38add8f774ebba120803104ecd86b0e7fec294561879cdabb324e538433d8280b720d83645d37415ae062977d9956f4cbfb1b0d750b16910472a556132e7efb6557f25d6e429adb45e6521b1dddf6bae06f5059
I: MonitorObliviousTransfer::next
I: GeneratePublicKey::next
D:  sending message (size 0.000256 MB)
I: MonitorObliviousTransfer::next
I: SendPublicKey::next
I: MonitorObliviousTransfer::next
I: RecvEncryptedMessages::next
I: MonitorObliviousTransfer::next
I: DecryptChosenMessage::next
I: MonitorObliviousTransfer::next
I: ChooserDone::next
I: MonitorObliviousTransfer::next
I: MonitorObliviousTransfer::next
I: InitChooser::next
I: MonitorObliviousTransfer::next
I: RecvConstant::next
D: received message: 1c3580ec71a504b41b572ad84172ff2adc2d396c76eebdd151bbf46a6a40191f17be13232e08aea532cf5cfa3df98775a780809ba4c41c8c6e767a0fe27f56b36b09b7ef668049bae5dd13f96c2a3bee8c52424f8882dbe49b602bc42a31b1bfb3c6b49ccbc857698e871b0b1e23a54cc404ef63f68305634f94366b89b9b97d
I: MonitorObliviousTransfer::next
I: GeneratePublicKey::next
D:  sending message (size 0.000256 MB)
I: MonitorObliviousTransfer::next
I: SendPublicKey::next
I: MonitorObliviousTransfer::next
I: RecvEncryptedMessages::next
I: MonitorObliviousTransfer::next
I: DecryptChosenMessage::next
I: MonitorObliviousTransfer::next
I: ChooserDone::next
I: MonitorObliviousTransfer::next
I: MonitorObliviousTransfer::next
I: InitChooser::next
I: MonitorObliviousTransfer::next
I: RecvConstant::next
D: received message: 7cab2c9f7cdac25e91eb6c29aba5a55e4756baeff1fadb5226882c6f035ad51347ec94bd4ba566e4dac18c8a04f805b1dc07936f61989b1d0c3e084fe5cf40ee1f0324ed7cfaa315ff530c1983b3f933e2377565d5a30fc5b440e483c921bfedc1e762404acba879da8cfda900ab91cab8c271742e02bbd3da49fda18430ed6a
I: MonitorObliviousTransfer::next
I: GeneratePublicKey::next
D:  sending message (size 0.000255 MB)
I: MonitorObliviousTransfer::next
I: SendPublicKey::next
I: MonitorObliviousTransfer::next
I: RecvEncryptedMessages::next
I: MonitorObliviousTransfer::next
I: DecryptChosenMessage::next
I: MonitorObliviousTransfer::next
I: ChooserDone::next
I: MonitorObliviousTransfer::next
I: MonitorObliviousTransfer::next
I: InitChooser::next
I: MonitorObliviousTransfer::next
I: RecvConstant::next
D: received message: d198615f926da5fddd55ee5f092f52a1c028fbd2c899ad514deb41487c9ac1c89b16d9684fa426abfb663099d96e1647b4d0be7693f63d2acf80539a864cce819d888f0e09f486051c6a71281c9d67d3b2b447861f3635fc3d0ffe39df6be6c6f0176dde87106c2db55076ed82a9c51b6c2ee34836ecda394260ace666bc0833
I: MonitorObliviousTransfer::next
I: GeneratePublicKey::next
D:  sending message (size 0.000256 MB)
I: MonitorObliviousTransfer::next
I: SendPublicKey::next
I: MonitorObliviousTransfer::next
I: RecvEncryptedMessages::next
I: MonitorObliviousTransfer::next
I: DecryptChosenMessage::next
I: MonitorObliviousTransfer::next
I: ChooserDone::next
I: MonitorObliviousTransfer::next
I: MonitorObliviousTransfer::next
I: InitChooser::next
I: MonitorObliviousTransfer::next
I: RecvConstant::next
D: received message: 236ea96d11771b5cb76dcf776e5c8af9537604a886d94711e27c80d680c54306455125c309a775b07b94681cca7c2ad472ab64253ac44dbfff91e1659a2e6c0d06d0c351cb6d547ec5a26496c970329cc9d1a81a8dd6121e73f811f35b39ebaa54f0fc522f6d436e5540954ce01a4c846fbd08e442928157ac6437c0beb05925
I: MonitorObliviousTransfer::next
I: GeneratePublicKey::next
D:  sending message (size 0.000256 MB)
I: MonitorObliviousTransfer::next
I: SendPublicKey::next
I: MonitorObliviousTransfer::next
I: RecvEncryptedMessages::next
I: MonitorObliviousTransfer::next
I: DecryptChosenMessage::next
I: MonitorObliviousTransfer::next
I: ChooserDone::next
I: MonitorObliviousTransfer::next
I: MonitorObliviousTransfer::next
I: InitChooser::next
I: MonitorObliviousTransfer::next
I: RecvConstant::next
D: received message: ab7d603b6d32ac81354f8bef79ac084af7f463fd527dfd9d52d97747a697bb0e44b370ee8ce41f82f28c8e85d4920f13a33bc6c99c8089a773201ff80655151a697c5a48ff57b897e14a14866b380078c4eeb94ba0b3440179fdb23c433e9a61c3f8b72ae46bcf93e7d8533c949d965338364b56c7f7024a55a9b2a5937f17e6
I: MonitorObliviousTransfer::next
I: GeneratePublicKey::next
D:  sending message (size 0.000255 MB)
I: MonitorObliviousTransfer::next
I: SendPublicKey::next
I: MonitorObliviousTransfer::next
I: RecvEncryptedMessages::next
I: MonitorObliviousTransfer::next
I: DecryptChosenMessage::next
I: MonitorObliviousTransfer::next
I: ChooserDone::next
I: MonitorObliviousTransfer::next
I: MonitorObliviousTransfer::next
I: InitChooser::next
I: MonitorObliviousTransfer::next
I: RecvConstant::next
D: received message: 3932141407bbcadfe41fd2edc2c8334c7dc7650f28b5b14164928a58fc8f1d9c784c32f6d1b53f56d2d7cd665e8705544bf22271f5be8ee274d833a08c8ada5098d1dd008dd5906da715040bff198c8d719aa287fc1c57c904fbba9418cfef348826fbfa802884248986cb6441383543093879514745f15b6153a09c5949d34b
I: MonitorObliviousTransfer::next
I: GeneratePublicKey::next
D:  sending message (size 0.000256 MB)
I: MonitorObliviousTransfer::next
I: SendPublicKey::next
I: MonitorObliviousTransfer::next
I: RecvEncryptedMessages::next
I: MonitorObliviousTransfer::next
I: DecryptChosenMessage::next
I: MonitorObliviousTransfer::next
I: ChooserDone::next
I: MonitorObliviousTransfer::next
I: MonitorObliviousTransfer::next
I: InitChooser::next
I: MonitorObliviousTransfer::next
I: RecvConstant::next
D: received message: e1a61f9ddf8686a45a417997c3d5bc4d39f73adab32f53711aff2c79cffc119c92d2b3f6d9f3bb7922fbd11997953590381aa982126da022e0d43f5f858822a402f85551a23e7a2f165357572a899610cde8dab13e3fdd4fede0a333fd2b2aa3f2ffdad09793bafce7ffe3a05622ef03ff35ebe119ed238eab200395b841623e
I: MonitorObliviousTransfer::next
I: GeneratePublicKey::next
D:  sending message (size 0.000256 MB)
I: MonitorObliviousTransfer::next
I: SendPublicKey::next
I: MonitorObliviousTransfer::next
I: RecvEncryptedMessages::next
I: MonitorObliviousTransfer::next
I: DecryptChosenMessage::next
I: MonitorObliviousTransfer::next
I: ChooserDone::next
I: MonitorObliviousTransfer::next
I: MonitorObliviousTransfer::next
I: InitChooser::next
I: MonitorObliviousTransfer::next
I: RecvConstant::next
D: received message: 54c9b2cdd0dd75a56b61283ebff472a4cecf4262ef7726e1a250c996b13d1c1130a84832a5cc4170e201c26dd08b49b23080d37afeba006f436554f8549d3dc99ac1381993cb7ebc91fc8c982659cc4bbe9b457015996bc50537ee2fa77d3da4bf896b5df231fceb70a46bfd0951d497bead9b3c4f15fd0db669b7541ff5fbca
I: MonitorObliviousTransfer::next
I: GeneratePublicKey::next
D:  sending message (size 0.000256 MB)
I: MonitorObliviousTransfer::next
I: SendPublicKey::next
I: MonitorObliviousTransfer::next
I: RecvEncryptedMessages::next
I: MonitorObliviousTransfer::next
I: DecryptChosenMessage::next
I: MonitorObliviousTransfer::next
I: ChooserDone::next
I: MonitorObliviousTransfer::next
I: MonitorObliviousTransfer::next
I: InitChooser::next
I: MonitorObliviousTransfer::next
I: RecvConstant::next
D: received message: c9f6082f42d7f79f384cbcdfdbc8c29fca3e80007c1ec0ca2e4e467d15553f392fd16dcf56eeed6579536dbdb9592f25cdc106adf98b9515b63ec91517c1b5b3bfb4ad7d20d311dd1729f407832c0b5a294d15ee4445b61f975bfc0e3b41dc585a47f48c406edc84f6ba5cf6616977d6286e41168ed3df8baeb9cb344b7296f
I: MonitorObliviousTransfer::next
I: GeneratePublicKey::next
D:  sending message (size 0.000256 MB)
I: MonitorObliviousTransfer::next
I: SendPublicKey::next
I: MonitorObliviousTransfer::next
I: RecvEncryptedMessages::next
I: MonitorObliviousTransfer::next
I: DecryptChosenMessage::next
I: MonitorObliviousTransfer::next
I: ChooserDone::next
I: MonitorObliviousTransfer::next
I: MonitorObliviousTransfer::next
I: InitChooser::next
I: MonitorObliviousTransfer::next
I: RecvConstant::next
D: received message: cdd9de5a9c41dcb7048068556ce65ce8bdcf9a58da3fcc6ef79941dd2d1911770f33eed038f1206d3d72844de2e9cf8703acbab1024e185eee5ab822e35ce78ddb2afda053b0e09e3226b73b3d8857e240798a3fc6eeca92a8c2b59826c8abdf65a1b003358220fac818038c35925888698568d7c011ff5c43e2305e15ce157b
I: MonitorObliviousTransfer::next
I: GeneratePublicKey::next
D:  sending message (size 0.000256 MB)
I: MonitorObliviousTransfer::next
I: SendPublicKey::next
I: MonitorObliviousTransfer::next
I: RecvEncryptedMessages::next
I: MonitorObliviousTransfer::next
I: DecryptChosenMessage::next
I: MonitorObliviousTransfer::next
I: ChooserDone::next
I: MonitorObliviousTransfer::next
I: MonitorObliviousTransfer::next
I: InitChooser::next
I: MonitorObliviousTransfer::next
I: RecvConstant::next
D: received message: 7a7ba051a28de026233fa38c209ecb264864860ebfac234948290a3145e43518f4916001d1898a06cd14b50000948e31e08b09f3525552dacda439fb7ce552227a3a400d5651fcb132a30db35b5c25ee24aef6515700e00d30a3f4d2d91a1e64dc9323894b4370f84ae8f1dc4d81a9ee38cf643ea595d9e2ac500458c04d94a8
I: MonitorObliviousTransfer::next
I: GeneratePublicKey::next
D:  sending message (size 0.000256 MB)
I: MonitorObliviousTransfer::next
I: SendPublicKey::next
I: MonitorObliviousTransfer::next
I: RecvEncryptedMessages::next
I: MonitorObliviousTransfer::next
I: DecryptChosenMessage::next
I: MonitorObliviousTransfer::next
I: ChooserDone::next
I: MonitorObliviousTransfer::next
I: MonitorObliviousTransfer::next
I: EvaluateCircuit::next
D:   evaluating gate 10000
D:   evaluating gate 20000
D:  sending message (size 0.000001 MB)
I: SendOutputBit::next
I: ==== round duration: 13305.548828 ms ====
I: CopyMonitorStateLabels::next
I: RecvGarbledGates::next
I: RecvSystemInputLabels::next
I: RecvFlagBitLabels::next
I: EvaluateCircuit::next
D:   evaluating gate 10000
D:   evaluating gate 20000
D:  sending message (size 0.000001 MB)
I: SendOutputBit::next
I: ==== round duration: 13310.903320 ms ====
I: FaultObserved::next
I: MonitorDone::next
