I: parsing spec file timekeeper+.v...
skipping synthesis, BLIF file already exists.
I: parsing BLIF file synth.blif...
D: inputs and outputs parsed.
D: circuit initialized.
D: connections (#2018) parsed.
D: gates (#20547) parsed.
D: outputs: 35207 35210 35213 35216 35219 35222 35225 35228 35231 35234 35237 35240 35243 35246 35249 35252 35255 35258 35261 35264 35267 35270 35273 35276 35279 35282 35285 35288 35291 35294 35297 35303 35205 
D: circuit size: 35304
D: adding identity gates for outputs...
D: outputs after identity: 35337 35338 35339 35340 35341 35342 35343 35344 35345 35346 35347 35348 35349 35350 35351 35352 35353 35354 35355 35356 35357 35358 35359 35360 35361 35362 35363 35364 35365 35366 35367 35368 35369 
D: circuit size after identity: 35370
I: initializing safe primes...
I: using prime modulus 179769313486231590770839156793787453197860296048756011706444423684197180216158519368947833795864925541502180565485980503646440548199239100050792877003355816639229553136239076508735759914822574862575007425302077447712589550957937778424442426617334727629299387668709205606050270810842907692932019128194467627007
D:  sending message (size 0.000005 MB)
I: InitMonitor::next
I: GenerateDriverLabels::next
D:   driver labels generated in 31395.503906 ms
I: GenerateInWireKeys::next
D:   in-wire keys generated in 11044.541992 ms
D: SendLabels::message
D:   generating in-wire labels for 20618 gates
D:   10000 gates processed
D:   20000 gates processed
D:   in-wire labels generated in 11975.954102 ms
D:  gateCount: 20618
D:  sending message (size 19.682416 MB)
I: SendLabels::next
I: RecvGarbledGates::next
I: RecvSystemInputLabels::next
I: RecvFlagBitLabels::next
I: MonitorObliviousTransfer::next
I: InitChooser::next
I: MonitorObliviousTransfer::next
I: RecvConstant::next
D: received message: f1a512fa3998c4e57380dacd61ec67749211c54907b580d023e1efc3a7147eac2b8db38e089153fc1f4a58551d4d9d6afa1ae275cb5a4ada6b61bd6d8eb9e1d3e6d7235bfc6ae6e9f6d7389827b70fa7f0e2e782bc9ea164819c47bc086ba07ac5b042a1dc7c7c4f858a6a5a87a28b9e596f1aff3cf3b168c85f5bfe98e8db99
I: MonitorObliviousTransfer::next
I: GeneratePublicKey::next
D:  sending message (size 0.000256 MB)
I: MonitorObliviousTransfer::next
I: SendPublicKey::next
I: MonitorObliviousTransfer::next
I: RecvEncryptedMessages::next
I: MonitorObliviousTransfer::next
I: DecryptChosenMessage::next
I: MonitorObliviousTransfer::next
I: ChooserDone::next
I: MonitorObliviousTransfer::next
I: MonitorObliviousTransfer::next
I: InitChooser::next
I: MonitorObliviousTransfer::next
I: RecvConstant::next
D: received message: 79a5ca371a615852d20135158522b40da12dc6b04632772316ffc51ce005564e41b910fe76a6aa718ccb3a5b7915543a3acf901938ee8d55cba508a2aa94c782f899cb5b3be1ad607d7446b87efa8493a1c39d625b489b7127ab06940ec30e32a91ffc7d161b78dac92841763f67b38c827d0c8a8a83cc8dbc68383d8cad2d96
I: MonitorObliviousTransfer::next
I: GeneratePublicKey::next
D:  sending message (size 0.000256 MB)
I: MonitorObliviousTransfer::next
I: SendPublicKey::next
I: MonitorObliviousTransfer::next
I: RecvEncryptedMessages::next
I: MonitorObliviousTransfer::next
I: DecryptChosenMessage::next
I: MonitorObliviousTransfer::next
I: ChooserDone::next
I: MonitorObliviousTransfer::next
I: MonitorObliviousTransfer::next
I: InitChooser::next
I: MonitorObliviousTransfer::next
I: RecvConstant::next
D: received message: d619d5fcdfe7103b8e82d585dbdcf659343428fe3afbc8d959aa3b3dbfe4f91f81f1337fcc8e5454ea378a3aff9af1f0cce261becff18e8f0ab90b03b5a5e5b5a29f6744a44c2bdf1d43739084730c7cd734734f8820f1d1d425cf22835eda10f9a666f85613435feac5ca770501a6462419e5fb7fb68d6251c3cfb19e5a6735
I: MonitorObliviousTransfer::next
I: GeneratePublicKey::next
D:  sending message (size 0.000255 MB)
I: MonitorObliviousTransfer::next
I: SendPublicKey::next
I: MonitorObliviousTransfer::next
I: RecvEncryptedMessages::next
I: MonitorObliviousTransfer::next
I: DecryptChosenMessage::next
I: MonitorObliviousTransfer::next
I: ChooserDone::next
I: MonitorObliviousTransfer::next
I: MonitorObliviousTransfer::next
I: InitChooser::next
I: MonitorObliviousTransfer::next
I: RecvConstant::next
D: received message: d752d30b9a3af8710278d15c8aa8c1b5c090d80605419d92a4940911fe9d9255969ce0a7f1f3a6f6b09a9511a88df02aa7e8c98501752f8adbbfbd7b9e4c0f25c62d4a944b74950272080bab6139cadfdf34a885252ed9a4685b44c6c8ac98258d702b8fd5c9530dabc2101284f9d9bcb19a484215b4a590a72c50668879cce9
I: MonitorObliviousTransfer::next
I: GeneratePublicKey::next
D:  sending message (size 0.000256 MB)
I: MonitorObliviousTransfer::next
I: SendPublicKey::next
I: MonitorObliviousTransfer::next
I: RecvEncryptedMessages::next
I: MonitorObliviousTransfer::next
I: DecryptChosenMessage::next
I: MonitorObliviousTransfer::next
I: ChooserDone::next
I: MonitorObliviousTransfer::next
I: MonitorObliviousTransfer::next
I: InitChooser::next
I: MonitorObliviousTransfer::next
I: RecvConstant::next
D: received message: 80fc55b6044a2e731d781f2db9971796fb10137b69783ee65c6a411df96855c82c08fc3ffc511f4aa94caf0607cdffb8585dd3183729a1272657532b456cd1c54072b261565dc3d57761a12e3b38c87f30b35fb31875ea039ac78c267a80c6b6d225bc42a4ee8216e4f036522a92512e2194bac949ab36500fdeffa95e56cf27
I: MonitorObliviousTransfer::next
I: GeneratePublicKey::next
D:  sending message (size 0.000256 MB)
I: MonitorObliviousTransfer::next
I: SendPublicKey::next
I: MonitorObliviousTransfer::next
I: RecvEncryptedMessages::next
I: MonitorObliviousTransfer::next
I: DecryptChosenMessage::next
I: MonitorObliviousTransfer::next
I: ChooserDone::next
I: MonitorObliviousTransfer::next
I: MonitorObliviousTransfer::next
I: InitChooser::next
I: MonitorObliviousTransfer::next
I: RecvConstant::next
D: received message: 1d9a2d0b9dd7f0f653bdfcf74ade743655b36266fe4c12fe7663adde35e26b9a1b86cfb132678c3af8a33fb651e72d7a84bfb97b19216af0206fc6e5beeb2c0b9183b9830aae75d9706c78300b1fd4bf1ad2f710ac0a6f0d0822e41cf20dda28b7461ddfe5bddcf0b8c7c3b7f418806c20d5052267bd8d257c3d188e168c03d
I: MonitorObliviousTransfer::next
I: GeneratePublicKey::next
D:  sending message (size 0.000256 MB)
I: MonitorObliviousTransfer::next
I: SendPublicKey::next
I: MonitorObliviousTransfer::next
I: RecvEncryptedMessages::next
I: MonitorObliviousTransfer::next
I: DecryptChosenMessage::next
I: MonitorObliviousTransfer::next
I: ChooserDone::next
I: MonitorObliviousTransfer::next
I: MonitorObliviousTransfer::next
I: InitChooser::next
I: MonitorObliviousTransfer::next
I: RecvConstant::next
D: received message: 413a65d9f71d191cb84e68d831c68789b8a75817b7ece0f4c8be9f209764d8cba3a617fdbe9a0436a285a9c59efb76d81fb7dfd33c371f58cdcf0c1410b1b89e1bdcea7de72ff8188045c503208606bb51069dbf0a0705d660fcc384982c79acbe4292c229b816466c688c09f76953fe8d44fd89ec5fc00c370fe33040954024
I: MonitorObliviousTransfer::next
I: GeneratePublicKey::next
D:  sending message (size 0.000256 MB)
I: MonitorObliviousTransfer::next
I: SendPublicKey::next
I: MonitorObliviousTransfer::next
I: RecvEncryptedMessages::next
I: MonitorObliviousTransfer::next
I: DecryptChosenMessage::next
I: MonitorObliviousTransfer::next
I: ChooserDone::next
I: MonitorObliviousTransfer::next
I: MonitorObliviousTransfer::next
I: InitChooser::next
I: MonitorObliviousTransfer::next
I: RecvConstant::next
D: received message: 7103183469f59dc5bb4b5a19efa2ad8fcc91e34c0e977ab9bbc17b4e2e1ca05411343062327a831f902233c35ed963d924635b6089ac936db119627f26a82adcd486494d7c5e7c87624cb626348d74aeef19bc9422af2a8a62fab8f6a6ad810dfe441ad43cfa61b9c82eed2963c8cc9e492c3e2e1983ea83e757fc4decbd1999
I: MonitorObliviousTransfer::next
I: GeneratePublicKey::next
D:  sending message (size 0.000256 MB)
I: MonitorObliviousTransfer::next
I: SendPublicKey::next
I: MonitorObliviousTransfer::next
I: RecvEncryptedMessages::next
I: MonitorObliviousTransfer::next
I: DecryptChosenMessage::next
I: MonitorObliviousTransfer::next
I: ChooserDone::next
I: MonitorObliviousTransfer::next
I: MonitorObliviousTransfer::next
I: InitChooser::next
I: MonitorObliviousTransfer::next
I: RecvConstant::next
D: received message: 669a1c944b5feeb085d1b24008b4d3b0877f22507afe23fcb21a10cc28b0937615595b1c7f38982566dda285710e1653e668898408040f71bdae0811a302482aed724d0441189eab880c121008229b3104260317f40c61d4276d7881a3af0a27c4231f083ac4862a92510da1a913adf254927475ef24e2e051ab1580d91b36ef
I: MonitorObliviousTransfer::next
I: GeneratePublicKey::next
D:  sending message (size 0.000256 MB)
I: MonitorObliviousTransfer::next
I: SendPublicKey::next
I: MonitorObliviousTransfer::next
I: RecvEncryptedMessages::next
I: MonitorObliviousTransfer::next
I: DecryptChosenMessage::next
I: MonitorObliviousTransfer::next
I: ChooserDone::next
I: MonitorObliviousTransfer::next
I: MonitorObliviousTransfer::next
I: InitChooser::next
I: MonitorObliviousTransfer::next
I: RecvConstant::next
D: received message: 8ebade0e7134c00d26c6044ba692cba5dded052bdcebc5069c73df733ef54236782071d2bd602fc153734e4cbd410305d706c1ec6c693d4c0a24d5b56fb845814e2ae09aa6ee2685ddada2233bdaee082388ad24a8b902d4285cc238af170d7258486244724c197be9c738215dc953bf9e2db6d1d6b12fd3c408e53a4bb4fc25
I: MonitorObliviousTransfer::next
I: GeneratePublicKey::next
D:  sending message (size 0.000256 MB)
I: MonitorObliviousTransfer::next
I: SendPublicKey::next
I: MonitorObliviousTransfer::next
I: RecvEncryptedMessages::next
I: MonitorObliviousTransfer::next
I: DecryptChosenMessage::next
I: MonitorObliviousTransfer::next
I: ChooserDone::next
I: MonitorObliviousTransfer::next
I: MonitorObliviousTransfer::next
I: InitChooser::next
I: MonitorObliviousTransfer::next
I: RecvConstant::next
D: received message: c47105f3ca8817e2b7acc8578f4b6e123c3f599f371257773e7e99446f66a9ebd239167499a269011e9bf9f65e50571fa3b1bce5f0579edfb643092b3b82eadbb35deb3240946c7fa9d8e0c29469746680efac71db01c6acb055a066da33b4821e6181696c2e8df1a206598893c9dbc57f29c53e27efa8daa590f09388fde4cd
I: MonitorObliviousTransfer::next
I: GeneratePublicKey::next
D:  sending message (size 0.000255 MB)
I: MonitorObliviousTransfer::next
I: SendPublicKey::next
I: MonitorObliviousTransfer::next
I: RecvEncryptedMessages::next
I: MonitorObliviousTransfer::next
I: DecryptChosenMessage::next
I: MonitorObliviousTransfer::next
I: ChooserDone::next
I: MonitorObliviousTransfer::next
I: MonitorObliviousTransfer::next
I: InitChooser::next
I: MonitorObliviousTransfer::next
I: RecvConstant::next
D: received message: 28a7358f9365e71deac2adc2c50fcb919327a9260bea805fff58be47eea9d4cf9db3c1a9e63e334453f08e5e8821d536b01767a103238442856255dc846554e271b8d0f21ddbe9e34ab457a424f5e4d59e2315e202aea89ba5cbaab817f699455329816b1e629d326e6bb2a5ea403abedab4523a59d237b59e35757be6a88cc2
I: MonitorObliviousTransfer::next
I: GeneratePublicKey::next
D:  sending message (size 0.000256 MB)
I: MonitorObliviousTransfer::next
I: SendPublicKey::next
I: MonitorObliviousTransfer::next
I: RecvEncryptedMessages::next
I: MonitorObliviousTransfer::next
I: DecryptChosenMessage::next
I: MonitorObliviousTransfer::next
I: ChooserDone::next
I: MonitorObliviousTransfer::next
I: MonitorObliviousTransfer::next
I: InitChooser::next
I: MonitorObliviousTransfer::next
I: RecvConstant::next
D: received message: d5f943fb934c41e575da8b9bce6ae15b4358f9d817d58a7fdece41ee2fa9f855f528dccf5eb0bf8443b9ef6136218273ade614dbcce335aa33e3ef782a6d32b167adf218163fa0b2142fce73434091b1326c52575ec801ac4b3e7afc16504899c408e9a2ba26bc194084329f2a21f8ab143a399878d0c9f4c7a26bd84b89a849
I: MonitorObliviousTransfer::next
I: GeneratePublicKey::next
D:  sending message (size 0.000256 MB)
I: MonitorObliviousTransfer::next
I: SendPublicKey::next
I: MonitorObliviousTransfer::next
I: RecvEncryptedMessages::next
I: MonitorObliviousTransfer::next
I: DecryptChosenMessage::next
I: MonitorObliviousTransfer::next
I: ChooserDone::next
I: MonitorObliviousTransfer::next
I: MonitorObliviousTransfer::next
I: InitChooser::next
I: MonitorObliviousTransfer::next
I: RecvConstant::next
D: received message: 7a703e0260400e0da52e2e6d7738fb6429205b2a816cc1289adcdbf6819e55c43cf2f42ab26395e3c4828ee2aa2fe480b89fb2b8c1c3b0c1816d1a2a523a101eb7be9e2b1abd6b0337124cfa7bfa99638a88b54ad17ca17fc4bac9558b9eba5999bca22f9d960eda7eae3e62c3a7626a6ce1e20d372fca0cdd8a42ad5a5cad1e
I: MonitorObliviousTransfer::next
I: GeneratePublicKey::next
D:  sending message (size 0.000256 MB)
I: MonitorObliviousTransfer::next
I: SendPublicKey::next
I: MonitorObliviousTransfer::next
I: RecvEncryptedMessages::next
I: MonitorObliviousTransfer::next
I: DecryptChosenMessage::next
I: MonitorObliviousTransfer::next
I: ChooserDone::next
I: MonitorObliviousTransfer::next
I: MonitorObliviousTransfer::next
I: InitChooser::next
I: MonitorObliviousTransfer::next
I: RecvConstant::next
D: received message: b94efe8ae150e2ff4ce9967bb5dca302bce293425886f8a7c25d1a00cee1454f10525a0acb61fda1caec8e0cf14f42a5241e437fefade24b5549e72ed03dc91541b691524860c90631b1a803a6286dd62c19bf999c24774bd7ee670fa732e5f080d2ac5e3e7dcf3b0b41d41cb6f9388867c18cc8c68d55be259966499a3807a7
I: MonitorObliviousTransfer::next
I: GeneratePublicKey::next
D:  sending message (size 0.000256 MB)
I: MonitorObliviousTransfer::next
I: SendPublicKey::next
I: MonitorObliviousTransfer::next
I: RecvEncryptedMessages::next
I: MonitorObliviousTransfer::next
I: DecryptChosenMessage::next
I: MonitorObliviousTransfer::next
I: ChooserDone::next
I: MonitorObliviousTransfer::next
I: MonitorObliviousTransfer::next
I: InitChooser::next
I: MonitorObliviousTransfer::next
I: RecvConstant::next
D: received message: 8e7a19772c012307e43d16807c7098bbe81e930fe52b6a7089d3275e20e5614e9685bb2a1edf7088e4b1cf5eb3a6d81acdab695c87e8baae2429892c4f4c3628b78e179f0631d39f3bcda2ff89b71db1caa9f5fe249152cdb7c60fd5a9c47ec11a1de056a774e2e21aa76bf74b82237fbfa1ccd2b006ba37c354ad8ed8b8a576
I: MonitorObliviousTransfer::next
I: GeneratePublicKey::next
D:  sending message (size 0.000256 MB)
I: MonitorObliviousTransfer::next
I: SendPublicKey::next
I: MonitorObliviousTransfer::next
I: RecvEncryptedMessages::next
I: MonitorObliviousTransfer::next
I: DecryptChosenMessage::next
I: MonitorObliviousTransfer::next
I: ChooserDone::next
I: MonitorObliviousTransfer::next
I: MonitorObliviousTransfer::next
I: InitChooser::next
I: MonitorObliviousTransfer::next
I: RecvConstant::next
D: received message: 8614333beefa24ac2ca53ea41e0537654254eee69ac38c092b3a414402889d3b2700b644bd223e20f8b70249a7a12a8dcb4d4d2ce445c2077b019d151f2dfba7b8142e56aab9a7dd47cea339145a984be272a1992e94c6abbc640221b7fe5376dbc1a2652936c7aadfc151b7b531c49cd9cdba50948cb8da6a1b600659336d54
I: MonitorObliviousTransfer::next
I: GeneratePublicKey::next
D:  sending message (size 0.000256 MB)
I: MonitorObliviousTransfer::next
I: SendPublicKey::next
I: MonitorObliviousTransfer::next
I: RecvEncryptedMessages::next
I: MonitorObliviousTransfer::next
I: DecryptChosenMessage::next
I: MonitorObliviousTransfer::next
I: ChooserDone::next
I: MonitorObliviousTransfer::next
I: MonitorObliviousTransfer::next
I: InitChooser::next
I: MonitorObliviousTransfer::next
I: RecvConstant::next
D: received message: 8d7873c81a253a71b426e4545488f4a246c0b68c518bd659ee730554be4c77c3e13a450fae77dc2c46374234ad3ebe532266ce66878dd9bee8bffe4e5c066f331f05a3dc3a0587563feec0aff9deed6a5944f416468fa8a41714322d199fb53a28209505247ea5c4057703beb8a13211fc3bc0d897b10723cc2495379dd12e7b
I: MonitorObliviousTransfer::next
I: GeneratePublicKey::next
D:  sending message (size 0.000256 MB)
I: MonitorObliviousTransfer::next
I: SendPublicKey::next
I: MonitorObliviousTransfer::next
I: RecvEncryptedMessages::next
I: MonitorObliviousTransfer::next
I: DecryptChosenMessage::next
I: MonitorObliviousTransfer::next
I: ChooserDone::next
I: MonitorObliviousTransfer::next
I: MonitorObliviousTransfer::next
I: InitChooser::next
I: MonitorObliviousTransfer::next
I: RecvConstant::next
D: received message: 91c5a630ab41213fcb7712428dc386ba0fe44da26a5cd713ea22276550ea9f51f582badd3c566ab97bd9729c46e9a874cb68c5c61ec7c194ee11cefdcc0d672b281417a94d32ab812a09cbc3c8ecf3d73a664ec4f7771afcee5f79499e8c27713e12ebab283b9c7818e13d82534ffbc73954d8a33668a08529334feeef4271b7
I: MonitorObliviousTransfer::next
I: GeneratePublicKey::next
D:  sending message (size 0.000256 MB)
I: MonitorObliviousTransfer::next
I: SendPublicKey::next
I: MonitorObliviousTransfer::next
I: RecvEncryptedMessages::next
I: MonitorObliviousTransfer::next
I: DecryptChosenMessage::next
I: MonitorObliviousTransfer::next
I: ChooserDone::next
I: MonitorObliviousTransfer::next
I: MonitorObliviousTransfer::next
I: InitChooser::next
I: MonitorObliviousTransfer::next
I: RecvConstant::next
D: received message: 68fc180f194f11136415395ec78224994260809322782657ea9502c4061e3cae52b30c7334bbfbf3f739ee7542a865616845abcdb8d9a8e68d92c3ade89b6ee1a18b99136fdffdba623eab810fafca13866a3245d33e4ab6262728f90fb2e99102962b1e0acf8316a533680266baae51a329683b9addd55d740684f526c0a900
I: MonitorObliviousTransfer::next
I: GeneratePublicKey::next
D:  sending message (size 0.000256 MB)
I: MonitorObliviousTransfer::next
I: SendPublicKey::next
I: MonitorObliviousTransfer::next
I: RecvEncryptedMessages::next
I: MonitorObliviousTransfer::next
I: DecryptChosenMessage::next
I: MonitorObliviousTransfer::next
I: ChooserDone::next
I: MonitorObliviousTransfer::next
I: MonitorObliviousTransfer::next
I: InitChooser::next
I: MonitorObliviousTransfer::next
I: RecvConstant::next
D: received message: 312c9700bfef48be93b6880da03449ce0745e557b270f779c5948fa0745883a29be42915955c56b1a76b2109d6e357ae88a5f7ab1920b50c5fab4b32cc7295c0b1bfb8ecac1c74b8d19663be97da81275617289b65f5cede15bd1f83ff7bcc60ea78f188efb0a7931b0ace3cd143c85a773a2d41f576e9519688ffb764ad7123
I: MonitorObliviousTransfer::next
I: GeneratePublicKey::next
D:  sending message (size 0.000256 MB)
I: MonitorObliviousTransfer::next
I: SendPublicKey::next
I: MonitorObliviousTransfer::next
I: RecvEncryptedMessages::next
I: MonitorObliviousTransfer::next
I: DecryptChosenMessage::next
I: MonitorObliviousTransfer::next
I: ChooserDone::next
I: MonitorObliviousTransfer::next
I: MonitorObliviousTransfer::next
I: InitChooser::next
I: MonitorObliviousTransfer::next
I: RecvConstant::next
D: received message: 751ef7de4848c20e084cc1c00aad9117e80a7bb8c2f709c785add0b571c770e9fddaaffa3571f4dc24770489a8c9329ce8f607f39ed86befc3b44560197521fcf5d39195e537b16373f30c6a1094c59c9f85102d4ccc400fde8ac87ee1eb0847fba017b9f9af03d39512245ea2b44578501d4d7379076169834038008bcd318e
I: MonitorObliviousTransfer::next
I: GeneratePublicKey::next
D:  sending message (size 0.000256 MB)
I: MonitorObliviousTransfer::next
I: SendPublicKey::next
I: MonitorObliviousTransfer::next
I: RecvEncryptedMessages::next
I: MonitorObliviousTransfer::next
I: DecryptChosenMessage::next
I: MonitorObliviousTransfer::next
I: ChooserDone::next
I: MonitorObliviousTransfer::next
I: MonitorObliviousTransfer::next
I: InitChooser::next
I: MonitorObliviousTransfer::next
I: RecvConstant::next
D: received message: 493378adc2e5fff9d1a7e707b44c8b9b8559f70603fa7edfd26070923b84ef261de78395b3134f95c034f0596bb9ef110d2d983ddc979fd7efcfa9bcda1c938e61f680ebd605cb1bb5456f5acd174dff9654dfb915b1b11470367f206d0a40c189ca0316828cc6f5b1aa1aea065f328df7eaf16b4f6111aef300625206982909
I: MonitorObliviousTransfer::next
I: GeneratePublicKey::next
D:  sending message (size 0.000256 MB)
I: MonitorObliviousTransfer::next
I: SendPublicKey::next
I: MonitorObliviousTransfer::next
I: RecvEncryptedMessages::next
I: MonitorObliviousTransfer::next
I: DecryptChosenMessage::next
I: MonitorObliviousTransfer::next
I: ChooserDone::next
I: MonitorObliviousTransfer::next
I: MonitorObliviousTransfer::next
I: InitChooser::next
I: MonitorObliviousTransfer::next
I: RecvConstant::next
D: received message: a53f40f69f6ab46862aee1b3b70a6115df74db5d9c5fc6ac7e1e03b94159fff5a0b23839afa71877c46005a60bfb31154dc9bb5e1997d72d4c4b89843c15250a53ae3960fd6f0e1b74cc83c83125350a6ee67a7bb6a626268467d4dade759adaf406af2952b179cfb498275f8408399c1aa9017b5615fdf9d153937561ba804e
I: MonitorObliviousTransfer::next
I: GeneratePublicKey::next
D:  sending message (size 0.000256 MB)
I: MonitorObliviousTransfer::next
I: SendPublicKey::next
I: MonitorObliviousTransfer::next
I: RecvEncryptedMessages::next
I: MonitorObliviousTransfer::next
I: DecryptChosenMessage::next
I: MonitorObliviousTransfer::next
I: ChooserDone::next
I: MonitorObliviousTransfer::next
I: MonitorObliviousTransfer::next
I: InitChooser::next
I: MonitorObliviousTransfer::next
I: RecvConstant::next
D: received message: a6f7b1812a9cd70f3a7454e3407c6332749aa43c7c653a14007b287a0f1771d4e31378e52e3458f70e6e3d546391e9fa08d986f1e9a388b1a8886407160e9e35e24fca3f14ce3a84c2f9928ffb98d746395db6b9ec7e9ee711714190f8119d1824713e7c1bc5334cf73690cbfa19373c12f55a27138c206b48f970aca534fdc3
I: MonitorObliviousTransfer::next
I: GeneratePublicKey::next
D:  sending message (size 0.000256 MB)
I: MonitorObliviousTransfer::next
I: SendPublicKey::next
I: MonitorObliviousTransfer::next
I: RecvEncryptedMessages::next
I: MonitorObliviousTransfer::next
I: DecryptChosenMessage::next
I: MonitorObliviousTransfer::next
I: ChooserDone::next
I: MonitorObliviousTransfer::next
I: MonitorObliviousTransfer::next
I: InitChooser::next
I: MonitorObliviousTransfer::next
I: RecvConstant::next
D: received message: a06f9261d5712c0a0340677e670e8459a6c952ed2d3fdb184d0cf1135fa714bb2d4b8716583f2fd40f0b4c41c26859ec0affc0e19464cbe1c175e70834b510a18ba36593f1ae0ace8239a1d12f5abe9b83eed0b3970feaf2a4317db08624c9200e610031a54e9098202a49b9d6e62d5be2549d6447fb7e12391147996d434c72
I: MonitorObliviousTransfer::next
I: GeneratePublicKey::next
D:  sending message (size 0.000255 MB)
I: MonitorObliviousTransfer::next
I: SendPublicKey::next
I: MonitorObliviousTransfer::next
I: RecvEncryptedMessages::next
I: MonitorObliviousTransfer::next
I: DecryptChosenMessage::next
I: MonitorObliviousTransfer::next
I: ChooserDone::next
I: MonitorObliviousTransfer::next
I: MonitorObliviousTransfer::next
I: InitChooser::next
I: MonitorObliviousTransfer::next
I: RecvConstant::next
D: received message: f135786276eaec82a011e6cc5dfefb14c23b8ff672f1e3ee870f7e665b636802ac001a40335508b564064e3dd46b63d1ca0f0fafa01b228b87d81ed8c42c1b857c802d75f306b71ca81a526409b6200124e4910fc235d73c7840aa5c410cd7687487dfeaa7258bf872c5d73cfdde935e965dcbbe3af85940388949137a6500f3
I: MonitorObliviousTransfer::next
I: GeneratePublicKey::next
D:  sending message (size 0.000256 MB)
I: MonitorObliviousTransfer::next
I: SendPublicKey::next
I: MonitorObliviousTransfer::next
I: RecvEncryptedMessages::next
I: MonitorObliviousTransfer::next
I: DecryptChosenMessage::next
I: MonitorObliviousTransfer::next
I: ChooserDone::next
I: MonitorObliviousTransfer::next
I: MonitorObliviousTransfer::next
I: InitChooser::next
I: MonitorObliviousTransfer::next
I: RecvConstant::next
D: received message: f6ffee5e113824ffc9ff5f4025763ede6800a183b295a162b72715336a9514fd375bfce9fc498cdea7b477aeca83cd3836dabf7baaf3a999c0b3ff93f856c4f2ebaa6b0ecf73142cf32ffab4b3aaa7fc15fafcba139f1fa877a757b2d42072d7a60d39d6247f7f7278e907f1773c732bab3f025ffc580fde60799cbe13556979
I: MonitorObliviousTransfer::next
I: GeneratePublicKey::next
D:  sending message (size 0.000256 MB)
I: MonitorObliviousTransfer::next
I: SendPublicKey::next
I: MonitorObliviousTransfer::next
I: RecvEncryptedMessages::next
I: MonitorObliviousTransfer::next
I: DecryptChosenMessage::next
I: MonitorObliviousTransfer::next
I: ChooserDone::next
I: MonitorObliviousTransfer::next
I: MonitorObliviousTransfer::next
I: InitChooser::next
I: MonitorObliviousTransfer::next
I: RecvConstant::next
D: received message: 89f9a66b7fc7f5441735a701858cf7a6c2c728efb1760faf645902775938a7ef596e336a7c19b2718b38e62cfb7b1ef15e59bb510179f7292039f5aedac8be29bc4c0942b405839b1c8758c96bd225fc783fa52b00fb2b7b719e0c1a2a679b3477e42438ae3979f708e4a9921f2b32e305802ec0ed830d91f0cb66c04b9da48b
I: MonitorObliviousTransfer::next
I: GeneratePublicKey::next
D:  sending message (size 0.000256 MB)
I: MonitorObliviousTransfer::next
I: SendPublicKey::next
I: MonitorObliviousTransfer::next
I: RecvEncryptedMessages::next
I: MonitorObliviousTransfer::next
I: DecryptChosenMessage::next
I: MonitorObliviousTransfer::next
I: ChooserDone::next
I: MonitorObliviousTransfer::next
I: MonitorObliviousTransfer::next
I: InitChooser::next
I: MonitorObliviousTransfer::next
I: RecvConstant::next
D: received message: 3f3a8dc19937c05dff035ce9647ff27a4a6ce8b22c8d8a8f61200a6dbcdb25a631ab8362fee955b8c571f763cff29cb67fca3e35ce0b7b33a1a7175bf5adc32dd7f2ca2415b8f6de32427a0c4488a6a0f95be3af9cf5af706f7a5f62df9e5283e98e9db394e2b98e4568036a6e13f5fc0bb79cd73621001d543c4040ebd4b0d9
I: MonitorObliviousTransfer::next
I: GeneratePublicKey::next
D:  sending message (size 0.000256 MB)
I: MonitorObliviousTransfer::next
I: SendPublicKey::next
I: MonitorObliviousTransfer::next
I: RecvEncryptedMessages::next
I: MonitorObliviousTransfer::next
I: DecryptChosenMessage::next
I: MonitorObliviousTransfer::next
I: ChooserDone::next
I: MonitorObliviousTransfer::next
I: MonitorObliviousTransfer::next
I: InitChooser::next
I: MonitorObliviousTransfer::next
I: RecvConstant::next
D: received message: d2a4d2a79b32924070bd55f5d86d346ad7511d3e1495a257ad14fae4e0b05ae674a3420686a417bf2f979329bb2270efcb1817cd5cdadf03f806235b5256efa2a744a5e7cd87a2916f5141b26bcff50eed07d283d928bb093be4ca8f3d8465e8acf5b6b0c9318101fcace226a89735687422deccda2c8298d337fb564994e38b
I: MonitorObliviousTransfer::next
I: GeneratePublicKey::next
D:  sending message (size 0.000256 MB)
I: MonitorObliviousTransfer::next
I: SendPublicKey::next
I: MonitorObliviousTransfer::next
I: RecvEncryptedMessages::next
I: MonitorObliviousTransfer::next
I: DecryptChosenMessage::next
I: MonitorObliviousTransfer::next
I: ChooserDone::next
I: MonitorObliviousTransfer::next
I: MonitorObliviousTransfer::next
I: InitChooser::next
I: MonitorObliviousTransfer::next
I: RecvConstant::next
D: received message: e5cdf67f813cc2ea33bf5c94f38133a233a5ebab0342df252513a28c243e75134be8ba15767a73406a27ee8a5eac6acf6a04a4035aa546c0b926f45cbad5291433f389e9a70b7fb8950412fb19ae2b445ce7b40b0ed92f30d1c4640e942462cc3a4a2f3a2c4ae876892e349998550e6469ee2d9fb09bb753fc18e39ae32716a3
I: MonitorObliviousTransfer::next
I: GeneratePublicKey::next
D:  sending message (size 0.000256 MB)
I: MonitorObliviousTransfer::next
I: SendPublicKey::next
I: MonitorObliviousTransfer::next
I: RecvEncryptedMessages::next
I: MonitorObliviousTransfer::next
I: DecryptChosenMessage::next
I: MonitorObliviousTransfer::next
I: ChooserDone::next
I: MonitorObliviousTransfer::next
I: MonitorObliviousTransfer::next
I: EvaluateCircuit::next
D:   evaluating gate 10000
D:   evaluating gate 20000
D:  sending message (size 0.000001 MB)
I: SendOutputBit::next
I: ==== round duration: 14628.147461 ms ====
I: CopyMonitorStateLabels::next
I: RecvGarbledGates::next
I: RecvSystemInputLabels::next
I: RecvFlagBitLabels::next
I: EvaluateCircuit::next
D:   evaluating gate 10000
D:   evaluating gate 20000
D:  sending message (size 0.000001 MB)
I: SendOutputBit::next
I: ==== round duration: 15079.816406 ms ====
I: FaultObserved::next
I: MonitorDone::next
