I: parsing spec file timekeeper+.v...
skipping synthesis, BLIF file already exists.
I: parsing BLIF file synth.blif...
D: inputs and outputs parsed.
D: circuit initialized.
D: connections (#2018) parsed.
D: gates (#20547) parsed.
D: outputs: 23047 23050 23053 23056 23059 23062 23065 23068 23071 23074 23077 23080 23083 23086 23089 23092 23095 23098 23101 23104 23107 23110 23113 23116 23119 23122 23125 23128 23131 23134 23137 23143 23045 
D: circuit size: 23144
D: adding identity gates for outputs...
D: outputs after identity: 23177 23178 23179 23180 23181 23182 23183 23184 23185 23186 23187 23188 23189 23190 23191 23192 23193 23194 23195 23196 23197 23198 23199 23200 23201 23202 23203 23204 23205 23206 23207 23208 23209 
D: circuit size after identity: 23210
I: initializing safe primes...
I: using prime modulus 5809605995369958062791915965639201402176612226902900533702900882779736177890990861472094774477339581147373410185646378328043729800750470098210924487866935059164371588168047540943981644516632755067501626434556398193186628990071248660819361205119793693985433297036118232914410171876807536457391277857011849897410207519105333355801121109356897459426271845471397952675959440793493071628394122780510124618488232602464649876850458861245784240929258426287699705312584509625419513463605155428017165714465363094021609290561084025893662561222573202082865797821865270991145082200656978177192827024538990239969175546190770645685893438011714430426409338676314743571154537142031573004276428701433036381801705308659830751190352946025482059931306571004727362479688415574702596946457770284148435989129632853918392117997472632693078113129886487399347796982772784615865232621289656944284216824611318709764535152507354116344703769998514148343807
D:  sending message (size 0.000005 MB)
I: InitMonitor::next
I: GenerateDriverLabels::next
D:   driver labels generated in 178427.906250 ms
I: GenerateInWireKeys::next
D:   in-wire keys generated in 16931.187500 ms
D: SendLabels::message
D:   generating in-wire labels for 20618 gates
D:   10000 gates processed
D:   20000 gates processed
D:   in-wire labels generated in 308200.093750 ms
D:  gateCount: 20618
D:  sending message (size 49.553864 MB)
I: SendLabels::next
I: RecvGarbledGates::next
I: RecvSystemInputLabels::next
I: RecvFlagBitLabels::next
I: MonitorObliviousTransfer::next
I: InitChooser::next
I: MonitorObliviousTransfer::next
I: RecvConstant::next
D: received message: f341f0f608c13e0cd16e1a68d61c0a924baaec2b392960077fd4e0578e0503270645a7db6dba55799a04fb21e26cb16b53946d4780b393aaac7c51b1bc2df6eb3989f604bfb1dda007b09568b262a43f33e06b2792325c435bf32d67068a0d5e2c863fd9428877a535493d0c3dfc140b39f2572d5543abf7732849477a0a17d0c430d365eaeecea86a79fb49670aeb18763e78da14e6afb4bbeb8ce1ea72da0a2225222f3366759e95a7a50c6fa68ee8c71a2541b3149d919f2766198aaa0ec4ecec77164170aed1dd7d5fbd289a6fa1e87fa62bd9b6908b954c1cf10129079f516137e62323a9dcdc0024d6a426245c5829c11e51c1a281776dcd53da9aa37aee726403ea71de0c79ac539f2a569f9bf0178e5e3fab61e1096c1826db899acc1b2b91de7777e59a26d71654808a4671314ef54c194cb7d18f435eb44ae1f8326a4cf0f8bdaa1200c3440380c5dec0047454e651a694354887a2372c4f35e6aa0fa648ea99e00071398902669f9b176809a3237519a8dd01c99bcbe45bf1fe6f
I: MonitorObliviousTransfer::next
I: GeneratePublicKey::next
D:  sending message (size 0.000768 MB)
I: MonitorObliviousTransfer::next
I: SendPublicKey::next
I: MonitorObliviousTransfer::next
I: RecvEncryptedMessages::next
I: MonitorObliviousTransfer::next
I: DecryptChosenMessage::next
I: MonitorObliviousTransfer::next
I: ChooserDone::next
I: MonitorObliviousTransfer::next
I: MonitorObliviousTransfer::next
I: InitChooser::next
I: MonitorObliviousTransfer::next
I: RecvConstant::next
D: received message: 6ed9479107fa42600681d2133497bf4ba806f214a5fb16083fd2c64a4f84ee83e29d2219f5f741103d2a259fdd48d700d73864026d84d080127959c333887116b68d7363a73843655ca4431db57efeaa0d87d99c5f73065b99f663585ac475966c973190bbf04ced5817c1628829d477226e78a2a1e0b37ee18edc1f6c12ff47f35977e8f688e749e38d38fb2d904167add6d483b19f2c005d29fce75e336ab84b2798ef78676f2807a6266352f966ccb8c964d145abb06b94ccdbb705d29820cd00d02bd472fbb7063fc91be474a591b348a9e930721c00fb66d6174f9e8608a35b0e3c45b5f467b7ea47d79894096162c0932ae3d27092bb0f52c4eb1ff714430cfe49490618a75a852b532aaa49bcfea879f7516f16ddd9923cbf75a03a3dd061c70e9df8e70d7f072ddef9f0598e38340383fdf638d70efebb6a33f342099fa894500d9b0538a082c35d42381422363bf90c4a378ff2a14581d1a7bcb53dac8608b69ba21e6a8030c0e5abb447a99f42beff977b9bea1988a053643d44c5
I: MonitorObliviousTransfer::next
I: GeneratePublicKey::next
D:  sending message (size 0.000768 MB)
I: MonitorObliviousTransfer::next
I: SendPublicKey::next
I: MonitorObliviousTransfer::next
I: RecvEncryptedMessages::next
I: MonitorObliviousTransfer::next
I: DecryptChosenMessage::next
I: MonitorObliviousTransfer::next
I: ChooserDone::next
I: MonitorObliviousTransfer::next
I: MonitorObliviousTransfer::next
I: InitChooser::next
I: MonitorObliviousTransfer::next
I: RecvConstant::next
D: received message: 6a52c2c364e1da46a44d0fa022dbecf44b7f9394cd136b35ff909a5ab1320daaa4b0ba84456b3f95ec3b5bed4d6aa3d165cbd11d9671a258e73e455623b98bc2e7d2e2cbcd8d5360f4df07e685179fae2cc8ba952c26e6a19cfc01b97ca0b388185deffca6878f16a1bf68864a7b0ac747f29950ffe250e77a0fb3078832001f447ef909d3706dc995e98fc040935629225024d2cf107d1aa0bbfdc7bb801d06c7b3f17819fd298e0a66b153e7697ecf6abe75784f29082918230fb24306ccbd7f1699ad739c8270230f73be10aa5a854847858ec7bbf2a12d58eb1df209f358dd56d7ce003569612a7578b947bde80be3745c958216c0856cb852e6adc6d7c48d57e179bf8fd118ab08c5714f48dd82d779348fc53ce2bde021f448acb8749025ccc9b75dc8ff87aa82eae2e06fc4970c054a77e1715e3121f426ed80fbf035ca6f05e565383fc2295f4255b3628c6e4456090b507bf5275459e14dc22306c0fca6fa510a76912671c516a991ad8ee58a8d998623aa8078512b8a932f07a37
I: MonitorObliviousTransfer::next
I: GeneratePublicKey::next
D:  sending message (size 0.000768 MB)
I: MonitorObliviousTransfer::next
I: SendPublicKey::next
I: MonitorObliviousTransfer::next
I: RecvEncryptedMessages::next
I: MonitorObliviousTransfer::next
I: DecryptChosenMessage::next
I: MonitorObliviousTransfer::next
I: ChooserDone::next
I: MonitorObliviousTransfer::next
I: MonitorObliviousTransfer::next
I: InitChooser::next
I: MonitorObliviousTransfer::next
I: RecvConstant::next
D: received message: 12fed9dc03a508c21e0bdd819a095b454750cd11ec17a3cdea43613dd7af61fd7c4aa68aaf656bbb8d6b82198a7121ea69f3162a4e9ebbeeb0968175f63d3338046e557b3724ec2c655d9acc8e7ca23c4fd78bd8b528513030d505faea8118d7647cef49d2529af91822c1e7c2dc6bdcf9cc6578ce56b185fa13322df6a6b1f0bf272396c590c9c119e467e0e97e16553480da20c84c137d0b160e5827141ec669ab8703c45ba1a5821f4dc28a384968c26402ba7829d8675f234bdf5d26d42a4ed655cd11158be02c525b34159cb12a7b4475ab501cafa66ada770a647035179594d8ce3e5725304d3d5baf6a4c9fed2fef3486f458bc607537929a824e04e80fd4d74dcc65e13b41faddf3943a312cb092ae1580741c94331d42f0f5672338df241698a45d6003510872779590c9f8e9e073eea1ae0d36248a783f0525cac2f589f8ca44ca4291408996cdec468b88d9df933f6f03b1db3a55bf4904b3475e0da716d75856d1ff21f9ae0fd642186c86fcb120b53cfa2e2f32235be2e42dad
I: MonitorObliviousTransfer::next
I: GeneratePublicKey::next
D:  sending message (size 0.000768 MB)
I: MonitorObliviousTransfer::next
I: SendPublicKey::next
I: MonitorObliviousTransfer::next
I: RecvEncryptedMessages::next
I: MonitorObliviousTransfer::next
I: DecryptChosenMessage::next
I: MonitorObliviousTransfer::next
I: ChooserDone::next
I: MonitorObliviousTransfer::next
I: MonitorObliviousTransfer::next
I: InitChooser::next
I: MonitorObliviousTransfer::next
I: RecvConstant::next
D: received message: a247bfe1127607d2412e13cff200da91c837caef889e6274a2d182d1822a549feb63402ed488306276678165f7f48be9a181380ae68102b08295cf51d97b7151c26d10cc231127033c55581ffcc752dac65a8342cc8ec78c9fdc6ab2b76b4c2f548deee649f6218575876e4b1f0691426b43380ab85a726c747703fb376a416dbba98e9ff2999e851c6fcb67223f1891cbf721755d2cdae3a25b4e9b329119b246f7184c27933cc42baf540fcf9a9d9d2fed1bdf679b8d580e882382db2c9be74db4d807fbf6c4bf84d975f029992ce6f76b2959adf0370a8fe2af9f3e956443110d94d5fd2ca007e8e38aede705964db94d03b707b5b11fbb2295986285da8b81aa3e5d1ddf2e56bb625c279a3c55ebc0800de394e259446fb795dfbb41d623c3d315f814a23fb18931fbb42b978c511dd755b66a900f35fa6477beab292abeb2d863468d925e7108ad25448e5f25882ecf67c5569b4bf7c30463810579e830bff1b8a96f7c32700731665a7c8577ccf7e6ed5f3b624ce7b2415c0f10410380
I: MonitorObliviousTransfer::next
I: GeneratePublicKey::next
D:  sending message (size 0.000768 MB)
I: MonitorObliviousTransfer::next
I: SendPublicKey::next
I: MonitorObliviousTransfer::next
I: RecvEncryptedMessages::next
I: MonitorObliviousTransfer::next
I: DecryptChosenMessage::next
I: MonitorObliviousTransfer::next
I: ChooserDone::next
I: MonitorObliviousTransfer::next
I: MonitorObliviousTransfer::next
I: InitChooser::next
I: MonitorObliviousTransfer::next
I: RecvConstant::next
D: received message: 9b7c695f5d5b1865cd226833f84778f3094666dff06d84703fb643e470084a9343dea86f3759475fbd93d68057284d0037b85ca0bc1e404c0c2c4a2e4617fb4e5100d470a9efdc63883edb1a1a09e256f0e1fb913e8fee8d64dfe84f7466f5b73a110c45f7db25df9156b924c986abbfa146628c32f26ee80ec16abae75ad5ca3aea34048587a9ae0339cdb2a4a9ca51130f171220121e1d326a1c567dd76f55d26137950987363c41697a51d9fd0528f0589139002374facc3967aee9cd982122ce609122334615954d08d7ace83ac6c8b189e5b829e1042f40e0240462997ab6a24c7ff98deb2aa49cc26f73e6ca1771747fbda69bdda4bd2c4e16bfbd14598d0a3b7c40fa74163990fea5252f9d195082cfd0c102bf76749e9d7353de0db3951fc2d14c3af7192a5d576f9197cf8837f1b910e2c8e117a94e40345ad2b941aec8c311f024856c25167dc5890cdcec5a739b989c4c93e4119ca9d8fe83a7590fcc81b7689073e245ca253a868d4bdacb178e12e8446a79c325dd5da142da47
I: MonitorObliviousTransfer::next
I: GeneratePublicKey::next
D:  sending message (size 0.000768 MB)
I: MonitorObliviousTransfer::next
I: SendPublicKey::next
I: MonitorObliviousTransfer::next
I: RecvEncryptedMessages::next
I: MonitorObliviousTransfer::next
I: DecryptChosenMessage::next
I: MonitorObliviousTransfer::next
I: ChooserDone::next
I: MonitorObliviousTransfer::next
I: MonitorObliviousTransfer::next
I: InitChooser::next
I: MonitorObliviousTransfer::next
I: RecvConstant::next
D: received message: b7f27b88b3659d70d4a0cc320ac82d9c10a17b54b4117bde1fa60a03b179682ffa138bcadb79eb366c374e616e5d1e30bd364a7807be474df9cc1a1dca14713c2fbc4322b3566c52f2ae9506ac369955ef80420834b2a08198c007807229782865a0003a7d5907b917ccdad0c980841dfd7b9cb27fbbd17b3c738be37c87514ccbcdcb7c98f14c53a26bdb2a3cc40d70b01a6ea3e6eb87ced91b5248752460a62b527a0b5ab5b683c7633bcbb29c569baf8d76f430d27b800b7de2198fd676ae43f4aeb48345a393e162a52e642d3f003262afdceb5c1bbaa35cb47a0dd4abf6ecee72e79136071d8612c521417e6bb036ba664883a5d150caa0fcbeee69ec032cf34198baf1044cac950525edfcd614537f2c280b21e0018b6e0d5025785c9f41f7433a67ed9f83552045fb0e6bfc38ab048afbead53d6f081d1e22cec9af91807fb2b668493f3a858969744909d20a467bc3ec4877871a84ddcad828b3df34a2b8e8135b2b123a6932ad74e8d02ac9a0451ebc79f469c3d96755161452cd46
I: MonitorObliviousTransfer::next
I: GeneratePublicKey::next
D:  sending message (size 0.000768 MB)
I: MonitorObliviousTransfer::next
I: SendPublicKey::next
I: MonitorObliviousTransfer::next
I: RecvEncryptedMessages::next
I: MonitorObliviousTransfer::next
I: DecryptChosenMessage::next
I: MonitorObliviousTransfer::next
I: ChooserDone::next
I: MonitorObliviousTransfer::next
I: MonitorObliviousTransfer::next
I: InitChooser::next
I: MonitorObliviousTransfer::next
I: RecvConstant::next
D: received message: be918112dd62cb16f1d4343737b12e817523dff3f729e7ad401a9f1a4b96f69f053814256fc1dbe6a0e0c6a3e62239db0414a777c22d3834e7a42d9bbd47a35fb658fd8705616316977cb2090474388e94aa9bad12d1e31e1574e9c536c7e62be3b6196494e5758258fb12f94ebdbb5281a9aaad7bffa54330ba856a9058cf32e661df683c3cdbaadd6803354f3ccb810a3d53e4f91f6450534b20aca443561fde788b85a8676b616de8c5b731ba8ffa9645e0d98a677480a81df8384acc4eb15f267449f490cc94b01cac3097b17427acbd879ad492d2a2d07efc84d217eb933276dac137aed965d7b2080b5a3717ef2d333f610d557156b97967e645b65b388e8a2212e11e1e9c109bb487bc80b70a3e184bc6ef7f1c06660af413c8258415a5a86bd828ccc43d654cc91600f0686c0d68c0b616a01bd91eebecfe1abf2e71b4065b56649613dd7a4bb131f70d20f76fc1f5d562505ef52b21c1342a67a20bb141dd0a85aebf06e48a3f75f2a11be7230df706b5c626918e0f687d180dbac
I: MonitorObliviousTransfer::next
I: GeneratePublicKey::next
D:  sending message (size 0.000768 MB)
I: MonitorObliviousTransfer::next
I: SendPublicKey::next
I: MonitorObliviousTransfer::next
I: RecvEncryptedMessages::next
I: MonitorObliviousTransfer::next
I: DecryptChosenMessage::next
I: MonitorObliviousTransfer::next
I: ChooserDone::next
I: MonitorObliviousTransfer::next
I: MonitorObliviousTransfer::next
I: InitChooser::next
I: MonitorObliviousTransfer::next
I: RecvConstant::next
D: received message: 72290cba93a8dff97acd3df91a01e41dc98837e12a46a4e2434fd3207cf6b40fae10a27a8cc68ba04aa1282a028201ba77a9928b56ea5bad0a6f3c91cf09cbd82664bdc1899188a9c0ea2d0eef9e6b8367b1596e9e0be99256ff89cadf4de00c0e6d48a252ea332b9ebdc948fbd480a9720af2012de4d3a375e52d47570170eaac4fc9f7549bd61e2d46721eb3358870d2f80f461e30fe4919a84ae3884ce2848769bf19d4796d784f47a2bcc101413545ca5abd53ed025582413455becbd1badf57204fc21b2d2c70721a44a5a7a2897c8351c56dcff85ad1dcc81ac7c22b051f1f30ae1d463e18eac303bb92f325dda8532a1f5fe5afce16603571068bf1b33d5348d5de50dcebe0562d41485df707ad5e9739ddc7b606ff8b1abd08680e4be5fb3e0de55356a7f81eb28c127a3820753b515f4ca228afdce2155eee63577efd2c75650f9c6d37b8a41a0d9a8f3c5e782a33267b33db848341aa9d6dc984f6b946222954c0674bf5370fd7993e202feac87c6a758c1471ea0efa97e9ed58d
I: MonitorObliviousTransfer::next
I: GeneratePublicKey::next
D:  sending message (size 0.000768 MB)
I: MonitorObliviousTransfer::next
I: SendPublicKey::next
I: MonitorObliviousTransfer::next
I: RecvEncryptedMessages::next
I: MonitorObliviousTransfer::next
I: DecryptChosenMessage::next
I: MonitorObliviousTransfer::next
I: ChooserDone::next
I: MonitorObliviousTransfer::next
I: MonitorObliviousTransfer::next
I: InitChooser::next
I: MonitorObliviousTransfer::next
I: RecvConstant::next
D: received message: 10726b1337cb17f7ca89a6feaf95f0e26b98e20ecb7b424d74f5afc4e2f9d410df95cc0f6fe34dcf326d1daf84b7e464f56a1d06cafe10709601450eb09c173ebb7363c81c4c70843d6641ae7ff729c1b62f1a923a1932140c1b5cf7912c34094e455c1322ba0aa39e28d50ac876e5a0e9555ae8de7277818df879b60c1a8f490af1c4ea36184e18dc9278329983181b117bb638c6219caaa1a5e40a68a3b3d2327cb3566e44458089c6832e59903978b5691c75d0e967eda997ee9ef39949b27a4f44384bcdbbcc1bc7ac7dddd0bf62e41dcb2242dd92940183693e01166bff6c3608afc047fadbe1ec3b71f48372ae04ee5b4b7be2ec11e1e6ac96333dd3386e1ecdd6af30279b681063083fb4adcdba93b87ded41ba338f53db784d4d24a1d401054583f2ff563f7bd033595324962f1332966c2074b0f7ceb4d70e10b4f58c3e2080ce313a6494cd4da6200fd222c5d25ceab3a14885649fc5cea680a895dea9a28af75456c63b333dc0f075ff3d2c536ab4b8c3daf38ba9f673a540cf54
I: MonitorObliviousTransfer::next
I: GeneratePublicKey::next
D:  sending message (size 0.000768 MB)
I: MonitorObliviousTransfer::next
I: SendPublicKey::next
I: MonitorObliviousTransfer::next
I: RecvEncryptedMessages::next
I: MonitorObliviousTransfer::next
I: DecryptChosenMessage::next
I: MonitorObliviousTransfer::next
I: ChooserDone::next
I: MonitorObliviousTransfer::next
I: MonitorObliviousTransfer::next
I: InitChooser::next
I: MonitorObliviousTransfer::next
I: RecvConstant::next
D: received message: 2201379614f45e7068756f54b0c113f8ef06610be30a99743f4f345ec4c8aaad45965b006695a60e90a63b7bd395d2de41a556acacfe13459f5e64295c52fa4ddbeb05bccae72cbef83efbcfb1c06483eead0b2c86cd9de8f322cc0ffbf9d1f59a8fd6adde16ccb1a2df3f53f38e6cb6ccd42ce22886fcc93db938f86b2e6dd9c19ae20ae745fe005fe449c10ce2a0d9ac4cb1534cba2fb63b0d3f995d1eeafae54cccbce0be22c5a6b628f01fa30d94712f630c1079f6d8082931c74ce2f73cc00f744cf638dab6b4740f1e719d984cd5943bd814a4ea754f12406ed44b3978380c0d489754207890925f79a65970b9b53499adb955f1f4176e273b3bbf55078476169fb7fffb3b86a09f7ad79e3d739333ca86049e7287f27a263888d3001761e82d0e985aa621125ac92c47905cf41c64674a5f8c881dee081959c30dfb851691c3147feb89991e7c96fc9c3afc22261279cc612be64ee4907e54a8f5e75a432b477d2f0e17cd1603143ae05398c0db58402445d70570d07a733b8541c8c5
I: MonitorObliviousTransfer::next
I: GeneratePublicKey::next
D:  sending message (size 0.000767 MB)
I: MonitorObliviousTransfer::next
I: SendPublicKey::next
I: MonitorObliviousTransfer::next
I: RecvEncryptedMessages::next
I: MonitorObliviousTransfer::next
I: DecryptChosenMessage::next
I: MonitorObliviousTransfer::next
I: ChooserDone::next
I: MonitorObliviousTransfer::next
I: MonitorObliviousTransfer::next
I: InitChooser::next
I: MonitorObliviousTransfer::next
I: RecvConstant::next
D: received message: 7046935b84cea30c8b0666adee37b6a9cbe2f34e954ab9aac59cef6e3ca4a262b2b968a8738ee04d21b845fdbc48215fb8239de6d4871106e31d3916eed8933f9991021d4976d799688a8d07d9678bc3f484ebec7d7e5aeeb10a9103dc6f58c0ed2caf14aa459f5e8def141f0ef32e95bb2c140b29d4c5cb29b3a08885dbede9a39a837788790438a6ee0e2958be67abbecd622cdc91555979628fe90000e9c13178a323ca522502810a7713ba15688e1f499f8897d739fe296356408f1bad6dbdac84bb5898a44b0ef727ba3c1aa56fddd3ec8cd672cf90fc11384914d1c62638be9b5b058aca6b9f5b2c0aebce853d329927b17d612797bb51e82c6bd759624cdf524503f27f4c9649f009586c89bbbe6b601c7b69a2b723970b347c98932887c3f31eb24b53977667a35d58ec82ad4425d38127d45c0244a7974512e99c19d04dd177004804ab553bd08c4345e3a05346648bd6ee1594b050cc52c3ee40e3ce56bdf838364a186a090a6fd996b5ffb88ff5581624b7f3b22269efd326526e
I: MonitorObliviousTransfer::next
I: GeneratePublicKey::next
D:  sending message (size 0.000768 MB)
I: MonitorObliviousTransfer::next
I: SendPublicKey::next
I: MonitorObliviousTransfer::next
I: RecvEncryptedMessages::next
I: MonitorObliviousTransfer::next
I: DecryptChosenMessage::next
I: MonitorObliviousTransfer::next
I: ChooserDone::next
I: MonitorObliviousTransfer::next
I: MonitorObliviousTransfer::next
I: InitChooser::next
I: MonitorObliviousTransfer::next
I: RecvConstant::next
D: received message: 5175aa1ac17a5390456feca4031daf73fe70456013c8e2a57120b8a4090d9841d97c4f03de1247438564036541a01f58271e38618c49f32164d6a033f759fe36e62aa3abff8ed2527ed4e3be52bced6042b984632ec1bafb413686335446048b84ea8f37cb025fc0c9c8346269ffc181498a8187e3ff22fbba545534234da00b184269b54b0836751633d56b1c10f93b7cefc0a7af3ad2225190e37affd3ded2deb7798f207acd798404ff26376a658708275a6b506125152de01b687a2d89ac9d0bffa247ddd0d1a3365a1795b084a77fb04a34a99d65e3c7c8414b09721410c3d1b0c7ec6d455e87d3e992f0a18a41c931774e56cc6271330aed8f592f4ab10fc9e891b5a9936bc24ddd2258dac3afb7571a01c338ea7e645e44c6955cf96bf3f9149159a60322ebe0e69dbc9558ab466e47579e0c0c6796a584eb7b5871955193c86d74e4da63e4e096f1dc1515b528fddd0bc49f97457607b53bdb2cf5f57829e57275ab5d30db16539d0e0334ff7c73166f9ba3ffadb3f2c8a7c10f1454
I: MonitorObliviousTransfer::next
I: GeneratePublicKey::next
D:  sending message (size 0.000768 MB)
I: MonitorObliviousTransfer::next
I: SendPublicKey::next
I: MonitorObliviousTransfer::next
I: RecvEncryptedMessages::next
I: MonitorObliviousTransfer::next
I: DecryptChosenMessage::next
I: MonitorObliviousTransfer::next
I: ChooserDone::next
I: MonitorObliviousTransfer::next
I: MonitorObliviousTransfer::next
I: InitChooser::next
I: MonitorObliviousTransfer::next
I: RecvConstant::next
D: received message: b51b5893a6f8adeddcf22af3afeeb1619091c45d77e860caa6d492ec620f11a2f2cb8d747f16c9c6a53257766a1e125e7f1b558ad8d7e889c018f494d2b6219f4fc2aaa57cfb6da8a84435c43865f5101792535f892abda073266ac9222d26ef5e16c79fb7512020af4d923cddb07f9b13d7d06eb283e6dad12618bf63b7e81315b219121598b6784befa6ea85bcd0d0b6730921269afd40bc5a9883a83a68d98224f9f32d7dfb298a053c649a95030ce52dfe2334c77e8ecb216cecb4a491889581e0a8b4a817707d352faf038c55f23b9fe149f2da8cd669e6bde80ff2cacca66fe8107185a11fcda338cf756dc01b7b0b50b090224d4b6f60b1354b5b61065566c670cfdf44a4ce7ce1e67f3319a66d865431cb506ca816bc1b5fe3603198a6bbc69259ba5a16499e9b08ecd2aaa4fab0da27b0e3cbf36db40812424d015c441cd5354d63a37895d0ebd64cce83b19ec4c21e414665d42283b10c8b5134306a62c28d7d55157f3d2db523786181d69c5a87eacb74dc55d1fff42a871d733c
I: MonitorObliviousTransfer::next
I: GeneratePublicKey::next
D:  sending message (size 0.000768 MB)
I: MonitorObliviousTransfer::next
I: SendPublicKey::next
I: MonitorObliviousTransfer::next
I: RecvEncryptedMessages::next
I: MonitorObliviousTransfer::next
I: DecryptChosenMessage::next
I: MonitorObliviousTransfer::next
I: ChooserDone::next
I: MonitorObliviousTransfer::next
I: MonitorObliviousTransfer::next
I: InitChooser::next
I: MonitorObliviousTransfer::next
I: RecvConstant::next
D: received message: b043bdf642d9f189530c6535f3dde38b68096638e26c24a3bdf7d8d34cf6921c9eebc44f1668774e2640cb7075832d681cba7bd5051deeb18aa97bdfcea87c0aabcdaaa4f9d76d0ccd01518b37c0d7d471dadc16822bead4d00e233626ff580554774f3317da5689ca9ccff67645264a5c43b5c7159ad3e2c4ae3051f269b0cb99e6e79cc90c47d4f48935286acde63b1a28588704d303c73958f89682ae87d3329367999dcfbaa7290686f35a05a295b8527fe7439df698f963a6056ebeb4b9f08ca86cdfb6d76c0ce3fea52fbeae6e70c8806ff9433627eba780c7ea27d0c31f718ba10716a31bb63a575ea97406bf24228366b628ba7d8dfb16e957f6b9aec6bd9e8aac525bc8c50ab24499742e2ee1f480ad14a7608e9b4fc71c0cc48cef2409a252c5583e60b6b8d515a8e94de64ce3e6d4c01bc2cab623c38924e9f20254807dec3f2d7eccc472584fdc8804ceaa0d1195ca85605a209581ed29d4ca3d623f3dc1e4207a5ec752b8a0afbe273fb02e399a0125e47f5c357595d085e198
I: MonitorObliviousTransfer::next
I: GeneratePublicKey::next
D:  sending message (size 0.000768 MB)
I: MonitorObliviousTransfer::next
I: SendPublicKey::next
I: MonitorObliviousTransfer::next
I: RecvEncryptedMessages::next
I: MonitorObliviousTransfer::next
I: DecryptChosenMessage::next
I: MonitorObliviousTransfer::next
I: ChooserDone::next
I: MonitorObliviousTransfer::next
I: MonitorObliviousTransfer::next
I: InitChooser::next
I: MonitorObliviousTransfer::next
I: RecvConstant::next
D: received message: 6a09020778c6509eeb3c98f07f77ccd0eff6501b4a7a42e6065b58e2b0ef0634dbb28a09d5289a47ba8b191a05a5418f6f76372891dcc45e7e51417d2e0e5d1c175ccdc9329c113451907d5f0f58b1781993656db1793675e19926cd214cdbee562ed12a5da1fc70f4dba7ca82ac7399e0ecee90ebcb1b0b8c5ffe58bc8157367328f45309426243cfefe8351181348b66dc3b597ab8ad3e3eeb0287cabeffcf383a37f70cb3511444206416e3e6f6b75f095e91123f0fae4fcf1823b4e96dac3ac89db915308dc47fbe3458e411fd7330f0fb135cb7827893fad4e8e2b5ec91a722ebd0555a1d024882cad8b751c00ccd2c49af2b40d52dbfa7bff0e6d3b2d21f8188acf1b7d9e1aa797397057d4f5b378deaaa43becdf947b4d02107841ae9796c46472a66c726f87da25003c439cde9b2ed729297c7dd5eac5f497a8f24aaf7efc95904fa745118c72cd384fbea45cb1b81ed9f4bf526d391edcd78246a8115f3a03cfb64775407bf6ada3cdd15f45595410f509d214bcefebbc65c7afe90
I: MonitorObliviousTransfer::next
I: GeneratePublicKey::next
D:  sending message (size 0.000768 MB)
I: MonitorObliviousTransfer::next
I: SendPublicKey::next
I: MonitorObliviousTransfer::next
I: RecvEncryptedMessages::next
I: MonitorObliviousTransfer::next
I: DecryptChosenMessage::next
I: MonitorObliviousTransfer::next
I: ChooserDone::next
I: MonitorObliviousTransfer::next
I: MonitorObliviousTransfer::next
I: InitChooser::next
I: MonitorObliviousTransfer::next
I: RecvConstant::next
D: received message: bdc2e1c440ebfa9ae2cad052c97828152faf58d7ff4458da412caaa175d7879b43393077d781f3b2a955ffc2cc3a4ad346753ce588c22cf472ee9e148ea38eb5a05f3c08d8d5258b54640f2a285b9f02bde106e13464a904965ef9491419ede4b96d6ea1bc8ab0157d4e668734dd5209615761572ac6ed784f4e29a7400c2cde5b24757ea5efebd17779a7a872c71a3eaaab9df27599633100a33deeb3b5461e9ff52ebe9171fb080ffaf0c34eb83ceff57435f07a6bed7600f73fda7e99031445b07ce09ec020342dec8d734e720d28b231e38757c7217847343bca8764c24593e795ce79213f7ca56d6a4f66796d4f8e779df8b982d5bf268c74b9fc4c04932d592390596844476731bd75c88e2045c7632a9e561b895a244bb9ba1c7583d260ec2032e4e5fa81e82f34c95a703f3ab5fa3ecbf47b8eb1b51e48459a20d2d1e544ea24d7d1df83f5beb33cb2706518a43ca0fcf7b29f74bfc552a558260bd3066cb32e09a8991ae528f1f877582797f3d8c4500735f026895fddc280270685
I: MonitorObliviousTransfer::next
I: GeneratePublicKey::next
D:  sending message (size 0.000768 MB)
I: MonitorObliviousTransfer::next
I: SendPublicKey::next
I: MonitorObliviousTransfer::next
I: RecvEncryptedMessages::next
I: MonitorObliviousTransfer::next
I: DecryptChosenMessage::next
I: MonitorObliviousTransfer::next
I: ChooserDone::next
I: MonitorObliviousTransfer::next
I: MonitorObliviousTransfer::next
I: InitChooser::next
I: MonitorObliviousTransfer::next
I: RecvConstant::next
D: received message: f77636034f913348e01144fece095c67f02e3cb7aa01e36ba18bb2b3f6a1815f84a46c3e23656f072696c839f8afda4d011440c0384829efe42aaa9510d539d2a07ce6dd72ed242d413c421c4930119f642b991f0c5fe03d658c72f60ee74ddf61ed13c7b27caa886f0ee97c33b863be56611c4cab17b03245cc113a2e40bf91df546a063666c9a2b7c2f983f8187377501c3f3002fcee943ea74b133613b5d5042ab8993acb2880ba899654a4791227399d489ce9a05d16f098142a8d70f17b7be13ea5dcc045326fd49dd5ea9920b55f79a6af91c0a0db40a5bce47253410abd6535d9251ed93af1ad4dbfe599f4e3dc275566e3597f801b6e2ccad534f4a66767de709d636df185e169904bf3008464e50f893bf52a3cfee91d16b303dff5f11858d40ff4869c0565ae7d99d6d58733f27f5e0fc6e466f66020ec0bbb0994e7d9432e80842557015704cb2e9227200f572f999425e5209853c8e41bc983f5a2955275dd74e46b53162ddfba49152c72e253bd9ee221bd83e5b91a7b77026a
I: MonitorObliviousTransfer::next
I: GeneratePublicKey::next
D:  sending message (size 0.000768 MB)
I: MonitorObliviousTransfer::next
I: SendPublicKey::next
I: MonitorObliviousTransfer::next
I: RecvEncryptedMessages::next
I: MonitorObliviousTransfer::next
I: DecryptChosenMessage::next
I: MonitorObliviousTransfer::next
I: ChooserDone::next
I: MonitorObliviousTransfer::next
I: MonitorObliviousTransfer::next
I: InitChooser::next
I: MonitorObliviousTransfer::next
I: RecvConstant::next
D: received message: d44f72e6b201d5bba5fc8461928deeaeea9a773575cbe028d425a3dbf079ffc6f0d9210bc6de45d97504e8eaf3a1633e05c57a76d377bd9d9f1b2db14c46e88b68e2ed6ad65b38ce1f7e54a610cb11593b2f678c42768f25c64da6c6acd833498933cba04f4f9e749dd9df244c4c64126d9518e848f6978292b8cb4e0c5ff389949b9beaf77bcf6b0a6066b8bcd63aa5ffee25361a5cc516fb96e27c40cbd2b63b22bcf735cede9b8e45684d9694a6a74e21a95af2dda023abb0141b0ecae5997eab31d4c0ec5e80a854b9806342aa7c9cfb9ecb92355f6086fbbd9ac7065ff60ce2898a514f352ca6b325a5d83a3f672280e8fea36484c1526c579bee73a96226314143a0e1ea460b97684bd44d836b5b3c9091f3383a99919e1aff96852675c63b43234b00f9d728d8700ff2405ab03802bc8ac80b03d6c5c9227cb2df6603e5b09936b7547234202704ad4137811f843c8de25b57fab7495605d72ec76ff2e993a1eca183b2570acae770995bc2172f781ec836d2f91e32ed1820c820e000
I: MonitorObliviousTransfer::next
I: GeneratePublicKey::next
D:  sending message (size 0.000768 MB)
I: MonitorObliviousTransfer::next
I: SendPublicKey::next
I: MonitorObliviousTransfer::next
I: RecvEncryptedMessages::next
I: MonitorObliviousTransfer::next
I: DecryptChosenMessage::next
I: MonitorObliviousTransfer::next
I: ChooserDone::next
I: MonitorObliviousTransfer::next
I: MonitorObliviousTransfer::next
I: InitChooser::next
I: MonitorObliviousTransfer::next
I: RecvConstant::next
D: received message: a339ee4bd58e12d6cfc3d4d41ad872dca05673e67139860916b2d82bb70381bb4dc34406a2e4f32af1c142ba1f04ab83af6adeb8c8610b1aaf90a7cb2374c6d6fb6465024d4da8ed0e07aedf5075b974ec1ace2103cf67c5dc3400d94172ce1102492fd55875b54f45fa4b8c8031d78dcd6a7317cdc9f86e05a19391915b8dc727e5df1b34f3e0e30c3f87f7d20449fd17a4dc5d931ef4a00a3c09de2170ec2cfdfca6fde6930af6eba2d88118197fc97cba33a762e2ff6353cd293e53548689bf41117a6e626c7dd7a034626c0c0fc351f0caabf884818eddfb6564cc4949f4b9c80a45f98a54f6a278bfa8fed381f270f5ac76c3d776d943fa30a87730cd548d19a11f724cb6d2801dbe3d77f58f9a73309c47d5582a4c14d51157905c86f5eb9d3c1a1cbe815658b0bbefeaab7194ffd65040e549d058b594aeead98db260e40aba16440f520972ef0f7d5964f4f0aefe45f33a97ada858de933ecb3eefd8250fcbb380f0d47131758610911dd43633284bf3a8490361ba230c143ea49d93
I: MonitorObliviousTransfer::next
I: GeneratePublicKey::next
D:  sending message (size 0.000768 MB)
I: MonitorObliviousTransfer::next
I: SendPublicKey::next
I: MonitorObliviousTransfer::next
I: RecvEncryptedMessages::next
I: MonitorObliviousTransfer::next
I: DecryptChosenMessage::next
I: MonitorObliviousTransfer::next
I: ChooserDone::next
I: MonitorObliviousTransfer::next
I: MonitorObliviousTransfer::next
I: InitChooser::next
I: MonitorObliviousTransfer::next
I: RecvConstant::next
D: received message: 4db664671f8cd4cbf8648f75bc20cdee30d3f1f6536bf05dbdf65af432a6701169e0eaf0463d273841e2640bd4729515b9317c85cae256d3fe6f854f8ecdea1e7da93f41d9e95569c58d41bc9bfcbed34083f8b20d63af111a23ab752d2959d96775aebf96ceae11f0016d3ad9c4179acf9190a5dc32c794ff1120861888934fb9c98e4e9cb02952bf0aeedd94ae3dc43ec5eebff971effca193461e8036750419fa1cc9655ed56ec172ef9dac2e6405544c80ec1f806bcd2c56de2aa6ad3244d5f9437a0d906b821f3ac4c637b069d77eeafc007632c43501d7f1d581810bededb5a9a3dc9a6b73a77529ab8cd24bda61b7aef85bdc3ea88f3fd1419c66111a3ed355f2cb0e05108f656a07a6cfcdc377555b90ed3c94ff7dd0804a72a0c6e13452583fc7cfdf551223a43b8d305fb05ce0f8756b844db1438422a9fec55bb19fe81f4bf1b838106b1ff337ce0334a5cb0e9a5705f3c9c2c0eb9e066ab83212f1c81e0a12152f49b8ea78f2629fbff24ba6f969dc8b75cbec0c7751e1d97051
I: MonitorObliviousTransfer::next
I: GeneratePublicKey::next
D:  sending message (size 0.000768 MB)
I: MonitorObliviousTransfer::next
I: SendPublicKey::next
I: MonitorObliviousTransfer::next
I: RecvEncryptedMessages::next
I: MonitorObliviousTransfer::next
I: DecryptChosenMessage::next
I: MonitorObliviousTransfer::next
I: ChooserDone::next
I: MonitorObliviousTransfer::next
I: MonitorObliviousTransfer::next
I: InitChooser::next
I: MonitorObliviousTransfer::next
I: RecvConstant::next
D: received message: c7733a4b3fe25d578fedeac187c1cc0986f871bd2e2e1e10400d06fe41992f6ff055c282451e2337f47fe3c83e447a08d9188b840ca916676bce77fc26da2217235fefb8deb80f30c5ef098120a7732971b8d540880604b3b34186be0e07d32744fe9d6ee88e6d4c0d8c9bb556d1d48a9820d8e5a044bfe2a311c7b985f01037aab9d3f1dddc43cf7270f3d018be6a1bea892847296ae562a1839cee2d4a49c8eb7aa658c27207147208e61b38a9ef609b776cfcef4f567dc065f84610f08c604350cb3bc5164b2886054172ad27c644fbe8ed5ab3439ee16161665d0ef1aed92e6a3f82f3e27524b2fefdc3b32195e699a7618b3b28ebe5b840905b08dcdf385b567b367b58a7aadf3dc843a9060779f5ba1c3498460a94399e27391597a89af3cdd87e2be07c044cd8ea24cf9d3ff3412456dee99cb2d7eb3798623d6468447d0dee16483234c4eeb431fa0763571fcb30d0e329ef2b7f4b35375f30e41f4409c006991c9dbe4185508125de7d35acde223f07d50e6597ed02c1586fdb7fd7
I: MonitorObliviousTransfer::next
I: GeneratePublicKey::next
D:  sending message (size 0.000768 MB)
I: MonitorObliviousTransfer::next
I: SendPublicKey::next
I: MonitorObliviousTransfer::next
I: RecvEncryptedMessages::next
I: MonitorObliviousTransfer::next
I: DecryptChosenMessage::next
I: MonitorObliviousTransfer::next
I: ChooserDone::next
I: MonitorObliviousTransfer::next
I: MonitorObliviousTransfer::next
I: InitChooser::next
I: MonitorObliviousTransfer::next
I: RecvConstant::next
D: received message: 2320ada08c38bbdd0856cca75ac4f6c7e7a2bf7d573fab849e51a799c36b10b87c4450222d7d057a12609aa99f28966f3bc6035f7e37db72775e74e70430eb84d4070c2adc27666596f7e6885f4e8373cd8b1497985ba968fd67202874f93cf6ebbdbe39c6d55627f643d1e66d5cfcc226d9e771a4d0ff253b4a3ada45e6d77f58f17cfbe17ddac0deb42e75539c2d32b575f8d3f82ec5eb9e8c2db3764dd580db9e817f156733461580bbacb44518674cd5f74dabac7e8c176936b9115ab55a47d74582320d566679e570356b9495e83d00b318ba3c64b61ca353f15133a312ad9dbc2c365718cc0c71a7e3f6799086bd8b2c04f4638f0ff970554748a560dc18a35be22a475495bc24c6bae0603ae4c7c2ed53b81930a22e3ba1f4c6d2e894bf96a10956c4688f86e83e2b00c3d18f9f8501548a70e7a570413c3d10cd2ad6602e4176cfd6e64ea893d422dcc1b72b6c2ff48709d75494a2ac9f24dee0f77c83077d3ea69d2350abaa014c3649bd48f1f0035fac079895fabb0da487614fac
I: MonitorObliviousTransfer::next
I: GeneratePublicKey::next
D:  sending message (size 0.000768 MB)
I: MonitorObliviousTransfer::next
I: SendPublicKey::next
I: MonitorObliviousTransfer::next
I: RecvEncryptedMessages::next
I: MonitorObliviousTransfer::next
I: DecryptChosenMessage::next
I: MonitorObliviousTransfer::next
I: ChooserDone::next
I: MonitorObliviousTransfer::next
I: MonitorObliviousTransfer::next
I: InitChooser::next
I: MonitorObliviousTransfer::next
I: RecvConstant::next
D: received message: f8aa3a96b060306e17095ceb13984444b53816fb58bc3298bcafa58bf9acbd77afdd3441c540193e8ffbdf9830da494ea04b938b004fbbdc964a834ebf9f6770d3a961cfde2582fc77f4704920fd42e3cb12294021babf14680ff95f51cf52e0facd103eae90e435bfde0e58d86345585cb69854bfbce19be7fc7919150b3255c61bd423a9f9e530afaf30240361eedc763a0a3a2fecd250c1e3891fcfc7d454187cf3b8938a5fceb7abb958526d2af7dbd16a8ccd540e70e35c60c066be74cde69fdf2f190865fa8955daedef02b8c8e5553ca9120ef63fabb3b9d87582c14affb7fcff5f64d2eba4b9bd00f40d79288c46e2c560dcb439661a6f81f6664050a3a45fdb4c9df36e9618a7908637404633d4cafd28e33c81a969543fc9b52d1950d421c1cf7b9eb8573df91bb3261beb4da0be30f512cfca7f3ac9625c5618a1394b805a93af8b41e009ac8fab69248d7ebaf79451219c0d90ba3dd344401a63dc6ab4bcbe586952d3e8b5c8e46d829e31062a4e8715e126f79fb65a15bb11f9
I: MonitorObliviousTransfer::next
I: GeneratePublicKey::next
D:  sending message (size 0.000768 MB)
I: MonitorObliviousTransfer::next
I: SendPublicKey::next
I: MonitorObliviousTransfer::next
I: RecvEncryptedMessages::next
I: MonitorObliviousTransfer::next
I: DecryptChosenMessage::next
I: MonitorObliviousTransfer::next
I: ChooserDone::next
I: MonitorObliviousTransfer::next
I: MonitorObliviousTransfer::next
I: InitChooser::next
I: MonitorObliviousTransfer::next
I: RecvConstant::next
D: received message: b142de68175491c7f6f4762d975621bb418d6fdc4a00d8ddf579866dc155c5fc7353881998d29aa7b6c297a27413f0e7efaf7163bf329afcfaf4260b4e3815a9a9d8abb0b1477389814aa4c4ec68d08463272a19648c119250cf82d2ffceb13abe174bfc8b97363f047365e7a0a95acf7ca437ae15a1ac0af57d84eddc73b741b8f2caa307d166f05c1a82c1ee9e5fd6fb85f7c937233c9ad4d966330e49fcf9c3f3ff04cfd448abd93b2e2793926a86ebb130afdc0cf485a319f23c566e2ba5ef3f9bd912fd8cb6e022ce0e94313c404402590f5d312184cf8f606e8f2fc48cffec44528de2ac5a580cdb4b60bd7a27b4fef5117429af1690db07efcd7c565cda11a7fa44fff097b2d9012d3af694bfafc1f6ff76fb1df8ad6b6a0552d13bea92bb6d106126a9992aa9f10b7dffe0f79bad94ea7196129a16019a3731b36ddfcd475bf213f98c7648e703b1f8ca955d3458ee3af6406f19cc066f90ddf16a873cf55274668eed11b337f4646d30eb6d1f3edb8619d65c579000b02e5d9a04ae
I: MonitorObliviousTransfer::next
I: GeneratePublicKey::next
D:  sending message (size 0.000768 MB)
I: MonitorObliviousTransfer::next
I: SendPublicKey::next
I: MonitorObliviousTransfer::next
I: RecvEncryptedMessages::next
I: MonitorObliviousTransfer::next
I: DecryptChosenMessage::next
I: MonitorObliviousTransfer::next
I: ChooserDone::next
I: MonitorObliviousTransfer::next
I: MonitorObliviousTransfer::next
I: InitChooser::next
I: MonitorObliviousTransfer::next
I: RecvConstant::next
D: received message: 83c74a40e9d138c82936b771c703ba86a0ad0d8db619ce020d339fe4e915be36289be88b90389b4ac93eea9509da555a353ed1151ed8581a9ac97465208f2abc5be22b6ef2e7cebd0f15e87838cc7c8da2e210928153cf156dbe3a1f1338afa3246b53555134013a446f71e11b34faf3171ce071ff78ab0937ed0c1a1b4ff56a36e77600276a7220b9e24482db5a23953748ee977e7e5e73306309de076a1e75d52ccefe139c8308200041e4ce6e2c850ef87d82ef8b75b0b224a8c9e67f84942c72ad8dbc3e2a5f73cc90beb5ecd4f309f3c3ad6f1aa8174bb0af20bd201df538475e9757f384bc7f7bfd3d6751d2693c31f1bf572d75fd70717312525f0be5583f0a8ef717bf1994c8ce2c1b8bde21e642b294a4464fa030bbb8061716f6f01ba30390865b24b5f2ea0cd2804453921db381abf06bec7d0345869a1dd78fe53ebeeb6ccacb9d83d2dc4c1ed27fa0d87a48315089a966998844d7c815dd3fb9c018412073097cb6de1c3b941960de5c020bf8c61d167044963b3b878b5cd679
I: MonitorObliviousTransfer::next
I: GeneratePublicKey::next
D:  sending message (size 0.000768 MB)
I: MonitorObliviousTransfer::next
I: SendPublicKey::next
I: MonitorObliviousTransfer::next
I: RecvEncryptedMessages::next
I: MonitorObliviousTransfer::next
I: DecryptChosenMessage::next
I: MonitorObliviousTransfer::next
I: ChooserDone::next
I: MonitorObliviousTransfer::next
I: MonitorObliviousTransfer::next
I: InitChooser::next
I: MonitorObliviousTransfer::next
I: RecvConstant::next
D: received message: 51753f5ae75e30145b60539a3f59f4b9bcb88e6c512f1b5678fcdbe19d5a812d5af6f9b134e9820fec27ca72127bf6cd0e17269617b2e46f0645e61fb57ed8c579151b2dbcc5b8cbee66e2f4086437bf474ae1eedf580253d5228952d864a6a51740eda646459e3d3594438712f174b534f77b0547de1c4aca06c5c8e4ec2d146c4a439878b6d7b92d7fb733694846e7f26cbeb4ba495d34d37565492e8b0fa2e5a5c9149f93c615dda8f90d42323778038eab4a2953da9534072bcfc321c19195683eaf4e74cb9b7de71d8154b82fe8029b6a000b53a05a3398e983d61db2f6c76c9681996f3f4a67f2d503cc154b6904896b61f4a3c0d14f74cd1d0f709855f394ee3dcb63cebd2a08e8c7a80e988e81bb9944f07310e65922a3ac4299a44415f85bf2b191ddefa73c8e8590d33d1cbc664fc261ba79da0cab608b1c9587134fce48c63959f67ec9530d93ee4c1bb5e92887535f3342e811a10cf1be9cf0d534326626915cb9ac4e211ce5ac18f47e7d8a3b119a3503476892bf7d04c68bcc
I: MonitorObliviousTransfer::next
I: GeneratePublicKey::next
D:  sending message (size 0.000768 MB)
I: MonitorObliviousTransfer::next
I: SendPublicKey::next
I: MonitorObliviousTransfer::next
I: RecvEncryptedMessages::next
I: MonitorObliviousTransfer::next
I: DecryptChosenMessage::next
I: MonitorObliviousTransfer::next
I: ChooserDone::next
I: MonitorObliviousTransfer::next
I: MonitorObliviousTransfer::next
I: InitChooser::next
I: MonitorObliviousTransfer::next
I: RecvConstant::next
D: received message: 31128d457f2aeaff1ee09406b1b18776160be107ff871408f3f3cc0145cebc9c0deceb1758cf8a09a7a5860e472844c8274a4091f419d1f471037a13244ddb3e7ff89471fa6128ff96cb0bafb273d8f4fb613ddc145bb8e270c998fc6959338e985582cdc95422f5c1168b7aee28cd5621cb26f02ae60b51a05bc6a1b1ff040a0cf5bc032a1987ed638733964a2e8fd99dad91de2477f9ba438008f22517fb3487afb496d952cff56fa145947acfa57aa5824c879c0e5f60dac8f93d2f1ddd0ecc13c64139039e054961ddeb7abf7ff01d8b0d3848aee91e49a37a6ad11718961c3b8eeffa0d22af9ea52111d50c6c981674a81fc64850cf502536896277c0a316d07ff40b3676e292d29858f9cd87c8582e85abab0df6f23078900c8a127a08e7fdc6b6dd30ebc0bee4375f22f363ccd51c16dfa0cb5154cfe8f7be5e88ab2f1977081d189862de946d3478f60dba16876356b45db0ad370be1b32a7640837881349ceb93774de2265bf952a1fb9f97db04dce6d09a1b7b7d9cd17f381e814a
I: MonitorObliviousTransfer::next
I: GeneratePublicKey::next
D:  sending message (size 0.000768 MB)
I: MonitorObliviousTransfer::next
I: SendPublicKey::next
I: MonitorObliviousTransfer::next
I: RecvEncryptedMessages::next
I: MonitorObliviousTransfer::next
I: DecryptChosenMessage::next
I: MonitorObliviousTransfer::next
I: ChooserDone::next
I: MonitorObliviousTransfer::next
I: MonitorObliviousTransfer::next
I: InitChooser::next
I: MonitorObliviousTransfer::next
I: RecvConstant::next
D: received message: c36c7289c068d00b08a7eec785c9b7afecadee6d0aaf266613fca7eaa6c01b04df8038f8b2576b081a714c8a8aa8c84c61acf8b20c7b3e106c6ab45bd93e96561c8ae7593832bcce830e2519c8ff2a47dda9dcee3d78b485c83a8ca903f6313f4887aba08771ab98421b93094c74a38a4c735fb92af174dfc21c87443b9e97fa6fa93f2b5979718a8bbf6611df3d6e112280cbc20c5a46bafe330e51387dc79257e9fb893c4f82f11a751b5a9bd9d2f981797dce4818ac7687cb0395a70975f9b67f4ab9f43ef9db4ad25b68a44eb603a23d2f3043b6b5cd59da5f73e37abb4ba04c338d2fb8573935947d900fb06b288f2dbef97ca1ac0a8cdf0906cdc41fe68e972c51f8d354922d9b092db10c10af4297391c4a727a153374f43ebcf79cec7ba7cd8ddaeaae4e0a53c4ab9e3a7ad7ed53ff4568128423c220536b09461115f02c58dd8fe13f8b6f025053b1f462142ebcee9470bfeba50e1cbc4dea7b30cab9df31813cd36baf6f70691b1960ee50840badd8b56d3f5b61705582dd123900
I: MonitorObliviousTransfer::next
I: GeneratePublicKey::next
D:  sending message (size 0.000768 MB)
I: MonitorObliviousTransfer::next
I: SendPublicKey::next
I: MonitorObliviousTransfer::next
I: RecvEncryptedMessages::next
I: MonitorObliviousTransfer::next
I: DecryptChosenMessage::next
I: MonitorObliviousTransfer::next
I: ChooserDone::next
I: MonitorObliviousTransfer::next
I: MonitorObliviousTransfer::next
I: InitChooser::next
I: MonitorObliviousTransfer::next
I: RecvConstant::next
D: received message: d6db03331668653f8b56cffebfc4fe3963970e5c3151fe597b2232ef7471a8fc405ec9e8b31d4ab211db88aaa2bafc2cac143026ede48d39ef4c2dd40f26b09b3111930052185e073cc85f61f18472ee7bf649335de74ba2aa2c0aab9e816e92ad216660ffb4ba8661a60ca25e1d83fb4d2465488134444c7c66e7f6b572b47bf8c07c6965bdd6b60f93a5c4baeaf4626884fd1ae7fbb43a81e304b16f08926b29cef2e09310e1bc2db6704bf9f29853dedbc9e144575ba5cf522d96696a5afaecb517405eef273696f0b79ac1e070c658a0d28a961b4ca1fb7af98bafe49f611c09de8daeccbe5f3cc51a9cc4eff1a81788bfbf3b1e6f3d7e4c12a1d58de143d3b692e9bf5d86fc7409cb1731038f7f21ed9dac206f2e8a8ec40944a04fa7a647d96976d8ac1d57babac2de6e3dc283e66b139ee047f4e8076a992731afedba9a4c0eab35b5ae7fb1abae7448469dcfa1405baca65cfa62c539e0d7461f1c8b779b3f77e89659b28c240de414c7d80aa7af3a7b2356b1f491397f5f192ceccc
I: MonitorObliviousTransfer::next
I: GeneratePublicKey::next
D:  sending message (size 0.000768 MB)
I: MonitorObliviousTransfer::next
I: SendPublicKey::next
I: MonitorObliviousTransfer::next
I: RecvEncryptedMessages::next
I: MonitorObliviousTransfer::next
I: DecryptChosenMessage::next
I: MonitorObliviousTransfer::next
I: ChooserDone::next
I: MonitorObliviousTransfer::next
I: MonitorObliviousTransfer::next
I: InitChooser::next
I: MonitorObliviousTransfer::next
I: RecvConstant::next
D: received message: 88321193f62af5cde0ef639df35c5bc8d506fce1f470f51687953e154309978e5ef57100d416f066b216dc4723986e836dec024a62704665c1b6e4245eace4046b60117b4b4c2f1f4c737d731be7e7bbc451559201994cc2f980519233c6f4ec25bed022978a5b09aca19fccbad93019e9044bbfb7ce4c8d4ab5e498855b3b1ca069a11688e80a508f66e5e91b82c3ad5d2a6f4d63def7e41b7c2e20b47a211b44cc88129a45f30742fbb35494c57b3198925dd26b7a4f12ffc23f498b61fbaf7f5d877cee3e7ffc2eef981b5e87893318c88702dc6671beed8abfacb4c9a91bd59ba4251676a3d7cbb52480fce42f1c424c1dd9594c9a8d277464f57cb55da3bdff5a7284f4308d2e7646497957231a8157a02589f658e797bcdb93af7b962f5f236658a4ac295d86fe3e1ea2ccfc6a2bf3413a97fe23b2867f55a427fbd75b942eabc91c44fc846df29339d4f89734ef1b570289d48d14d7fdce9d78ab4111dfc5212d15d3ef2cf226fa60e49df26fbf9d82cb871c86f14c73997720f19493
I: MonitorObliviousTransfer::next
I: GeneratePublicKey::next
D:  sending message (size 0.000768 MB)
I: MonitorObliviousTransfer::next
I: SendPublicKey::next
I: MonitorObliviousTransfer::next
I: RecvEncryptedMessages::next
I: MonitorObliviousTransfer::next
I: DecryptChosenMessage::next
I: MonitorObliviousTransfer::next
I: ChooserDone::next
I: MonitorObliviousTransfer::next
I: MonitorObliviousTransfer::next
I: InitChooser::next
I: MonitorObliviousTransfer::next
I: RecvConstant::next
D: received message: a2cb2cc2151a8dff70cee32656a427b356f3cce6e9873e9c5aba5a253264b71fb0be52250a731256833ff2eb513e970a1fac3081ec2b52296679d20381f06aa71c35fe0e51262934afd58df017cdabaf5c27df1dc5fb427024f1007782349a58d49a2505b5b4310672ec70e656558b319efdb4d81d56e75934689a1d9ff5355d9954f09381ae7d63d492ba08bdee1491925c87bebad599f01956b38bf571cb7a072ba5cf906c23c74e34de3d584316b60b78f929cb685dc0b70f0579ff2a2275a3ad692ccfd89be0342a2f3b3fd1409a26789bdd7aa50c61990c61ab57f8ad016127b54e34884ec4f6a108634920d5c919e68e45f57fc9b0843254012bd9e781bc1ac45cf760a4ec7f3c54ca7b3189cb770e6b8000b958fca964105c1dc26db1ac4f43f5b61b82027646e1fdf077f5bf65ec44913c931ab8c20e9dd6b1925865ba1b19c18672ef9f1e69c8f153c0627d943f9e1fa5eebecc1b84764223e83457193a309d4e7496baa491af0bf2e160804f66836710e6ff0c13391e10a5eefda8
I: MonitorObliviousTransfer::next
I: GeneratePublicKey::next
D:  sending message (size 0.000768 MB)
I: MonitorObliviousTransfer::next
I: SendPublicKey::next
I: MonitorObliviousTransfer::next
I: RecvEncryptedMessages::next
I: MonitorObliviousTransfer::next
I: DecryptChosenMessage::next
I: MonitorObliviousTransfer::next
I: ChooserDone::next
I: MonitorObliviousTransfer::next
I: MonitorObliviousTransfer::next
I: EvaluateCircuit::next
D:   evaluating gate 10000
D:   evaluating gate 20000
D:  sending message (size 0.000001 MB)
I: SendOutputBit::next
I: ==== round duration: 337904.718750 ms ====
I: CopyMonitorStateLabels::next
I: RecvGarbledGates::next
I: RecvSystemInputLabels::next
I: RecvFlagBitLabels::next
I: EvaluateCircuit::next
D:   evaluating gate 10000
D:   evaluating gate 20000
D:  sending message (size 0.000001 MB)
I: SendOutputBit::next
I: ==== round duration: 275481.468750 ms ====
I: FaultObserved::next
I: MonitorDone::next
