I: parsing spec file timekeeper+.v...
skipping synthesis, BLIF file already exists.
I: parsing BLIF file synth.blif...
D: inputs and outputs parsed.
D: circuit initialized.
D: connections (#2018) parsed.
D: gates (#20547) parsed.
D: outputs: 28807 28810 28813 28816 28819 28822 28825 28828 28831 28834 28837 28840 28843 28846 28849 28852 28855 28858 28861 28864 28867 28870 28873 28876 28879 28882 28885 28888 28891 28894 28897 28903 28805 
D: circuit size: 28904
D: adding identity gates for outputs...
D: outputs after identity: 28937 28938 28939 28940 28941 28942 28943 28944 28945 28946 28947 28948 28949 28950 28951 28952 28953 28954 28955 28956 28957 28958 28959 28960 28961 28962 28963 28964 28965 28966 28967 28968 28969 
D: circuit size after identity: 28970
I: initializing safe primes...
I: using prime modulus 5809605995369958062791915965639201402176612226902900533702900882779736177890990861472094774477339581147373410185646378328043729800750470098210924487866935059164371588168047540943981644516632755067501626434556398193186628990071248660819361205119793693985433297036118232914410171876807536457391277857011849897410207519105333355801121109356897459426271845471397952675959440793493071628394122780510124618488232602464649876850458861245784240929258426287699705312584509625419513463605155428017165714465363094021609290561084025893662561222573202082865797821865270991145082200656978177192827024538990239969175546190770645685893438011714430426409338676314743571154537142031573004276428701433036381801705308659830751190352946025482059931306571004727362479688415574702596946457770284148435989129632853918392117997472632693078113129886487399347796982772784615865232621289656944284216824611318709764535152507354116344703769998514148343807
D:  sending message (size 0.000005 MB)
I: InitMonitor::next
I: GenerateDriverLabels::next
D:   driver labels generated in 239927.125000 ms
I: GenerateInWireKeys::next
D:   in-wire keys generated in 12632.931641 ms
D: SendLabels::message
D:   generating in-wire labels for 20618 gates
D:   10000 gates processed
D:   20000 gates processed
D:   in-wire labels generated in 304526.781250 ms
D:  gateCount: 20618
D:  sending message (size 53.983100 MB)
I: SendLabels::next
I: RecvGarbledGates::next
I: RecvSystemInputLabels::next
I: RecvFlagBitLabels::next
I: MonitorObliviousTransfer::next
I: InitChooser::next
I: MonitorObliviousTransfer::next
I: RecvConstant::next
D: received message: 1f55a5ecf841f3bc0471ac0932900e4be1f5f75fab96abfd76060dea471746ba393cf1b3fe509152fe6fdbf32c3883957eed5e8f4cd31afe4a89ef423589dd9882d9953c3f265dc8dc7b056a3257e9e7892e36ef426b5fe83c902d1c4b15f9f23c3e22e2cac1c9fce0c8436ecb5ac8c9d86e01ca0dd1e53e14962bd86f0ae5a3b1ec2eae4152a70806a0ea67030b0596410e54979ab5daf0db8c8cee287f3a617df4911ed2cb20c15556c6be7578bbe5945326511a07153b776a00a71944ebe91279c3c46dd2b4563090bf2b5cd7aa8158fc0fcc6b90baf04a762a3ed3107e96ab0f467827b2875c09aaabfb687d6a647d0e228e80f0249133dbc13d734c85d864fe4b89d603f3d23b81f2a658b9dade0a727ca4c4533358cd2254732007b236c11c17adda08434ee9b4db475fdf3da06e8870cb039c5d6d0af30dec98a11bd5a6ce16f03428ecf0086b6b80fc037eeb6b901b53d5c754f1a2ed029bc3acbf9ca26ce88dceb2ac064676ef772b93040bc3c85b9bb3605ebd5fe09c4f4bdd837f
I: MonitorObliviousTransfer::next
I: GeneratePublicKey::next
D:  sending message (size 0.000768 MB)
I: MonitorObliviousTransfer::next
I: SendPublicKey::next
I: MonitorObliviousTransfer::next
I: RecvEncryptedMessages::next
I: MonitorObliviousTransfer::next
I: DecryptChosenMessage::next
I: MonitorObliviousTransfer::next
I: ChooserDone::next
I: MonitorObliviousTransfer::next
I: MonitorObliviousTransfer::next
I: InitChooser::next
I: MonitorObliviousTransfer::next
I: RecvConstant::next
D: received message: 7e05a974933a9a623dba5553265faf44890bc592702bd133c88ff50ee0ecd97ea57abf38d648c8acad99258214b08d1dd9d0a1ee7235325d6fcff62988dab36fd50bbd07036b3a7853aababa7272ec4ef9726bcb4f2ddc824e1307b50b3bd1d8d5411a2322d9d5a29bd8bb7d26ab5a2e94d1c7ade0aa125cd77fc353b21165abb9e2b418854e2508e7832298cac9ef0c863bdb34a1503b515e5c498d6a035f201b5578cb51842ff7ba159365af986e5c8fde953cc1732cd6124e02912f79e60c2acaba2e53c87dcd8320f576a0bd8255e00f726a42a8b2cd14ac76de113cc14f5aad51fdcde686ad4fb61b237ac1cc44c2e6fa06f99153ecd5295a70275e62019ae80afc14f79019a186f081c79c0a29160e6a15a5eea80c2bc4230a7996fb0c7d213c0a6d1f2e6c08f8aac25bfe099edbaab32297d780f36b73babf86b7e36e5e0183ea94ec4c9486f225a24b30a1bb6525a0854348de3d7372ac51b18686788f2120044a6794d7df6616fdf2b87de52f01832aa8f92aeab635f17eb14d98a4
I: MonitorObliviousTransfer::next
I: GeneratePublicKey::next
D:  sending message (size 0.000767 MB)
I: MonitorObliviousTransfer::next
I: SendPublicKey::next
I: MonitorObliviousTransfer::next
I: RecvEncryptedMessages::next
I: MonitorObliviousTransfer::next
I: DecryptChosenMessage::next
I: MonitorObliviousTransfer::next
I: ChooserDone::next
I: MonitorObliviousTransfer::next
I: MonitorObliviousTransfer::next
I: InitChooser::next
I: MonitorObliviousTransfer::next
I: RecvConstant::next
D: received message: d0313c6a0f197da23a1d5ed563a65fb7d2c420ef3f58d00cdf201c5907450cc9db8450638dd9b8508aefec2f8f17f2cb4e0b59a63ab3a9a632c9725c26c9374f78e1b9223ed2e2bea876fe83668263782659a0b5366dba24cd71386caf396a20ce4ec0d1a522cf0c1a362e35ce87416f3fd156a0679dce889ab86ec849366cdc3d6b1053574df60a43d9352ffa94111f2d9ba9f47d3a453faab3f0ecb5ab182a58d8e39e0e106419dfc01216c6fdea8b7e914b20714a4e05970f12c9840afccf66853e137919805f491a63b8586ce7d69ac51fef769e8ece35e9ee69d297fd53c45e4b686cca7038bce3eae2420205f04fa03ad9a048562165cef92bae2fca53f54947fd8737667abdee86bea326816edb7432761a39e8b8ed6fe1b9ee02e525b3914ac0c432724d65114f9f7641cc4d5207207e5d86dce42a0139f49c2c13c2a72a26001fa398203c8f1088a5c500b885d86c5bbc4522efdc2bcc22258d45095d261c88aa7635094f97cffe4d5a14feed668adf2cf8fe7a8d173abc5ba1d42b
I: MonitorObliviousTransfer::next
I: GeneratePublicKey::next
D:  sending message (size 0.000768 MB)
I: MonitorObliviousTransfer::next
I: SendPublicKey::next
I: MonitorObliviousTransfer::next
I: RecvEncryptedMessages::next
I: MonitorObliviousTransfer::next
I: DecryptChosenMessage::next
I: MonitorObliviousTransfer::next
I: ChooserDone::next
I: MonitorObliviousTransfer::next
I: MonitorObliviousTransfer::next
I: InitChooser::next
I: MonitorObliviousTransfer::next
I: RecvConstant::next
D: received message: ca076bc7ffa61a8a5f424ae1fca2ad5bd4a3e7012c40a32370771af2bd5edbf73a048acf538d9d5eeabac085c8d0585e3b07472151da8d64a4b30d4a4121a6f03a4f20924d94425389dfd43fa8e128fe151beaa9bfbfc8818aef65aa0b7aa22a873d59d1a36aa89c808564fc4605df98dd2e4831b8cd4419dc93c3e721047dd279d45b9268def9470d4a371a1714049836a54cdc30736260b57b1aa38ba0f4b5c0d8d106e33373eb46789b3ec66e0fe5f401701597ef226ffbc9d4707660bf7247843c5a434bffd79cfba1dd9e847a8c25b0eed03b64c69ab35f6dd42c938a0b333ba4217146c7a6838db9b160941b9651fd33f053f59ae0ddc01ea51e9177d6ce923c5d3248944655f838a651043e486a15819b6636f91b9ee73d84c639818a7c04d07ecab21c3fc2dbee251c42d63c1453b60c40558d2152b0988daa2edb399ad46e6174bf381c3cfdcd3a688e03abea7a0cb7c26f470ad91e20fa36d78b5fd8e0b8559cfedd83fd1db9649b0cf9d4bf468bc85cbf5f26d77d8072043bfb8f
I: MonitorObliviousTransfer::next
I: GeneratePublicKey::next
D:  sending message (size 0.000767 MB)
I: MonitorObliviousTransfer::next
I: SendPublicKey::next
I: MonitorObliviousTransfer::next
I: RecvEncryptedMessages::next
I: MonitorObliviousTransfer::next
I: DecryptChosenMessage::next
I: MonitorObliviousTransfer::next
I: ChooserDone::next
I: MonitorObliviousTransfer::next
I: MonitorObliviousTransfer::next
I: InitChooser::next
I: MonitorObliviousTransfer::next
I: RecvConstant::next
D: received message: 91e86710fa6b6acf3fac39957b7bd1de5de69b69d285ff6d5c1d341cdb7d9e75d69f270e3185906e3e42e498ffc07769ed1a5ce05bb33a369d11caeac3687c85dc93f98bd62f7f19c6586e62f697fde54bf220f3a364ab112cacb8fced312cc437b2fe89d81f89af4542669ed20bfb2315fb4dc54754a3a208ed763c4901ec0a8437e988abd22490f744e6725ab858291048f6b5e7aaec5936dd59fc50476413353953a73f4b2efe07c98fa1eefbd5af8ff3960983ffbdcd4618a7b7a0ea83c27ea07ce19961889c6ff9cb5b9dfb936d0279f7eebe3dabd2a8a8350e78b5bff2195e211067049d4c2e2dbe6cebe5874f5b2208904511a5a913bfff596284dc224efc7335dc4f85f25adb0bf706273aa220cb301d4c0e1a183037fd9587cdd8c22da6920039ed413ee6a4613dfcf1f2163655809073d11769204168118e703c752d8559c332b5010dd4aa139170c5f2aa47a2379b27b94e36178a1fef68d9b5ac721a2bd355814c3186519b8d4bdaac6c91361772236c285bf17882c14c7bed12
I: MonitorObliviousTransfer::next
I: GeneratePublicKey::next
D:  sending message (size 0.000768 MB)
I: MonitorObliviousTransfer::next
I: SendPublicKey::next
I: MonitorObliviousTransfer::next
I: RecvEncryptedMessages::next
I: MonitorObliviousTransfer::next
I: DecryptChosenMessage::next
I: MonitorObliviousTransfer::next
I: ChooserDone::next
I: MonitorObliviousTransfer::next
I: MonitorObliviousTransfer::next
I: InitChooser::next
I: MonitorObliviousTransfer::next
I: RecvConstant::next
D: received message: 1ab45d85f0d25ab053f2bda646067e1b6cbfc40a9dded9ce0c1d93c5546d890ae0ca0cd95610c62fa315a24a0263e4c27619ecca05fe36805d0161be228c2df22c215e74396f045a5dec9dac7357fad2021ac9fc8e17ff49722438d787881536b12c5053081a6a359b9918d92edbbfe8b02fa76671943d336078c1c531df5c34513ed377584a27318e05c7d67798a86f1d38c2ee6c2fb9cfee8c906671fe12e29c389c1f96faa79f3ffe4c4e92fd6039027fc98bbda39600a0b7f2a9855e7c5a6c79718a634b34626a89cb696f3ae8a0b9cf39ed5c67ea8930279ae029fa9d6bd75e6db1ea6abc949055272e1ce398b8cebea672ed427b15f46aa2b5a68313e2ea2c61c0bc3d773b38e75f16a02fbb989341ad622ee0d837629e2817c78769ab4554e4735feea041729e17d185eaae70af02264fa3199cdc3ca0a9e716d5fd0f58a7617e2991c64c2fe1491fdbcd7c4769d605687c6706127ff485e194dad2635299c6384e5f9a27d6630ee48fee63bcb8badbc2a55705a9da6088885343f07
I: MonitorObliviousTransfer::next
I: GeneratePublicKey::next
D:  sending message (size 0.000768 MB)
I: MonitorObliviousTransfer::next
I: SendPublicKey::next
I: MonitorObliviousTransfer::next
I: RecvEncryptedMessages::next
I: MonitorObliviousTransfer::next
I: DecryptChosenMessage::next
I: MonitorObliviousTransfer::next
I: ChooserDone::next
I: MonitorObliviousTransfer::next
I: MonitorObliviousTransfer::next
I: InitChooser::next
I: MonitorObliviousTransfer::next
I: RecvConstant::next
D: received message: de95ebc6dad69323e81e1703dd80e12405e6b67047255578808817fca434ab715a8dae47f8e6da203c6a81f148a828686bb5362f7170d770431abc311183462cbbd3ea16a98a11f5f032285c6a154998eedf38561ba3c8a70f0043750cd8ee74597c24d3c30c133d69aad42555f2a847dea37e1b6e9f8981d9f57c9a130805a9b61e57c8d0b1b396cc3601687d91ba08c48e246bd0b5f57f0230e0701c81a5878a23b3446b36656d07245e31af630cef7306c0e177db19f38705ec9c2281855d3edfedea0db07b51a61bdf4c7b2134a431343c0774e4dcb8a23d7bc5de565e8cf54f387514d6fb38e44c11268f0c9f3de14d8c97c96937e6351504d14b46f7e8ea539f8f0af45cf4a1013172093a590c03826173b75bf9c3fe9604db68132deb422e8e1f6ddb8a434c89706ceec12133ca7e626f9eba2e096db37e48cb27d70857da1c64413d75fa2b107556bc27c139e2caff750be99532bd05d56484996e3f5ac268591d59e312bd3198f7ffa9f1b13496e73a327f31d3ff3715699379191a
I: MonitorObliviousTransfer::next
I: GeneratePublicKey::next
D:  sending message (size 0.000768 MB)
I: MonitorObliviousTransfer::next
I: SendPublicKey::next
I: MonitorObliviousTransfer::next
I: RecvEncryptedMessages::next
I: MonitorObliviousTransfer::next
I: DecryptChosenMessage::next
I: MonitorObliviousTransfer::next
I: ChooserDone::next
I: MonitorObliviousTransfer::next
I: MonitorObliviousTransfer::next
I: InitChooser::next
I: MonitorObliviousTransfer::next
I: RecvConstant::next
D: received message: f392664a58836f5dec53db362cf2837f6894349ea3247824b140de71d34fcdf7a46506e6d985e2aecaa3d320096939772b5ebdc052661439562ef034702ea5836110d3b873aea39c9622a2602569f0896a228dc4494645517c71d33f8bb1f8fd51096c70e74a9bc8581a7f17413f93a707f15a6a01e138b776288fb37bddc486d39f077ef608db2c8de55349a95eed56c5d58eef607e54f427d3b704f677dcc1d94220da633ced153a1c1c37966e103a29cd71cd3ccb7eb8d05ec3585f1dde5bcaab08ae8131d5fb6d282ca43d16df61278bb042568b35518030e55b96e8e6efe8b1c749830285518d4ac7ce5bb515daa365135aa76f5d836ca304bbf4352a37a53d98a57b6c1d2456717bbd2155a870edc30f82e30009c539d0f1a864a78c174a4b235b70b4e2bd22da0802204d1f64f25e569f7bab2f4706de9ffe38f9448287188d637416f81fe6892966f62a39c3f230be5a95127719a85d9cb9707f5158bd9730071bab3400bcbeb6d5145651fbcaa76cd140fd97455c0101bd00e5daca
I: MonitorObliviousTransfer::next
I: GeneratePublicKey::next
D:  sending message (size 0.000768 MB)
I: MonitorObliviousTransfer::next
I: SendPublicKey::next
I: MonitorObliviousTransfer::next
I: RecvEncryptedMessages::next
I: MonitorObliviousTransfer::next
I: DecryptChosenMessage::next
I: MonitorObliviousTransfer::next
I: ChooserDone::next
I: MonitorObliviousTransfer::next
I: MonitorObliviousTransfer::next
I: InitChooser::next
I: MonitorObliviousTransfer::next
I: RecvConstant::next
D: received message: 3017bfcc1d6f7ada67a27526a792e4eedc46cf49842b6e8bdb2fd36c326e901c590bd21740406f96351595bcfd65fea4efc5f4ba8192fdc9b71307c089d1a9855e6c577f4b0edf48b173cad3505aae1082d5f0403e59969357df3e5ee2a180c16d970067e2569dca8c5b2baed4af717a6b68da9ce26dde0548af64479dc6766502d33c8345f522324798115f748739a7842e3c279c51dc4d22fca0ec2d17f5d17e2974353c6f0dfd5f55cfeffc896e8d070bdded9a876f45be5af2aec0c5c2eac41db0e9b54cedf7f27eac677a74528a8e2ddbb283e1834292ac31ae76d67a8314472de42521b486786946bdb225f90fc0549c4d54b3f0f426158ab9622059d292c0d767986ea38e9a3713b514e6c906576ebb7b2860fed2c0540a57f667e64f0fa64d518791caeaa48ce0f3d433bccbcbb61ac82809b9e10cf35a39f264d2979300dfb250d6c0a6611a8ad030d91191e2d246083bd90d4cd6775dd9f7ebf7596d58b3db68e0214b68406bf05e5b10994ebff700f33642a26f4fbd251ff8df4d
I: MonitorObliviousTransfer::next
I: GeneratePublicKey::next
D:  sending message (size 0.000768 MB)
I: MonitorObliviousTransfer::next
I: SendPublicKey::next
I: MonitorObliviousTransfer::next
I: RecvEncryptedMessages::next
I: MonitorObliviousTransfer::next
I: DecryptChosenMessage::next
I: MonitorObliviousTransfer::next
I: ChooserDone::next
I: MonitorObliviousTransfer::next
I: MonitorObliviousTransfer::next
I: InitChooser::next
I: MonitorObliviousTransfer::next
I: RecvConstant::next
D: received message: 50432c87f26b64a5303eb7a9a4a7ede2df28778607ae994ef2af96c862018c4dd8af3d0648d7a6520130d0a573fe339d3c749bee028a8665a31f76750aa382ae8f128593cd3d99da2a5b8ccc2930d2cffdd0d31dd6c6e6e5ce4214424653b8d8365a03b609398bfe65760ee1c8decf81add63bc8c3928cb959ef6bcebd9ec577c2b442b31543271549b664fbe478676aebd26c4a22c555c527c4e00ecc60b68e70127153f01a0f771362e0ec986fae0b6998210ca23b0eb3631a323541c12a01962ac6ce0801c490c15a17b12fbb8a8c3994f323895acbe3eb9fd95b8529f181c42ef58cc0164472843d407d5754bc79669724205c397604b290e60252a45d0301d92ab7439670ffdca842a5b72236d1b5315b14cc6adc827e163afde818dc8ce1726e49d32ff67357fd0cf9a6c7f4fcb1c0ae1b177cd0671051d601e693ba492c0f50871127c2a9fe072dcaf331f3cd91424b01793be6183f0acd6b4aa526d0d1d1573c7ebbd8d89d9adabd9da9cffec4f5a608c29d330f2cc82fe202d59992
I: MonitorObliviousTransfer::next
I: GeneratePublicKey::next
D:  sending message (size 0.000768 MB)
I: MonitorObliviousTransfer::next
I: SendPublicKey::next
I: MonitorObliviousTransfer::next
I: RecvEncryptedMessages::next
I: MonitorObliviousTransfer::next
I: DecryptChosenMessage::next
I: MonitorObliviousTransfer::next
I: ChooserDone::next
I: MonitorObliviousTransfer::next
I: MonitorObliviousTransfer::next
I: InitChooser::next
I: MonitorObliviousTransfer::next
I: RecvConstant::next
D: received message: dced984f12a4ff479deef4598b8c149e4e0d1547a65c480238425eb911b6708bbea3c780906813502ed694e852964ccbed7634ad1f573cff1276bd04f45b775d2ef9f2f940eb0adb816157adaf9e63c35f35730b921915be421194bf916b9ed4ff240097728c0b2e4bb57efbb86432862044d4e978a8487d4638ec00884d9eb6b83e6c56d2c52e283d39800228804e1abf1be4a721b12f74a49cff255abb39b846147c753f3379805e9f4c46ccce8f415c16c52830644c728d25e138e178ce0b9285319d0ba11f7a9ea4470b5a96c1a6e7ed5d0c92e6032e5adadb9db9a99b8955a108c3fdd809cf245e380f45949ffb1085d13d6768c8511b1e74edf2caefcd7e22d89d1fad6c298b1918aac284bfaff6cbe6a374223975a37c284aad728e44ce263c1759211b63d0f3a604b4debcd2322e7f961e7703440bd0c8c2b3538a8312f6080ddffbafd18be95ddcc32004191ec7a1309b69001252740e2af440ba68a946f614b656a8cac9dab2290da0402f766a33a7d2798a2de307837fb3a5388c
I: MonitorObliviousTransfer::next
I: GeneratePublicKey::next
D:  sending message (size 0.000768 MB)
I: MonitorObliviousTransfer::next
I: SendPublicKey::next
I: MonitorObliviousTransfer::next
I: RecvEncryptedMessages::next
I: MonitorObliviousTransfer::next
I: DecryptChosenMessage::next
I: MonitorObliviousTransfer::next
I: ChooserDone::next
I: MonitorObliviousTransfer::next
I: MonitorObliviousTransfer::next
I: InitChooser::next
I: MonitorObliviousTransfer::next
I: RecvConstant::next
D: received message: 110d4a709ed003ae837b15a03c58916bb16e1a28c41ffa032aff40f9691b2d592a7ecc82d3b6dba3ba68a67fb35b98eef35592b43ff30762a1e56b72c35ed15f6aaa19eec9bd1ac60304379d46a5293c4321fa0a86934a0045c752b45890d87d45b58b85fea5ad2278a9fd3153c076f4fd5150acff16948ee3d1ca8c88b47c7260db5e8b12d47f582479d46d8ed68af4a208fad2509e0c87a5bd7172d3dd23a9df05623c072ffd6151ae3d7181489255d3647e59e745d1f9cb6e0be5686b9a11c685eb6c745cc08a6061ad3dad032477a0309a93ec8f8d75b8bd6a48e5aaeaa3ab56b0868ce2683fdd5a69fa635af398585063f3d92fd6aa2d1cd0c4e240f8bf145ad415e663d570193a37d3ae01bd2453dee085c9815db022f4ad6072b02bcb23fe47b1934ae5fc0d25476a770df94c352e7613538832b7b11b58c9d2c99230b3264f0c3958f1e8064f7f6f3349fe1266e4f1ad927dc13eb5a3444b40ca141e0026c290abd41ff16b894351476e91c42839d6d59f01688b3da65ad4e7fb62ca
I: MonitorObliviousTransfer::next
I: GeneratePublicKey::next
D:  sending message (size 0.000768 MB)
I: MonitorObliviousTransfer::next
I: SendPublicKey::next
I: MonitorObliviousTransfer::next
I: RecvEncryptedMessages::next
I: MonitorObliviousTransfer::next
I: DecryptChosenMessage::next
I: MonitorObliviousTransfer::next
I: ChooserDone::next
I: MonitorObliviousTransfer::next
I: MonitorObliviousTransfer::next
I: InitChooser::next
I: MonitorObliviousTransfer::next
I: RecvConstant::next
D: received message: 27e03f8bd535949f831533198baa91a5c5b9f01c2ac1a16cff17cd144eb8423ecae62abf8963bab24aad000d39c393feb6bbcfbe4341dbfe244438c3b39ef5d3b10b8eac0052be6496cfa8c86a04be877be458d4fa54af95a1e903ca53c4094d69d503b4a5b97eab15e83681c75be07ac2dedea0b74c0b59ed42264742eea9f19dd6091af832eb95a14ea3270707904430375b9d294c79ba6c3543c3cf99aabca853c043c078584b5f884f86cf2cf04457194f0a290bebdfad505835ddd626470e9e2269295ab20a48a687bed396cd025b52aca9d5ac03c061eef79029b585c1cbf990150ff4ea9d8dfe1e0ff3d6ac9d7445ac7de52222fe06ce59db0f3878bc7de1d4d54fb8ce2fab5b77234cfd177efeee6a74e4b383c6b0540948e671d1b1a9224bee11306edf96e27d7bcc9ac1c09c67c9695dc1fa86e629142b4d8b1fbff3dd1d5fc8a25c8f3a1769e3d98e73a44040c487e914677f9a04d9cec3fdda842e7f4d810f3feb2d214be726be757269851780c6b07ec370a517ca2901d34f7e
I: MonitorObliviousTransfer::next
I: GeneratePublicKey::next
D:  sending message (size 0.000768 MB)
I: MonitorObliviousTransfer::next
I: SendPublicKey::next
I: MonitorObliviousTransfer::next
I: RecvEncryptedMessages::next
I: MonitorObliviousTransfer::next
I: DecryptChosenMessage::next
I: MonitorObliviousTransfer::next
I: ChooserDone::next
I: MonitorObliviousTransfer::next
I: MonitorObliviousTransfer::next
I: InitChooser::next
I: MonitorObliviousTransfer::next
I: RecvConstant::next
D: received message: d89a6f0f86e7c36358924a036c9037d4301d88a29a7504854cad2b9b22b1d1d469b59de6220cc8ed561c8a653f60a3c4aac59a14cbce71179998b62ca65b53dcd3c83cc1931d8bd03626849a9339e737e0f848f6b4114d1342d5761d79c46591da95a5a66a84f9de1374085b62203bb74d6051770e9c046faad7e269f7128f5cb62d96c52cc4d7c132da058e5cd9597623edbacefbb34e4f094b8f434432836693b07d98d4fd4bc42032f399e98182a7ea964b1353b0e8052d95d01266b8d097348dbf9b2ae40a6d384bd8472ae97ba09cf035b0ba696997f0cd41e5fa705097d2fe603ce8bdab5e382db285d4c9810387f0c147491dad8b0ef39c392fbf2e1888d275e6317fcd49162524c00bcd730dce4784a9e8cf15f2181902f029393e822812e5b3eab81068ecf81a9967d1ad958d027921fe4c3f935529557ef9cf76f048f26a0fe1978b114065447a24bef06bc00814a6ffc4a07c17aa4979d984b215ee1c5bf15fec51a0c5b37cd57a918c7b9316b3385d21bcb3c822b24b17a65500
I: MonitorObliviousTransfer::next
I: GeneratePublicKey::next
D:  sending message (size 0.000768 MB)
I: MonitorObliviousTransfer::next
I: SendPublicKey::next
I: MonitorObliviousTransfer::next
I: RecvEncryptedMessages::next
I: MonitorObliviousTransfer::next
I: DecryptChosenMessage::next
I: MonitorObliviousTransfer::next
I: ChooserDone::next
I: MonitorObliviousTransfer::next
I: MonitorObliviousTransfer::next
I: InitChooser::next
I: MonitorObliviousTransfer::next
I: RecvConstant::next
D: received message: c5aca440fcd1f6dbb29ce03ab943185d7a54c13e6cd16a783a06f9b66dc4e65840fa8b4b12a9de874aabee1a0e171503f101d809e64cdc0f0a9c5d5de538058d6a59f8cd27980da9c8fb125903ef4c5af438c34b3a8c5d2dc4cfc382dcc3869ce7787beba37d0d98450b5b2bbedeb3997fb757cd96155b68d55bfd8b9c5f1454223b6d55515d98ecf2d840b95cbac52257d4c5c587bb3698100de8f3fcbfff8a936fce1e4fce7ea1338c31a082c37cb96a7ebc8cc27f4eb8c8d6ad5c9b7b8b18dbbc3cf18603c9a7f8cf8729017bebbe2e3ffd24a5c619abcde3b5b6c77ac0c3c9b7a7bcc4897aa8e838a6cbbd52a86e607bb54051bb794f26bd6541e9f3ef1608a202c515f2da5b68d7c637398113f2325ec26eda7b74d54b5dd4990778f031de4605ff03fea4b322ee6cd9922466ec10229837a1d5f1976aca4c784814a1274b7296809d8b17fa4541b095657927e71d0428ff40e9da80275a2200f94cdbc370377ec6e80df69ee075af20c55a2342c27e58c4b688e499051a4d76e2849597
I: MonitorObliviousTransfer::next
I: GeneratePublicKey::next
D:  sending message (size 0.000768 MB)
I: MonitorObliviousTransfer::next
I: SendPublicKey::next
I: MonitorObliviousTransfer::next
I: RecvEncryptedMessages::next
I: MonitorObliviousTransfer::next
I: DecryptChosenMessage::next
I: MonitorObliviousTransfer::next
I: ChooserDone::next
I: MonitorObliviousTransfer::next
I: MonitorObliviousTransfer::next
I: InitChooser::next
I: MonitorObliviousTransfer::next
I: RecvConstant::next
D: received message: ba5088da08727ffd375d4844e04d2dd4b0574eaed9c439213cec63818814f71e5f10953a93ff9d7987c052fadda15e0d1648d1881c8324733175197c3842c50bd582eea27420b883c794c0c0b2f21a166fa7072041d6858a05488b4b0a894a96a15586a64ad37cd88ed020423356d7bba3c776478e75ef5325993ed607daa2bc4f9129947179094ebdfddb31e74b5b524d657014d232b5314c3f06b6842dbef5f66e38a35aea4c4fe429a3a6787224d9dff686a9e44d707ebf058a71d1d71309cbdc968977a7da40ed7d90fb0b6e59dcaf013846900f44cebe394ab51517b96c2bf661febfc2fab0e15a815e5fdc180787d6f6481c257549ccae2f4f51e3d1558023205c9dea1d73023f8c151c10e538621ba5097f7727f968da0d739af492dc8d5efd5f48825770332e4017d878d3f64d3ead5d93887b233ac864210be5a31b3f000e5d3ffd5c4631869b8458997acfbba32408b49d7d15f53724397cb9aba60e17a7d06e7bd0bc65da6a8b423cc8d19bfb5990bb67166bb0833a9a15234ec8
I: MonitorObliviousTransfer::next
I: GeneratePublicKey::next
D:  sending message (size 0.000768 MB)
I: MonitorObliviousTransfer::next
I: SendPublicKey::next
I: MonitorObliviousTransfer::next
I: RecvEncryptedMessages::next
I: MonitorObliviousTransfer::next
I: DecryptChosenMessage::next
I: MonitorObliviousTransfer::next
I: ChooserDone::next
I: MonitorObliviousTransfer::next
I: MonitorObliviousTransfer::next
I: InitChooser::next
I: MonitorObliviousTransfer::next
I: RecvConstant::next
D: received message: d62cade09ba8b12bc24270051a1859cabf15e8f3ae943acb711521bfa132258a5e41189c95d703dcdc2154445371b20f87786620ce7e82f17ad3bc16ee1498d55abebfd82a8604355bf0ea72db3093032019ac4cd07562c0a07b80286b046098764b526ca15e9d2c8c0abcbc156dc7ab733757cff94b21bbb6e65decf6a5ac0a8fde1a8e36cb2ebe4be9110085503c656718b8c62c8e7a436411ca5ec484c1335ee03555d1387b9bfb14b59443e0e0e4a76edacbb3e8adf289797e1d805712e266207388b4267c7726395e25aa80afa4c8faadc17d186d2c96608b95c41f613b38d9ec01fa270dac51a493ed19be8734a205baabc3abfc974a7a7ba2dae0dc7d49fdd9237599cb787eb89fa2902dd9d93149507aa0910a70a5d1225ec02ac50303913c724a831e6ae4a12fb4cb1ddc6da5a748d2d9dbdb3122fd7e63dd37dbcaa992549b9e90e80508cd64d62d2fe935eb2ba0af02a5cd85473e15286b93508588aee3c3df92c67ecde39323bad811678d258ed72cb2f5190a07231c3c7573bb
I: MonitorObliviousTransfer::next
I: GeneratePublicKey::next
D:  sending message (size 0.000768 MB)
I: MonitorObliviousTransfer::next
I: SendPublicKey::next
I: MonitorObliviousTransfer::next
I: RecvEncryptedMessages::next
I: MonitorObliviousTransfer::next
I: DecryptChosenMessage::next
I: MonitorObliviousTransfer::next
I: ChooserDone::next
I: MonitorObliviousTransfer::next
I: MonitorObliviousTransfer::next
I: InitChooser::next
I: MonitorObliviousTransfer::next
I: RecvConstant::next
D: received message: 48bdc4ca21639b8ca1b52e1fe175c09043c7013e9397ec18e584498e96afb098aa80b539262be25a3cbf536a238b21a46aa852955069209ecd05398e03a6078685e37c61cb2fbd16ccfb0295a8e05c1a1b915a3bfcdbd86b15f073303412715dc5652bf7e273ce66e9f8bf39ff77c3344cf1f813a4df9e4e47869e6c7a24cd885e9f5a26c4f8535c8e39e375f5645de54dcac264fb41882d49685eea8bab97160f2e8529cb5eb3c0d031964f6e6504e124e4f512a4c642eaf36db6a41b3bee0f83d48ea125fabbdc2cea4e994d3a4d389fea5dab662811aae82214bb1996ab01b1cef769e9a982c0dfd2c598398c1f5c398aa494c77638946bd7ec40cc2eac0940dde06b45c3df86bfd990095c45bb782b23fef589bb29aaef5b6e93b54935374d60292f9d1d07281996afc3169bfcfcbd60fc560b1095d883167e33ff47168183abec7aa55afb0f17470c02fbf81e242c72fcdea7c5f592eaa40736de2a9a8c37604a1a18b1a055a6343d9dc94b1ca0e589f355fd6ebc0f9ee830a1af0adaa2
I: MonitorObliviousTransfer::next
I: GeneratePublicKey::next
D:  sending message (size 0.000768 MB)
I: MonitorObliviousTransfer::next
I: SendPublicKey::next
I: MonitorObliviousTransfer::next
I: RecvEncryptedMessages::next
I: MonitorObliviousTransfer::next
I: DecryptChosenMessage::next
I: MonitorObliviousTransfer::next
I: ChooserDone::next
I: MonitorObliviousTransfer::next
I: MonitorObliviousTransfer::next
I: InitChooser::next
I: MonitorObliviousTransfer::next
I: RecvConstant::next
D: received message: 1dd4c2ae37a8222647ab50e966ae5d7f34fcb54d18b36f031552aeb429f824d53b11bb5e8d04ff4530eb47d1cf6a58fd9475ba8818beb9c2b6d81e0f657c1af922dc454acf8c2707b6804731d9d337411612c594a7d62a932a106223d904fdf987fc5c8cb88bc7fa921d5cadc6e72f0b8cf5bef0e700f970260b0710946fcafa02496e357cd06c66317745612b2d9740a5df8d3d1d6113c49e3ef09087071529909f26812e67624b7799e2285409d52b9551c04f0de6b54acbd50cd4851d7cdf5e4f9674168aca5076cd0104578a96a0c8bba0b4ff16cdfe4293d2f1590e89f2eac62dfa9f1ddaf4bf3e450539ded40017608a1f720a0703a639848abd1351716de209d059cac379afa2c07a55a6fa01cfb170a406a9462dc442e132be1db8d7fb973ec41c6223a74163b6eb4f6f361e30f946c82cef01db67d4cab8de5ab76d82ad611754e534be5a1976fd1bf5829e9938acaadb0e559bcb938be9b3f294eb19aba1d7d57365014fba1c16f787227a2118933d9eb231c234432610ba02f735
I: MonitorObliviousTransfer::next
I: GeneratePublicKey::next
D:  sending message (size 0.000768 MB)
I: MonitorObliviousTransfer::next
I: SendPublicKey::next
I: MonitorObliviousTransfer::next
I: RecvEncryptedMessages::next
I: MonitorObliviousTransfer::next
I: DecryptChosenMessage::next
I: MonitorObliviousTransfer::next
I: ChooserDone::next
I: MonitorObliviousTransfer::next
I: MonitorObliviousTransfer::next
I: InitChooser::next
I: MonitorObliviousTransfer::next
I: RecvConstant::next
D: received message: 61cb879e4dab9d18c1927ecba851a507266c363d040b011f2bee0dd0397b34635131747a41a1f013adff71a433028a81a859bf31c0a70172a4e961ddd644a5d1f463d5f81df116a1c5501e574872411c7b9cd252d42c801bb9c40191f42e11737776b172b561177c374434a21dde4c9780a88e8a11f1c9665754feb501b8437961ee13e8186f25353858be6c0fd62d35a32154a924c25b05696a49336a154581c28770a1b0c320e1a217537275ce4446ef94dc71f16ab11a6cc076ec59ba6d8174d8bbe20078f7d0bbfebec297f3c2ceec0bd0400362ce4cd832680ce49f6b73571c431e785fff1b00ad63306077e5a26229910912cbf467c94567f36eb87797360f88c7613beba5da95da8b14e3c37cb624c4d627b323257783b4eb565c48447b34249e76de9e75f74740ff85813685cf6076e5a509470d7be946ca39b1962c07ac55f55904bf8fa56fddcf937529ad38a73f10fdcbb3c342ac10a3746d2c302364f85a3e9d44701de8e6620a7bf9f6f468dd72bdb1d0904230807de80fca56
I: MonitorObliviousTransfer::next
I: GeneratePublicKey::next
D:  sending message (size 0.000768 MB)
I: MonitorObliviousTransfer::next
I: SendPublicKey::next
I: MonitorObliviousTransfer::next
I: RecvEncryptedMessages::next
I: MonitorObliviousTransfer::next
I: DecryptChosenMessage::next
I: MonitorObliviousTransfer::next
I: ChooserDone::next
I: MonitorObliviousTransfer::next
I: MonitorObliviousTransfer::next
I: InitChooser::next
I: MonitorObliviousTransfer::next
I: RecvConstant::next
D: received message: ccca62fda6caaaaa86b7c8f2be2884c5feee5d143e493e40280b5cf9b3f7e11ca17a76bae03267a4efa562ed756f5e4dc402f870e8d54c10d64418f268599912fdc9253e929c2696afd26a8497c8d4c95edf7d39626e322ccd8a28e0349064b279af0c2e2cb6af36e443480c096d6a000e85eb9dc1be5d35b7f34b7e3d7fcee0aff1b38b3317b97e2611001ba4ebdd43664538d713863b05a824b5f4f9c7be8f3049b177f32c7ccb0c3db2408ad75ebee03a6732f9a24951cb8b40cda94d89572a991db5092d7d790cf7df4425d5fd2ca2f76e5b6c4cf4588b17fceed555f2913a50b50262af737eda0b77a42b02af25f355190a74e883b7ae6c982996eeefe2d54c961a2b2e7c9ff5c9da543c060cc026fda20fd45617340409ab8f3266796ab218b6e0ddbb898726f1fd052da3ebbd3573f45a955901e31e3e9024be5f920f3ba600b4492467e2d1d725c144f7d5c2b427dd840ee6e937beee947d8aff0102e0b9cd752cf727ab42e3bdc553549d46ae2a634ca7e207a528b7788ed9440157
I: MonitorObliviousTransfer::next
I: GeneratePublicKey::next
D:  sending message (size 0.000768 MB)
I: MonitorObliviousTransfer::next
I: SendPublicKey::next
I: MonitorObliviousTransfer::next
I: RecvEncryptedMessages::next
I: MonitorObliviousTransfer::next
I: DecryptChosenMessage::next
I: MonitorObliviousTransfer::next
I: ChooserDone::next
I: MonitorObliviousTransfer::next
I: MonitorObliviousTransfer::next
I: InitChooser::next
I: MonitorObliviousTransfer::next
I: RecvConstant::next
D: received message: 1c6a2e5ce194f496491f826992d1c726cb7aea20f483652bdeb5dd776411aa603a273a1c1236e6ced3bdf8d484f673b4f210a3f18150b1d7325ff8584a437d1068a2057a65e860b453f9c5618b9d5f76e7887ce0ccacbc596bba14cce0c368ac8ed8a830d6d4f0c3a4e051d8c1bfdb1216147933fb251383b04c9300069202cb671b1aa0667304bc495d1cbc216d3e6da2330d6883d5f9a5b510196f907ee77ffc0efebe6319aac24d9d8df08fe4fa81a9a5053f82eb416ab6add36bad9d1be0105d3f39bea19692ef1b47c0710269850d626e779f2ad6276368f3df82f67ffa36e3c06391dc379a2808c91d012cca8b4773ef6e114666138298b500895562fdcbf92086d62451271ed25c11e79fe6c16bcceb44a61f57770d81b8cc9319d422feea15447166b9d73e9f2a310f0c8722b0b2f3beda590125a1756cd043b7c9f93820442cca875829d4a25dbe3f8ed2ef5ce2e52f9dd2c9b18f3a773d29160d666b31183f0dcdc688c64b189a8b223b1c29214ee2e7f69e559895945ff6239991
I: MonitorObliviousTransfer::next
I: GeneratePublicKey::next
D:  sending message (size 0.000768 MB)
I: MonitorObliviousTransfer::next
I: SendPublicKey::next
I: MonitorObliviousTransfer::next
I: RecvEncryptedMessages::next
I: MonitorObliviousTransfer::next
I: DecryptChosenMessage::next
I: MonitorObliviousTransfer::next
I: ChooserDone::next
I: MonitorObliviousTransfer::next
I: MonitorObliviousTransfer::next
I: InitChooser::next
I: MonitorObliviousTransfer::next
I: RecvConstant::next
D: received message: a758d38aa486f7884e86db17da78935aa178fdf699ef3c75bb5758613f32eb00d5a8851db4e42ec2c301564e7822571fdd3a298fbbb37403b840957c3b86f6fefb77c2bc0eb2a368938d5db266b435e61326414fcc6690b6499d931784442bf0456a7eb0d2d8ed63174495ad6bed4b5d0f89b4833df0ad86d6bbbaf2f9403166d798d414bfb07e8a36f39be5f12dc68a3268cb516d65f1d3d1ff24aa6fb25979e022e3b30a7574a775cb827ab662f4caa60d3a69334fc24b924b5e115b17deb42cf3deb50fc16aa00bcf5652535854d69b78f77c57a65309e2d97768c4b777b679ef7164ae266f74819cb21c287abf9a159b928ddb2fd06800335439a575ef2fed7dbeac44bdc20775123ceeb6b3776f4aa8feb4f9d6f0865d31365d765ec1acb41b042298e1466f1bcb7dd662d59ee93ac76a71e1d275247cbd023b69396a466d3bea448e011074347c5bcfc32d1caa4413181fde2cb74b0980a7cff1abb63977db24f66337959443380bfccbc4ccef578af0760d8916058663b4885e5351a3
I: MonitorObliviousTransfer::next
I: GeneratePublicKey::next
D:  sending message (size 0.000768 MB)
I: MonitorObliviousTransfer::next
I: SendPublicKey::next
I: MonitorObliviousTransfer::next
I: RecvEncryptedMessages::next
I: MonitorObliviousTransfer::next
I: DecryptChosenMessage::next
I: MonitorObliviousTransfer::next
I: ChooserDone::next
I: MonitorObliviousTransfer::next
I: MonitorObliviousTransfer::next
I: InitChooser::next
I: MonitorObliviousTransfer::next
I: RecvConstant::next
D: received message: c51e2a591129730eb3d6deee46456a1f2024e0ab291f921f6ef3eae4d550478baf83321a1989b518d769a62e47ec3f869d0b6597f247e9e213a9764d2e6480a98074c7c5191cfd12b3641721230e9c6b7bc9dfcfffa4c924765521f377d33adbd46640c0dde41ff083c9b14340205b0ffe6a77a7586da2a8725fdc48c0ae05058d4378da717bd7f63805863e489c8b9e64dfc308ba47142339757b62b24901121cb340d91ff20d1a6b23763c77dc1417849d5890e8bd8fc05848d5cfd93099b521adeb934398a9af0c811f5bb187982d426a889da74094af350a9a947b9df208592a98aa95685d70ee8c801b32dc0b407a7777519eb50091ad4143af7c97dec1cb915007f7ba977f1bcf9ad9521823aba78a0fcef7117507704e9a87b43eb3c6e9c444c5c5c9fc36003977c114c4c4107c8bb0716753ebf6b82d2f17962738d0a23dd5acb31b5b5987bcf9397d8ed3297e8eec195cc0cc70b1f3763a144db0d97b5c64353071ef87f81b6000509fd35eaf013ab2161b29b14b6f31deb771c940
I: MonitorObliviousTransfer::next
I: GeneratePublicKey::next
D:  sending message (size 0.000768 MB)
I: MonitorObliviousTransfer::next
I: SendPublicKey::next
I: MonitorObliviousTransfer::next
I: RecvEncryptedMessages::next
I: MonitorObliviousTransfer::next
I: DecryptChosenMessage::next
I: MonitorObliviousTransfer::next
I: ChooserDone::next
I: MonitorObliviousTransfer::next
I: MonitorObliviousTransfer::next
I: InitChooser::next
I: MonitorObliviousTransfer::next
I: RecvConstant::next
D: received message: 78f7126c16c7a46007710c65ab47d6c2a69c8cbdab9f6965eedb8b9383d352049c18708d305e6473cf3b72b7ea8d73a452469cce366cc110d22e805921eed4db87453867fa8386f66d81018d9fe0c6509892fb52c0c195945ed38a1836de37ec8ce6af66d925bfa3e8260f02b6c10600f8dc27b4d11a57cbeac4d6ade715c524424a675b829ea768edb3cb9c9fc8a7b0f3526e1ab57deff0eeae2edab261f35b1c302d3876705cf1b619b82d91cdf3ab6861fd9466bece61296a4a7981d6eb9b952f5f0bf82d8624d10a4a5895a1de783951f9915fc23896c7f71d8b63d8142151232e51345991645770527238b15d7c860c678dc75c5de8d233b26b069f49fa29a733f836d214cb989f93f73529761daff50473451d7ef49da06d7a290181081eaf74ae2d865e054fd6cb072676ddb940cd20186aa4ce54034f537095982878f991bcad26c05cd9166c6fc6916230aa7452af9208c7dbe850ca149a590ffa1ad0bbbfca4d4d8edfa50e79bd73b699ac5f8ca040928182247877f8932d0ac34f
I: MonitorObliviousTransfer::next
I: GeneratePublicKey::next
D:  sending message (size 0.000768 MB)
I: MonitorObliviousTransfer::next
I: SendPublicKey::next
I: MonitorObliviousTransfer::next
I: RecvEncryptedMessages::next
I: MonitorObliviousTransfer::next
I: DecryptChosenMessage::next
I: MonitorObliviousTransfer::next
I: ChooserDone::next
I: MonitorObliviousTransfer::next
I: MonitorObliviousTransfer::next
I: InitChooser::next
I: MonitorObliviousTransfer::next
I: RecvConstant::next
D: received message: 4957f2105cf0688323e25a314895c3ba222d0e1fdcf1749a673b18a406ad92231552c496c4c6c59efa145554bb73e2fbbcd1e087ba2d038a4977b5d0c6d233fe00682c5f00fff47c0370a35769175eacdae254cf159845e1a8e102cb3171165d27aabd7858f38947e759d3db12fcbf624cc719ebad69f94413beb870955ff71e66235d3f3b3a649e152c8222ecd11aa82a8f03bb0dfdc0e33c45ccd4951f24d0aced788f330ea24972cfdebfe9673562852d842cdfd1ffc56498d4202fe3ebbc6c84ecbe2625a0695ea289638ced375546cc0db8429df75868949c073dc38c1ed3c0b65f5f4295f22a012dacc5690219b0be9f7dfe8d8ef27a1b609d99fa4a08cc3d3e8cf03b2e1ebca1ca848a8b2c2a9c0be5bef0a91792615981dc8ccc89d656fb7d4ed1c99662943a6c8a66831c4c9757da0b27dd8e20d4e9936ee6df3e3a28aaedbd8fbc651a9b0c4e9c7e027616cea30a3915d016f1b89045de1b2132f125218c6bdb3a8f0260f3391c56902b770b14fec7a6ebebce8a6c7230147efc81
I: MonitorObliviousTransfer::next
I: GeneratePublicKey::next
D:  sending message (size 0.000768 MB)
I: MonitorObliviousTransfer::next
I: SendPublicKey::next
I: MonitorObliviousTransfer::next
I: RecvEncryptedMessages::next
I: MonitorObliviousTransfer::next
I: DecryptChosenMessage::next
I: MonitorObliviousTransfer::next
I: ChooserDone::next
I: MonitorObliviousTransfer::next
I: MonitorObliviousTransfer::next
I: InitChooser::next
I: MonitorObliviousTransfer::next
I: RecvConstant::next
D: received message: 246dbf0f061de68862d1e7b1fcc84205b2ce74b3ebd1779377ddc87adbd2e40a2e0b8a0cf69913bd0e63ab5aba1f9dd237478710889f82effdac989626f8ff00414c51e248e060bfc71b331abc6eb06f4a568c66583ada36d3d82ae76052f5d3971f7e2c65429ef84dbf11573b235dba89f6ea7c72476c3907fed90e0c3608d66b5a02fce2288d9408ad3f8cfc6b1beb4a152da0faf0916d70ccb3a80d92b6b92a1c3ba30aad80166f5b413db5382a5115a7451a3918b0de1b11c0843f0d7da24a233e8942115b90b4268caf6a578a4772a3db25cb91fa03c57456ca75b945dd3ee574c4bfbf8486a82d9e51b50943635d99749693f77b8f7b8641771f73a0be74d047eb90416ee774d5f73101c9d4ad6773f150ff4ce5892644ece6575a0382125a530bbdb3bd33cb7a8ab4cc08f5cd19831f1f85cb89f03ca2dc28f012edaedd6ad307640a61c75b659df9f0bb203dcf5a42e970b0bd3e61b4e46a414fe8cd6ef17f60084db5e35158decb07250676fbf383d9c276eaff723f1818ab5777f1
I: MonitorObliviousTransfer::next
I: GeneratePublicKey::next
D:  sending message (size 0.000768 MB)
I: MonitorObliviousTransfer::next
I: SendPublicKey::next
I: MonitorObliviousTransfer::next
I: RecvEncryptedMessages::next
I: MonitorObliviousTransfer::next
I: DecryptChosenMessage::next
I: MonitorObliviousTransfer::next
I: ChooserDone::next
I: MonitorObliviousTransfer::next
I: MonitorObliviousTransfer::next
I: InitChooser::next
I: MonitorObliviousTransfer::next
I: RecvConstant::next
D: received message: 714eab2cdcd21646f8553055e2e695ab781e58966c3fa79123bef6b61061f1c3e2434791b1c3b6b4bb5725d5938d8cc27969dc5e81c9d560ec9e5786c99acab140d18fea9f834da3f1faae88142ecc07b66e780b43222e36bdb0a0545dffe5547c793fd4891f635d6135829d62829f3b90d12ef150d3f99f7e8a6abb3c8a6824ba628e6ac522e926640fe5d7903fbba080c66103417e3a13e526c45a59bac86dd9f0739c5cae9b56dbb2ca6d0a6d4423e7709f4c596b1a5218f880447d647a76dc094d5430413ae28ce53c25f2392b603be112611eb92971fa1cacc4b5eff85a1cea507c95e78aec3951b9473031b3d723c01e65c645da7fbac9c140cbd7a8471ce3f4baff02362b029b056b2017993afb461810bc0c0f56e3ae5e1c153a818760961c26c57afcb94eb23ba542948a9267418ce25f7aef01db5597f58e62fca8d20351533886ee924f3f4440f7a253bb0ca938b7c9a7f30369bc47051debaedbc28c5e5ba9a227a213cf0b980d48a862517e84f72234b7518fefefd3ace5388d
I: MonitorObliviousTransfer::next
I: GeneratePublicKey::next
D:  sending message (size 0.000768 MB)
I: MonitorObliviousTransfer::next
I: SendPublicKey::next
I: MonitorObliviousTransfer::next
I: RecvEncryptedMessages::next
I: MonitorObliviousTransfer::next
I: DecryptChosenMessage::next
I: MonitorObliviousTransfer::next
I: ChooserDone::next
I: MonitorObliviousTransfer::next
I: MonitorObliviousTransfer::next
I: InitChooser::next
I: MonitorObliviousTransfer::next
I: RecvConstant::next
D: received message: 4da57ba44fafd98c150b1f5c3861b3513b85dfdee44d5479f4e0718abb0c324e7869185ed9cc12df2bf4beb3004a7a647b208d415124003902c18dfa943b0fed88403aff4ef8431ede66df0127fd8951b0387b68cf4650d35b2b6dc6e5d5b5a2bf6913ba83488136bc00ff893be9ad999a96b05f4c5a0b8350e129c9d54d6ed9fe09225dcda9eb0883c6351e70015fa28d5c1256940eacedb739235375fc7aca08aaada652e71c4aa86c5e7ba60c5fb9844ca7802e943330bfa2e0f67aa5b07aa1846b6dd9b4712df99f5600563b4b1aa6a92e38dc8bc4df0dd1707c6914c831a8f857f0c20c0019151789310e5a4c553c6c1fe77a0cdcd38ba9676a21954b1ad4682af22092d42977ac7c76ab98db197ff0885b3c4e192adf53e0c1afdab2b2373d4f93efdfe8a2139da912f7e236fc29378bc7b805775a57fb2d48809d50218dd54e4c31f5b0043aa75ac7424f9489bc459d62e9c3554de489c5d2e06319607731938d77210939eb3fa29650766e2f4824c08a4bcf5c87a3a5af3e56310ef0
I: MonitorObliviousTransfer::next
I: GeneratePublicKey::next
D:  sending message (size 0.000768 MB)
I: MonitorObliviousTransfer::next
I: SendPublicKey::next
I: MonitorObliviousTransfer::next
I: RecvEncryptedMessages::next
I: MonitorObliviousTransfer::next
I: DecryptChosenMessage::next
I: MonitorObliviousTransfer::next
I: ChooserDone::next
I: MonitorObliviousTransfer::next
I: MonitorObliviousTransfer::next
I: InitChooser::next
I: MonitorObliviousTransfer::next
I: RecvConstant::next
D: received message: 6c692dffb0ab73242827539434c2b066b712d638c2c9a5df75bb08773079c0997e5951e18052f3d8467408fa1f5f38523818a966df26dd54aa2d2b9b64404d84b3caf105f5b28886996e9a914742964361ff003f826086b8c0114f3235462cb659640c028c874fea4667bed5bb13e101e5db2277c870dbde12eeff619f3c1175082f44a1fba3d231b88d4711d2ca3d828fba0f5437decab089e22b9ad99bd752ed8462f3921836d58a9c165cf4a63fc1891ad4a969661e33fa4b3a434bbc8c347aa52f0afa88a680164fa99f93ed909ef6ce2de94f6a08d05a8580e71f5b48b4eb9fe1aa712956283fc46b9771fc036d8186627f9826214e9d1963e7ad1f1012b4414941a3f9d0ce166af93a7e52904d09563ca226db7481a23d508cd5deadc62aad09a47a241bc3ffa9f54792fd49e57d87b727ef1070663aa04fefc54f358cdd0706fa421ca4e4b31325a31f04acfbdbcc187120228f922f673d7e5fe4bb6d58fac5d2872a4c370bdc641af8b50a3f7804f3d399305f15e32210f39c4746aa
I: MonitorObliviousTransfer::next
I: GeneratePublicKey::next
D:  sending message (size 0.000767 MB)
I: MonitorObliviousTransfer::next
I: SendPublicKey::next
I: MonitorObliviousTransfer::next
I: RecvEncryptedMessages::next
I: MonitorObliviousTransfer::next
I: DecryptChosenMessage::next
I: MonitorObliviousTransfer::next
I: ChooserDone::next
I: MonitorObliviousTransfer::next
I: MonitorObliviousTransfer::next
I: InitChooser::next
I: MonitorObliviousTransfer::next
I: RecvConstant::next
D: received message: b9773b9f4adfe8a8676d0e6980608aafec6cc6ab4fe023ea9102a35d617c59aa2ec62244b24c625f626a1138d4fa8266c536b857e6e3287522718be77062ba658413eddf38f5e87bc75cc47aa6c4bd1b24281dd5959df64f7ae5994061d3f562de6168b1d57433054c83ef6be906e862f5305d1291ee6140141dead6ab643472e460e5631c693efeb781a75fa296820ec093c283775906c63ce904eb29e2d6f5afd9c2916097c2e2c9f1838e8ee1c9191c83626b4ad57427613d27e5ebbe7c9b15a443dcf462b3070dad13e07ddad4bda6c4637090e3928ed1879b1ebe291792b1f07ee06a8d701c850e5d0cf64252632cee6058576bc16fb0917c537c343eddcb1fae647e8843d6d89150afd5de13ac5fd54ec56604a31c9507b2f6a008a27624eb6c5e4ed59735db26cad12b070a27799045a609c32ad01b2fab66d1e4c74b7227673b67781e3b5c4bc89f2457d23aea42e9ab13bc916141707ac1582f9a48652ea6cbb75452d7ab1e5525c2d26817bd451336875f08e8c8182217cd241b52
I: MonitorObliviousTransfer::next
I: GeneratePublicKey::next
D:  sending message (size 0.000768 MB)
I: MonitorObliviousTransfer::next
I: SendPublicKey::next
I: MonitorObliviousTransfer::next
I: RecvEncryptedMessages::next
I: MonitorObliviousTransfer::next
I: DecryptChosenMessage::next
I: MonitorObliviousTransfer::next
I: ChooserDone::next
I: MonitorObliviousTransfer::next
I: MonitorObliviousTransfer::next
I: InitChooser::next
I: MonitorObliviousTransfer::next
I: RecvConstant::next
D: received message: f600be238303343112f1b34e58b17447d7e508ebd613c3133454fdc576d910f0843352ea6a4c95daae7f5e5a8c927efc5a4072f94109254066e82f75d650a194c2a11b16081787ab31382d3b6ff59abdc0de64b234a9679b81602d0ffe6ffd3c4ab330cdd10d882f56da1ff77bb843ae88b154e5e50f59f00c449afd1c496e21805f3058e6b835cc2a8e152050587fe53fe92a4c97212984b160f7a40a27be74225558367d22f77099408c10eb62157651de6fb25db7f36aab84d38740b27780a45a919d62c9fdb2020d6d8bf0940451710d27e9d1a6f42d26c59507367aca806471e82cfca39f24b101d5043971a81c29db16f60615154f3d243a9fed79df19731444595d45c85c67e0b8c11886b9995b1a328d391e0ecd7a301d4cda246ae22270675d50a7a514d4efe6a3c3e32b266e88235cd8f705e81bc17af069ccd189691e6951cce4b0fdffb0fc4287f76a7f1316bac652a41154c7b2b43ccd161ec0022a6062e41bc9708af2fa404ca2e94a5fbb4d461657c50e222832f0a5cf9432
I: MonitorObliviousTransfer::next
I: GeneratePublicKey::next
D:  sending message (size 0.000768 MB)
I: MonitorObliviousTransfer::next
I: SendPublicKey::next
I: MonitorObliviousTransfer::next
I: RecvEncryptedMessages::next
I: MonitorObliviousTransfer::next
I: DecryptChosenMessage::next
I: MonitorObliviousTransfer::next
I: ChooserDone::next
I: MonitorObliviousTransfer::next
I: MonitorObliviousTransfer::next
I: EvaluateCircuit::next
D:   evaluating gate 10000
D:   evaluating gate 20000
D:  sending message (size 0.000001 MB)
I: SendOutputBit::next
I: ==== round duration: 279626.406250 ms ====
I: CopyMonitorStateLabels::next
I: RecvGarbledGates::next
I: RecvSystemInputLabels::next
I: RecvFlagBitLabels::next
I: EvaluateCircuit::next
D:   evaluating gate 10000
D:   evaluating gate 20000
D:  sending message (size 0.000001 MB)
I: SendOutputBit::next
I: ==== round duration: 274140.968750 ms ====
I: FaultObserved::next
I: MonitorDone::next
