I: parsing spec file timekeeper+.v...
I: parsing BLIF file synth.blif...
D: inputs and outputs parsed.
D: circuit initialized.
D: connections (#2018) parsed.
D: gates (#20547) parsed.
D: outputs: 23047 23050 23053 23056 23059 23062 23065 23068 23071 23074 23077 23080 23083 23086 23089 23092 23095 23098 23101 23104 23107 23110 23113 23116 23119 23122 23125 23128 23131 23134 23137 23143 23045 
D: circuit size: 23144
D: adding identity gates for outputs...
D: outputs after identity: 23177 23178 23179 23180 23181 23182 23183 23184 23185 23186 23187 23188 23189 23190 23191 23192 23193 23194 23195 23196 23197 23198 23199 23200 23201 23202 23203 23204 23205 23206 23207 23208 23209 
D: circuit size after identity: 23210
I: initializing safe primes...
I: using prime modulus 1552518092300708935130918131258481755631334049434514313202351194902966239949102107258669453876591642442910007680288864229150803718918046342632727613031282983744380820890196288509170691316593175367469551763119843371637221007210577919
D:  sending message (size 0.000005 MB)
I: InitMonitor::next
I: GenerateDriverLabels::next
D:   driver labels generated in 14842.431641 ms
I: GenerateInWireKeys::next
D:   in-wire keys generated in 10614.065430 ms
D: SendLabels::message
D:   generating in-wire labels for 20618 gates
D:   10000 gates processed
D:   20000 gates processed
D:   in-wire labels generated in 5247.758789 ms
D:  gateCount: 20618
D:  sending message (size 12.433570 MB)
I: SendLabels::next
I: RecvGarbledGates::next
I: RecvSystemInputLabels::next
I: RecvFlagBitLabels::next
I: MonitorObliviousTransfer::next
I: InitChooser::next
I: MonitorObliviousTransfer::next
I: RecvConstant::next
D: received message: 5feece07bd6f447f52b34b9632cfcbcb3d299d54ec0aecc67127246b0098d3e6384e5c771404ffd92be59f440e33190d4c18349726cc4e447af1161b03bdf297825e72493a6e50fe214bf4eef631446acf54252af1808143bcefcc642fb9bf3f
I: MonitorObliviousTransfer::next
I: GeneratePublicKey::next
D:  sending message (size 0.000192 MB)
I: MonitorObliviousTransfer::next
I: SendPublicKey::next
I: MonitorObliviousTransfer::next
I: RecvEncryptedMessages::next
I: MonitorObliviousTransfer::next
I: DecryptChosenMessage::next
I: MonitorObliviousTransfer::next
I: ChooserDone::next
I: MonitorObliviousTransfer::next
I: MonitorObliviousTransfer::next
I: InitChooser::next
I: MonitorObliviousTransfer::next
I: RecvConstant::next
D: received message: 7f86b1f173f5694fa6732e4ac4bc5028dd857705e90a432d4f2da587fb0ac98ae1347d9e61683dd86ca6e766837a74641fb519834748eaa3cf147ed04cbae7afdb6205edcc92ccbd191363cb18ee2a4b47f6595faa48e58e6a831506603d3f2b
I: MonitorObliviousTransfer::next
I: GeneratePublicKey::next
D:  sending message (size 0.000191 MB)
I: MonitorObliviousTransfer::next
I: SendPublicKey::next
I: MonitorObliviousTransfer::next
I: RecvEncryptedMessages::next
I: MonitorObliviousTransfer::next
I: DecryptChosenMessage::next
I: MonitorObliviousTransfer::next
I: ChooserDone::next
I: MonitorObliviousTransfer::next
I: MonitorObliviousTransfer::next
I: InitChooser::next
I: MonitorObliviousTransfer::next
I: RecvConstant::next
D: received message: 41fe2cbe9e0332853c51f5debc32f025714ccf0c531c0510056645cb6c151f9744223fd992c0d03b93f3cfb236ac1e3cf6d08e25560fa1f5240a210cf6022f7e829ff53e57c1b0b0a3ee5f4015707ad2df47820d6b43691e68abfbe3b3893e34
I: MonitorObliviousTransfer::next
I: GeneratePublicKey::next
D:  sending message (size 0.000192 MB)
I: MonitorObliviousTransfer::next
I: SendPublicKey::next
I: MonitorObliviousTransfer::next
I: RecvEncryptedMessages::next
I: MonitorObliviousTransfer::next
I: DecryptChosenMessage::next
I: MonitorObliviousTransfer::next
I: ChooserDone::next
I: MonitorObliviousTransfer::next
I: MonitorObliviousTransfer::next
I: InitChooser::next
I: MonitorObliviousTransfer::next
I: RecvConstant::next
D: received message: 234a40be9c10188c03c90c92183cc6a9cf13baa1cdf3955047144dfc16bfed61e34aa5468b535a4defc63ff1820170d7efde6e08537b75ff921c8659f28bc2ed5516299a2fc70e1450b51beb8ae7fdfa78850dbcd397b0a1f08eef76f16dfbc1
I: MonitorObliviousTransfer::next
I: GeneratePublicKey::next
D:  sending message (size 0.000192 MB)
I: MonitorObliviousTransfer::next
I: SendPublicKey::next
I: MonitorObliviousTransfer::next
I: RecvEncryptedMessages::next
I: MonitorObliviousTransfer::next
I: DecryptChosenMessage::next
I: MonitorObliviousTransfer::next
I: ChooserDone::next
I: MonitorObliviousTransfer::next
I: MonitorObliviousTransfer::next
I: InitChooser::next
I: MonitorObliviousTransfer::next
I: RecvConstant::next
D: received message: dee87906f9b70f306e1cbed17296e9900a5b662ce889666ac9270e0b36a205d1e0a46b1cb7748325af75d940f8c918988bfaedcd9ee8a178d32485f88523073d527fb1e1e8bbd438996230a539793feeadbaae71dedca934cbf6a3b0ef066065
I: MonitorObliviousTransfer::next
I: GeneratePublicKey::next
D:  sending message (size 0.000192 MB)
I: MonitorObliviousTransfer::next
I: SendPublicKey::next
I: MonitorObliviousTransfer::next
I: RecvEncryptedMessages::next
I: MonitorObliviousTransfer::next
I: DecryptChosenMessage::next
I: MonitorObliviousTransfer::next
I: ChooserDone::next
I: MonitorObliviousTransfer::next
I: MonitorObliviousTransfer::next
I: InitChooser::next
I: MonitorObliviousTransfer::next
I: RecvConstant::next
D: received message: d3ceaadba31b6f6fa4889fad84440c6d346b9c448f7e05718f6c022d046e6a369a0ebf24ec1ded8da1c3b9ac09ef979fb41736338aa85935f548212c3c9a6a564c3f91796d54299623917e8e7dbafbb7f13d52552a218b3d1c62df7dac59c90c
I: MonitorObliviousTransfer::next
I: GeneratePublicKey::next
D:  sending message (size 0.000192 MB)
I: MonitorObliviousTransfer::next
I: SendPublicKey::next
I: MonitorObliviousTransfer::next
I: RecvEncryptedMessages::next
I: MonitorObliviousTransfer::next
I: DecryptChosenMessage::next
I: MonitorObliviousTransfer::next
I: ChooserDone::next
I: MonitorObliviousTransfer::next
I: MonitorObliviousTransfer::next
I: InitChooser::next
I: MonitorObliviousTransfer::next
I: RecvConstant::next
D: received message: 6fc44cb2ac3be2bbb4e4eecc0234a3ada0f82419ca51f4bd8d74f95d9e01e9dff237858976c45fcdeef7f9a2df32cb7416af6b8e634814724daf619f1cc3025c54059fdf3c2544ef8256e20aa6d70fdb8432ba5c759805ad0aa98944ef96679a
I: MonitorObliviousTransfer::next
I: GeneratePublicKey::next
D:  sending message (size 0.000192 MB)
I: MonitorObliviousTransfer::next
I: SendPublicKey::next
I: MonitorObliviousTransfer::next
I: RecvEncryptedMessages::next
I: MonitorObliviousTransfer::next
I: DecryptChosenMessage::next
I: MonitorObliviousTransfer::next
I: ChooserDone::next
I: MonitorObliviousTransfer::next
I: MonitorObliviousTransfer::next
I: InitChooser::next
I: MonitorObliviousTransfer::next
I: RecvConstant::next
D: received message: 1579da7a2adc3518e4503cd4900eebf76b7f62605a27d68a10292108d5f2568d9e7834612d2fb02055ea8f1caf31f9d7f71d8f3fd1163f47bd8546b87bab606cfae34b955c76cc0c4e38ffac60e9ce734c618b58e690eb3ad96cf37a72f9bbca
I: MonitorObliviousTransfer::next
I: GeneratePublicKey::next
D:  sending message (size 0.000192 MB)
I: MonitorObliviousTransfer::next
I: SendPublicKey::next
I: MonitorObliviousTransfer::next
I: RecvEncryptedMessages::next
I: MonitorObliviousTransfer::next
I: DecryptChosenMessage::next
I: MonitorObliviousTransfer::next
I: ChooserDone::next
I: MonitorObliviousTransfer::next
I: MonitorObliviousTransfer::next
I: InitChooser::next
I: MonitorObliviousTransfer::next
I: RecvConstant::next
D: received message: e83691932437d25febf49dbe9ff435afb5ddc7ab7dc30bc8ef2c359b450cb872b256136895e79d1b9d74437bd2ec403787a39ae00f550d2a8681aa4fb1cc76a4769986d2c544f2979bcbc39ce0f9b12beaef0acaa28c221cced8f88ec451c6a8
I: MonitorObliviousTransfer::next
I: GeneratePublicKey::next
D:  sending message (size 0.000192 MB)
I: MonitorObliviousTransfer::next
I: SendPublicKey::next
I: MonitorObliviousTransfer::next
I: RecvEncryptedMessages::next
I: MonitorObliviousTransfer::next
I: DecryptChosenMessage::next
I: MonitorObliviousTransfer::next
I: ChooserDone::next
I: MonitorObliviousTransfer::next
I: MonitorObliviousTransfer::next
I: InitChooser::next
I: MonitorObliviousTransfer::next
I: RecvConstant::next
D: received message: fb5bf3138f8191ebb2d709bd6c1b95e4fae7ea1a651cb808e022fdf24569cae8e8d9ce1fe59492ad004b75da8f1cb576f90658d89d273ab1b8d19528d0651d86258b9968159bd8b0aa39fae54223b33d3d6774362b7d963f592278018a9647d9
I: MonitorObliviousTransfer::next
I: GeneratePublicKey::next
D:  sending message (size 0.000192 MB)
I: MonitorObliviousTransfer::next
I: SendPublicKey::next
I: MonitorObliviousTransfer::next
I: RecvEncryptedMessages::next
I: MonitorObliviousTransfer::next
I: DecryptChosenMessage::next
I: MonitorObliviousTransfer::next
I: ChooserDone::next
I: MonitorObliviousTransfer::next
I: MonitorObliviousTransfer::next
I: InitChooser::next
I: MonitorObliviousTransfer::next
I: RecvConstant::next
D: received message: 7b92ffe393c72cab4a8196baad31a18f4a384400dfb2cacfe7e37a175d8b123700c30f8123439a2c0a21a521ff3c7de0138e66e6f3cb73f9edea603c036f31abf201203ebdb4b67567fbc00a37902473027c40ea3e3baedfe205dd49fb32fe54
I: MonitorObliviousTransfer::next
I: GeneratePublicKey::next
D:  sending message (size 0.000192 MB)
I: MonitorObliviousTransfer::next
I: SendPublicKey::next
I: MonitorObliviousTransfer::next
I: RecvEncryptedMessages::next
I: MonitorObliviousTransfer::next
I: DecryptChosenMessage::next
I: MonitorObliviousTransfer::next
I: ChooserDone::next
I: MonitorObliviousTransfer::next
I: MonitorObliviousTransfer::next
I: InitChooser::next
I: MonitorObliviousTransfer::next
I: RecvConstant::next
D: received message: f813116cc2d4f757a0c53e0890328b5fbfb4b463475c39f8ec30c7c3368dc044e1beaef0fb305b9d62ac304191bd0a92052d0ddb0c3fd074a423cc26290494efae01060be52d1c6e9f3ddf6feef9d8c56ceb11608f15ea65d17bfbf54378b413
I: MonitorObliviousTransfer::next
I: GeneratePublicKey::next
D:  sending message (size 0.000192 MB)
I: MonitorObliviousTransfer::next
I: SendPublicKey::next
I: MonitorObliviousTransfer::next
I: RecvEncryptedMessages::next
I: MonitorObliviousTransfer::next
I: DecryptChosenMessage::next
I: MonitorObliviousTransfer::next
I: ChooserDone::next
I: MonitorObliviousTransfer::next
I: MonitorObliviousTransfer::next
I: InitChooser::next
I: MonitorObliviousTransfer::next
I: RecvConstant::next
D: received message: cf4911b46d270cebb47421fbc6b7fdae6e47a91dbac4bc3867172f1bf53ad04e9ddf845d4cd75805dc6ce356eadb4e52a2be1faa23006581d28e911c5be9fc0f40d927b90020bf25543919ec5f05458987cccbb05add3ce412a0020d55b61306
I: MonitorObliviousTransfer::next
I: GeneratePublicKey::next
D:  sending message (size 0.000192 MB)
I: MonitorObliviousTransfer::next
I: SendPublicKey::next
I: MonitorObliviousTransfer::next
I: RecvEncryptedMessages::next
I: MonitorObliviousTransfer::next
I: DecryptChosenMessage::next
I: MonitorObliviousTransfer::next
I: ChooserDone::next
I: MonitorObliviousTransfer::next
I: MonitorObliviousTransfer::next
I: InitChooser::next
I: MonitorObliviousTransfer::next
I: RecvConstant::next
D: received message: 501ea8292cc60703dac430b742573492f56ada9303482b74cdc5fe61431574f4db77332bb789fcfc80431923464c88a526a0add787a960322e3572749f34b844e0527b45b60364b8a10398912d449e7d6d99bce2400fbd3f337dde3c61847afe
I: MonitorObliviousTransfer::next
I: GeneratePublicKey::next
D:  sending message (size 0.000192 MB)
I: MonitorObliviousTransfer::next
I: SendPublicKey::next
I: MonitorObliviousTransfer::next
I: RecvEncryptedMessages::next
I: MonitorObliviousTransfer::next
I: DecryptChosenMessage::next
I: MonitorObliviousTransfer::next
I: ChooserDone::next
I: MonitorObliviousTransfer::next
I: MonitorObliviousTransfer::next
I: InitChooser::next
I: MonitorObliviousTransfer::next
I: RecvConstant::next
D: received message: bb5408bc9e1e5b94ff594ac5b0380e0e5d914681a2d699f3a91bbd346dc00279bf6d781a509dc6a5cf5c899b9b32b1e2a354974c460e2c43db69cc96d81c0929e687415a347c9b812fa2553790d5387909905edb3e8ffe3ad768c8489dd5ac3a
I: MonitorObliviousTransfer::next
I: GeneratePublicKey::next
D:  sending message (size 0.000192 MB)
I: MonitorObliviousTransfer::next
I: SendPublicKey::next
I: MonitorObliviousTransfer::next
I: RecvEncryptedMessages::next
I: MonitorObliviousTransfer::next
I: DecryptChosenMessage::next
I: MonitorObliviousTransfer::next
I: ChooserDone::next
I: MonitorObliviousTransfer::next
I: MonitorObliviousTransfer::next
I: InitChooser::next
I: MonitorObliviousTransfer::next
I: RecvConstant::next
D: received message: c1b7de8f7372de4b7e81ea2a3a21f34f80cb258aff8df5981d9ad6196716e7912ca6b843b30eda4eb3be9cfdd56da209d1ad8a3be7d97e8f41c013645fc6ed2b80bcac32a76915e51e51445d2e458dff25afb264a31fd55303ea60728a71b867
I: MonitorObliviousTransfer::next
I: GeneratePublicKey::next
D:  sending message (size 0.000191 MB)
I: MonitorObliviousTransfer::next
I: SendPublicKey::next
I: MonitorObliviousTransfer::next
I: RecvEncryptedMessages::next
I: MonitorObliviousTransfer::next
I: DecryptChosenMessage::next
I: MonitorObliviousTransfer::next
I: ChooserDone::next
I: MonitorObliviousTransfer::next
I: MonitorObliviousTransfer::next
I: InitChooser::next
I: MonitorObliviousTransfer::next
I: RecvConstant::next
D: received message: 9370932115edbef10ebdcda894adf6ae33509b650c58aefe81e91b5f42d731077084787ab03a56f962ce343e03437268a4da118b16cdb9e8adc77d6c76ed6ce50c848801571b428c4d388c67e0bb670a89bdeac063ba08a85fa7ac00d024bc15
I: MonitorObliviousTransfer::next
I: GeneratePublicKey::next
D:  sending message (size 0.000192 MB)
I: MonitorObliviousTransfer::next
I: SendPublicKey::next
I: MonitorObliviousTransfer::next
I: RecvEncryptedMessages::next
I: MonitorObliviousTransfer::next
I: DecryptChosenMessage::next
I: MonitorObliviousTransfer::next
I: ChooserDone::next
I: MonitorObliviousTransfer::next
I: MonitorObliviousTransfer::next
I: InitChooser::next
I: MonitorObliviousTransfer::next
I: RecvConstant::next
D: received message: 23dbf8ff50961c7ea9330dd5612f3a0961df89ba72848a19592651caf49675bbe790609de205b2e24ebbe6567dc662584f2070633b8e8e957e7b1eca16182e66c9ed4a35fdcff5105b8931948aeb53e7ea26dd3224a91a71bb932232fa6a2552
I: MonitorObliviousTransfer::next
I: GeneratePublicKey::next
D:  sending message (size 0.000192 MB)
I: MonitorObliviousTransfer::next
I: SendPublicKey::next
I: MonitorObliviousTransfer::next
I: RecvEncryptedMessages::next
I: MonitorObliviousTransfer::next
I: DecryptChosenMessage::next
I: MonitorObliviousTransfer::next
I: ChooserDone::next
I: MonitorObliviousTransfer::next
I: MonitorObliviousTransfer::next
I: InitChooser::next
I: MonitorObliviousTransfer::next
I: RecvConstant::next
D: received message: a0ee18ee5c5b532c661db689ce07ea70fca47c33f5fdefb56ee1d8f037a41fd8d3d393ef8bfa0ed6ae7b0c22c6077f5482cd506b1af5490df807fbd6dbe325b213379997c1b894674bfd6c12003d9bed53dbfc9e80e5e18dd45c325ffe02781c
I: MonitorObliviousTransfer::next
I: GeneratePublicKey::next
D:  sending message (size 0.000192 MB)
I: MonitorObliviousTransfer::next
I: SendPublicKey::next
I: MonitorObliviousTransfer::next
I: RecvEncryptedMessages::next
I: MonitorObliviousTransfer::next
I: DecryptChosenMessage::next
I: MonitorObliviousTransfer::next
I: ChooserDone::next
I: MonitorObliviousTransfer::next
I: MonitorObliviousTransfer::next
I: InitChooser::next
I: MonitorObliviousTransfer::next
I: RecvConstant::next
D: received message: da86474353ad0fe8415dcddbdff9f819dbc63f1309a401156047f8936d0777e946a0a83174b87d40abe31c2098ffbd18269b79bc7ca12ade9b758f45e3cf08675b9c8ce2b3f19405c83a4f530110cf9e2f907fcaf04778ee746ae9400de1eceb
I: MonitorObliviousTransfer::next
I: GeneratePublicKey::next
D:  sending message (size 0.000192 MB)
I: MonitorObliviousTransfer::next
I: SendPublicKey::next
I: MonitorObliviousTransfer::next
I: RecvEncryptedMessages::next
I: MonitorObliviousTransfer::next
I: DecryptChosenMessage::next
I: MonitorObliviousTransfer::next
I: ChooserDone::next
I: MonitorObliviousTransfer::next
I: MonitorObliviousTransfer::next
I: InitChooser::next
I: MonitorObliviousTransfer::next
I: RecvConstant::next
D: received message: d582da3f8ac26737988a7e3fba62241032dc2ab5c96bb700131f7f9a19ce0c05c342937b3b0276d96bdfaa8e6a7b5a60d39033505543c365c4ce20aedc77257c00b4c0dd699c765951d8c29e393ffb693ce0b2d2ee720eae6c19dc940cf8dc28
I: MonitorObliviousTransfer::next
I: GeneratePublicKey::next
D:  sending message (size 0.000192 MB)
I: MonitorObliviousTransfer::next
I: SendPublicKey::next
I: MonitorObliviousTransfer::next
I: RecvEncryptedMessages::next
I: MonitorObliviousTransfer::next
I: DecryptChosenMessage::next
I: MonitorObliviousTransfer::next
I: ChooserDone::next
I: MonitorObliviousTransfer::next
I: MonitorObliviousTransfer::next
I: InitChooser::next
I: MonitorObliviousTransfer::next
I: RecvConstant::next
D: received message: a1b954623685837e8250051c463ef46cca1730b1c822cd78cc250f66a4a4cb13d81db26b26c8dc0d899387c11f72808089d0999a73624df45956d28142322193697d39948d7ea6c6715e94ec946431fedf465b0708484a3bbc9ab0035572c20d
I: MonitorObliviousTransfer::next
I: GeneratePublicKey::next
D:  sending message (size 0.000191 MB)
I: MonitorObliviousTransfer::next
I: SendPublicKey::next
I: MonitorObliviousTransfer::next
I: RecvEncryptedMessages::next
I: MonitorObliviousTransfer::next
I: DecryptChosenMessage::next
I: MonitorObliviousTransfer::next
I: ChooserDone::next
I: MonitorObliviousTransfer::next
I: MonitorObliviousTransfer::next
I: InitChooser::next
I: MonitorObliviousTransfer::next
I: RecvConstant::next
D: received message: 61db8a98ee6dd0723609052dd6a1df54a0348bc7719685094b300ae96ea0c5b278b367e616f3c5d583da6772e4f92d5a9835ba957c397b503bb1cc16b2661d59e3e08f39add962a09343a50cde0dab1dbbf89b87a086dab24d80f3c4b7410da5
I: MonitorObliviousTransfer::next
I: GeneratePublicKey::next
D:  sending message (size 0.000192 MB)
I: MonitorObliviousTransfer::next
I: SendPublicKey::next
I: MonitorObliviousTransfer::next
I: RecvEncryptedMessages::next
I: MonitorObliviousTransfer::next
I: DecryptChosenMessage::next
I: MonitorObliviousTransfer::next
I: ChooserDone::next
I: MonitorObliviousTransfer::next
I: MonitorObliviousTransfer::next
I: InitChooser::next
I: MonitorObliviousTransfer::next
I: RecvConstant::next
D: received message: 2a2f108f51184563ea4fc2f46f5445783e3466cbcc1565235b205e204fddeb3dd49c1e36b3c36ce3ebee8a28613077e23c1966c9a5ab3fa7c189b52ca425bc304413e69d0fb059905835bf638dbb4654f8b4dbd7c18f09f71a4b2c3596906995
I: MonitorObliviousTransfer::next
I: GeneratePublicKey::next
D:  sending message (size 0.000192 MB)
I: MonitorObliviousTransfer::next
I: SendPublicKey::next
I: MonitorObliviousTransfer::next
I: RecvEncryptedMessages::next
I: MonitorObliviousTransfer::next
I: DecryptChosenMessage::next
I: MonitorObliviousTransfer::next
I: ChooserDone::next
I: MonitorObliviousTransfer::next
I: MonitorObliviousTransfer::next
I: InitChooser::next
I: MonitorObliviousTransfer::next
I: RecvConstant::next
D: received message: 439f26ca990a9dba9a222fa55d4eb2c9fc47ed66566ead8edc9b42409ddcfe7a72b93bb32c41091d85edc63904ddcd7338930a1869ff7397fd3150ae4b129511a77845f474b01aafc50822b09d6ea59c361e9d740874711e766b226b8bc4fdf4
I: MonitorObliviousTransfer::next
I: GeneratePublicKey::next
D:  sending message (size 0.000192 MB)
I: MonitorObliviousTransfer::next
I: SendPublicKey::next
I: MonitorObliviousTransfer::next
I: RecvEncryptedMessages::next
I: MonitorObliviousTransfer::next
I: DecryptChosenMessage::next
I: MonitorObliviousTransfer::next
I: ChooserDone::next
I: MonitorObliviousTransfer::next
I: MonitorObliviousTransfer::next
I: InitChooser::next
I: MonitorObliviousTransfer::next
I: RecvConstant::next
D: received message: 90ba98e306c1d7cbd85629332e436a27e6550513d8f2f634dba522fc41fea7da4e17e3db3ae100ddadc8057f36f716f6624947fb5d59e9fe4c768db566773e0759f830a713497ccd12554c2f401aa6ae9234dc601bc58b6f9b350f4462f0ebbd
I: MonitorObliviousTransfer::next
I: GeneratePublicKey::next
D:  sending message (size 0.000192 MB)
I: MonitorObliviousTransfer::next
I: SendPublicKey::next
I: MonitorObliviousTransfer::next
I: RecvEncryptedMessages::next
I: MonitorObliviousTransfer::next
I: DecryptChosenMessage::next
I: MonitorObliviousTransfer::next
I: ChooserDone::next
I: MonitorObliviousTransfer::next
I: MonitorObliviousTransfer::next
I: InitChooser::next
I: MonitorObliviousTransfer::next
I: RecvConstant::next
D: received message: d3bda7e491eaa6a085766eed9a522643b2a65238c7c3fd5c5d8d0cc9e1e153407cffbfd034b13bcdba5d38e202e9d96b3027f70c26d1c68253a93965897fb2d798fe6bb4649011e52639109fbb4611de745241ae752d797580d630dfbd552052
I: MonitorObliviousTransfer::next
I: GeneratePublicKey::next
D:  sending message (size 0.000192 MB)
I: MonitorObliviousTransfer::next
I: SendPublicKey::next
I: MonitorObliviousTransfer::next
I: RecvEncryptedMessages::next
I: MonitorObliviousTransfer::next
I: DecryptChosenMessage::next
I: MonitorObliviousTransfer::next
I: ChooserDone::next
I: MonitorObliviousTransfer::next
I: MonitorObliviousTransfer::next
I: InitChooser::next
I: MonitorObliviousTransfer::next
I: RecvConstant::next
D: received message: 707c02682f6bc429130f4b25dda7f6065ef938ca0eaccf722ee79dee807562957e2c2ccc2ee11013d973f729979eec0b342ffb83ed510967f38bab4adb229da16dea9bf83510f38537f1970f260ecaa319a0a5edbd036905958fb9fd1be232ea
I: MonitorObliviousTransfer::next
I: GeneratePublicKey::next
D:  sending message (size 0.000192 MB)
I: MonitorObliviousTransfer::next
I: SendPublicKey::next
I: MonitorObliviousTransfer::next
I: RecvEncryptedMessages::next
I: MonitorObliviousTransfer::next
I: DecryptChosenMessage::next
I: MonitorObliviousTransfer::next
I: ChooserDone::next
I: MonitorObliviousTransfer::next
I: MonitorObliviousTransfer::next
I: InitChooser::next
I: MonitorObliviousTransfer::next
I: RecvConstant::next
D: received message: d4a659886bfadf02f71c0511cb5e9beafced9e751f9b5838e52ae1e49b2a41cd7ee5bba88db9d969fd8d133057f8071649bcd04b63ff7d56b827e4babb688309124577452b643bf98887dc64efdb9f298f7025fda12861abf8da56f19d0e84c
I: MonitorObliviousTransfer::next
I: GeneratePublicKey::next
D:  sending message (size 0.000192 MB)
I: MonitorObliviousTransfer::next
I: SendPublicKey::next
I: MonitorObliviousTransfer::next
I: RecvEncryptedMessages::next
I: MonitorObliviousTransfer::next
I: DecryptChosenMessage::next
I: MonitorObliviousTransfer::next
I: ChooserDone::next
I: MonitorObliviousTransfer::next
I: MonitorObliviousTransfer::next
I: InitChooser::next
I: MonitorObliviousTransfer::next
I: RecvConstant::next
D: received message: fdbfd3995b89100198c7b87e6664a4807713b5bdfa774f9dc67d7c242c936cf95f70b15a395d10f2b8fd920d203c548d773966e1f2fc6ae59ccf21dd34bf3eb11d66b7ee157e0078f5ff348c59b7962063446bf73082bd88eed6275eaaa34d2a
I: MonitorObliviousTransfer::next
I: GeneratePublicKey::next
D:  sending message (size 0.000192 MB)
I: MonitorObliviousTransfer::next
I: SendPublicKey::next
I: MonitorObliviousTransfer::next
I: RecvEncryptedMessages::next
I: MonitorObliviousTransfer::next
I: DecryptChosenMessage::next
I: MonitorObliviousTransfer::next
I: ChooserDone::next
I: MonitorObliviousTransfer::next
I: MonitorObliviousTransfer::next
I: InitChooser::next
I: MonitorObliviousTransfer::next
I: RecvConstant::next
D: received message: 851c20a6e846db2ce2240ada4ecfa5fc1d06460365ffebc8bd35434cdc941819abc0786b57250fc83801635e881bae3493c2cf03816b49efc8c4a4c46c071c71ab472d1f1eb5daf07be444f4edc6a7f527be0447adbb606a0a9dcb5c93c651b5
I: MonitorObliviousTransfer::next
I: GeneratePublicKey::next
D:  sending message (size 0.000192 MB)
I: MonitorObliviousTransfer::next
I: SendPublicKey::next
I: MonitorObliviousTransfer::next
I: RecvEncryptedMessages::next
I: MonitorObliviousTransfer::next
I: DecryptChosenMessage::next
I: MonitorObliviousTransfer::next
I: ChooserDone::next
I: MonitorObliviousTransfer::next
I: MonitorObliviousTransfer::next
I: InitChooser::next
I: MonitorObliviousTransfer::next
I: RecvConstant::next
D: received message: c8e631f6b8f2285dd494c959d35abdd36e789ab023f02312a702869fd5423b39af2e79d89ed382b3c32821dccf77822bd66319e58f282573a9ad055902943747ffe8155336b08f94e10ec0e4128e4a314da74ae475802d0839e3917b5a7ec2dd
I: MonitorObliviousTransfer::next
I: GeneratePublicKey::next
D:  sending message (size 0.000192 MB)
I: MonitorObliviousTransfer::next
I: SendPublicKey::next
I: MonitorObliviousTransfer::next
I: RecvEncryptedMessages::next
I: MonitorObliviousTransfer::next
I: DecryptChosenMessage::next
I: MonitorObliviousTransfer::next
I: ChooserDone::next
I: MonitorObliviousTransfer::next
I: MonitorObliviousTransfer::next
I: EvaluateCircuit::next
D:   evaluating gate 10000
D:   evaluating gate 20000
D:  sending message (size 0.000001 MB)
I: SendOutputBit::next
I: ==== round duration: 6971.887207 ms ====
I: CopyMonitorStateLabels::next
I: RecvGarbledGates::next
I: RecvSystemInputLabels::next
I: RecvFlagBitLabels::next
I: EvaluateCircuit::next
D:   evaluating gate 10000
D:   evaluating gate 20000
D:  sending message (size 0.000001 MB)
I: SendOutputBit::next
I: ==== round duration: 6977.108887 ms ====
I: FaultObserved::next
I: MonitorDone::next
