I: parsing spec file timekeeper+.v...
skipping synthesis, BLIF file already exists.
I: parsing BLIF file synth.blif...
D: inputs and outputs parsed.
D: circuit initialized.
D: connections (#2018) parsed.
D: gates (#20547) parsed.
D: outputs: 33607 33610 33613 33616 33619 33622 33625 33628 33631 33634 33637 33640 33643 33646 33649 33652 33655 33658 33661 33664 33667 33670 33673 33676 33679 33682 33685 33688 33691 33694 33697 33703 33605 
D: circuit size: 33704
D: adding identity gates for outputs...
D: outputs after identity: 33737 33738 33739 33740 33741 33742 33743 33744 33745 33746 33747 33748 33749 33750 33751 33752 33753 33754 33755 33756 33757 33758 33759 33760 33761 33762 33763 33764 33765 33766 33767 33768 33769 
D: circuit size after identity: 33770
I: initializing safe primes...
I: using prime modulus 5809605995369958062791915965639201402176612226902900533702900882779736177890990861472094774477339581147373410185646378328043729800750470098210924487866935059164371588168047540943981644516632755067501626434556398193186628990071248660819361205119793693985433297036118232914410171876807536457391277857011849897410207519105333355801121109356897459426271845471397952675959440793493071628394122780510124618488232602464649876850458861245784240929258426287699705312584509625419513463605155428017165714465363094021609290561084025893662561222573202082865797821865270991145082200656978177192827024538990239969175546190770645685893438011714430426409338676314743571154537142031573004276428701433036381801705308659830751190352946025482059931306571004727362479688415574702596946457770284148435989129632853918392117997472632693078113129886487399347796982772784615865232621289656944284216824611318709764535152507354116344703769998514148343807
D:  sending message (size 0.000005 MB)
I: InitMonitor::next
I: GenerateDriverLabels::next
D:   driver labels generated in 263028.593750 ms
I: GenerateInWireKeys::next
D:   in-wire keys generated in 12125.379883 ms
D: SendLabels::message
D:   generating in-wire labels for 20618 gates
D:   10000 gates processed
D:   20000 gates processed
D:   in-wire labels generated in 319376.250000 ms
D:  gateCount: 20618
D:  sending message (size 57.673832 MB)
I: SendLabels::next
I: RecvGarbledGates::next
I: RecvSystemInputLabels::next
I: RecvFlagBitLabels::next
I: MonitorObliviousTransfer::next
I: InitChooser::next
I: MonitorObliviousTransfer::next
I: RecvConstant::next
D: received message: 3b4a8b2cbaf3c8f03ca5492b2da2a474ed49ef229588dd1e2d883f15f32f88ecad6b76edbcde5d908402408f0b48f30653b5c79fa5d510f20a7751f08bc180ba13fcf37b2b6269c351d37b81628686ed735f1051aa9acaf2eb611b4f1eaee46f42b66419af91179eed85b35e3fdc61b935ff4177811d15dc6396783571ca29c86f6c215c95fe71eb1dd3f543e0f529ad20f9c36e4bf56144d24890f57f36b8f71479647d4644cd2e16a6461482afec620624ddad4058d21ab96661872d8397c784ceffd835db01e321971699c413fff4f6863afa5c918e811d7b197a0dd67ada113526481e429b4a6b91c83120b672dbf5e625609f24040bae8ec1f8df62163ac123099054c709507967ad9c24003124ed0bb6abde10f8803db2e91059477cde9e70d6cc66b009769961b4e07bdcf7a5fe10cccaf89d55e72bb0bf1454dba8fc1da5bdd8bda29b48122eea07df3f738bce27afac58cf00d096408d486cdd2a18a5b6ccd531e013b9b7be19d90ae5429721e4e550fa7db71431e6b7b7b3ea8094
I: MonitorObliviousTransfer::next
I: GeneratePublicKey::next
D:  sending message (size 0.000768 MB)
I: MonitorObliviousTransfer::next
I: SendPublicKey::next
I: MonitorObliviousTransfer::next
I: RecvEncryptedMessages::next
I: MonitorObliviousTransfer::next
I: DecryptChosenMessage::next
I: MonitorObliviousTransfer::next
I: ChooserDone::next
I: MonitorObliviousTransfer::next
I: MonitorObliviousTransfer::next
I: InitChooser::next
I: MonitorObliviousTransfer::next
I: RecvConstant::next
D: received message: 860209a57136970607749d6241c4593e71b24989ab9ac16ca6529458b4a2636e26c8ee2aa463ca7bf08486d01e7caf4b0e6e28c3169d233c877170fcd0b675f484f3217ad247007807a10d991e987da0e98a4eac7bf3f6ffe1b6e720dc1a770c59c6310043d5439dd2a1520124378e7a587034af2c7873da0739aff9931d005fed91ab94e3e0aac4601f2bb72c1bb1b57d6eca057356820386609e426eca8d9186654cd222e6c9e1fd2f96734789cab69748aeb1513374febeec4e7f0897d673027092b3e94aef324798b5ea7f2fee9714ff4b8525a2b79c286ca05793351fc96bc3079314f2ec9e0e9c4c756170d7fc4a331730e277e4a7a19f551df5bdbb179011c77fa8b7260b47f666d73ffa0befd352ce25840a05da402b5896479be8bb9ab372a8b9b553a2980cc4fbbc11a92ae8f205a0af0beaf891e6248aabcd23c3834b318fa970bd9c37b822ea2247ec51a28fc06824515f929db21faba37f28b2da4b06b92e9d8223ac9b66f64c32c0dffac2da08cfd802d1023ea2cd7a428741
I: MonitorObliviousTransfer::next
I: GeneratePublicKey::next
D:  sending message (size 0.000768 MB)
I: MonitorObliviousTransfer::next
I: SendPublicKey::next
I: MonitorObliviousTransfer::next
I: RecvEncryptedMessages::next
I: MonitorObliviousTransfer::next
I: DecryptChosenMessage::next
I: MonitorObliviousTransfer::next
I: ChooserDone::next
I: MonitorObliviousTransfer::next
I: MonitorObliviousTransfer::next
I: InitChooser::next
I: MonitorObliviousTransfer::next
I: RecvConstant::next
D: received message: 66e3d4911db9fa11535ab6cc0dbcbb45541ca46ed056a3e263b7fd2ff270b9ddbdf29b02a53ac55995798e3aec8f16543a5f4b2c35e47c4baf29d057b371714570d3bf4ec6850ab41be6aec9fe3d77c4c561baf2abcabac885f9684480e49f07f906214f79f71972f46d4d5e74dcb5441c97f7d5a686f49327a7ba120632f66544f352df01640e13f6edfc751e6d6e320f7707933a964d8dead5d7bdbb1bbbdf589e1f2461ddade7a26fc812f361d89b2d0e7d70df0490e411f47f581b66554acaa9cdc9dcd5e1a7d9cc5f303207f867048876adc2298780c62cb9bd1c2db1d98d2ccd2b1f3ed9900c75f6311935252febbf188eb12e021a51b4428aae60f019e9b7531f09ab0a18a068e12f79a2da3f3ee88c35037a508a0d08254efaa189f0299d27851c7007c48857fe7f1eb62015a86cc167e5fd31f2c056a5be3a3c4c908415ba6e1759a89c6882e8f423ec66d6cbaa5c4653d3aaa06cf463921c360dab89a4cd1c5de608c2c9a07508f6d9d45e9963bbcf0b7430d67e83b096ff482a66
I: MonitorObliviousTransfer::next
I: GeneratePublicKey::next
D:  sending message (size 0.000767 MB)
I: MonitorObliviousTransfer::next
I: SendPublicKey::next
I: MonitorObliviousTransfer::next
I: RecvEncryptedMessages::next
I: MonitorObliviousTransfer::next
I: DecryptChosenMessage::next
I: MonitorObliviousTransfer::next
I: ChooserDone::next
I: MonitorObliviousTransfer::next
I: MonitorObliviousTransfer::next
I: InitChooser::next
I: MonitorObliviousTransfer::next
I: RecvConstant::next
D: received message: 42af360a57becea01a078da551b3a14c858b344ca9fc6ed805555b2cd78b65e159f94758852a8374391bfded00ae0c369c6968f336fdd5d3025011f91d510252a0e293f34db80eb36667ae87bf50efb816ed60c2afdc44f955cedb38977d454f221b809ebc822eec30d7f523754ec5e8f507a0f18a21cfcdd3566815dcdc21494b066c6553a21dbc6a9df0c2a1793963896bca19fe02ce0960b0683c00497ba50e5856461f76144176ae841cc20bcc98e254da4131d7706d049dee51c8c4405a93d646bd2b0303bd0105bf8d3c188f03981625deb8ef5f22ddefe8ce59033ccd1efe5a763320b1438a15535b4d21477ca6e9cab40718dafe5b6d16961b511aa1938172baa53f8d7406ea8f6982754f356d5292f38def81cac2978509ad462dd0958aefdd0e9ce564347a1c37400c21299a997e0c4f72a91963dad95ff1c122e188083a14f776064e5fd19098b77b17790df43e9a2694a1c50951a3f7c1c0d076d4eb41a1df35fa84127db81e704fe08964bfb5dbb1216b6ce5d741f4d6bc7639
I: MonitorObliviousTransfer::next
I: GeneratePublicKey::next
D:  sending message (size 0.000768 MB)
I: MonitorObliviousTransfer::next
I: SendPublicKey::next
I: MonitorObliviousTransfer::next
I: RecvEncryptedMessages::next
I: MonitorObliviousTransfer::next
I: DecryptChosenMessage::next
I: MonitorObliviousTransfer::next
I: ChooserDone::next
I: MonitorObliviousTransfer::next
I: MonitorObliviousTransfer::next
I: InitChooser::next
I: MonitorObliviousTransfer::next
I: RecvConstant::next
D: received message: 677882a0274d5974d60ef583cb7f1b4e4950b59358c60f9bdfccde29b4a7983b38285f6260a72714c5120f9a9909eb1246fa17dcc52b8ddf0cc196a2e1f4b9b953debb736178ec1e4562d673cfcd2790c0c78c0533373cce82c5180d6d1b5a98b4717b989e19e0fac9309fd5c2d0c102a5f0e7a8975f4a8b3dcaff3b9f9b3888a7b714f14ead8da397842376643a55e8f62ca4e941eeea6a01a0a0bc680ba209cedc75f98a570d986a8dba5e4b6af52008e626776a11e83c12ac9eb11e02448baa1ce288546bfca86e018766fd455c163148743c788b231068806a5ed0c6fa906d7931f56a06019a58a0170aaf3e5c0532c5c20637fdd817a562b244000192abdd5b5c14a2abc80872ca6cb3d2de0855d0e96961a2f57445392a9251c0456bacbfa149584b86e3b5f2121a03bfd0336aab2a525e6eb22a2dbb2b2d17aefa35743d607a99acafcb614aa2d6ee1f13e644544e1fa376a136ff77a9c681841ab88ef74d3d1210085d750559c4fa7572efd8881dd0350085a05dcfc82f8abe2bb1bc
I: MonitorObliviousTransfer::next
I: GeneratePublicKey::next
D:  sending message (size 0.000768 MB)
I: MonitorObliviousTransfer::next
I: SendPublicKey::next
I: MonitorObliviousTransfer::next
I: RecvEncryptedMessages::next
I: MonitorObliviousTransfer::next
I: DecryptChosenMessage::next
I: MonitorObliviousTransfer::next
I: ChooserDone::next
I: MonitorObliviousTransfer::next
I: MonitorObliviousTransfer::next
I: InitChooser::next
I: MonitorObliviousTransfer::next
I: RecvConstant::next
D: received message: 6c3756ef4600caea0628c48acaa2554a53882da66f4935ecce90b8d1b9a4457b07d1dcfe58cfd872998fefd7a32f459beb65000574959c84f5c257d3c57f2bebfdbcb497398afc6103defc09970265b48f8678fd55d81e0f119ffadbd0e4f4d8ac7b2fa807252791e4cde53d1ffd0e7c2527aa1f55b578ed7a695053d43cb55d15f4aeccf527576b6fc54861b6372a0f675fb255ce9ebd7d4c5c275d869d7f08542866d94e8b7a4435bb3df67447c50aee967aa29b8d72db24086ca6116acc3ef46fd8835b41c1129461d032198541973c627147e69f1e8c20221f33a26bea31dd897b78d9c3da1c71b85eccb9ebaf2149f9b80ab60fe9d56b9e9ca5d47ca8ae5763786efedf783625ffccfd4ae66ca5b3b676d0d70c9f931ba7ce7dcf90315904313b9248eca50527a1e8f36154be4485e4a803218f84e8ca150d5ca7afcaf9d6acfba540346198cb5113f4a8bce7dc2447838623c8b9f7aca28b95558b0bca58a5a4423b035758b0c48dc742689158d0b28487efe4156c359000187188b02d
I: MonitorObliviousTransfer::next
I: GeneratePublicKey::next
D:  sending message (size 0.000768 MB)
I: MonitorObliviousTransfer::next
I: SendPublicKey::next
I: MonitorObliviousTransfer::next
I: RecvEncryptedMessages::next
I: MonitorObliviousTransfer::next
I: DecryptChosenMessage::next
I: MonitorObliviousTransfer::next
I: ChooserDone::next
I: MonitorObliviousTransfer::next
I: MonitorObliviousTransfer::next
I: InitChooser::next
I: MonitorObliviousTransfer::next
I: RecvConstant::next
D: received message: a24766e27f817ef017cbf1cd26ed863eccafa99fb42e0d3c2f30881ca232f32f4c63b3379f7b65e92d779bfc7efcc09debc459a492768dca672448085d54c9c1026304abde6236529e751006ceba32427efeceb2d0e825c9c794a163c848ad09aa2601e84bfb590ab1ad496c83494f910b1da8ec9e520eec0e48a24b280559ffb8886d4540ba2e575e19817ac7c782a66d6868141db95fea98f2f4393a868f92aefca2f43c427e1f1709980937f3ccf972be4e124647b5fa8d538761dc63a6d3a1af10cf286721c8d32a88533529410654df6af6aac043a38c2001ce551ac38860f0ae5426d8ad31e835355d17742cdb2117fc43c88630b9c66f2a4c9926c0a1929455a30cd45a0e13c82b34a7b68656f5b26c79e674a441eb9c8c8b7fff2c43b39f495661f3316e30aa4871ffba5a096fbd090be5631227a73c66ffdacedb4beb5be9263094e4298a2605f7118c2b2574325abaca7fa5fbf5e5a9c3da6f7fd00272f245ddcc01eccc88feb0970f2f8137d7cd2fbeb78075e779d9dfea0769b2
I: MonitorObliviousTransfer::next
I: GeneratePublicKey::next
D:  sending message (size 0.000768 MB)
I: MonitorObliviousTransfer::next
I: SendPublicKey::next
I: MonitorObliviousTransfer::next
I: RecvEncryptedMessages::next
I: MonitorObliviousTransfer::next
I: DecryptChosenMessage::next
I: MonitorObliviousTransfer::next
I: ChooserDone::next
I: MonitorObliviousTransfer::next
I: MonitorObliviousTransfer::next
I: InitChooser::next
I: MonitorObliviousTransfer::next
I: RecvConstant::next
D: received message: 91480fd9074f39ef5f67395f78cf65025fbcd6b46659629973f651e2d01b5b2530db0f677685717dc7c37471ccaebbac5e9fe96de12206516fe2d060c8c8dd0e2dc4b77116ddebb85ab8d85ce652a13fe1ccf57456f79cbfb5870881859c27f4e17f36eaffbeda226ae9ea36bcf85dbfa39c441afcfce8676143ed189f845dc6c263e24e58120ae49da0380802972a1463ce5a61189200eb8faecc587edc951c6ac403251395cbb102e8b176ef85901f8e7f80c33308dab993030c0c8244c7780c68759e765bd35181ba81c869545b73b80a044ed529b0e19b2b0a8425e40fbfa4fcd9d724f8f83a9b28d615ccd9a13ab99e39de92edbde0a8f5e189dabf1e13eed40a1469651dcf176953e42973e6c86458f80c280b023a67937736e9570fe0d2f692d15080d57db00d585cec308b12d8f24670f437abcde467eee3fd1c57f139d0a85a993ca251a83f0469f23a17729d90c5e2f97cb2a718ce6f45d71aa819a389224149539ef4c56428ae2a4e47fae685a0041093768ebe70b5f535936c36
I: MonitorObliviousTransfer::next
I: GeneratePublicKey::next
D:  sending message (size 0.000768 MB)
I: MonitorObliviousTransfer::next
I: SendPublicKey::next
I: MonitorObliviousTransfer::next
I: RecvEncryptedMessages::next
I: MonitorObliviousTransfer::next
I: DecryptChosenMessage::next
I: MonitorObliviousTransfer::next
I: ChooserDone::next
I: MonitorObliviousTransfer::next
I: MonitorObliviousTransfer::next
I: InitChooser::next
I: MonitorObliviousTransfer::next
I: RecvConstant::next
D: received message: 737b419ec35058fb9aec655dbb527f878733d13ad8078c0d9f85c5908a9bd9dac8aadf9f9f4a8fe8b3cc5ee4380c455ca9e598bc222c7fb182eeedf405c55cd7fd4d62c9e2b258431f15e8dc90de4c16a80c31c18332b6f9d59cc0569da640c3e7531ee7deb461ee166e9a6007d2f939ecad9eaab3929d6aed555a5c65f8157d9beebfdcf27a3fa4aedac132e89dc270a1a4f66b98c0a789c05f7f386d59afc427991849803c11ab49e57ad3c56851c937eeb665aba5ce84a5f575333b2205fd4b5ae94737fe413cb80899a670a7fcf7bd5eb3c93c682f9a1232422d7e04b5012581c4c73c461d1e47a6cac0affa11fbb41daf30eff3b52731c20b0b7f5e90dcbdd15a682134e0b596da8bb948b84336d09d920cfc1da4aa56e87c883258a4bda614f79e3704fde3b55a8acf03b4de0006343ace7a0a8d0f5a1adf0df7365597b443c2192e4b7a4a555a58f03bacb77760dd236201af07e7ef49ea648c34eb84b0347e54cb93692a19b1cca4c36d7bc452bbdfd44687dd28ad2ffa7a8b0ab5c1
I: MonitorObliviousTransfer::next
I: GeneratePublicKey::next
D:  sending message (size 0.000768 MB)
I: MonitorObliviousTransfer::next
I: SendPublicKey::next
I: MonitorObliviousTransfer::next
I: RecvEncryptedMessages::next
I: MonitorObliviousTransfer::next
I: DecryptChosenMessage::next
I: MonitorObliviousTransfer::next
I: ChooserDone::next
I: MonitorObliviousTransfer::next
I: MonitorObliviousTransfer::next
I: InitChooser::next
I: MonitorObliviousTransfer::next
I: RecvConstant::next
D: received message: 79f7c3e834d3f4c8be6765fdf57057c3f1da5adc08f5d0ae1910f8a1cf44381a6f5c74c37e260d4af6b1e1e91b95bad0373c743dc1e8ce1ad7549aa7d2488026a73931280c0ce03ebb70af5aed501348a657b350db05792ad97832f79424a65a1d1256f4be43eb524990ebb44968b426e5e54386549cd18284a5506578c2067c5d8364047a588a1abeb4d1efcc324ece0a6e71183348279303a5449a8c16cfa70c1b24fb6db635a7c4e53f7d584ffc488a52cd9759b95135e681b7848c070e84bc5517e3498b184e8be4231202183c57d2b51a72d523cdeca6155f5d0edfda924ff7ec29c57b605d4b1c8d8571848f0babe0cd6885c7b2c50be36de8d62d4d27dd8fadeb9bf8475dfa98a4696253079d70ecae99720518820977fedcaf838e291be241cdff586fa96cb1676936ce8f2348da85daef44d0c860ff65ddcd90bcf887dcd3df2bb3f27301579275b0c3d22fbbd5350659940e5ce27cc8c39b1e52e134a1f20e9df5c9e1643e6a5d19009373c852e8e5597a503a5aa248516a62c679
I: MonitorObliviousTransfer::next
I: GeneratePublicKey::next
D:  sending message (size 0.000768 MB)
I: MonitorObliviousTransfer::next
I: SendPublicKey::next
I: MonitorObliviousTransfer::next
I: RecvEncryptedMessages::next
I: MonitorObliviousTransfer::next
I: DecryptChosenMessage::next
I: MonitorObliviousTransfer::next
I: ChooserDone::next
I: MonitorObliviousTransfer::next
I: MonitorObliviousTransfer::next
I: InitChooser::next
I: MonitorObliviousTransfer::next
I: RecvConstant::next
D: received message: 839cc4de680399c18832b1fc0c7b793f1a66dcb5f7fc56c3ab777eaa163110fb16b8d2b463452b787219011db7c08c0118d7fa5eff62b4e0690686fc76e7c1a4e73616ac6f33455d61bfb4a3139f7c7386a9af6cf52fd56c73b67fd5ac5a65b40c289616b3c4dd5293bb4043963e14232b83e3ee13252d00144c0e7f02927f86d6e314605e3bb2647279e939f70b2f0b9f166b294be2de9356a8a702ed4b21144f5112460a6855bca2427536da01f119d1485699cf965819b762913c2cccc1d98d1a6ad042b29dd5b879e43106cb30af821039d946b5847650d6b42cd9c634b31e7669a0004002c7a6e0f3a227ca8ae1e58c987430da94c9eaa4477db499a03a0cb459a5d3fc52bb554da0b690d7d1023cd5b32a0f2a78adf5de9b17dc1c326593bc5f0b0d4057d37b3dcaa2c8c8c52b29e46af15b74c0adad069dff0f1acc1414eac72a97296c2c39410950f3127a7cf608587b3fbf15aa201931cc6181cbc47e520b5da12cb2b2ee7897f694ecdaba153ee0adca89e052ec624830c69b5902
I: MonitorObliviousTransfer::next
I: GeneratePublicKey::next
D:  sending message (size 0.000768 MB)
I: MonitorObliviousTransfer::next
I: SendPublicKey::next
I: MonitorObliviousTransfer::next
I: RecvEncryptedMessages::next
I: MonitorObliviousTransfer::next
I: DecryptChosenMessage::next
I: MonitorObliviousTransfer::next
I: ChooserDone::next
I: MonitorObliviousTransfer::next
I: MonitorObliviousTransfer::next
I: InitChooser::next
I: MonitorObliviousTransfer::next
I: RecvConstant::next
D: received message: 58ba7674d5a7a4de80bc449204925cdd68e3cb65cc6710e792dff6734e154d560a565e527869cd52080482be9f3a4820c4b9a71d34058f9d1d3d34490771069023ac8289e50b5f94eaa8b3e3dc894a80a705192a72ae56b6bb4034a49ad563be3bac26dc2eab9ded459c5678879a3bf691748ec011941d27e2a203a7d9c997740db64aee7da64fbf180dafdf0e482a1cabeddaae05c16bfdeece3d9b6abaa5696770c016d2cbb9cb05bb51a788647b0816811f158c01622617fe0e66ff680fcbcfcd345eb338a894ded6fed1c9123b66968047b9350d10a6fc2268752b2a06b6a69bf0f0c49f94a241811813093aaff17d00ba75faaaef04ea81461cd9e5a5da0d7f76ff3b93365260eb451c770d7af81569d978f44f49ddf00d500d0359b7bd2fb33d4a681c052466a0c187c01cbce156c88899de80943a3cb68b45da172af9d6e3103997c3e596f80f3ff8e559a1a6b6e75bb9f7fc20b2fe76a88ec5d83ec7bbdbebade5b33610859b3d5329bc44cbbd55b6ee792e77d8586c150ece69c8d8
I: MonitorObliviousTransfer::next
I: GeneratePublicKey::next
D:  sending message (size 0.000768 MB)
I: MonitorObliviousTransfer::next
I: SendPublicKey::next
I: MonitorObliviousTransfer::next
I: RecvEncryptedMessages::next
I: MonitorObliviousTransfer::next
I: DecryptChosenMessage::next
I: MonitorObliviousTransfer::next
I: ChooserDone::next
I: MonitorObliviousTransfer::next
I: MonitorObliviousTransfer::next
I: InitChooser::next
I: MonitorObliviousTransfer::next
I: RecvConstant::next
D: received message: b0e7054c568e2f741e00faba8005512cabf64ca458aec8b6992acca75e7186affacf6215beed23a1c508f7dfc47ff293abe077e28a8f0c9c11e927caff8a80f9f7458519284a777315a11e0125793ba8a8366f27bc76029e54f9c1b3a0a909296d7d4ee4f1d2e24a1ca1474dbfece142e68714ddb522800c63f062527b8794918f8eaf3005c6fceeff3696bbe9f2b63e63205d9b3883fdd1b515d81420d98de185a428fda324c1d6ecab2f58c23535b0b8289ba8769f00b3030a3cfe4834555549cbb7dc1b40ad20868a3061ebef1779f599c2d01fd2cdd0c610f3835725aec1046db902a48ae477d4278702b47251d0d24fe053d84b07d939e632bc6d709285ac1629fbdbcd50279568a4974fbde6aab847e42f3b2e528f55dc3b405fd1f9fb172c0ea046296dbf11156c25dfd30198eca7c3f793c65fe4ffaf41939275ebda2caa8da0a3e72ff7a200ced4f14d6f11d1b7740cf76218bcce11cece9666accb33bf22cab8892bd4c76f8c298c2cfeef1c340056539658dd738b1e6b4b9b2f7d
I: MonitorObliviousTransfer::next
I: GeneratePublicKey::next
D:  sending message (size 0.000768 MB)
I: MonitorObliviousTransfer::next
I: SendPublicKey::next
I: MonitorObliviousTransfer::next
I: RecvEncryptedMessages::next
I: MonitorObliviousTransfer::next
I: DecryptChosenMessage::next
I: MonitorObliviousTransfer::next
I: ChooserDone::next
I: MonitorObliviousTransfer::next
I: MonitorObliviousTransfer::next
I: InitChooser::next
I: MonitorObliviousTransfer::next
I: RecvConstant::next
D: received message: 6ebde68923ce3e5048b2bc73300ae71982576fd3aa02a182b41fa5ce46d4762df14c8748516941941d9f0f63325acff0301e3a8edb21397be55898a05b45114f0b177dced8bd75ee94b3fbe19d80cfb678241044603c7899bd1eb1b198a00526e83160aaecb043efa3075cacb90f598bbdd9f2633c053e427ab0c3318a1050e6b1392c41a2f7b2bb235d497c5df0b80ac6ef0a6317c96a42d190b95b70bfebe6246141c0c6e030d042515621c559df6c30fbac8764b89f54fab74d816f1990a131aba67d84dcaed4c0ea3e4029dcee1c116dd9310a0c01413165b824a5da5c7aeac68dd1efd540ef286be3c62ecc51a3ea495fda2fc546d6ef93d9fe1dcef5df1f5041ba03ab5f622a44db1848a27a5a71d55e3494abad1495477bb2ff3d0e6aae893409ef3dd8f6040e5c73a255cd15d8a57d52c3f7ca5938740659cba43da764562f82770ee96188c1c29c5c0370474a419be44f13cb3a0b5071d4e71e5558e85d81f09aa653a8c1bd19e8263a7227f838792e3eb71ad4a026fb2b86f316b9
I: MonitorObliviousTransfer::next
I: GeneratePublicKey::next
D:  sending message (size 0.000768 MB)
I: MonitorObliviousTransfer::next
I: SendPublicKey::next
I: MonitorObliviousTransfer::next
I: RecvEncryptedMessages::next
I: MonitorObliviousTransfer::next
I: DecryptChosenMessage::next
I: MonitorObliviousTransfer::next
I: ChooserDone::next
I: MonitorObliviousTransfer::next
I: MonitorObliviousTransfer::next
I: InitChooser::next
I: MonitorObliviousTransfer::next
I: RecvConstant::next
D: received message: 257fe5fec37d219420fcad727667a22e9ed4249ee3483a7756e3d168c8cec435496c7ec29678d99390f52d2daffe8c79138c4e293dd56a6bf70b62b837f86b7b660f79192b14921f32d26dd6c1a7568a596c293b550507c20ec8fcda76accb114a01ef0b0e46d9d1a2ba3eee534c55458368c4f2b5b294789e24cfbe48cdc07eb5b34248923821c880b91d90e828f0274dbfcb98505f13d22bac2d23887481e5f0ed4735c7739e08d146604fd05b9864546322fa2946f9358a42aebead5e16964fa8e0063b54e528e271f7b0bc93d7c9c2eb6b9aa07ecb52d92384c8fd8a6e9a77acddb2b8a9bd17ddc328d43c68715c675eb63a420bcb43b130864eb780eb77fa380e140d4ee01661b1e95d2f16c0845b8492caec81851852dab0102696b77474d5b0ba9c65ba7bc71117f69712057d9185d9e18f98ea506a1cfd2a791f314db4a2b62539b7a1085d7612bb35ff436d11e4ba5acecd5ba217787c7b3d9b25d7ed27e11e4944ddf55c7277c86c6e30ac80d1a00da80b89c013027e58294ab8e6
I: MonitorObliviousTransfer::next
I: GeneratePublicKey::next
D:  sending message (size 0.000768 MB)
I: MonitorObliviousTransfer::next
I: SendPublicKey::next
I: MonitorObliviousTransfer::next
I: RecvEncryptedMessages::next
I: MonitorObliviousTransfer::next
I: DecryptChosenMessage::next
I: MonitorObliviousTransfer::next
I: ChooserDone::next
I: MonitorObliviousTransfer::next
I: MonitorObliviousTransfer::next
I: InitChooser::next
I: MonitorObliviousTransfer::next
I: RecvConstant::next
D: received message: d3b835ae960d9b4aabf028cfea4461ce42aeeeb33d86c518658b53627530f131e884d0ef964869c464fa90addc8e952a4721ae2e2af870a46a25ad5194292acb52c70f8830a83bd00bcbd9bf55346efa53e3ebe12a4668a85d93909fe8e1df8210d8ef25b6e95cceca24652184d935b2fa29bddfc0184adad7b1cf9c7e1beeb50fc600f8c10183ee2c84db555e15ad749b50d79169814145adea143aa1f7b7b319487b8ce0275accc0e68f4986cbcedd74947c4f3c50d1e3c7f0227e459a97877f875e1ca8c40f455234fd9128cda56c8f4e77851d9a1450424748feaff4fc2e95f6b140e7322701d7110f168e969596aa6466c80b00e6124badfe0272c1b4f5f34f7d792eb355098dc519f7dc0be849e7ae0d46911e378b5f4223249b7a032b62e2fb5592d5340ba4773175d5ff68e7c1583a38cb96fb3249ff66e8a7a8a573e84013ce94fc1e49ee7911318aae621d9efca7e40f9cd703f4ef205f806ee52406d5c924e9845cc5cea7fbc7f28657574d56f92d86e0aaf98b6950bcf046c329
I: MonitorObliviousTransfer::next
I: GeneratePublicKey::next
D:  sending message (size 0.000768 MB)
I: MonitorObliviousTransfer::next
I: SendPublicKey::next
I: MonitorObliviousTransfer::next
I: RecvEncryptedMessages::next
I: MonitorObliviousTransfer::next
I: DecryptChosenMessage::next
I: MonitorObliviousTransfer::next
I: ChooserDone::next
I: MonitorObliviousTransfer::next
I: MonitorObliviousTransfer::next
I: InitChooser::next
I: MonitorObliviousTransfer::next
I: RecvConstant::next
D: received message: 41b90715a8ed99142169accf21e3d2b5683f924027d2ae98e37a9806fd021cb23482b72cc2a926058dd38b657659f67151bfd26de04dc199e103f8ca06e819505d02abb72dca469380b9981f8fa54fa7904b7f04616e801762ce81059c959a3aa31e3dd262c268bdc5866818660ac66b59431b3993e15a1c5d8d1d354d3887ad61f0a1151c9b7fccde50661bb08056630d4ac54d70e86e22ab02cbd84a50477a2fbac9fc945f4199148afa3b39327dc93df91e526a2f1f59d2fcc973a1eb77e795cb2cc0707beba08b5abd5fed4be4dae03107395374f9f46bd893dc7e35d54b795dfedf90bd0e623ef3acce66f355bd6c32db662cd59d89c2384f25a422b62477431964124b30a5607fb39c948171222b26ce83006c0243cf8a4b71f4bd02e8ea168b3d628418a2e9ad83f619a892bac6c54180401f921a7a754b07d89757d5d0fe4da36b3f701bfc1ab02448f8c971db7f6a86d4fc64e0f1100fb8d676a9ee9feae5065fff3f34e9176e37a22ec2d1a5096aec048c6e98b9d82f8895ce1fce
I: MonitorObliviousTransfer::next
I: GeneratePublicKey::next
D:  sending message (size 0.000768 MB)
I: MonitorObliviousTransfer::next
I: SendPublicKey::next
I: MonitorObliviousTransfer::next
I: RecvEncryptedMessages::next
I: MonitorObliviousTransfer::next
I: DecryptChosenMessage::next
I: MonitorObliviousTransfer::next
I: ChooserDone::next
I: MonitorObliviousTransfer::next
I: MonitorObliviousTransfer::next
I: InitChooser::next
I: MonitorObliviousTransfer::next
I: RecvConstant::next
D: received message: 916aff75569e8c774b75fae6d20d05e30d5b41cb9bf0da35e9418f25bb3aef281e555a3bddb9fb32e66c1fd4c30e6ee8e50437d716f74d48e8f1e30cd817378baf79be509fc57c6123c57a453856e88b96376cbeab4380ea2ee460b0567c5a65ed6ea7d1d9841d2409a04c2fffdcda954574af5ac687b5847c1242d579c3911881a7540722a72759e6623037bfd8abc68320a20b44eb94902c3941d80946d6b375eb1459b91701c076d22ee2d3548a4254b3f48d0974e813c1cf539a5ffe088f5918f09020f75448d353f6ed54ac145fa1ccce1b6e02ec445cbedf1137da03521ed1c554d01664e967b6a5622d6f2510203aeb25c3a559777fa5b21a01dcc52e31c73916b8437a9ecbd0108b4d6d26b3d3c3f29e4abb03d4c46c9316a6c663fe5b9bf2b41f67853ab8a2e230d775b0bed0c13439591a137bc8f85dc977be32ba4783d34a78e022eb26dd79a78ec683f9eb760a5863367ddb90b8888c606d12cf076e8e13869259c35100497e841e4d1bbb75318005b0c480009a60afd6227552
I: MonitorObliviousTransfer::next
I: GeneratePublicKey::next
D:  sending message (size 0.000768 MB)
I: MonitorObliviousTransfer::next
I: SendPublicKey::next
I: MonitorObliviousTransfer::next
I: RecvEncryptedMessages::next
I: MonitorObliviousTransfer::next
I: DecryptChosenMessage::next
I: MonitorObliviousTransfer::next
I: ChooserDone::next
I: MonitorObliviousTransfer::next
I: MonitorObliviousTransfer::next
I: InitChooser::next
I: MonitorObliviousTransfer::next
I: RecvConstant::next
D: received message: 1454753dabb7e0968ffc7990df20aa9233347ac7713b693ffcb038c61bc6be19aeabaf63e5d0361b208f85cd84e1635b0662716803d59f9b5e632e834b7ae8dceedf5daae6f4fc05a809404275c4beed91bcb286725980714116529f0619bde660c5dcee74103b4897bbbe9148fd04eaa0c128ad0cb7d6b85ac3ce5043700d74979e47a6ab42004a5be30ca170dfece317492187d2617bc2c0570e6cbd20e50caef555dfc6d875d4b6c6b6a3a215ffc9f38b166d0378350f254f3585774c38e1b5b939a0bb2558be85ee88642a3e605e1b6fb1bbe6b6e6fae14283dfe33b6103508c0cc7cf215315fe0fd0068c66d859fb38ed0fde194161aa495577e42cbcc3741e3cbe90485573ce60f8f7f3ddf25ec5571559cf5895a7b83bcfd7e51adb2732b1df43986d60123f51e596bf1d2aa4ba518a07994fdd9bc9b774bb2767ff43dceedfdeea86ff386d6bbf75c344140b675829eeaa6660e2b60185d175f739573db5fede733718db0a71ca761351256b609ae0e317a557b5bfa3d1199907d18a
I: MonitorObliviousTransfer::next
I: GeneratePublicKey::next
D:  sending message (size 0.000768 MB)
I: MonitorObliviousTransfer::next
I: SendPublicKey::next
I: MonitorObliviousTransfer::next
I: RecvEncryptedMessages::next
I: MonitorObliviousTransfer::next
I: DecryptChosenMessage::next
I: MonitorObliviousTransfer::next
I: ChooserDone::next
I: MonitorObliviousTransfer::next
I: MonitorObliviousTransfer::next
I: InitChooser::next
I: MonitorObliviousTransfer::next
I: RecvConstant::next
D: received message: e527f1f527f22472ca65b55466bc3a5e4e0d48219de8e0e546d204b954fdc7c4ae0fe7a135d36fa128cf53b27052b0849c220ce195f47a11969c10c146a18e34349e3f11c44dd6a1b87267cb3b8736baa991cee1aa7784850021f89e3bd7aec4bed098879d8b3b1197ad8fb85dca7c1a93ea2d76d78bae214b82e54cfde1b1497f793b0de8ec82aa7ac67339d691b5894d7fe095844016c906841bc88cf5c54db1aa5a2a28c17de8de0cea17cfd099a185e2093a5d77cd973c7c36d1690b5d05f240cba17f29fc458943fddb308c4e9a6b6e587cde58f12bba761aa9470f958dd0ef648ea657b14bc045cc978f87a2da283477d5faa9a3593ab64ba2759392046e026d6ca5ce72ddd1e5aa3536137879d53eae2559f206e4aa0bc265d82eeb3e16d4fb55a30f822bbaf5e4c4dcc60765cc58e17ae72949d5569073ad7c614ef1c8894600bcb50df1e3197b9848027a4556b29eadaca4014ec55867add37b88948b7675c469028d858892ce2fb18f4a25be2e69b8d244d6b25e0c6f05cf2e78a9
I: MonitorObliviousTransfer::next
I: GeneratePublicKey::next
D:  sending message (size 0.000768 MB)
I: MonitorObliviousTransfer::next
I: SendPublicKey::next
I: MonitorObliviousTransfer::next
I: RecvEncryptedMessages::next
I: MonitorObliviousTransfer::next
I: DecryptChosenMessage::next
I: MonitorObliviousTransfer::next
I: ChooserDone::next
I: MonitorObliviousTransfer::next
I: MonitorObliviousTransfer::next
I: InitChooser::next
I: MonitorObliviousTransfer::next
I: RecvConstant::next
D: received message: 1947879751be28843666c5c1e0e3dfb766e9a7059599efe137d7189c06f0f221ad84e4caca816c3d491210d7218b0ce88636fe45051cb16a786dc4e6b4802f57592b2f290a9e4bfebc2904803f11903d0f14a149bb5ed0c91cc3b0f22d6c04b5187983c715b2d313857b3fa7cbee24c619ec9946ded34a29b33cb9624ed4ad2ef3976733189f437d7e55dc25cb42ba311de82ea7f457f440acb7db1a07d2060848444db24377b66823d3e8f171d833fcd08add58911a586cf7ddb25a013f2d619f60dd00cb1dd1b4e9be5ac44a68fd09c38c76ae86643da5c21b2a724210b911f776c1796b481609ff0a446930d54c9566b6ba710e9df676c48a10b4da941b54c7818da12a64e584de5de9dc98bf601e1018fb28d1a683b692749714782c3790cb44657d6cad48e8bcb7547464cf29311f2f99a35c344cfd93945fd7655e0004efe07d0b4cc7ae0d5f686525a819ffbb4d445a915d1e2ececc38e3eb4e3c15b2da9f83979e684ef3904369699791548dc41fe7033b603988c83ee92a8ed46738
I: MonitorObliviousTransfer::next
I: GeneratePublicKey::next
D:  sending message (size 0.000768 MB)
I: MonitorObliviousTransfer::next
I: SendPublicKey::next
I: MonitorObliviousTransfer::next
I: RecvEncryptedMessages::next
I: MonitorObliviousTransfer::next
I: DecryptChosenMessage::next
I: MonitorObliviousTransfer::next
I: ChooserDone::next
I: MonitorObliviousTransfer::next
I: MonitorObliviousTransfer::next
I: InitChooser::next
I: MonitorObliviousTransfer::next
I: RecvConstant::next
D: received message: 71039745f00b1d16f356e9084da0009e50f267fb8051e69cb475fdf58d3061e71eb6ab28c2cd5c38293dba5f2ea76960fcaa0c158cb07fef2945694435390eaabe5d5f3bc530f43a24a53d6e761ef576e72eb9d29a71aafa6a0564e583f3f3d54ea16b3dc55690b6c87dfbfcd8409ba9d224085a78810c60f4277a9e3da42e87c6d70d778a632a10aa8149723be2b204014286cd4eb784b657b0d915504e919a94c6ce8d6223b4a26a357376b0cdbc78779eac18c63609784179c4fd9f7a418b484ec811ea42818ba868cf5f07109e238bf0d46ddf4727906b8568097bdabd3eb82a90a9d274d7aa21b5c83717cf06037b0ad821d10909fe8b8be3a591c4a3b415f82a92074c211a81e48a44556c45b73eb0024fee98394f5f7d5452b0c36c6a498b644c3bbe530e7fd95293125acd2755793575901b2871e74b24ba5b0aba581aa4074941148b03e403b95ad48723e0cb4e15ea6f0af44b2b63ddbf1ad2accde8b3604c81665971b01613834e17af77a12261d41797648d03ddf30d7105d8ed
I: MonitorObliviousTransfer::next
I: GeneratePublicKey::next
D:  sending message (size 0.000768 MB)
I: MonitorObliviousTransfer::next
I: SendPublicKey::next
I: MonitorObliviousTransfer::next
I: RecvEncryptedMessages::next
I: MonitorObliviousTransfer::next
I: DecryptChosenMessage::next
I: MonitorObliviousTransfer::next
I: ChooserDone::next
I: MonitorObliviousTransfer::next
I: MonitorObliviousTransfer::next
I: InitChooser::next
I: MonitorObliviousTransfer::next
I: RecvConstant::next
D: received message: 1f174e0f4c949bd035c21832fa11458c3e0d341a4d45b3f5d6b22b9075085987485c691a8e85c3ae1b84b1c999b1d38fbaa5debdef917762b4cd8a2c8d090f6b729feaeb9bbe938fadd6115b9fb8529ab169513a75aa8610b9afc5bb60f6180fa30ac5d442780c739565bd1ac6eefe04a7921959e4a81c54850d217b1a0778518b74ce7953f88594210b514fa6dcf2623e382509178df7f16d3065dcd9470cdcc5703675f0be15a3ac5eae09ccb0e9e4cc918a019b0aa6a893b2c99ac846bbaac869fdcb5bf85e52667f15f6f3a83124443973ec42e044e41e1b818ecb3d5c4ca35a8e170db81530d395516a4572a9640f45021c7c96e3d5a7e19561927f11d305a706ebfd633b3d1f6a116a8e78fcf501810535ff423a3c7ed94f2016d445e851cacc52417c46f73074bc68873eca8f5cf2e445e7fe59c2c576953f7a61dfa9539232f42673f529c8514a1b0b25e24ef75027e57963fb1b255fc1c4f4c4da790b369bb7c70dd2b66a2c795657be06afa74b3e37f37a54e5f47aeb5a6129edb5
I: MonitorObliviousTransfer::next
I: GeneratePublicKey::next
D:  sending message (size 0.000768 MB)
I: MonitorObliviousTransfer::next
I: SendPublicKey::next
I: MonitorObliviousTransfer::next
I: RecvEncryptedMessages::next
I: MonitorObliviousTransfer::next
I: DecryptChosenMessage::next
I: MonitorObliviousTransfer::next
I: ChooserDone::next
I: MonitorObliviousTransfer::next
I: MonitorObliviousTransfer::next
I: InitChooser::next
I: MonitorObliviousTransfer::next
I: RecvConstant::next
D: received message: 537f2b5c40ab75aa2f0b71461d2cf2a612c1a760d811a9ce263b9e2178d1ed35d35d04955e06a08539be3f1ed61ed434c52b226e38df798b6fa1048b861c3b7be1468904e079e24f16103c751debb4be2d3edaf77817a23753825ac87a18f7ce1d35eb04bd197ca7031c8457e04a25d9a7a2e4408f30b42d109ea5a69725b3989ca8067317e646c4f87d8673abe5a2f8819faeb58cc2cf153d6c4f3c13544900bc750a2f646331c3096f9db415a365f16f0cd12397b08b51940215bf46e40c835423ca661673c8fbcf2f862ce2a09eb0a1a8abc5a9a0dfa1f36cf7da84f7d8f52b407ac5b4fbb2e70c190ccbe4c55921592160684d4a031abbb2037a6fce316d069cdda20dfb10454dd48275d5125884e017b4ce36d0531a2b180920abc65370be27cf0d95263afcf6121f563091041e679cf157ffd30d41aedab2d799aea0bc9ebdf45e3a9aefa0b130a0ffc467777a35b2f4ea969a62fc5afa8e7039bd0a1c41a5457766a37b42083038f41a51b8dec9c4a088da0cf1d6ded10106c834663
I: MonitorObliviousTransfer::next
I: GeneratePublicKey::next
D:  sending message (size 0.000768 MB)
I: MonitorObliviousTransfer::next
I: SendPublicKey::next
I: MonitorObliviousTransfer::next
I: RecvEncryptedMessages::next
I: MonitorObliviousTransfer::next
I: DecryptChosenMessage::next
I: MonitorObliviousTransfer::next
I: ChooserDone::next
I: MonitorObliviousTransfer::next
I: MonitorObliviousTransfer::next
I: InitChooser::next
I: MonitorObliviousTransfer::next
I: RecvConstant::next
D: received message: 53fabdac0829fecb7727bf2c56e4dff963539759e5016daa713da7b315b08e892cfeb8ad8839634962681b807772fca3dda983748e0f94f0dc7966bd7dd246665eb11d9871d74b02ff9464849ee5cda08706e8bfed1836819bdaf1cd37d517d076eb5aa0138f44ccff8619ef6fece3f794fa4c71df7ade15a7810180b3766fb44b5fdaa93519e2e04ac2b75a3d2d41ef8f824291665c00f30e849e3b0a01a915c58c2db0033ff7ebdf5c56762f53876f7f78a830859f9195329237a51afa648fc572af97041a4a07b00415a9b3069aca3e5eefd4df6bfaa24df77c9957f2ae310c83565b262bf8c816bf049e74e7adc5c4ceab5268f2fe598de775e9975788b887089c7dfb00ffa85bc80957973c31099f0613916099ac750d53f90a2b66991bb37138e56a368257cbcf22f020735fc1a0769414623bd6172e1583d156bcdbce57babb234f2583e2f28b8936b70546969036a34d19409729e30217dc7916bdcd46901b120814c613ff9405d05429c6b566d1e552c460e8101f310150f3126151
I: MonitorObliviousTransfer::next
I: GeneratePublicKey::next
D:  sending message (size 0.000768 MB)
I: MonitorObliviousTransfer::next
I: SendPublicKey::next
I: MonitorObliviousTransfer::next
I: RecvEncryptedMessages::next
I: MonitorObliviousTransfer::next
I: DecryptChosenMessage::next
I: MonitorObliviousTransfer::next
I: ChooserDone::next
I: MonitorObliviousTransfer::next
I: MonitorObliviousTransfer::next
I: InitChooser::next
I: MonitorObliviousTransfer::next
I: RecvConstant::next
D: received message: ca0907eb00650a3530dd28a13d08c01d3af7f25330d8fa9362d324b2e1de5914436e1378f6f2ee55e1f05ea0eeabca5d3bd703ac348a11dfa611097695017d494251c35ae0799eff55bae94dbb09431be309579e03b4ce70cc1720230e82c93ccb7c3ab6de045f390eb02f84b0ddf891beed79afa7f6701e7b440d9714b870f211b606b9e89e0424c33e0b3393ad2a7e4fb03dd1ec91cd5264533ab04482978e75df2832e453f94ae4bbcf7f124dbef769b8cb4cfe3b59a84d6e82c9281061d06531f75b8c6a1da86e762a57054ebd362cee68da3451644500b02d3ffccf4bb5d2f6a62ca56bf7dfa923c55404684b96405c1a61dec45f27e733d8adabb2ba478ebd8870628721c6a5a0f8386b9ccaa9f946ac41d7df469b275ff5076b08c9c149dce6b6185481ecf1e3d39ac2674d68d6ab134ef1590a9bb2b9bcbd1aab1e3058209e8509077ac96be82cecef1c78bab99b0792b9e735ec0d7880552c5661ea158208f97524dddc2996b5e7e46d5ef6ded85a1831e79dd2c892d23efcb688f4
I: MonitorObliviousTransfer::next
I: GeneratePublicKey::next
D:  sending message (size 0.000768 MB)
I: MonitorObliviousTransfer::next
I: SendPublicKey::next
I: MonitorObliviousTransfer::next
I: RecvEncryptedMessages::next
I: MonitorObliviousTransfer::next
I: DecryptChosenMessage::next
I: MonitorObliviousTransfer::next
I: ChooserDone::next
I: MonitorObliviousTransfer::next
I: MonitorObliviousTransfer::next
I: InitChooser::next
I: MonitorObliviousTransfer::next
I: RecvConstant::next
D: received message: 8e4ad7e77940df1734c3393f0148befe9cdc2daf7a7d74b7d75581c1c820b8bec0a49fd63a51ca453c213cbb216b455ebd91ed3a181d888991f25854be545bca20b0c9f5d2ba632e71db7663ebbd7259b38978ac3208e405586fa60531dbdeffc2dea731b25472b00bd263af7fcecada7df69dfcf4bb075bb28a8867a1239153eadc9440c4b595d601584a67ad4b15b70c9eda0fba850afaaa3ab94c6b1462edb61c6416730d72fb0eb36751370d94218eb1e6354d55ee91d9c32a2393b222e376869cf2cc7a1d946fd8caa9eabeb013e987e2059fa683d170aa7ca9eaa34da413d5ee2fea9bb1a7e28641588d9b1c3e009d0b95acea1d19f4c4d793d34f3f10dc3e196d315a3351bd902532339613cf1e68a543f3a39419981471ca3b682adc1ebd88f2af5e7f09caeb87040a8c952d7a9037df6a0ba7f96c2e3a17cdcc21d3089404d107aeb6d68722491353103d4c02e8fb074fa58804cbd51eee25890384afdeff6c5ea39eba0cdf588eacd2a18d840483abf500fe7e0e0dc20cd55c7afd
I: MonitorObliviousTransfer::next
I: GeneratePublicKey::next
D:  sending message (size 0.000768 MB)
I: MonitorObliviousTransfer::next
I: SendPublicKey::next
I: MonitorObliviousTransfer::next
I: RecvEncryptedMessages::next
I: MonitorObliviousTransfer::next
I: DecryptChosenMessage::next
I: MonitorObliviousTransfer::next
I: ChooserDone::next
I: MonitorObliviousTransfer::next
I: MonitorObliviousTransfer::next
I: InitChooser::next
I: MonitorObliviousTransfer::next
I: RecvConstant::next
D: received message: 7e6e7d265a4d23d26c1da065bece165da9cb28f57fc2b6297cc3a56df7753ed31b8a19437f0cfedecdab9d3d59d61d651046d6ca82818c2cda60edd451e5f95559115dd2ef04849edb40892706a9e2352cd167f0e08f3489312ed00e21f07f442931654b14ce765333599a2d291373899abf952b1b5dcd2991db68c6fd189cb4a68be0ad391b58a28744dd54a178d710c15d13ae43d6825d9aa1cdf97b84679ca58af450353723be8fb4311182ab561f9fd7041042207c2cb9c4786ddc3e2d2d70579b354051b6c7ebea17f25f8c69bf02fbfad9f170dfe59dbc09fad45f1062191f3e7031119432b5f2395411ff093313a1068f3866665f86864c29652e57daffec2ecd4728203e52355ef76d53d4d0ee0b63d338ffcb7e4520bfc9375104063ca3ec8c44c7d2c41acfa45d9d85a20497ba005c8a9afd53670daa2ab5bf44c89757b9a716dc77696d879fb60a021ca98e092a66c7adb96a2af94d1e7eb4bf2c84c611365cd0f52f5f064af4dc2842e42a049e732f4b3fc69f2dba94f922dd6b
I: MonitorObliviousTransfer::next
I: GeneratePublicKey::next
D:  sending message (size 0.000768 MB)
I: MonitorObliviousTransfer::next
I: SendPublicKey::next
I: MonitorObliviousTransfer::next
I: RecvEncryptedMessages::next
I: MonitorObliviousTransfer::next
I: DecryptChosenMessage::next
I: MonitorObliviousTransfer::next
I: ChooserDone::next
I: MonitorObliviousTransfer::next
I: MonitorObliviousTransfer::next
I: InitChooser::next
I: MonitorObliviousTransfer::next
I: RecvConstant::next
D: received message: dd429a52e4fa4d6053cba573ecfed4b5ef59c8b6d50e6e1f2940b18ddc2b8fdb3e0835e985f9e55a0c8ad388c2dae362f0b4601c259efc4f581c16c1063e816d5a3270c16d3e73540dc4fc85fdaadfb3ab40d0a663c90e4110a3b6e804fa19a249e43dab466f1859e0600b83bf015a8aefd11d0b31d40ca9a4b99fcc889d23dd3be908d5c77b6efabaeb506ef4cb3ff29c87ca1d29dd463d9ec60a14d7199cd68dc3972ab659eab9d5dd56624a4cc09a28ce43e2b5029564b4f865ee512629decd8898a716a8bb90ca26041cbeaba6717abb823b756e3af7924cdd5706e1ff908edb9dc7a9eb5931ad3bed5d12ebf005c325d3185139832402a943b46e4e82daa3a242c905af45030b69acedd4ea165a953fd3827314d51381e2b4999934903cd4147afd0e9a96974562cea1ae0f0c2b872f0ac5ff8f6c42544316e622cdb32aae4c155e1946796904d2d908f9706b980216f3a46701dffacc0da89ad298e08c53fc5a6d40821c9c3ec4230b6da9ab4afc608524c407a703847c7d22d74c7d70
I: MonitorObliviousTransfer::next
I: GeneratePublicKey::next
D:  sending message (size 0.000768 MB)
I: MonitorObliviousTransfer::next
I: SendPublicKey::next
I: MonitorObliviousTransfer::next
I: RecvEncryptedMessages::next
I: MonitorObliviousTransfer::next
I: DecryptChosenMessage::next
I: MonitorObliviousTransfer::next
I: ChooserDone::next
I: MonitorObliviousTransfer::next
I: MonitorObliviousTransfer::next
I: InitChooser::next
I: MonitorObliviousTransfer::next
I: RecvConstant::next
D: received message: b135b538c96571181c5424692f848e92d4aa946fc68d8dfd2bce72a306a5e44dd62e648c64582b8f710d016297198f48320bf18581bd32f56076ad7b0558cc29ff0f267b47fa4ae8634764c800fcfa0417986797ea3ad26ec1c62ec1ef9c977ece215c187aae66561ca1328f5f84fdd82f3a60d6ae4ce067ce5505a905bfc0f0821099380a95805ed8131d7dd74209e41777611a05ca819946a9f0f18d51600b0e1f2dbb0fc6d64a2abaf77c6ab1c1a1d6003c01374a00ec5b8c8f0416525c725a653f68ff16579348eab760fc346c8d8f429d8695293483369eb7ac2fbcc807d18e0f98cac78e4e487e000c8dc757d29d7f03f808d16af83b12bceff639e13fdc0a76d4b056e45c88355350be8ea4ac8622d550dce63ab739fac8f8fd927be27832389bd89d07aded4a097212f1a174b7f1970de1390359872aae41d556c0ae424994697acc60daaa39c02cf8a8315bbf0282a5a14210de992aca651f33e3f6ac0dbe778e6b57fdb707cc5ec15d3a4e51fe7a20e833d9d09965fb9f5eee5f4c
I: MonitorObliviousTransfer::next
I: GeneratePublicKey::next
D:  sending message (size 0.000767 MB)
I: MonitorObliviousTransfer::next
I: SendPublicKey::next
I: MonitorObliviousTransfer::next
I: RecvEncryptedMessages::next
I: MonitorObliviousTransfer::next
I: DecryptChosenMessage::next
I: MonitorObliviousTransfer::next
I: ChooserDone::next
I: MonitorObliviousTransfer::next
I: MonitorObliviousTransfer::next
I: InitChooser::next
I: MonitorObliviousTransfer::next
I: RecvConstant::next
D: received message: 621ff3064206f196753618e63fb3b9461d1ac63e3fdcb54ddb38a27c9afb9d8d4b9e4a5801c03b385bac42ff5fb7c945b12dc89c2a3ef36c248d583cef72f000e799d74023421cd48cdcff8a5abb45f22f53be36705f73ddabd2ef7d2362b9f8189886839ff533621bb6980df3a265e961a9c96b8ba3d43af5cb98ab64cc4edd0cfdb6ad07409dfc83c3090527e7dfa2debc9938d49c598c52ea8a3d7a2a349264fb4f213a77f121b7164b6803176c73653f860d8909d2b1ebb14d72d0c79f774849496be0c6db00943072f36deb06793a6c19c7a1217ae254e4206c3833f766051faa7ea32fc273fc21f7c713788a0ddf013cac25101356510c23ddc8acf645aff0660418f86a67fc88fbe344b930262d8475e6b3474d3652e52135d8c2744a39bf492dca0a667d68fdbcd39ce6aded8239445877c666cfaeaafbdde77c55eb2ab1afc3ffe7ea538e97ec0e6d4ea9168056199abe65d50936b616ee180c25d9fb8670e47526c6d77940c8985477a32d3a2fafd96a23333696659e6ece6d16c3
I: MonitorObliviousTransfer::next
I: GeneratePublicKey::next
D:  sending message (size 0.000768 MB)
I: MonitorObliviousTransfer::next
I: SendPublicKey::next
I: MonitorObliviousTransfer::next
I: RecvEncryptedMessages::next
I: MonitorObliviousTransfer::next
I: DecryptChosenMessage::next
I: MonitorObliviousTransfer::next
I: ChooserDone::next
I: MonitorObliviousTransfer::next
I: MonitorObliviousTransfer::next
I: InitChooser::next
I: MonitorObliviousTransfer::next
I: RecvConstant::next
D: received message: 594f45b2f45aca371abef56094561c04d652e753baada33b1c48035bad401e88ed72687fca77bbb43d3a4559ba9c3e29cd9151957187f45e8cd0dc055f96a2a1fbfb71eedbd3069749dd08659602e571d9cb4ac87a6748576ceb1ab29182b6163320d9995a94fbc9aa80fb9e67acb196d2ddc5280d34801d4470c110ba0d4e0dcd51c3c1276f1e35b07fcaef6edeeb32f4fbdd5a5a698a97d60857d81ebb617b8c7b3143b9f4c60175f0b942ea922caf963306a30951acc1f92824089cde62d834936285f1b409f4d01fcc48d5a6d015fa651e56e3bc9115fe2dc9bb43845740ee0ec2bbee47055a9052274dae1679b352366a76ff4c34657746e0e27f52e68b4709a22c2ab1890454bdf5c7abf68537b5b4719b412d7f64121b377f69549b0c1cc097c073fe3da56e307de78ec98de2670d3509f736eb772e7f9d4106d50d279cee58b72024de43dd687859f61632bcd0db18dc0b4544007610b140e5d61adb7e26fac6241ac0f1fa92904f40a609b5808c2a789693bc6347664c1d27a652c7
I: MonitorObliviousTransfer::next
I: GeneratePublicKey::next
D:  sending message (size 0.000768 MB)
I: MonitorObliviousTransfer::next
I: SendPublicKey::next
I: MonitorObliviousTransfer::next
I: RecvEncryptedMessages::next
I: MonitorObliviousTransfer::next
I: DecryptChosenMessage::next
I: MonitorObliviousTransfer::next
I: ChooserDone::next
I: MonitorObliviousTransfer::next
I: MonitorObliviousTransfer::next
I: EvaluateCircuit::next
D:   evaluating gate 10000
D:   evaluating gate 20000
D:  sending message (size 0.000001 MB)
I: SendOutputBit::next
I: ==== round duration: 313141.843750 ms ====
I: CopyMonitorStateLabels::next
I: RecvGarbledGates::next
I: RecvSystemInputLabels::next
I: RecvFlagBitLabels::next
I: EvaluateCircuit::next
D:   evaluating gate 10000
D:   evaluating gate 20000
D:  sending message (size 0.000001 MB)
I: SendOutputBit::next
I: ==== round duration: 306782.906250 ms ====
I: FaultObserved::next
I: MonitorDone::next
