I: parsing spec file timekeeper+.v...
skipping synthesis, BLIF file already exists.
I: parsing BLIF file synth.blif...
D: inputs and outputs parsed.
D: circuit initialized.
D: connections (#2018) parsed.
D: gates (#20547) parsed.
D: outputs: 23047 23050 23053 23056 23059 23062 23065 23068 23071 23074 23077 23080 23083 23086 23089 23092 23095 23098 23101 23104 23107 23110 23113 23116 23119 23122 23125 23128 23131 23134 23137 23143 23045 
D: circuit size: 23144
D: adding identity gates for outputs...
D: outputs after identity: 23177 23178 23179 23180 23181 23182 23183 23184 23185 23186 23187 23188 23189 23190 23191 23192 23193 23194 23195 23196 23197 23198 23199 23200 23201 23202 23203 23204 23205 23206 23207 23208 23209 
D: circuit size after identity: 23210
I: initializing safe primes...
I: using prime modulus 179769313486231590770839156793787453197860296048756011706444423684197180216158519368947833795864925541502180565485980503646440548199239100050792877003355816639229553136239076508735759914822574862575007425302077447712589550957937778424442426617334727629299387668709205606050270810842907692932019128194467627007
D:  sending message (size 0.000005 MB)
I: InitMonitor::next
I: GenerateDriverLabels::next
D:   driver labels generated in 18201.748047 ms
I: GenerateInWireKeys::next
D:   in-wire keys generated in 10633.508789 ms
D: SendLabels::message
D:   generating in-wire labels for 20618 gates
D:   10000 gates processed
D:   20000 gates processed
D:   in-wire labels generated in 11223.954102 ms
D:  gateCount: 20618
D:  sending message (size 16.558086 MB)
I: SendLabels::next
I: RecvGarbledGates::next
I: RecvSystemInputLabels::next
I: RecvFlagBitLabels::next
I: MonitorObliviousTransfer::next
I: InitChooser::next
I: MonitorObliviousTransfer::next
I: RecvConstant::next
D: received message: 467348383994b1737e178dbe2a0437d440b22e693e286a732d0dfd69902bfabaa53e1cc8951a9d69abd09ce56368e1cb4b826dc682ed721ce107b39e3956215f125690b7f1fa5bcefbff1fc0cb978ce1e94d7d2314b323a6586287f60ecb3f5d425d14b98ae944762e06d277ee89dec0a58498cf48fb27421bfd778ba3429184
I: MonitorObliviousTransfer::next
I: GeneratePublicKey::next
D:  sending message (size 0.000256 MB)
I: MonitorObliviousTransfer::next
I: SendPublicKey::next
I: MonitorObliviousTransfer::next
I: RecvEncryptedMessages::next
I: MonitorObliviousTransfer::next
I: DecryptChosenMessage::next
I: MonitorObliviousTransfer::next
I: ChooserDone::next
I: MonitorObliviousTransfer::next
I: MonitorObliviousTransfer::next
I: InitChooser::next
I: MonitorObliviousTransfer::next
I: RecvConstant::next
D: received message: e6e9433d89c77e4f654f2040902226df25f1d32923a610f7efc64686f2e368911eaec9c0d797169f2889a21aa414c6a07a007caa921fe629bf3e5f4aec7274967fbdf1655046b491a467c012b825a69a83fd7566b09b281ec10c92a441d156f3f5174ab69e3fc03caec1ee173642724ba55d4e04eb2c0b93684d7e646457488
I: MonitorObliviousTransfer::next
I: GeneratePublicKey::next
D:  sending message (size 0.000256 MB)
I: MonitorObliviousTransfer::next
I: SendPublicKey::next
I: MonitorObliviousTransfer::next
I: RecvEncryptedMessages::next
I: MonitorObliviousTransfer::next
I: DecryptChosenMessage::next
I: MonitorObliviousTransfer::next
I: ChooserDone::next
I: MonitorObliviousTransfer::next
I: MonitorObliviousTransfer::next
I: InitChooser::next
I: MonitorObliviousTransfer::next
I: RecvConstant::next
D: received message: 1c80efe799cf1c86f014c9820fb165f19ebe81a9dd68c21547622cd8edb9ab95b38e63db88d058b423de51a4b0ca89c2709c4f5821b7570b49a0d6c8f106d17a5f5eecc9021ee9a9c49e25f236635c9f2f63d47d37004198d31efa265e879dfef61e0f7cb21304c4761967e40436db93c74303d05258b8e3956da1aeacc346ea
I: MonitorObliviousTransfer::next
I: GeneratePublicKey::next
D:  sending message (size 0.000256 MB)
I: MonitorObliviousTransfer::next
I: SendPublicKey::next
I: MonitorObliviousTransfer::next
I: RecvEncryptedMessages::next
I: MonitorObliviousTransfer::next
I: DecryptChosenMessage::next
I: MonitorObliviousTransfer::next
I: ChooserDone::next
I: MonitorObliviousTransfer::next
I: MonitorObliviousTransfer::next
I: InitChooser::next
I: MonitorObliviousTransfer::next
I: RecvConstant::next
D: received message: 9d86b223ba36bd7bf774c7a82a7627e3c2310a924bf119296e89c8bb69d04e83041c8b29387d1e5a68a8967959674243f6cd07f955752bb4e677e4c1cfcf4f892064153737e2fc13d0cd6b1ca6a6f548a7233cf5802b9b81641032b4c99e1c1b823cc6a066ff3e9a23ceb962dcc01fd8def4467b189a482870ed141f598a8d5d
I: MonitorObliviousTransfer::next
I: GeneratePublicKey::next
D:  sending message (size 0.000256 MB)
I: MonitorObliviousTransfer::next
I: SendPublicKey::next
I: MonitorObliviousTransfer::next
I: RecvEncryptedMessages::next
I: MonitorObliviousTransfer::next
I: DecryptChosenMessage::next
I: MonitorObliviousTransfer::next
I: ChooserDone::next
I: MonitorObliviousTransfer::next
I: MonitorObliviousTransfer::next
I: InitChooser::next
I: MonitorObliviousTransfer::next
I: RecvConstant::next
D: received message: fa565c4526e8dd92d6509237b3bedd4f3cd78f6977a7c4ecc2819c0ce4a7b4fcf56b7b1ea50f706591441ebe5267215c4f9cc679e1294fb565205db60ea6c89cb32c9c3f3cce1c49ee49b26ddfb1cf1b1e81b2d72ee29820ec94f8963ccd3b621aa7022bb61da09044e23133f8fe253b2408a287c0b4d361b0239227168047d1
I: MonitorObliviousTransfer::next
I: GeneratePublicKey::next
D:  sending message (size 0.000256 MB)
I: MonitorObliviousTransfer::next
I: SendPublicKey::next
I: MonitorObliviousTransfer::next
I: RecvEncryptedMessages::next
I: MonitorObliviousTransfer::next
I: DecryptChosenMessage::next
I: MonitorObliviousTransfer::next
I: ChooserDone::next
I: MonitorObliviousTransfer::next
I: MonitorObliviousTransfer::next
I: InitChooser::next
I: MonitorObliviousTransfer::next
I: RecvConstant::next
D: received message: bccb5ef4aa43508ae518ac3712bb01975c256aec95de2f6856af827a149737bd57acb831c1ce35e553f76a429dfcfc30ab5ccff2ced3b7b7bb0fc8c44cc7f07832e9df745fb3afd17457788c8081856578865c4e4959ae6968cf2528813ed7bff70e919bba06a965704fc9ce0dedb76e1d1eac6fc0d743950f3696c55c789548
I: MonitorObliviousTransfer::next
I: GeneratePublicKey::next
D:  sending message (size 0.000256 MB)
I: MonitorObliviousTransfer::next
I: SendPublicKey::next
I: MonitorObliviousTransfer::next
I: RecvEncryptedMessages::next
I: MonitorObliviousTransfer::next
I: DecryptChosenMessage::next
I: MonitorObliviousTransfer::next
I: ChooserDone::next
I: MonitorObliviousTransfer::next
I: MonitorObliviousTransfer::next
I: InitChooser::next
I: MonitorObliviousTransfer::next
I: RecvConstant::next
D: received message: e68cd9efc870939afb15eef5879a0af173c4818c152ba53b812662637c8dc8d773fcb5b44473bd2dead2a530afd2778bd6e6095120381e2536f6bbe72e540696d3a8e7104be66b2b85a48187f6133f44a12a78f66f827864aad5ebf9afd4188cf0bf62a2e665eef57ee8952de35ba057ea937a2e066ed21d5c1cd95044f7d82c
I: MonitorObliviousTransfer::next
I: GeneratePublicKey::next
D:  sending message (size 0.000256 MB)
I: MonitorObliviousTransfer::next
I: SendPublicKey::next
I: MonitorObliviousTransfer::next
I: RecvEncryptedMessages::next
I: MonitorObliviousTransfer::next
I: DecryptChosenMessage::next
I: MonitorObliviousTransfer::next
I: ChooserDone::next
I: MonitorObliviousTransfer::next
I: MonitorObliviousTransfer::next
I: InitChooser::next
I: MonitorObliviousTransfer::next
I: RecvConstant::next
D: received message: 91f9d5b830f0eb48e033f181b3262fd8e2585f415ed7cbc9785bd64baf50fcbdc12118ab3e91adbf7bb9d40721b2dfcdfdda274390f3ee941e587c3ea48281f4ab8b5aec06fa10576563b63a9d92e5666c156f4293dd35019bf2c911b99328467d7c4c4a8622b34383c59179f6dd61adb1250f50ffc41890668c361dfed690ef
I: MonitorObliviousTransfer::next
I: GeneratePublicKey::next
D:  sending message (size 0.000256 MB)
I: MonitorObliviousTransfer::next
I: SendPublicKey::next
I: MonitorObliviousTransfer::next
I: RecvEncryptedMessages::next
I: MonitorObliviousTransfer::next
I: DecryptChosenMessage::next
I: MonitorObliviousTransfer::next
I: ChooserDone::next
I: MonitorObliviousTransfer::next
I: MonitorObliviousTransfer::next
I: InitChooser::next
I: MonitorObliviousTransfer::next
I: RecvConstant::next
D: received message: 6cb97d4d453e9a4cec0979f55c2082dff5781197824135d83142b988e3c63cb98ba5a3e6bee61da85bd85dedc916b9d0c58d945e7659711fd10fceed971d9f95feaec4f01c80b0eb9495cb9e8af06f318953bdcdb9fbcbea76a885794654d02dc701d1a419e426b9480e4d80d099bbd82ad152e042f00909828dc8f216c94c14
I: MonitorObliviousTransfer::next
I: GeneratePublicKey::next
D:  sending message (size 0.000256 MB)
I: MonitorObliviousTransfer::next
I: SendPublicKey::next
I: MonitorObliviousTransfer::next
I: RecvEncryptedMessages::next
I: MonitorObliviousTransfer::next
I: DecryptChosenMessage::next
I: MonitorObliviousTransfer::next
I: ChooserDone::next
I: MonitorObliviousTransfer::next
I: MonitorObliviousTransfer::next
I: InitChooser::next
I: MonitorObliviousTransfer::next
I: RecvConstant::next
D: received message: edd189bbe89c4c4a2e39702c4d7c64e8711d9c39670e3fc12057d168b8481c503655fd506b7d7b89569239f8f1fdcc63d4f4e7a7408aabb5c1c0b2448241f38b1cc049685207410724403f9b36e11a5546effa34ec6449e4c27f2cee399d5e39c835956eeb0ec75f2c7ed36b675c458a89113ecd4ea0362e1661b2fc3170c27e
I: MonitorObliviousTransfer::next
I: GeneratePublicKey::next
D:  sending message (size 0.000256 MB)
I: MonitorObliviousTransfer::next
I: SendPublicKey::next
I: MonitorObliviousTransfer::next
I: RecvEncryptedMessages::next
I: MonitorObliviousTransfer::next
I: DecryptChosenMessage::next
I: MonitorObliviousTransfer::next
I: ChooserDone::next
I: MonitorObliviousTransfer::next
I: MonitorObliviousTransfer::next
I: InitChooser::next
I: MonitorObliviousTransfer::next
I: RecvConstant::next
D: received message: bcb3543aecfcfcc37d9963ba5ed50d483c36532c146b9107f62420f90281b7db592a00b5cac6782f868f99fbb691d3ca9e2147e6019477c7a33c511758383ba12932ce345280b47fff453be86b56b0333675027b363c6c4179fce8722b38cd3f952347a42323e0942da1f625a08c1bc4293ebe6d14ab86c379999ab9264395c3
I: MonitorObliviousTransfer::next
I: GeneratePublicKey::next
D:  sending message (size 0.000255 MB)
I: MonitorObliviousTransfer::next
I: SendPublicKey::next
I: MonitorObliviousTransfer::next
I: RecvEncryptedMessages::next
I: MonitorObliviousTransfer::next
I: DecryptChosenMessage::next
I: MonitorObliviousTransfer::next
I: ChooserDone::next
I: MonitorObliviousTransfer::next
I: MonitorObliviousTransfer::next
I: InitChooser::next
I: MonitorObliviousTransfer::next
I: RecvConstant::next
D: received message: f4d35c00e3cee380a8867ab8ad139af227eeb2983171832bdef80c41baa0901ed8fb9e330479ca75d3877f856bd3323dfce1a3ab3b18a2cc3b1ad7dfcdd66c09cdce14970d3673a2da3ea7555aa09b1d1eade1689793171422621191eda285705fdaa091a023a5c3d0e0b6f800b932a4a529a2201f52f34670d644090bef769d
I: MonitorObliviousTransfer::next
I: GeneratePublicKey::next
D:  sending message (size 0.000256 MB)
I: MonitorObliviousTransfer::next
I: SendPublicKey::next
I: MonitorObliviousTransfer::next
I: RecvEncryptedMessages::next
I: MonitorObliviousTransfer::next
I: DecryptChosenMessage::next
I: MonitorObliviousTransfer::next
I: ChooserDone::next
I: MonitorObliviousTransfer::next
I: MonitorObliviousTransfer::next
I: InitChooser::next
I: MonitorObliviousTransfer::next
I: RecvConstant::next
D: received message: 5d176605fa062b985c103be1a723abea27d730b9f39264ef089bd08aebb07ee246544fbd095041c75d57b2c0f3b3c58c442358ec86a873f330b719dc60d4814b17b7dacaf5d88a4854fdc3979215b5992a6346132a97cef4c2295cc0fc32479080b38c2e20da6c38071a4fdcf3a9caa3694e7ae7b2d02194326328d4e5b532ff
I: MonitorObliviousTransfer::next
I: GeneratePublicKey::next
D:  sending message (size 0.000256 MB)
I: MonitorObliviousTransfer::next
I: SendPublicKey::next
I: MonitorObliviousTransfer::next
I: RecvEncryptedMessages::next
I: MonitorObliviousTransfer::next
I: DecryptChosenMessage::next
I: MonitorObliviousTransfer::next
I: ChooserDone::next
I: MonitorObliviousTransfer::next
I: MonitorObliviousTransfer::next
I: InitChooser::next
I: MonitorObliviousTransfer::next
I: RecvConstant::next
D: received message: 7decd3c25980200253048721870fc278d7590d36e1f8f693049b1eacbb2e4663846730938bfc3dcb15bf2736a16045928339fda70abcc13bb9155029607c09c8e0b43d938a76c2afcd224e0c0c0fab93c67d5bf0c08d4d0befae6811a666e83cc60433c81936036694e86ed1daf4e0ba790806abde7a964da6d925202f574f11
I: MonitorObliviousTransfer::next
I: GeneratePublicKey::next
D:  sending message (size 0.000256 MB)
I: MonitorObliviousTransfer::next
I: SendPublicKey::next
I: MonitorObliviousTransfer::next
I: RecvEncryptedMessages::next
I: MonitorObliviousTransfer::next
I: DecryptChosenMessage::next
I: MonitorObliviousTransfer::next
I: ChooserDone::next
I: MonitorObliviousTransfer::next
I: MonitorObliviousTransfer::next
I: InitChooser::next
I: MonitorObliviousTransfer::next
I: RecvConstant::next
D: received message: 9c6a0bf7daf41ee49954126044fd05f727b782aa65e759bd7c291c0b3ce15db50b62ed22a22b55f9d94e1097a3d3308299a1574b8371210c2716bbe257f86ab29536d5e08973ad44cb1ff57c1b49a393a129240c8f07ddc48f3fc7338d1b5a215572338519e149221c223efad3bac930c95025b719a5957c10444cedc68d6564
I: MonitorObliviousTransfer::next
I: GeneratePublicKey::next
D:  sending message (size 0.000256 MB)
I: MonitorObliviousTransfer::next
I: SendPublicKey::next
I: MonitorObliviousTransfer::next
I: RecvEncryptedMessages::next
I: MonitorObliviousTransfer::next
I: DecryptChosenMessage::next
I: MonitorObliviousTransfer::next
I: ChooserDone::next
I: MonitorObliviousTransfer::next
I: MonitorObliviousTransfer::next
I: InitChooser::next
I: MonitorObliviousTransfer::next
I: RecvConstant::next
D: received message: e558321ff9fdd4955f1fa576a93a40a3a4155750766b79ac3db47e02789b37bd257307ed3f444f86ece625f098a305aefb8f6661f2a50578124af7f292c854028378abdbc5ee8d556c25aa2bfae2683123adaf0aa21d96d2f6a9db195a1f79428b0a02b68f4fdd12306eafdeb61b9c7c50bdef4625fe6d94ae87631d1ad9569f
I: MonitorObliviousTransfer::next
I: GeneratePublicKey::next
D:  sending message (size 0.000256 MB)
I: MonitorObliviousTransfer::next
I: SendPublicKey::next
I: MonitorObliviousTransfer::next
I: RecvEncryptedMessages::next
I: MonitorObliviousTransfer::next
I: DecryptChosenMessage::next
I: MonitorObliviousTransfer::next
I: ChooserDone::next
I: MonitorObliviousTransfer::next
I: MonitorObliviousTransfer::next
I: InitChooser::next
I: MonitorObliviousTransfer::next
I: RecvConstant::next
D: received message: aed1fb52fac62d7aeb6b6a060687814da3edc00a0407daee897f6f0c26f49d6b4ad43197b6534f3c5328606e3b45a751554cb01e73ec4d0d38edfea9a9d885a29ef870c2756a37c8ec1f8085646e6ffe642c9aff8f48f67373e956fff1a3ed7e60ccd8fd6aa94348933b8940534c7bd704fc0ac11c54df932d2829b7e677f721
I: MonitorObliviousTransfer::next
I: GeneratePublicKey::next
D:  sending message (size 0.000256 MB)
I: MonitorObliviousTransfer::next
I: SendPublicKey::next
I: MonitorObliviousTransfer::next
I: RecvEncryptedMessages::next
I: MonitorObliviousTransfer::next
I: DecryptChosenMessage::next
I: MonitorObliviousTransfer::next
I: ChooserDone::next
I: MonitorObliviousTransfer::next
I: MonitorObliviousTransfer::next
I: InitChooser::next
I: MonitorObliviousTransfer::next
I: RecvConstant::next
D: received message: c9e66bf929196de1fea83e537ade4541997607f0f6c7ede950dfc18c9f3bf76ab99c40494517d929e4ce87eaf5d81e8304a8e53cc97d242b068d5738ef07ba38287539dbb36951e8086424480242513202c6ee346e708b6e1cdd0332bd5752497daf0be8ef8e675e752c9f449310de5cd70a5196b071dfaaa39430d821a4f995
I: MonitorObliviousTransfer::next
I: GeneratePublicKey::next
D:  sending message (size 0.000256 MB)
I: MonitorObliviousTransfer::next
I: SendPublicKey::next
I: MonitorObliviousTransfer::next
I: RecvEncryptedMessages::next
I: MonitorObliviousTransfer::next
I: DecryptChosenMessage::next
I: MonitorObliviousTransfer::next
I: ChooserDone::next
I: MonitorObliviousTransfer::next
I: MonitorObliviousTransfer::next
I: InitChooser::next
I: MonitorObliviousTransfer::next
I: RecvConstant::next
D: received message: 52081d6c4ba631afbdefc2d2ba75218ceac37379457a93ed7a7f0522e087c671b3d885d1afa5138cb422a930ca4395bad8fc0143b2d570de70154bde41374a2fd8b5ff293affabba9bea7a1796975876f559171245ec91c138526973f89cba9ca8e62fb5fefbcfe7a73253992cc7415cde7ceb7e55359556c6ccb8c6981e3f61
I: MonitorObliviousTransfer::next
I: GeneratePublicKey::next
D:  sending message (size 0.000256 MB)
I: MonitorObliviousTransfer::next
I: SendPublicKey::next
I: MonitorObliviousTransfer::next
I: RecvEncryptedMessages::next
I: MonitorObliviousTransfer::next
I: DecryptChosenMessage::next
I: MonitorObliviousTransfer::next
I: ChooserDone::next
I: MonitorObliviousTransfer::next
I: MonitorObliviousTransfer::next
I: InitChooser::next
I: MonitorObliviousTransfer::next
I: RecvConstant::next
D: received message: 10521ba5f1fe115937eb539821273c8636281ddffa69cdc7f57592893660e0f10a6cc959f1f41a80fa8ddc411446f305d064439b8e17536bc30658a5cd301cdecdae6d03c1688fd958aeee34adf48eef8cc901757a505560ba19bfb36de24348ca82c7d32d1807cc085d0171fc8ba343f5812d5b95e48ded0aa08fe5e3702902
I: MonitorObliviousTransfer::next
I: GeneratePublicKey::next
D:  sending message (size 0.000256 MB)
I: MonitorObliviousTransfer::next
I: SendPublicKey::next
I: MonitorObliviousTransfer::next
I: RecvEncryptedMessages::next
I: MonitorObliviousTransfer::next
I: DecryptChosenMessage::next
I: MonitorObliviousTransfer::next
I: ChooserDone::next
I: MonitorObliviousTransfer::next
I: MonitorObliviousTransfer::next
I: InitChooser::next
I: MonitorObliviousTransfer::next
I: RecvConstant::next
D: received message: 14c6ce99a31b9e668ab372078e4c43e2088090ff057c7878cadc67c5f8f5fbc045813b52946203e906160483fcc8c1b05838eda8f579ab20e86bd1b94462ffaf57c0e68c3d64b21fab451ac153ebf81bb4549e5d7197162542033c74362a4e1f666d1ee6b93dc3e95bf9e2de859c5e80cf0f96d0aad1afd3921db75423f043c1
I: MonitorObliviousTransfer::next
I: GeneratePublicKey::next
D:  sending message (size 0.000256 MB)
I: MonitorObliviousTransfer::next
I: SendPublicKey::next
I: MonitorObliviousTransfer::next
I: RecvEncryptedMessages::next
I: MonitorObliviousTransfer::next
I: DecryptChosenMessage::next
I: MonitorObliviousTransfer::next
I: ChooserDone::next
I: MonitorObliviousTransfer::next
I: MonitorObliviousTransfer::next
I: InitChooser::next
I: MonitorObliviousTransfer::next
I: RecvConstant::next
D: received message: 4e805b483210825fbbe805e675d716c3e7aeb36c584e226aa82183bb36cfb7641d4774012759d3ca999b875a3be7ff31cbb0f82c9aac32df6374445b5111c0f10b4e69b2e631e0aa14a88788e626b0768d79be692afb2e47c4992214923589048658c27024d1701115d5003707c19cd44f1c0b5614351ac3f0e47eacf9300a0c
I: MonitorObliviousTransfer::next
I: GeneratePublicKey::next
D:  sending message (size 0.000256 MB)
I: MonitorObliviousTransfer::next
I: SendPublicKey::next
I: MonitorObliviousTransfer::next
I: RecvEncryptedMessages::next
I: MonitorObliviousTransfer::next
I: DecryptChosenMessage::next
I: MonitorObliviousTransfer::next
I: ChooserDone::next
I: MonitorObliviousTransfer::next
I: MonitorObliviousTransfer::next
I: InitChooser::next
I: MonitorObliviousTransfer::next
I: RecvConstant::next
D: received message: de39ea3bfd3689f3f086183314b20072c842b86a40726008664472cfbc24d29929b34e688d5e2c8f0da916af2da63e7c268c05d4a00f110b76c4cdb67dac8846a0b03b2cec68ab235322885a4468f6f2dde620c6344419b83809d07eb2c45d8613d4f5a45839086384dfd0b5fc144924425ea75dd2cbe0f457dcbb7504adc580
I: MonitorObliviousTransfer::next
I: GeneratePublicKey::next
D:  sending message (size 0.000256 MB)
I: MonitorObliviousTransfer::next
I: SendPublicKey::next
I: MonitorObliviousTransfer::next
I: RecvEncryptedMessages::next
I: MonitorObliviousTransfer::next
I: DecryptChosenMessage::next
I: MonitorObliviousTransfer::next
I: ChooserDone::next
I: MonitorObliviousTransfer::next
I: MonitorObliviousTransfer::next
I: InitChooser::next
I: MonitorObliviousTransfer::next
I: RecvConstant::next
D: received message: 1f08a1054496686ded039e0f6e1a6895437bc73aebe34b74b5d3d72f41b33f1083f146fb2bdda2c7de75e93b1a6fd865b08035ae6ea72e6dcd142519e2f6ba306b3da37f433f69ed57c811eef4c34cdb334f87b27784c9157afe8d61020d59e88a2bea0cbac201a8e7b805e3e54ecd09915772ad3fa985916e5f3234d24b1c9b
I: MonitorObliviousTransfer::next
I: GeneratePublicKey::next
D:  sending message (size 0.000256 MB)
I: MonitorObliviousTransfer::next
I: SendPublicKey::next
I: MonitorObliviousTransfer::next
I: RecvEncryptedMessages::next
I: MonitorObliviousTransfer::next
I: DecryptChosenMessage::next
I: MonitorObliviousTransfer::next
I: ChooserDone::next
I: MonitorObliviousTransfer::next
I: MonitorObliviousTransfer::next
I: InitChooser::next
I: MonitorObliviousTransfer::next
I: RecvConstant::next
D: received message: a02586c34169d5e00f095c8114fbdadb516734f5e94630c810d77f0f76b6efe011ce9cfe66492eabfa9a0d26acb909add89e73af1b1346c16fe0f30151cd5d93ac7cc401091db9248373afaefcf0261b90e4afd6c2688cd91043239abbc73e923a6bc2d0ab444f98bd9dae865efdc2f98716f9bf27cc83fbf8b22f2544a34ba8
I: MonitorObliviousTransfer::next
I: GeneratePublicKey::next
D:  sending message (size 0.000256 MB)
I: MonitorObliviousTransfer::next
I: SendPublicKey::next
I: MonitorObliviousTransfer::next
I: RecvEncryptedMessages::next
I: MonitorObliviousTransfer::next
I: DecryptChosenMessage::next
I: MonitorObliviousTransfer::next
I: ChooserDone::next
I: MonitorObliviousTransfer::next
I: MonitorObliviousTransfer::next
I: InitChooser::next
I: MonitorObliviousTransfer::next
I: RecvConstant::next
D: received message: d26b157069728e23ae69b6ff9bf1da3f8194845c002f320cea0489a78c4ee6efe116de397efe35c525bc7512f01ed4633cb11bbfa820dd32a26ee5fa28af5b90d9c084bcf3c48f96cec4bb4c8b2fe2707fe31fe27f974312aebc0f40b274d046d187ebcbde7906e3ef6da077ba3f350c3e5bbc9aa1cde5f6d69e7b4c1ad5b40f
I: MonitorObliviousTransfer::next
I: GeneratePublicKey::next
D:  sending message (size 0.000256 MB)
I: MonitorObliviousTransfer::next
I: SendPublicKey::next
I: MonitorObliviousTransfer::next
I: RecvEncryptedMessages::next
I: MonitorObliviousTransfer::next
I: DecryptChosenMessage::next
I: MonitorObliviousTransfer::next
I: ChooserDone::next
I: MonitorObliviousTransfer::next
I: MonitorObliviousTransfer::next
I: InitChooser::next
I: MonitorObliviousTransfer::next
I: RecvConstant::next
D: received message: af5ad85bcce346eab5ead9f7a33a9e77cdeee91e62ca913ce369c8f32978761fe055967b50419b045d4b35fc77d439e4054e691dccd1523af68941d3dfe67e3b2e5bf76a21dfa35567d0cc1a61bcf36708954ed390e59f89173138b571980a905bf5770471877c2d0a1fedf4c341a29fe7c7104480dde5081eba9109e293f13b
I: MonitorObliviousTransfer::next
I: GeneratePublicKey::next
D:  sending message (size 0.000256 MB)
I: MonitorObliviousTransfer::next
I: SendPublicKey::next
I: MonitorObliviousTransfer::next
I: RecvEncryptedMessages::next
I: MonitorObliviousTransfer::next
I: DecryptChosenMessage::next
I: MonitorObliviousTransfer::next
I: ChooserDone::next
I: MonitorObliviousTransfer::next
I: MonitorObliviousTransfer::next
I: InitChooser::next
I: MonitorObliviousTransfer::next
I: RecvConstant::next
D: received message: 58b4a3a26d019f3281825e6df47093becc2b6984027ce3cc0ad04610669b4e17fadd9d29db6a654f8821c78e32bdcde4a19b701ded16dc0b94bd3896a4ab5af48cfeef6cf22773fbfbc8aac791e60587ee2b046a469f9bf0ace86ba160e96b85d98042d3025841a3cfbe657b277469e15aec098204d7faeb1ac28acfb153d7ae
I: MonitorObliviousTransfer::next
I: GeneratePublicKey::next
D:  sending message (size 0.000256 MB)
I: MonitorObliviousTransfer::next
I: SendPublicKey::next
I: MonitorObliviousTransfer::next
I: RecvEncryptedMessages::next
I: MonitorObliviousTransfer::next
I: DecryptChosenMessage::next
I: MonitorObliviousTransfer::next
I: ChooserDone::next
I: MonitorObliviousTransfer::next
I: MonitorObliviousTransfer::next
I: InitChooser::next
I: MonitorObliviousTransfer::next
I: RecvConstant::next
D: received message: 325fba765fb6e09c53a46fcc386aa460b666eb0e76c2b2ee36f3405e02ca1fbc4159be35bc9adb2a9fa1268eeef07b39970c478f453dc4d9edcbcc82873db8d56f47ce0e6f10cad3be5017566871e77b3165633656f78a84850edc7cf05b8446f2e1a14f9dda8782681d9f0413babd0fe9daeeadc7afe8bb1198b226079c49d3
I: MonitorObliviousTransfer::next
I: GeneratePublicKey::next
D:  sending message (size 0.000256 MB)
I: MonitorObliviousTransfer::next
I: SendPublicKey::next
I: MonitorObliviousTransfer::next
I: RecvEncryptedMessages::next
I: MonitorObliviousTransfer::next
I: DecryptChosenMessage::next
I: MonitorObliviousTransfer::next
I: ChooserDone::next
I: MonitorObliviousTransfer::next
I: MonitorObliviousTransfer::next
I: InitChooser::next
I: MonitorObliviousTransfer::next
I: RecvConstant::next
D: received message: 5565c308fb6994d9311d7f6ec35acfb599f6709ee482d2232125effe0b4cd1a311c8d0ffd27ffd035737bc3203157c9aaa76ef85654bec6bb2ee40005890c74fcc19cd34a5ffd7472a0eda4c0c67bcd8fda0e2fe052f8ecf5ae27ba3deeb7059bb445333e43cd3b3214f9bb7132e94b23c9f55223ffe182f9b2e07aa813786f0
I: MonitorObliviousTransfer::next
I: GeneratePublicKey::next
D:  sending message (size 0.000256 MB)
I: MonitorObliviousTransfer::next
I: SendPublicKey::next
I: MonitorObliviousTransfer::next
I: RecvEncryptedMessages::next
I: MonitorObliviousTransfer::next
I: DecryptChosenMessage::next
I: MonitorObliviousTransfer::next
I: ChooserDone::next
I: MonitorObliviousTransfer::next
I: MonitorObliviousTransfer::next
I: InitChooser::next
I: MonitorObliviousTransfer::next
I: RecvConstant::next
D: received message: cfaa7c2b8e3318400c50b181a1df7762f0da6253e7f10c7ed049484c42341fa99175805d9133f765bfb759b9e446b2697bdfb24c2143b5518707c0d41c962556b9a29522f3c333e12c22313d6cb8dc531f818f332cc52c97dbd01728f0ea9cc8f0ecb2b7aaa2546ef7d297fa01aae299665a8ecba0a9f642cdf216850bab927
I: MonitorObliviousTransfer::next
I: GeneratePublicKey::next
D:  sending message (size 0.000256 MB)
I: MonitorObliviousTransfer::next
I: SendPublicKey::next
I: MonitorObliviousTransfer::next
I: RecvEncryptedMessages::next
I: MonitorObliviousTransfer::next
I: DecryptChosenMessage::next
I: MonitorObliviousTransfer::next
I: ChooserDone::next
I: MonitorObliviousTransfer::next
I: MonitorObliviousTransfer::next
I: InitChooser::next
I: MonitorObliviousTransfer::next
I: RecvConstant::next
D: received message: c2036f04268db0eaae206261c81533979b884e842ec75add344442799e0cdef921b747b62bba0b723aa632bc898e5ed083435efdd2ecb037a81c56c7f46277983ee805e34eb2725ea67e85a80c2fab6195e71068d8355d8914c8eec8e65f76fcc9b09edf70f30d9e67a567ba23eceb6dd936a6964c09c947b4bd7add9f1cb36a
I: MonitorObliviousTransfer::next
I: GeneratePublicKey::next
D:  sending message (size 0.000256 MB)
I: MonitorObliviousTransfer::next
I: SendPublicKey::next
I: MonitorObliviousTransfer::next
I: RecvEncryptedMessages::next
I: MonitorObliviousTransfer::next
I: DecryptChosenMessage::next
I: MonitorObliviousTransfer::next
I: ChooserDone::next
I: MonitorObliviousTransfer::next
I: MonitorObliviousTransfer::next
I: EvaluateCircuit::next
D:   evaluating gate 10000
D:   evaluating gate 20000
D:  sending message (size 0.000001 MB)
I: SendOutputBit::next
I: ==== round duration: 13516.186523 ms ====
I: CopyMonitorStateLabels::next
I: RecvGarbledGates::next
I: RecvSystemInputLabels::next
I: RecvFlagBitLabels::next
I: EvaluateCircuit::next
D:   evaluating gate 10000
D:   evaluating gate 20000
D:  sending message (size 0.000001 MB)
I: SendOutputBit::next
I: ==== round duration: 13431.431641 ms ====
I: FaultObserved::next
I: MonitorDone::next
