I: parsing spec file timekeeper+.v...
skipping synthesis, BLIF file already exists.
I: parsing BLIF file synth.blif...
D: inputs and outputs parsed.
D: circuit initialized.
D: connections (#2018) parsed.
D: gates (#20547) parsed.
D: outputs: 28807 28810 28813 28816 28819 28822 28825 28828 28831 28834 28837 28840 28843 28846 28849 28852 28855 28858 28861 28864 28867 28870 28873 28876 28879 28882 28885 28888 28891 28894 28897 28903 28805 
D: circuit size: 28904
D: adding identity gates for outputs...
D: outputs after identity: 28937 28938 28939 28940 28941 28942 28943 28944 28945 28946 28947 28948 28949 28950 28951 28952 28953 28954 28955 28956 28957 28958 28959 28960 28961 28962 28963 28964 28965 28966 28967 28968 28969 
D: circuit size after identity: 28970
I: initializing safe primes...
I: using prime modulus 2410312426921032588552076022197566074856950548502459942654116941958108831682612228890093858261341614673227141477904012196503648957050582631942730706805009223062734745341073406696246014589361659774041027169249453200378729434170325843778659198143763193776859869524088940195577346119843545301547043747207749969763750084308926339295559968882457872412993810129130294592999947926365264059284647209730384947211681434464714438488520940127459844288859336526896320919633919
D:  sending message (size 0.000005 MB)
I: InitMonitor::next
I: GenerateDriverLabels::next
D:   driver labels generated in 45564.554688 ms
I: GenerateInWireKeys::next
D:   in-wire keys generated in 13035.846680 ms
D: SendLabels::message
D:   generating in-wire labels for 20618 gates
D:   10000 gates processed
D:   20000 gates processed
D:   in-wire labels generated in 37002.511719 ms
D:  gateCount: 20618
D:  sending message (size 27.024246 MB)
I: SendLabels::next
I: RecvGarbledGates::next
I: RecvSystemInputLabels::next
I: RecvFlagBitLabels::next
I: MonitorObliviousTransfer::next
I: InitChooser::next
I: MonitorObliviousTransfer::next
I: RecvConstant::next
D: received message: c0fe7e36d84af18ebca4db0350f634e8d541352a4cc2618419d9a0fd4d14015912e20abd86abdef6c8928dced25f87691648fc985cf94fc7eb303484f7c4e8afda79687a30c04092e5d8e1f7aaa2294440b05c0bd72d5266adc5738717b9882ccc7b9912c1106da3ed541ecd55882cad098e11524de8a0bbe4ffb0c9c5a8df3470530700690f1f162157e5450e37a4313f9c31660d2bdade585b347b2bad84ba0125ea8df720de0abc2cb6ae45f8992145abd1ad8994a79b664cd6cc52294c7f
I: MonitorObliviousTransfer::next
I: GeneratePublicKey::next
D:  sending message (size 0.000384 MB)
I: MonitorObliviousTransfer::next
I: SendPublicKey::next
I: MonitorObliviousTransfer::next
I: RecvEncryptedMessages::next
I: MonitorObliviousTransfer::next
I: DecryptChosenMessage::next
I: MonitorObliviousTransfer::next
I: ChooserDone::next
I: MonitorObliviousTransfer::next
I: MonitorObliviousTransfer::next
I: InitChooser::next
I: MonitorObliviousTransfer::next
I: RecvConstant::next
D: received message: a7589057498e7f9a730286fdc752145aa720edca3c4efa58cdd918232ba3fe298434a8cab5d62b7bfbd585255aef649c94eb6138bd88420ffc77e64645c0095f495a0d8179cc36977aba8a3fa6a6f481ac291016354117451e8c90ab2035a63e152ea07865d22af68e04970a17075ad02c13539577cc365d9926c0cb794c538a6c8ec9165f43249085f12908177b1743dcb73c6543a5ad43fc84c56d72f55a79bf0faf05cc005c86bcd39bf8c6fb6311cf8b2e73aeb1dbfc1449bf4c17e840c5
I: MonitorObliviousTransfer::next
I: GeneratePublicKey::next
D:  sending message (size 0.000384 MB)
I: MonitorObliviousTransfer::next
I: SendPublicKey::next
I: MonitorObliviousTransfer::next
I: RecvEncryptedMessages::next
I: MonitorObliviousTransfer::next
I: DecryptChosenMessage::next
I: MonitorObliviousTransfer::next
I: ChooserDone::next
I: MonitorObliviousTransfer::next
I: MonitorObliviousTransfer::next
I: InitChooser::next
I: MonitorObliviousTransfer::next
I: RecvConstant::next
D: received message: 6bc8befbc65d25f34c0cd1a592ebac4640ef3ff7931110980de384736aacb188dac6963ae918b11aa98f4c136070f8c8853ad396a1b7f261610975ff694f93965b860abe8a69241865d280e4e52dfd991d793e3cd418080deeb9bca2b351c112fe0cdc63a1cc3907707d96a94259a47973d46c288c6c7e4c7ba8c07f47ab34f4b4553d936c3ac314182824aaa9ff352a3934da1a7e0548a89727829afe9a2ef39f8e35976bebdd9c0caefde6f425186aba78b5b46beb1d5614a88fa68c6188be
I: MonitorObliviousTransfer::next
I: GeneratePublicKey::next
D:  sending message (size 0.000384 MB)
I: MonitorObliviousTransfer::next
I: SendPublicKey::next
I: MonitorObliviousTransfer::next
I: RecvEncryptedMessages::next
I: MonitorObliviousTransfer::next
I: DecryptChosenMessage::next
I: MonitorObliviousTransfer::next
I: ChooserDone::next
I: MonitorObliviousTransfer::next
I: MonitorObliviousTransfer::next
I: InitChooser::next
I: MonitorObliviousTransfer::next
I: RecvConstant::next
D: received message: d71de0274d2fb39144f47ebb5636ef87fa7e78b1731695745ad0cd17ce15606b670dfe298ca8844ef63442c84883931dcf97dda3e5b7d8aa730fbf9924cb180f60f6ef648cad685c44fcf9cd188c344c2e6aafcdfc41954639d4a249fecce206d2170219dbe03f22cdadd3b5c1e757575e28a65275535fcc4ac07b1b35dc7b701b8004a370a738787fb12967cabfa9d94caecb8948816aa8f700e96c3af1139b740fa15533e97cdd664a8e2d0c3bb5ce73b1ad56e0348ce7592b4171e0a0eaa5
I: MonitorObliviousTransfer::next
I: GeneratePublicKey::next
D:  sending message (size 0.000384 MB)
I: MonitorObliviousTransfer::next
I: SendPublicKey::next
I: MonitorObliviousTransfer::next
I: RecvEncryptedMessages::next
I: MonitorObliviousTransfer::next
I: DecryptChosenMessage::next
I: MonitorObliviousTransfer::next
I: ChooserDone::next
I: MonitorObliviousTransfer::next
I: MonitorObliviousTransfer::next
I: InitChooser::next
I: MonitorObliviousTransfer::next
I: RecvConstant::next
D: received message: 1ddbe9a7875936701184e94d554bb694d3af2c85afc4ba585116b5ec728eab57868806a410c1a46637d30cb8be8fc2e0d6d198b999639fa6c944c370cfa78d0420cc907d767434d35f15cf6213ebb95d0f1fc41ccf13e30fe6c28b1e575b1f0fdc3ca5724c94b8c5c4ce56b672d3880a20b21c814247b1fd242b906570ac243e3c58dfe227944b8e2daa754ffdb9c4b6a857e39e2ad6ae794d0871fe10c072fadee01c67b11ee7e214df3c2b95d585be1dd5d9ce03e88f1668974dcb81941230
I: MonitorObliviousTransfer::next
I: GeneratePublicKey::next
D:  sending message (size 0.000384 MB)
I: MonitorObliviousTransfer::next
I: SendPublicKey::next
I: MonitorObliviousTransfer::next
I: RecvEncryptedMessages::next
I: MonitorObliviousTransfer::next
I: DecryptChosenMessage::next
I: MonitorObliviousTransfer::next
I: ChooserDone::next
I: MonitorObliviousTransfer::next
I: MonitorObliviousTransfer::next
I: InitChooser::next
I: MonitorObliviousTransfer::next
I: RecvConstant::next
D: received message: dd14e8f7cfc1158ae60cf8f10d835a351fc024d9b67ccf98b432d491a7e31bcb230dbddc28f99d863f02f8d7cf1669957a9e1b18c03a5b7fa4149a50e0a1d03de7892871178a090c70a53fac19123ed2609e848fa2ab41175bd9e22c1d25aa70760ca961f69cb2dfd4cf9d4da173e1384d68700774861b99711e05cc32b9c7304460ddd3230bca1d267e812be0355ed146223454e86e09c025cea8513edc600bbbf4557ea66d8c84b9634eaec1b3963e8d0ffe0046c429b755a9d96abad5e0fc
I: MonitorObliviousTransfer::next
I: GeneratePublicKey::next
D:  sending message (size 0.000384 MB)
I: MonitorObliviousTransfer::next
I: SendPublicKey::next
I: MonitorObliviousTransfer::next
I: RecvEncryptedMessages::next
I: MonitorObliviousTransfer::next
I: DecryptChosenMessage::next
I: MonitorObliviousTransfer::next
I: ChooserDone::next
I: MonitorObliviousTransfer::next
I: MonitorObliviousTransfer::next
I: InitChooser::next
I: MonitorObliviousTransfer::next
I: RecvConstant::next
D: received message: cdcf03fba5f4e6a199dd1a5721eccb847e3f1a5dd5e95ba50829e143138cb28b8b785f378f21856903b5d939fff646df115dae5db734f0a3d2337d1c648fa85411847bce3e162fa5184da612649b7fbf7cfa98ec665e98c2bb4b53eb3696cbef626e8a44e5d4c0e15ad38f2be60a5cd0d16fbc867dc5b56adf067fff347a0a7b147cffaf36b0935c90479e9ca5ca7314c92c5f6557215299d7882ede388384181b3d0022483f1e435cd57e3c3ddc6c0140b5d3016121ec63e478ca2cfc42d74d
I: MonitorObliviousTransfer::next
I: GeneratePublicKey::next
D:  sending message (size 0.000384 MB)
I: MonitorObliviousTransfer::next
I: SendPublicKey::next
I: MonitorObliviousTransfer::next
I: RecvEncryptedMessages::next
I: MonitorObliviousTransfer::next
I: DecryptChosenMessage::next
I: MonitorObliviousTransfer::next
I: ChooserDone::next
I: MonitorObliviousTransfer::next
I: MonitorObliviousTransfer::next
I: InitChooser::next
I: MonitorObliviousTransfer::next
I: RecvConstant::next
D: received message: e009d512ed60a6b669734d4d55f4fb6d1c66643a38641e7f18ef521494b0a98460e1f1febd12faa57a094d2f187ff2fff797df01c86cd9e9fd714887474eb632e050be131bfedd92ea209b1c1b86f7bda61bc793bd22e4c913f8349d68017d0c9ad3cd624fb3c5e031ca7e4460234985b8a3e1a0a1532fefb5ce084c7e66c9f257781c3d3346f6c56eb2de7f94525a8d65ed4fcc367991e67c884519f52ab75c27039f573db1cd70a4705298aea4ed50f3bd5a82542d9442d251333e808f05d3
I: MonitorObliviousTransfer::next
I: GeneratePublicKey::next
D:  sending message (size 0.000382 MB)
I: MonitorObliviousTransfer::next
I: SendPublicKey::next
I: MonitorObliviousTransfer::next
I: RecvEncryptedMessages::next
I: MonitorObliviousTransfer::next
I: DecryptChosenMessage::next
I: MonitorObliviousTransfer::next
I: ChooserDone::next
I: MonitorObliviousTransfer::next
I: MonitorObliviousTransfer::next
I: InitChooser::next
I: MonitorObliviousTransfer::next
I: RecvConstant::next
D: received message: e0036b757925e82b4e331f92faf0fa3e5ab6893739f3e6667be43edabc425b72bbc7e8b44b7a65af4334a079f996e32f8b20288f120860af9e0c950e676feeecf3f2f54b80b92efac5e9a8c1ef8f521a6d498738e81bec66831e61d36d15974991846705f45c312ab4d8194d77dcfc361d6b78445754b85cfec54b5de280232a059c1efbe74eab6ae3fb97ff5077f32de878ffbede3e6f528a40e65d06767fb2d8e8035c265bdb8d10ce0c3c31892497f0e1100c366ca79b00c9fecfff18a2df
I: MonitorObliviousTransfer::next
I: GeneratePublicKey::next
D:  sending message (size 0.000384 MB)
I: MonitorObliviousTransfer::next
I: SendPublicKey::next
I: MonitorObliviousTransfer::next
I: RecvEncryptedMessages::next
I: MonitorObliviousTransfer::next
I: DecryptChosenMessage::next
I: MonitorObliviousTransfer::next
I: ChooserDone::next
I: MonitorObliviousTransfer::next
I: MonitorObliviousTransfer::next
I: InitChooser::next
I: MonitorObliviousTransfer::next
I: RecvConstant::next
D: received message: a2d585d104f719ea6f7cb97f57c0f8ee6f0b636543c96ca221555218be81abb2da98a2c7a130339273b74c5bdf4bbdef3d803f0f5fd4ffe3525ced16cfd9917c976112423a17ad7fbb0f61ee7b609a65e4f3cb6b7a96d15acbba3a35d9037b5ba3190fd8f07412ea3be93ec9d76fb028b328a52b2e45bfa5dd6335195b5a27e3fcf5700297a168fe86d59c6e8209af0bda0d1e90744fd77112b468b024540277eb90479c0047dd9ea531e22bc104d726807518656df4c9c74e8b4c2f0a4bac7d
I: MonitorObliviousTransfer::next
I: GeneratePublicKey::next
D:  sending message (size 0.000384 MB)
I: MonitorObliviousTransfer::next
I: SendPublicKey::next
I: MonitorObliviousTransfer::next
I: RecvEncryptedMessages::next
I: MonitorObliviousTransfer::next
I: DecryptChosenMessage::next
I: MonitorObliviousTransfer::next
I: ChooserDone::next
I: MonitorObliviousTransfer::next
I: MonitorObliviousTransfer::next
I: InitChooser::next
I: MonitorObliviousTransfer::next
I: RecvConstant::next
D: received message: b0e2b89aa2f24ae23cce39c6064a552bb185faf9a462d37c2aefa5f8ccc1eaa47981afd25627061dfcb0d176ab2532f9e7b3f4bbe1ff3045dcf2e492e7584b40e68713e0ba3867081617b4611a5517c3e498d60c26af18177e1dccd3bd95104377aad2591ce78be4d651ea3763434cc5996463c93ec727a83746378688987c757049b173bbf0f6ff79745b5ae2f60b09a14f5c78689b763f057480ddb6a378a0c4355fb94cacad55ad18bc2b1c23014de0db0cb9d8af2176daf2d9889913f5b4
I: MonitorObliviousTransfer::next
I: GeneratePublicKey::next
D:  sending message (size 0.000384 MB)
I: MonitorObliviousTransfer::next
I: SendPublicKey::next
I: MonitorObliviousTransfer::next
I: RecvEncryptedMessages::next
I: MonitorObliviousTransfer::next
I: DecryptChosenMessage::next
I: MonitorObliviousTransfer::next
I: ChooserDone::next
I: MonitorObliviousTransfer::next
I: MonitorObliviousTransfer::next
I: InitChooser::next
I: MonitorObliviousTransfer::next
I: RecvConstant::next
D: received message: 1f21826d3bac32eb90459e066eb803f44840844b74c0d98577a92c98caa5602bfaff5ecb1f77680f3f0a6c09641a01c38c5f118fd1ce72336f2dd71df14760c933d05134c060d6f9f565717349415309f90a9f3ac70910d4cd6cbfe6f8158d996ba393b66e13da4bbdd7664dc2229160a44025954a35ee572d5eb532df32041d2de3c886bf4cf9611b17aa312e32fb3650173310e34263399e11d2c36a60356b7906535265d370ba5f83310fe446202eb0efe73adf0ae2d2b50699e706d0f104
I: MonitorObliviousTransfer::next
I: GeneratePublicKey::next
D:  sending message (size 0.000384 MB)
I: MonitorObliviousTransfer::next
I: SendPublicKey::next
I: MonitorObliviousTransfer::next
I: RecvEncryptedMessages::next
I: MonitorObliviousTransfer::next
I: DecryptChosenMessage::next
I: MonitorObliviousTransfer::next
I: ChooserDone::next
I: MonitorObliviousTransfer::next
I: MonitorObliviousTransfer::next
I: InitChooser::next
I: MonitorObliviousTransfer::next
I: RecvConstant::next
D: received message: 1b54aad5fd58986c5402ef39226e72fba2e32f096345c09641044cb129938b1c42bd7970271d678e58bd00ac4cb873db40b34e30a33f33aad1ca2d587da5087dbf787ac96d1c64c25959c1774b122f46cdbfab8545408c78fdfb8b65e3a40fb88471017279c0f830c8d9414362d15bc4f1391892cd4a7e581d3abb7c0812a397ecd9fc04bbe236e1ea803865857b150ba3249bbf3b6eeb59fc91f9df9ea274b4a5cb36d5a44e0779afb841ff9b1ebf0de67cb00d85ce1365cbd48e66a6514e95
I: MonitorObliviousTransfer::next
I: GeneratePublicKey::next
D:  sending message (size 0.000383 MB)
I: MonitorObliviousTransfer::next
I: SendPublicKey::next
I: MonitorObliviousTransfer::next
I: RecvEncryptedMessages::next
I: MonitorObliviousTransfer::next
I: DecryptChosenMessage::next
I: MonitorObliviousTransfer::next
I: ChooserDone::next
I: MonitorObliviousTransfer::next
I: MonitorObliviousTransfer::next
I: InitChooser::next
I: MonitorObliviousTransfer::next
I: RecvConstant::next
D: received message: e1a4e1fec02a0c510c00939f715c17c39bbccb27546337d0431fcd098e29601029989dea9de06d7370ace566692a05b634cc5a17af6860fec67a33e95d0fdd7a556e885253aa0163f8a34f6cfb27e42f6702d5c303af153b8e048ba510835bebd71e3ea77f7dbd3f4461103d7e4d0a392d20f6ded6a76ed28b54c251006a8673d1bc535019d1e4160b29c7457924d7ad67ea26b737b54bda14ac54bc58e2de0964602a292d017e092497f5fa0a73038d9826c374217b05d6e0f596496f2a6869
I: MonitorObliviousTransfer::next
I: GeneratePublicKey::next
D:  sending message (size 0.000384 MB)
I: MonitorObliviousTransfer::next
I: SendPublicKey::next
I: MonitorObliviousTransfer::next
I: RecvEncryptedMessages::next
I: MonitorObliviousTransfer::next
I: DecryptChosenMessage::next
I: MonitorObliviousTransfer::next
I: ChooserDone::next
I: MonitorObliviousTransfer::next
I: MonitorObliviousTransfer::next
I: InitChooser::next
I: MonitorObliviousTransfer::next
I: RecvConstant::next
D: received message: 9f72780fc915fd02f529aeec42d18518940a58e61b8f851a23a7c0f87743072aa689d3e43805dcd92dc553183c2f455bee25d087ed77f1da83cac4815d3922dfdb63a0a1aa877e5eddea558ca531c0bcd5b04a4517c6ec6bdec4d959c3eba5e292ce3310d26fdf2e1cae38436462deb9a716babba817f4a221af516ed141e27f6980c59f20d48128ec5025494f269e2c1e4a9a00565bc2ec598615e05d8cde75ed91adca99545718368f39ec435713ffeace3eea96ca0112d72c0ffe05ea9498
I: MonitorObliviousTransfer::next
I: GeneratePublicKey::next
D:  sending message (size 0.000384 MB)
I: MonitorObliviousTransfer::next
I: SendPublicKey::next
I: MonitorObliviousTransfer::next
I: RecvEncryptedMessages::next
I: MonitorObliviousTransfer::next
I: DecryptChosenMessage::next
I: MonitorObliviousTransfer::next
I: ChooserDone::next
I: MonitorObliviousTransfer::next
I: MonitorObliviousTransfer::next
I: InitChooser::next
I: MonitorObliviousTransfer::next
I: RecvConstant::next
D: received message: 1532721f94f1017c421d01406ef4d08cba19c37e3f9114eaf47fcd11f0d80113827b6e80e14ecb1e16866337bc5a7ec783e3c3d3a3084c554d690702fba90b9f419611f7b6c0ec3c52dfe41c70c800976fdda5aae3ecba752dfafa9a7ec2d69d5380128d253a09752e1de36fcb007c1c1eb26522259134449c9a019861f50aab3d9132b37604a7f5a630f62adb9446e3ab6f985de9b314ade6b1adf4c160b8c3adecbf431bc5ffa803351c5070a2cd56542a41c2afbdf37d9f6cb461c8bc109f
I: MonitorObliviousTransfer::next
I: GeneratePublicKey::next
D:  sending message (size 0.000384 MB)
I: MonitorObliviousTransfer::next
I: SendPublicKey::next
I: MonitorObliviousTransfer::next
I: RecvEncryptedMessages::next
I: MonitorObliviousTransfer::next
I: DecryptChosenMessage::next
I: MonitorObliviousTransfer::next
I: ChooserDone::next
I: MonitorObliviousTransfer::next
I: MonitorObliviousTransfer::next
I: InitChooser::next
I: MonitorObliviousTransfer::next
I: RecvConstant::next
D: received message: a9454e03fe120442e67433eec5be35d2c5e7cbdf102a5395992d3738ace920218dcfda4acf75662103d34ca528a3d8bf332b9079775647a2a2d08c3032b33fb974ccf28b78f67cd089791b2659464306cb7e465242a3d5bf9184ded0f63612c0f198441072ab4519f03f50639e34c7e2288a987b5c85c2c290c50b66f212ac796dfc39e065fbad235a9966221fee9a63e3d930d0cf2a24afcb004b4ff1e60eef6804772f8058c0500d4bced65ab276cff5b44e2cfb36787d627b959c767c1c82
I: MonitorObliviousTransfer::next
I: GeneratePublicKey::next
D:  sending message (size 0.000384 MB)
I: MonitorObliviousTransfer::next
I: SendPublicKey::next
I: MonitorObliviousTransfer::next
I: RecvEncryptedMessages::next
I: MonitorObliviousTransfer::next
I: DecryptChosenMessage::next
I: MonitorObliviousTransfer::next
I: ChooserDone::next
I: MonitorObliviousTransfer::next
I: MonitorObliviousTransfer::next
I: InitChooser::next
I: MonitorObliviousTransfer::next
I: RecvConstant::next
D: received message: 4ef17f931c74a0e2ac727f4b16f18c29656f819b80fee7b83b7b3045709381b11d80cfa763d9d7f5f17ef2abc830c9ecfce6301b9226b862697e9a27fe2194de06817f6bacc9adabd12ebc9f3bd6d8f12f1acaa29a038426a00ca3329550d394febe0867197886ebd75cc0817ea2bd1503899876d9ab4acf80624004e22a91fced65dc02261c49a49a77e1e13b8231905cbd69937115dd7c58bb81ac6d016882b06c668e50131b4fc87dc31327435177d741cd38099a6c4400e252f2b8f581c2
I: MonitorObliviousTransfer::next
I: GeneratePublicKey::next
D:  sending message (size 0.000384 MB)
I: MonitorObliviousTransfer::next
I: SendPublicKey::next
I: MonitorObliviousTransfer::next
I: RecvEncryptedMessages::next
I: MonitorObliviousTransfer::next
I: DecryptChosenMessage::next
I: MonitorObliviousTransfer::next
I: ChooserDone::next
I: MonitorObliviousTransfer::next
I: MonitorObliviousTransfer::next
I: InitChooser::next
I: MonitorObliviousTransfer::next
I: RecvConstant::next
D: received message: 4a9a46529906691d040de398e6ae1c2001fd574d61a7124c77610e4e69f29ef08dec2f98a421aeee7f373cf2e68c14946d2d368bbb043caddd710ebac216726e91802a19c934454569967a80e410c1617587aa24c0ceba10d0dc73e9cc6f6a2c1b7ee42b1f9031ce4c3352fb04b9fe6c45c2a4242454f1e0852183bb30aa2abe1b72d266d59e311c69b21dbd0e2b690484008bec9cbfe25215c0d76d849dcdb9270fd9c9999592956ce1cbe8e0c09ef5099afd3a52f1cfe3d8b4725a6542877e
I: MonitorObliviousTransfer::next
I: GeneratePublicKey::next
D:  sending message (size 0.000384 MB)
I: MonitorObliviousTransfer::next
I: SendPublicKey::next
I: MonitorObliviousTransfer::next
I: RecvEncryptedMessages::next
I: MonitorObliviousTransfer::next
I: DecryptChosenMessage::next
I: MonitorObliviousTransfer::next
I: ChooserDone::next
I: MonitorObliviousTransfer::next
I: MonitorObliviousTransfer::next
I: InitChooser::next
I: MonitorObliviousTransfer::next
I: RecvConstant::next
D: received message: 2496701fd86b59bf45d8cac9c4f98bd02cee41e7585e21a31f2b47dd09052d553194b707d54ca1ff6f56edc06a0b1eeed8fa19bb0ae683f426178f3d3dedef3756a13457707634a76fc1820e82b08092d99a91a85af1bd1ea27351074b6acd361bfb50ed5ffcb83e5442a31c88f8bc592a1e7111b87ff322cc33b85f346990bb96cbeaa8055bcd29a0d1020562cf0d063e6309c41f61a4ef55b8345c3740a9d99d659dc3cae7497c70739d12425297d0f61c1729258539901168082b2de8131d
I: MonitorObliviousTransfer::next
I: GeneratePublicKey::next
D:  sending message (size 0.000384 MB)
I: MonitorObliviousTransfer::next
I: SendPublicKey::next
I: MonitorObliviousTransfer::next
I: RecvEncryptedMessages::next
I: MonitorObliviousTransfer::next
I: DecryptChosenMessage::next
I: MonitorObliviousTransfer::next
I: ChooserDone::next
I: MonitorObliviousTransfer::next
I: MonitorObliviousTransfer::next
I: InitChooser::next
I: MonitorObliviousTransfer::next
I: RecvConstant::next
D: received message: 8dfdd198e18483d973ad4c6a408c04404dcfddc98dfac3a2137adb59af250ef0fd6beb2cb35d617ce91f857de91ba025cde13f650d4abb89d40c3242192e6320d1d15f9aa6e5a16f1eac116800c2bf2e001fbcaf040850233cdce328871b99f08a1014f214f81bb5ad086d61cf77ec6d8d55e2f8ad4f476c5784ca1522d3d62b65caf24a77df8fadacb673436030cb48c3fce7922fe8d6b73e06a425966d1485dc6399fc8d072709969f9e6e7f447429bce23ee8ea2f83c9d1c139d35017c38a
I: MonitorObliviousTransfer::next
I: GeneratePublicKey::next
D:  sending message (size 0.000384 MB)
I: MonitorObliviousTransfer::next
I: SendPublicKey::next
I: MonitorObliviousTransfer::next
I: RecvEncryptedMessages::next
I: MonitorObliviousTransfer::next
I: DecryptChosenMessage::next
I: MonitorObliviousTransfer::next
I: ChooserDone::next
I: MonitorObliviousTransfer::next
I: MonitorObliviousTransfer::next
I: InitChooser::next
I: MonitorObliviousTransfer::next
I: RecvConstant::next
D: received message: 79ae8de90bd251a2aff4da27a84db38cb5a40c6e65002df50b239b5140971b15284561e9fc4511dab796f7d0b5f840397421672f8491d6ed0841dd9da9e2712dc5bd18c95445c2c78b0c933e8ab175d5bfacdee1bdf58d38e3c86a23dd0db5854173e653398d533d5f3f8e75fdbbb72a8d8f71e54e45e8f2463e1c73882a82b0c617ba1ff25e42e98013196de14dee34787860415bf22ac37333de86611ffd4a05c51eb8ceaada08bf5350b11cdbc49c77f8f1c93ec5a002c14e1839f297e08e
I: MonitorObliviousTransfer::next
I: GeneratePublicKey::next
D:  sending message (size 0.000384 MB)
I: MonitorObliviousTransfer::next
I: SendPublicKey::next
I: MonitorObliviousTransfer::next
I: RecvEncryptedMessages::next
I: MonitorObliviousTransfer::next
I: DecryptChosenMessage::next
I: MonitorObliviousTransfer::next
I: ChooserDone::next
I: MonitorObliviousTransfer::next
I: MonitorObliviousTransfer::next
I: InitChooser::next
I: MonitorObliviousTransfer::next
I: RecvConstant::next
D: received message: da86665457b8a03cb962af40c4b1fb6a7bf5628e16569d4b397a696642d6151dfc6b382af1707a08ce221705e294a61361ab1354dab7276cb375c33146da26be4a3c391b41effa172fa6d5b0e095ed51dc6e07adb6622c2e49417cfbaa2b290dcf07d439c9a2c85fc82b7335af4d1a445c7802c962000d45f1c11bc845536dd4a17729ad1c041338a53be427514674f835a5d3bbe65cb5ac2af025873da8f4e0f26dd96a309162f646856026932ae14bda4ef0ce514390b5f6fa930339837823
I: MonitorObliviousTransfer::next
I: GeneratePublicKey::next
D:  sending message (size 0.000384 MB)
I: MonitorObliviousTransfer::next
I: SendPublicKey::next
I: MonitorObliviousTransfer::next
I: RecvEncryptedMessages::next
I: MonitorObliviousTransfer::next
I: DecryptChosenMessage::next
I: MonitorObliviousTransfer::next
I: ChooserDone::next
I: MonitorObliviousTransfer::next
I: MonitorObliviousTransfer::next
I: InitChooser::next
I: MonitorObliviousTransfer::next
I: RecvConstant::next
D: received message: 3820500b064f788336a46e5f1b1be39d29d3c435e781e90c17df550aaa213cf36897e82265437ef942802ec73c7e3ac3cb603a1933f22d33737786a77480e267d61ea3e839d22997aa76ec62b03b7dec382ccf8acc796d87a721b143339f058273bb9e6b187ebe681efca4b1c79aa87ca772c7d9f01df68d4932def28d09c899e6a6440a86d7e5d7d756d4d5b1c4082c235f4d2e97dbd9d2615453ac4b4c485b84665b1dba55ea2f3775d4ebd3e17fe1c32c02cb5de8547d111ffb9ff41f3d5
I: MonitorObliviousTransfer::next
I: GeneratePublicKey::next
D:  sending message (size 0.000384 MB)
I: MonitorObliviousTransfer::next
I: SendPublicKey::next
I: MonitorObliviousTransfer::next
I: RecvEncryptedMessages::next
I: MonitorObliviousTransfer::next
I: DecryptChosenMessage::next
I: MonitorObliviousTransfer::next
I: ChooserDone::next
I: MonitorObliviousTransfer::next
I: MonitorObliviousTransfer::next
I: InitChooser::next
I: MonitorObliviousTransfer::next
I: RecvConstant::next
D: received message: 3ce2da1c119694b6292cd926c2fd342413304c66105742c86f794b45554eaa3b4cf5f43d1a466140ff828f5cf62452c3ceae0a1602c61ffcba99ad500e18dd27a7018703b8519803b56693666aadb1aa1befc0c5de97e65a8d01d0630f807467aacce25dbc9c7caf4d5fc37dc4eb50e95496ae2e12b069c6e5b62283ac8cbf9689150ac35b6f2c52d5403b0f746f782795313f1a17fc14a01ff1fe790c35602369ebc795789399702dc692801e18917a1d4503ac4ff6db8ca0a262a960da665e
I: MonitorObliviousTransfer::next
I: GeneratePublicKey::next
D:  sending message (size 0.000384 MB)
I: MonitorObliviousTransfer::next
I: SendPublicKey::next
I: MonitorObliviousTransfer::next
I: RecvEncryptedMessages::next
I: MonitorObliviousTransfer::next
I: DecryptChosenMessage::next
I: MonitorObliviousTransfer::next
I: ChooserDone::next
I: MonitorObliviousTransfer::next
I: MonitorObliviousTransfer::next
I: InitChooser::next
I: MonitorObliviousTransfer::next
I: RecvConstant::next
D: received message: 641a7833cd241e57984825ada31adcf080cf153020dc508c0c5cc03a42dbb9f1f508f30e71c5d8a4c090bc0cd443acf1dada23e716c7e325fc9325a932abbcd2c59e0c21c55ccf3fc93c59f53e48141bfc80006d5df362e7aa97ffb1c5dea1980495ab62d0a3bb6e0df09450f207f9af845ed05d5588b38c38315e09d6a8e7db93c6f0c968228d1078f9067d67fac87337c6bb7175f568c36cc4f8d57829736a4aa8953fbf248b783d3a4c21eb369b2c84eb55542bea50893c4f0666ac3eda4
I: MonitorObliviousTransfer::next
I: GeneratePublicKey::next
D:  sending message (size 0.000384 MB)
I: MonitorObliviousTransfer::next
I: SendPublicKey::next
I: MonitorObliviousTransfer::next
I: RecvEncryptedMessages::next
I: MonitorObliviousTransfer::next
I: DecryptChosenMessage::next
I: MonitorObliviousTransfer::next
I: ChooserDone::next
I: MonitorObliviousTransfer::next
I: MonitorObliviousTransfer::next
I: InitChooser::next
I: MonitorObliviousTransfer::next
I: RecvConstant::next
D: received message: ba3069c50fb97114fd430e8bef2ac6423cf4a8a1ed4b81617731830c5cc0101e4f295cca5a3bd3b464e938f9c5da95a1e4c2fdc639a6947711074a280f5dfada33cab18701ad9fe8db522a368867b856190892b199ac3c55b279837c93c3ca481aeec46893cfb84b393c8acba06c6f79eac07f01ed23ef00a3e7f33e8f94e009287f8fddf00c22782844494e63626f6c058fc0597923ef862b78e030ca962860d09b0c93299690e35e9fb49cc78a647ca8bafbf33d5c831b195674c63e3fee86
I: MonitorObliviousTransfer::next
I: GeneratePublicKey::next
D:  sending message (size 0.000384 MB)
I: MonitorObliviousTransfer::next
I: SendPublicKey::next
I: MonitorObliviousTransfer::next
I: RecvEncryptedMessages::next
I: MonitorObliviousTransfer::next
I: DecryptChosenMessage::next
I: MonitorObliviousTransfer::next
I: ChooserDone::next
I: MonitorObliviousTransfer::next
I: MonitorObliviousTransfer::next
I: InitChooser::next
I: MonitorObliviousTransfer::next
I: RecvConstant::next
D: received message: d7f618d0aafe56470d52a38f04f065bfcd0ceda9c3df6d4d4ceb5f88d39bc04b325571ef70942ad2c51f8a3fb081176a437f109ceea581b45a4b7734c71471c3fed4d6db605c24437b387463bb20dd0edf11972048b63836852f37586e2b0e0c81b4ab26b6c60bedda785cbae4059b0bff7c62ce4d4f820a2b1a71b97c046e6066c97c54e9b3709932856872048a5ab7ecb3aebd69557219d8764e046d5128bcefcb4e685f9bb8962d03c38ef3b1f583af45ef6787b020ae38152a27856c6bfc
I: MonitorObliviousTransfer::next
I: GeneratePublicKey::next
D:  sending message (size 0.000384 MB)
I: MonitorObliviousTransfer::next
I: SendPublicKey::next
I: MonitorObliviousTransfer::next
I: RecvEncryptedMessages::next
I: MonitorObliviousTransfer::next
I: DecryptChosenMessage::next
I: MonitorObliviousTransfer::next
I: ChooserDone::next
I: MonitorObliviousTransfer::next
I: MonitorObliviousTransfer::next
I: InitChooser::next
I: MonitorObliviousTransfer::next
I: RecvConstant::next
D: received message: f4a32d523e20be7826fb7ca9d565916a0ef6f4561fa249aecee63086c4aeb0c00c7aa50df075d4810f26980e7cb928a75fe41afd346ad31aa4824b8dc33b365f965ce47db1edf10553d4e325a4ad812e201b27a0693fad32ede164c87da729b2779385649297aa150f009fdf0a9794bd6c9deed4ca9000a999db4df46918a1409a6f66bb436ebc416f4661a42ed23f023c3fe55efaee53dc3d3a6877445f111f2cae2331d983da7b9fb8c148f4577dc5a01a4812b66ab477187587808800b9e3
I: MonitorObliviousTransfer::next
I: GeneratePublicKey::next
D:  sending message (size 0.000384 MB)
I: MonitorObliviousTransfer::next
I: SendPublicKey::next
I: MonitorObliviousTransfer::next
I: RecvEncryptedMessages::next
I: MonitorObliviousTransfer::next
I: DecryptChosenMessage::next
I: MonitorObliviousTransfer::next
I: ChooserDone::next
I: MonitorObliviousTransfer::next
I: MonitorObliviousTransfer::next
I: InitChooser::next
I: MonitorObliviousTransfer::next
I: RecvConstant::next
D: received message: 2a39986c8d38937b839acf17f6058bbccb479a117843a6d6f0c2f3f8a4d76ff6857482b92057324dc7df147c4a849482acf307f3bfbcfc94a92846d86de248d76110b379eee0d6914e1affbe430e384e77206ea96ff269f540aab781e713cce854f307f09131e313868ac7e84a03f745773d79acb9c76099bdfd41fbd0aaa4c4bd15f154834d982444d4e114c54086bde2b1f84fca1a15ac24fe5bd096da5383fd9e33d657b61fba2f027534fa45c0d5532efa3d386176e5df1abcefd09b69e1
I: MonitorObliviousTransfer::next
I: GeneratePublicKey::next
D:  sending message (size 0.000384 MB)
I: MonitorObliviousTransfer::next
I: SendPublicKey::next
I: MonitorObliviousTransfer::next
I: RecvEncryptedMessages::next
I: MonitorObliviousTransfer::next
I: DecryptChosenMessage::next
I: MonitorObliviousTransfer::next
I: ChooserDone::next
I: MonitorObliviousTransfer::next
I: MonitorObliviousTransfer::next
I: InitChooser::next
I: MonitorObliviousTransfer::next
I: RecvConstant::next
D: received message: 41013ccd675a0ad591adda1d2b032d219a06dc72420b3685d79b6aa031aa013003f56be5555b9d08563e67e3eb6c13443aa674f9f4a86de7218429e7b4f9f900d9afc6ae476ba31ac5bf678099aa9e77187589f1274635789c623ab34d860e8a0e2f6a70a33f87e9472eeda3ed49a42fe23ec419df14728c06a5a4a358306071b995a8cf0fd0c423e18aa18a8c590ba7f7166ced9d5624ef89c3d70f0703ac2af30bae46db8a7459add051b7258dd34f5905de22722d52b0e2a3b022a7bf59e2
I: MonitorObliviousTransfer::next
I: GeneratePublicKey::next
D:  sending message (size 0.000384 MB)
I: MonitorObliviousTransfer::next
I: SendPublicKey::next
I: MonitorObliviousTransfer::next
I: RecvEncryptedMessages::next
I: MonitorObliviousTransfer::next
I: DecryptChosenMessage::next
I: MonitorObliviousTransfer::next
I: ChooserDone::next
I: MonitorObliviousTransfer::next
I: MonitorObliviousTransfer::next
I: InitChooser::next
I: MonitorObliviousTransfer::next
I: RecvConstant::next
D: received message: fe0d654bed9e7fd68b22ca29e7b3487b7b4d8e6ac7f0a036e810abd50f338b86e88f5cdabdd278a08d7ba127cef3dc93a6c27c5fc447ee6ead83f8d60adfebfe5f996f386a04c868874ce351d23e1bbb936824842db571e067aae26cf3c238cba2844811493a6c8d6c3daedf29b5954bc8ef6aaa7ca8eacc9f5a61eae983e0677efd4a076e390f3fd52c3a461e0750226a4a03380a9e8f9a6b630d53a07a95f21cbd5316a6ac16e83de5289acbcd3ce6619e004f2a6b4581164be0429acd8418
I: MonitorObliviousTransfer::next
I: GeneratePublicKey::next
D:  sending message (size 0.000384 MB)
I: MonitorObliviousTransfer::next
I: SendPublicKey::next
I: MonitorObliviousTransfer::next
I: RecvEncryptedMessages::next
I: MonitorObliviousTransfer::next
I: DecryptChosenMessage::next
I: MonitorObliviousTransfer::next
I: ChooserDone::next
I: MonitorObliviousTransfer::next
I: MonitorObliviousTransfer::next
I: EvaluateCircuit::next
D:   evaluating gate 10000
D:   evaluating gate 20000
D:  sending message (size 0.000001 MB)
I: SendOutputBit::next
I: ==== round duration: 39006.128906 ms ====
I: CopyMonitorStateLabels::next
I: RecvGarbledGates::next
I: RecvSystemInputLabels::next
I: RecvFlagBitLabels::next
I: EvaluateCircuit::next
D:   evaluating gate 10000
D:   evaluating gate 20000
D:  sending message (size 0.000001 MB)
I: SendOutputBit::next
I: ==== round duration: 39153.386719 ms ====
I: FaultObserved::next
I: MonitorDone::next
