I: parsing spec file timekeeper+.v...
skipping synthesis, BLIF file already exists.
I: parsing BLIF file synth.blif...
D: inputs and outputs parsed.
D: circuit initialized.
D: connections (#2018) parsed.
D: gates (#20547) parsed.
D: outputs: 22407 22410 22413 22416 22419 22422 22425 22428 22431 22434 22437 22440 22443 22446 22449 22452 22455 22458 22461 22464 22467 22470 22473 22476 22479 22482 22485 22488 22491 22494 22497 22503 22405 
D: circuit size: 22504
D: adding identity gates for outputs...
D: outputs after identity: 22537 22538 22539 22540 22541 22542 22543 22544 22545 22546 22547 22548 22549 22550 22551 22552 22553 22554 22555 22556 22557 22558 22559 22560 22561 22562 22563 22564 22565 22566 22567 22568 22569 
D: circuit size after identity: 22570
I: initializing safe primes...
I: using prime modulus 5809605995369958062791915965639201402176612226902900533702900882779736177890990861472094774477339581147373410185646378328043729800750470098210924487866935059164371588168047540943981644516632755067501626434556398193186628990071248660819361205119793693985433297036118232914410171876807536457391277857011849897410207519105333355801121109356897459426271845471397952675959440793493071628394122780510124618488232602464649876850458861245784240929258426287699705312584509625419513463605155428017165714465363094021609290561084025893662561222573202082865797821865270991145082200656978177192827024538990239969175546190770645685893438011714430426409338676314743571154537142031573004276428701433036381801705308659830751190352946025482059931306571004727362479688415574702596946457770284148435989129632853918392117997472632693078113129886487399347796982772784615865232621289656944284216824611318709764535152507354116344703769998514148343807
D:  sending message (size 0.000005 MB)
I: InitMonitor::next
I: GenerateDriverLabels::next
D:   driver labels generated in 183755.906250 ms
I: GenerateInWireKeys::next
D:   in-wire keys generated in 11631.428711 ms
D: SendLabels::message
D:   generating in-wire labels for 20618 gates
D:   10000 gates processed
D:   20000 gates processed
D:   in-wire labels generated in 304984.187500 ms
D:  gateCount: 20618
D:  sending message (size 49.061752 MB)
I: SendLabels::next
I: RecvGarbledGates::next
I: RecvSystemInputLabels::next
I: RecvFlagBitLabels::next
I: MonitorObliviousTransfer::next
I: InitChooser::next
I: MonitorObliviousTransfer::next
I: RecvConstant::next
D: received message: 919e1837e814cd5580ebe6d0159f76e9cbab8dd9451eebcb3aca64398568c7b5660b29f4f1b0fc2eb386edd2d47dd5fb2a6b65116f94571a0ed722fa7445b3a162f68212c7666e6618d472665211ba0349ab19d6923b4e2d90ee4ebd183eafbf632ffb08e8c39974fb4f2214d481bbc3f18b78d8f2fdb5544f13572c8948627e366b308a5b466306ba41271e9f4a370ba421f1b2e2b7f54e4f038c6ddbd4616f33180050cf9b7fe8c21db48ffe5fe2390d5ee70da7cd60acca07c2d9fe276bf50fd8a5a02b5d77599d44e71799eef498140092e4a84cba3180258a731276bf84d91e7193c29183fc66ccaa19432f6ea11a8c2aa1c416d9d2d19b43617d7df1b3484a811814cb054104be9f9e19e04e453ef773ef031e0fda679fbd9146039dc06f2cc51982659228dcdf9f40ff20e4738b58cee28e8a802ec0d42464b3fb0eb2cfa89d67847314d3c3d9010b7229888f034739d66df4965ad3227e25e194e1314f62a4032906c759b10fbd85e5406351e6ebe91b9cf148c4b86d33eb3a95e0f3
I: MonitorObliviousTransfer::next
I: GeneratePublicKey::next
D:  sending message (size 0.000768 MB)
I: MonitorObliviousTransfer::next
I: SendPublicKey::next
I: MonitorObliviousTransfer::next
I: RecvEncryptedMessages::next
I: MonitorObliviousTransfer::next
I: DecryptChosenMessage::next
I: MonitorObliviousTransfer::next
I: ChooserDone::next
I: MonitorObliviousTransfer::next
I: MonitorObliviousTransfer::next
I: InitChooser::next
I: MonitorObliviousTransfer::next
I: RecvConstant::next
D: received message: 1add0bcd2caec8252f43b5a23f157409198fe29eac6683676bbffe887701aae887f9df816fc8e4ad743fbbdf718627da3c3dc99d75fdcc40ea591fefaf666e048e4f636d24a32404a0b4e9460f0e5c542899a8a5988eadea7ef7be3488950308f15381aa6e51dcbc37497d9e842ba828ca0742f47731f470a0d5c1b7e55034e9a46cdbf572212f26b6f3a0cf6864b46e94725663efd23f2da7b4de46d53bd05992d04e788069ad3d619f408a6e4f7342b512a39b56c35493ff2b141b796d3b3774e4fd47368dabfb2b1481a4976bdfbeb18a83bea815fdcccb8b4741f5f750bbf171b0b1bd58e32d8b4321be8873ba7cc0ef412fea59f63112da7ebba9625d611d044d2fcca7e564e788e8d2769b8daba31702e96dea4c2b0abf64369b8ea0992e60fcd40acc094ab6e4c4f1ecead666a06d769954cb9ad21fddd8d34039d07b697782ba537238f3731bd3bbb655d5a3afe13e3295cfea35a2dabfd8549f2eecb06b49701a93cb600125cba2515c34c33c3f7b574b63faca1908db502894030c
I: MonitorObliviousTransfer::next
I: GeneratePublicKey::next
D:  sending message (size 0.000768 MB)
I: MonitorObliviousTransfer::next
I: SendPublicKey::next
I: MonitorObliviousTransfer::next
I: RecvEncryptedMessages::next
I: MonitorObliviousTransfer::next
I: DecryptChosenMessage::next
I: MonitorObliviousTransfer::next
I: ChooserDone::next
I: MonitorObliviousTransfer::next
I: MonitorObliviousTransfer::next
I: InitChooser::next
I: MonitorObliviousTransfer::next
I: RecvConstant::next
D: received message: 1feac1fd04b2e729316840934f774b8337e91265e5b5960466a20f665fcda60af15d9163d1044484a8b379f08d5071b29ceef4b4ace770d8569f410b05fd1fcd8ae6d2e7c3c7f5536bc2f11b98da00e1054975a7c67a7574369f092568b87af66b0b61a5d71b6f3ae0c13a03d458853f37a792a6f9adeae5b91d22d3e2204042f569fa154272ec5b151356d68d0ebbe911be57498844dcc983611dba47add70c7013207d9d3326a83b29c0302e03b9c1a51558de64edaebd1f3968a13cab8c46be7e14eaddca01c8b4a1d0bb8faa1a5e106cfba252af8b1c10ba69427255e4b01cfb0dcf9e1802efb9f558908b08259445ddb8191039047d7f69b6685c38a2b1bb40049fe343cddfee888709acabbd15c4dc78c44caed800ea48dc7ab16752589a3acdc689308a848b4cb3dcbd42fcaa4cfe494c17adca00c16f7af7c3ee67f41f08250c73d5398c3744d65a6bbb114c634cf203d6ff0bb96041501d6e5efb4ea02946749c235aba404a5c3341c9157a21495a9f7d5e005edbdb8e075f27c586
I: MonitorObliviousTransfer::next
I: GeneratePublicKey::next
D:  sending message (size 0.000768 MB)
I: MonitorObliviousTransfer::next
I: SendPublicKey::next
I: MonitorObliviousTransfer::next
I: RecvEncryptedMessages::next
I: MonitorObliviousTransfer::next
I: DecryptChosenMessage::next
I: MonitorObliviousTransfer::next
I: ChooserDone::next
I: MonitorObliviousTransfer::next
I: MonitorObliviousTransfer::next
I: InitChooser::next
I: MonitorObliviousTransfer::next
I: RecvConstant::next
D: received message: 966f8e17faa4a2d3a38b85353083164dc93ac52270139d0d8a7ff68422c22ec600721f11b93eca01af4e0ffd699fe79b4cc7f4e1f4947165176834c21df62ea8dbfee6f87392d07f92c1a5c6a61418403f83fe2407a70436e309bc0da206d300b3f6318ea8673887a5bc1a9e9e9aa2a50a609d2856513ec71910133802d488ad3f81834f87d852528abb51824930b381623ac9959e2f9514a3acb8ee8c09a229ffc68925feefac2ded782b430c8ce3126bf000e6c20167179ae9bd5f318d42d4756b78a8dba8a5bf216c889008ba6202c0a79895221b9abde4bcc47791536a1b151e7b507692e9f7dd0bdb3aadeaf117f8b698fd22c1b3c2eb8c297dfe9de06cca539ddbfe1c35beacc4fde8be85e27a0454a70a6e107b6b8faf9f0ef2a22c4b786d3c3a80b441f8aa0a08e77c036646524b595247bb12c21512f22db605f5ecddcac9076f9a07f4bf20db8a2884b1fafca5b0240ea5a34d68326898fb2960161e3db34f64e56e4caca82337541b2dac5c745c6d069f28cc3abe9be19eff6c25
I: MonitorObliviousTransfer::next
I: GeneratePublicKey::next
D:  sending message (size 0.000768 MB)
I: MonitorObliviousTransfer::next
I: SendPublicKey::next
I: MonitorObliviousTransfer::next
I: RecvEncryptedMessages::next
I: MonitorObliviousTransfer::next
I: DecryptChosenMessage::next
I: MonitorObliviousTransfer::next
I: ChooserDone::next
I: MonitorObliviousTransfer::next
I: MonitorObliviousTransfer::next
I: InitChooser::next
I: MonitorObliviousTransfer::next
I: RecvConstant::next
D: received message: fb1fe1837f8391fd7e9b36ef2ec4b4cf81b01c6e83477593f9d8e159e3e67d6cb7754f0d07931fa607e5cb332a04ca3799c509c0fc8c8ea657f15cf15dbb3d8b021209af1ef2469f7b14cdc04cf0729f387e9c597c3e7344c58b5ff14b8c374a0d842fcbbf99ad9ddce664ea51beb4cd963bd195698e0e2a105c0feb85e823e54b3a9d531539d6a5e93b40ed7a0a67d10933f24e6273d046132ca56c2eba8cd6983fc04d3db0e0e0a1d6e9e43899188d1bf0cb3db0812737e6a60372c6530b382c96f939304cacaf2207e141e0284304faee92f8148e54a9df8e2347c345c85b11fa8ea3b95e3867bf56524d506c386a377c61497f6c95a1f443711a632129410834f447a9401ecd4af02cc001b599cd3d3bf85d94fe0e0bbba48a1cf325ed12bebae2030d52237495744f2f0c0a8ed4edce968c9ef749929d6db0083f5d1a368b562ebcda20a3beb1dc75e8615921c2d9a1e15d4f9dbd6645570d2c15c3c38525d7dee962d2e9f71a11fdb656960bdc25854d5c3ff40521915c8aef59aaf699
I: MonitorObliviousTransfer::next
I: GeneratePublicKey::next
D:  sending message (size 0.000768 MB)
I: MonitorObliviousTransfer::next
I: SendPublicKey::next
I: MonitorObliviousTransfer::next
I: RecvEncryptedMessages::next
I: MonitorObliviousTransfer::next
I: DecryptChosenMessage::next
I: MonitorObliviousTransfer::next
I: ChooserDone::next
I: MonitorObliviousTransfer::next
I: MonitorObliviousTransfer::next
I: InitChooser::next
I: MonitorObliviousTransfer::next
I: RecvConstant::next
D: received message: 8eda19ee947114237cd4708e828c2974aa04eaf1262258d0af03bc148c98af7c3bbf98f182d036f12226819340493d12dfd7f9f25997f6a4ba0eed50782ab813c772bb97cc6d08bc87351f431e50dbeaf3b68d3005be8306e910e4bdda418bb69464bf089fb4445e99f9bab0757848fd43d569927b89086b60802b12ff02f8eab1127dd14aa1ac6ede14fda2e8455ac96a02ec288945a004a0918ff3f066c186af0121ff76182c236824ba509ed336291d376e478739262bc779701087d4428ac4d9696eaeac15eeec3ecfd7a037d3826ba8b2fa3ff819bc41200d7ce97ec3facc2375fffdb45238db61bb6a14125883973c13b0c372676ac325352ea872c1007447a95f0475137708961d2f92e43aaacfd60dbed7fc6c33c711d6ba89f5782c58cdad9b52b1a2ca0d405bd9691523db92b9365faa80b7cdc13b32461cbd6ceab8ae49b314a8b6621a72728aa673930482048fb7d6f85e99bbc9bb31198432457769fffb686faf55b038a52b19958d8b6f1f015e557c3caa5e79f6c69d277f60
I: MonitorObliviousTransfer::next
I: GeneratePublicKey::next
D:  sending message (size 0.000768 MB)
I: MonitorObliviousTransfer::next
I: SendPublicKey::next
I: MonitorObliviousTransfer::next
I: RecvEncryptedMessages::next
I: MonitorObliviousTransfer::next
I: DecryptChosenMessage::next
I: MonitorObliviousTransfer::next
I: ChooserDone::next
I: MonitorObliviousTransfer::next
I: MonitorObliviousTransfer::next
I: InitChooser::next
I: MonitorObliviousTransfer::next
I: RecvConstant::next
D: received message: 1d0c3b7868eecabf5ee3fe84ffccefcce2e70dfd115cfcb7f33cc1afaa3bf355b3e6dbfcb251fb9ee00203c2f69088a6d5ff756710af33fb91dcbd78a211207181875acaba051645ba807fb1f6fe9597670b34914630a3ae536196eb0d3638f958f5f33aad83e4f047a5ec8676adbaf67236a7cddc51bc5323ca93a23d974e9d02bb9230ae4008f939bb39e848bda74d2f5643a73f179da566d0a9a78a99acf587aa6e7118edefff1d911ee7dac28338dcf8f1cf261c3451ed8b07c8eeeab77246498ddb5d0e2733177eb345bd4e74062d91c019153f23ea5c98d0a08c7b7c623ad0f6e99d544cd470a33c23149f9999c726c5b15ef417f80c79fb9219523f285e33b3fab4dba82faa3667261138d3be1eec97c647e36e2f01d0f6837922f2878dd55e4f4d96b5feeeddbfcf946f22f9452500cfb8c5de5028f6b1d49b5e5c4f76398d76a28008669b8a7ff8457edb38dd297193ed7e23b899ec5e895fa00fad00cf3befbc7d0230151f1b276d41d70655fad873eaac4b490e30dc8fb9f37222
I: MonitorObliviousTransfer::next
I: GeneratePublicKey::next
D:  sending message (size 0.000768 MB)
I: MonitorObliviousTransfer::next
I: SendPublicKey::next
I: MonitorObliviousTransfer::next
I: RecvEncryptedMessages::next
I: MonitorObliviousTransfer::next
I: DecryptChosenMessage::next
I: MonitorObliviousTransfer::next
I: ChooserDone::next
I: MonitorObliviousTransfer::next
I: MonitorObliviousTransfer::next
I: InitChooser::next
I: MonitorObliviousTransfer::next
I: RecvConstant::next
D: received message: 10642a1b7a258ef02b9a0ef45cbd63819c24622686ecab7868c7982a26f84cc2b2d3296e7b5eba093b82986f590dbb511921438af3a23710852007e754719b2250a28652a0b70c21aa15dae29933090e5a489a9a5925adb5a7f62824f1d027b3054f77dc20913543c03ec29bdb84c18a1669651169b384c85a66a8c6d18e690c642ffab2dd642ba4b4230e743a9fc4d7034656fce8c901fdc95d4f6752973c6da3ac4610d2d53fef7dc54354e3f9b037ba40311822bb0eea86e943142dadac04d8044f1a2522a726f66eb3cb963a4ee97f20312a4b7d25c76026565ebdeda5c886516ee084cf037a3976590875e24a2ccb9393cac61883f9dc3727afe4bb91e5769ef62da828fe0cfee8984feaedeadb83e9812a591048b3531ecdd7120e97a35417f92c286178d0be3724b89a572fe8b5630c877f9faba13d54886f857371a343eb9dc803b9b583d0d5e2822714892588574c435ade9144880d29e4b638f14bf84e80eb20b73a7c3bbf1e23fbe4c425ac1472183c74266a83ed17508b26c1e
I: MonitorObliviousTransfer::next
I: GeneratePublicKey::next
D:  sending message (size 0.000768 MB)
I: MonitorObliviousTransfer::next
I: SendPublicKey::next
I: MonitorObliviousTransfer::next
I: RecvEncryptedMessages::next
I: MonitorObliviousTransfer::next
I: DecryptChosenMessage::next
I: MonitorObliviousTransfer::next
I: ChooserDone::next
I: MonitorObliviousTransfer::next
I: MonitorObliviousTransfer::next
I: InitChooser::next
I: MonitorObliviousTransfer::next
I: RecvConstant::next
D: received message: cb356702b47d07af4edfffec77f6c0467702d0e053e72a61b9c483f4a1e6d501e9866727c991d4b266fa866771eb35cd4428f7b831abea7cfa5e41f2bf53ac312988b0cc85e35a9f4002ce69c36e6d08961e48d9209431bba8d81eed081847475894ee5bea131cecb86fd73144d2c991e36f17d957cb5291a7f17e53a5f19e77edb410f3b4f5d678389ed15546a30ded9c2fbe88b0bc4399f3be88dcefdae596b84ae691a5a18aecb9ed497dd7f1d4b606e07e7a37d8be534a652e9fc14407fdd2171e12a11a3f8b7b7ffc574d8cf38a6f75c3fc2df7e4e8b64d706c819c52c201e86dbab7b64f1514b822d8b21d674d03c74c3898e80bb7ab058fd2d2a2f0d1bb81c953f7e455a60952b3915b8c739b65e2b83b77b055d8dce50d8875563a2325c444268f44dbda2a5372ccb9efa00d3072229e7e59e9333d5d5b16927a792d13239ff8d88488000cb76860e594291adb0386327978adbe3419248edcff6a45ee49c4e1742e12e2ee99ae8bb89c918dc8f81555e3621919bac0332f0584395
I: MonitorObliviousTransfer::next
I: GeneratePublicKey::next
D:  sending message (size 0.000768 MB)
I: MonitorObliviousTransfer::next
I: SendPublicKey::next
I: MonitorObliviousTransfer::next
I: RecvEncryptedMessages::next
I: MonitorObliviousTransfer::next
I: DecryptChosenMessage::next
I: MonitorObliviousTransfer::next
I: ChooserDone::next
I: MonitorObliviousTransfer::next
I: MonitorObliviousTransfer::next
I: InitChooser::next
I: MonitorObliviousTransfer::next
I: RecvConstant::next
D: received message: 40a2ba41542ad269c78169f898a757a9bdff7145f565d90db17dd86a172406b5a03d84a655fafdd718affc324b8981499a870c5a3f642f0606ae1f4524997dbdebb6f4306f55af2b5ddf442bc3004013e05dc6c09ea3aad51cbba39f17a6524800b9311794942e0fb25358b07cdc4364a90e84720c5a75e46cd5f39ade497a8d74469bbe87fc5e1ed67a6ee3312d9c96fe47ae4f8ee8433902454cd4d8594527b0b3c04aa2012aae5f5e46a8eee358c99aed8f24c1cde351219e4a8005a51d8451990073be669fbbfb2b7d7fda7776de2112904a901db65084f7fcce8a066b0b3e845dafc90bb40996b79a27401c5f10b62d8224c5b1fcddf30c319c69dab9cf2eadc9fd6f17622fc17f47e55dea8b3627f97937500e6e0505ad31daa1afbbc293defe49c9ec347c1ad0a0ce3c3830e409952adbbbe1cf9173c7cbe51262ddb93572b9459d40645529209abdc820ab7fb732b37d448d3ff581e5da22706f4bae479521ed46f1f236fe0f9cc99221ea9c87b8dd0fee51f0788e0bdb2e2b1084bf
I: MonitorObliviousTransfer::next
I: GeneratePublicKey::next
D:  sending message (size 0.000768 MB)
I: MonitorObliviousTransfer::next
I: SendPublicKey::next
I: MonitorObliviousTransfer::next
I: RecvEncryptedMessages::next
I: MonitorObliviousTransfer::next
I: DecryptChosenMessage::next
I: MonitorObliviousTransfer::next
I: ChooserDone::next
I: MonitorObliviousTransfer::next
I: MonitorObliviousTransfer::next
I: InitChooser::next
I: MonitorObliviousTransfer::next
I: RecvConstant::next
D: received message: d1f9a230f76285d801c5d912cc5beb0626b5c47d61eeca80a41a610ba2c2983fe8467e520a8b4e8c4a4edf168d4b60bb06070c65772886f103b9e42eefce7231228fb89426247608712f2567a00f6f12a408b8ad92db4559bc0093acc1ab8bf372b8e859e5b66ee9233be2257472141f8c26dbd3eaafdbaee895092c9ff576a13f5f7a7f80070c2f5dfc3effffa9e8d89d2381439a25c3900cf73c2d4d9cfc047029ca75f4b40082ec0c8f4d9647003d0c74b065a3214f8f7e9c9a0395bff93d19b135ac38ff19af26b606e14795526b1d6cdc35f8233b701fefd5bca5091828ce428aba73face2b24c71adc832c2f01cd652af66df7400bf6866e8b0eba71423800a2ab231d46374f7082ac55bbe0d9172d11c2fb55df1cf69538096589e51860b96990fc15ed6375adc24e4d0aeb21cd318c1d6b248e7adf32557e3998dee0c742bb24d272aa5770c4633bb03acb5ab2decb140ddb975508c72a6a3ea4fd3ef5093e9d0b87d426568ab8534bc74771d93ac103dd501d4c4d887876d7e1ca5e
I: MonitorObliviousTransfer::next
I: GeneratePublicKey::next
D:  sending message (size 0.000768 MB)
I: MonitorObliviousTransfer::next
I: SendPublicKey::next
I: MonitorObliviousTransfer::next
I: RecvEncryptedMessages::next
I: MonitorObliviousTransfer::next
I: DecryptChosenMessage::next
I: MonitorObliviousTransfer::next
I: ChooserDone::next
I: MonitorObliviousTransfer::next
I: MonitorObliviousTransfer::next
I: InitChooser::next
I: MonitorObliviousTransfer::next
I: RecvConstant::next
D: received message: fe0e14eb32d792c616b2d9833099cf20f3351444f34a38d571cf1122c7fcc045037f841e126bbd0d59a36da4b8105d9918d6b9e287ef3963954a2b635e3704bde81ade290f148faba8a3c583ad3f74e19e79fd918a6fdd2af147efa4ebf5cb7c4cd70b47ee0bb49cfe1b4c7862f44b51fcce68dff7773e8fbabe7b242dce2b398f591a55a701c9aaa728908679250e25dcd683b2a3fe3c80ce1f7e0bd5fcb732c007999bb569e3b6d4fcce610fac58e7f9fa25d168a63ac5cc82666a2792654a0285f04d1f6937ba484e22cea9dba0775a78a111a2414a758c488c65906d331936623c6b27ac2ff8b69583f178612a56aa0ddd35f202fa0d9d28d1e801dcba0bb2a92b3b847d66995e429b86dbc525cb7aca3dd4ed9a4ce041917cd8d33e9d5aaad59f7e6d36bae2ef12655853bf2cac56d605ce8ab5d6fbb63c2cb1333f7dc43a82cc99457c103cdf0d3e3d6aec80b7f9d713aabb85f7c1fd86b6c30f45e734a49eb19cd9f7a6607525a78f8d92d7b9e49bb45e8b1fff46b5d1bcc1cf65fe5a
I: MonitorObliviousTransfer::next
I: GeneratePublicKey::next
D:  sending message (size 0.000768 MB)
I: MonitorObliviousTransfer::next
I: SendPublicKey::next
I: MonitorObliviousTransfer::next
I: RecvEncryptedMessages::next
I: MonitorObliviousTransfer::next
I: DecryptChosenMessage::next
I: MonitorObliviousTransfer::next
I: ChooserDone::next
I: MonitorObliviousTransfer::next
I: MonitorObliviousTransfer::next
I: InitChooser::next
I: MonitorObliviousTransfer::next
I: RecvConstant::next
D: received message: 735cb01f42c9d530166ca7af5bad80338d7b28d8e35be7bd5d45305b61464f6fa6c095077ac0b16929ba9f95354f2bb0842c2a2338e01a02390d63a18aa551fd68f2fae99588fb44feb77cf514cad0371897aab684d53daa5d7fe9b9563756fcef96ebfba1610fbbd8b1e78242d382df21d066299501ce9d2c0370545e2381bfbc831829aee0ec7656ee89edbc8f42d34aa6c3a086fdb0d95349d2db0b58b5aa0ffea7396e78c2ff8aaa2607ac2cb81d166d2c9f619cee7bdc985a42682088f3df57a37b730822355b59cf371a77f20b5f212ffcbed432becf7b24a6ea00b00bcfb1a0fb7e7809a4c6b6fbcdfad9a0f4c39368ef47958bef61f012806dba9eded9f10327ca117a2672e5db79bf1734983a3ac76d5a31dbb9bb30814f1c4843f94d5ea8623447550b040913bf394d3b383426560c3662a9a765b547c1a901766dfe18547242471254bdd139afb49b37cf3e9d1a6d8ff945552d0100a7d2a316c164f9be850568b7ae6ef0f8aa66f2c32f36b2338e35e7956cc967c2cf60737e46
I: MonitorObliviousTransfer::next
I: GeneratePublicKey::next
D:  sending message (size 0.000768 MB)
I: MonitorObliviousTransfer::next
I: SendPublicKey::next
I: MonitorObliviousTransfer::next
I: RecvEncryptedMessages::next
I: MonitorObliviousTransfer::next
I: DecryptChosenMessage::next
I: MonitorObliviousTransfer::next
I: ChooserDone::next
I: MonitorObliviousTransfer::next
I: MonitorObliviousTransfer::next
I: InitChooser::next
I: MonitorObliviousTransfer::next
I: RecvConstant::next
D: received message: a6aa36152179c79d47203720bdd0706dd58dd208488255f6281081d828ea19a27b531761626d34d5f7b0371ef35e92f1a228c099cde5a90bc6010a6154844def42ce1f0841b71639935778f9c6aae136810afce85bc65f391d6dd5fa18ff25a40e450a6418f0c42db012e0a4bbc3903c04f4ace232c69dc892e9129f91aa465404b8ff6a284dd6260cd0d76bd4f8bcecbad9b55c976ef9ab389463597dcb2525e9f10cc2f025c7eb268d5a985b3c2d01c355512c34f21519e7905cb3ec6cf0d1f6f9e100e99b775ce57ceaac2ffc62ae6cd99be76133d7f3ec7c0093d5d25244583334d4f6bf66a9a890c0eac0819fea6b0fa1146f03a8a2957ce314066ef404d2ccfc9be6dd2a4a0960acb4bd47846d0180502e04fce08acaeaf78cb4b21300a1794b389e329423b5c8e9553ad21112e9accd435aab597bd32a85149ca86495bbd7e59ed377da413868ff7ac968b7a4c7d2bad40930d991f71f6bd1f3686f04dd199faf420d2e3decd46bf0442eed79e94229ce3cd4f0f51bc12a09bb08fa77
I: MonitorObliviousTransfer::next
I: GeneratePublicKey::next
D:  sending message (size 0.000768 MB)
I: MonitorObliviousTransfer::next
I: SendPublicKey::next
I: MonitorObliviousTransfer::next
I: RecvEncryptedMessages::next
I: MonitorObliviousTransfer::next
I: DecryptChosenMessage::next
I: MonitorObliviousTransfer::next
I: ChooserDone::next
I: MonitorObliviousTransfer::next
I: MonitorObliviousTransfer::next
I: InitChooser::next
I: MonitorObliviousTransfer::next
I: RecvConstant::next
D: received message: 23b422dd3b0dae71c5b9871bdb11b495b4d03fb9843b49ce8bfc721bb308ea596de4e854c935d14beaaa23001bea05a6366bdcd87afad581fff7137a54a8f59a810868624fc107d3020c1e237ed72f37862f1845d0e69a178324038bbdb4593cb5f7ca6ce56fccc388e8a453f0b80a3d9e0bb74fb0d35f9478f756a3d14b7f1752a7b3e7daeebd1d167516ae72d156de8738f8c93d55c761b22fe1c48604b7eaad465d7980babb00df5c67a3bbaab2be61090bf1bfe12d501ea463c8dc48b3b35562656f55efaedfaccf1f8c4edf1462659459c00ded8ea26f3a93ee1dba1e26d531a7540680aad96fdf17a9287a850825df207adac10e0dcc005a3a29b115e59ed351ab659e6ddbdfefd4b74041091ccb68888000652f15f5a444aed08951579557655ddb0f954b372842766c5ca8d46282e02937a1a70d4d67a7efffdc183a52d06b7c26a74d108a29d8d5603d2fbf15e143037af65090c2ccbecf21223c24a9f6dbe1caebc5cedea9c2e6ab391b38bee55340a938ca3ddbd6493810c82e32
I: MonitorObliviousTransfer::next
I: GeneratePublicKey::next
D:  sending message (size 0.000768 MB)
I: MonitorObliviousTransfer::next
I: SendPublicKey::next
I: MonitorObliviousTransfer::next
I: RecvEncryptedMessages::next
I: MonitorObliviousTransfer::next
I: DecryptChosenMessage::next
I: MonitorObliviousTransfer::next
I: ChooserDone::next
I: MonitorObliviousTransfer::next
I: MonitorObliviousTransfer::next
I: InitChooser::next
I: MonitorObliviousTransfer::next
I: RecvConstant::next
D: received message: a4dda68a47bd7a521ecb25f480932671ce759d90ecb7dd4e3f7316b0bc79c1b041506f539a663cf0ae6f962eba0088bb5b70f341e3ee258874676e63640d28743cd3d86e76068e596b7cf5820000516099b25a34f4f6f89955ad889586a69e6e1bbd8203e1945b0d5b26cc30f7259d66752f1a4e6ec92b5499d715f83c85c341ee83473653d5f2f1144f43fada3af20ba9640b4dea0b63a6f102112b978dc4644f4dc543227f35a832ed45d79afa3ca53034146d244eb188042fc8ac035a0a4c2bc593fe154b68e2516643360d962280c79027c3a13e164ca291a54d8ef3bbd9cf577325a113675da44c270416d7617ed9a06c153edf249afa03a2935883b40fb4e8678f7bbcb0b3d95e6101cbb7b866bcd8c97c7f5efc70b91b5ca1db0ce851bdfad7ef37981ce2e715857bb75c2c0c11baf70dd7d4369ccade387a2c21c3b5235aec81b7c92c7d975378ddcdb9b6f28b9df810688a1b4f2b0caa0a9160436c4504ed60e1e159fa7333f9b627ab00f636ab6a3c4c6b04b5d048d2791bf81f2c
I: MonitorObliviousTransfer::next
I: GeneratePublicKey::next
D:  sending message (size 0.000768 MB)
I: MonitorObliviousTransfer::next
I: SendPublicKey::next
I: MonitorObliviousTransfer::next
I: RecvEncryptedMessages::next
I: MonitorObliviousTransfer::next
I: DecryptChosenMessage::next
I: MonitorObliviousTransfer::next
I: ChooserDone::next
I: MonitorObliviousTransfer::next
I: MonitorObliviousTransfer::next
I: InitChooser::next
I: MonitorObliviousTransfer::next
I: RecvConstant::next
D: received message: 70995ac8e6d02c029f2c89b5f4af8befd40102ad16fe275c54dd5ea59d0ddf47c81f4692930dc909b235e55b1f92c05bb6ef4e04c6f2226a8b195890407a475e2a18adf21a7875cf9d1ba6cc16d29e987e7bf1e34829eb17178ff72115eb5b3b4664e8324771233aceca14fe46842e7ea9d458b56a0ce5579d9c6a85995e86d752cb43ddba10d8e039628653e00c8ac344b1843517593b845dcac64ab34215243c7286d05a60088ec0c5b910400a9a3ca841cdeca268413c628a62749e68701da3110dcfd1ac3d45057c2b07b1d40a12a87a503a9defda5fb30d4003275bad373162e805f604c049571b03fe71b26fc83389314f29fb4c0702f48309a6c16062bc056ae2d229f332b6cf753b0e8038a33d770c16c97f2cc4efec7fe0d4b7c2cd5a69c8e1d6bfc0f590af7865b36deb7bd6deceee38aedbd2ead431a1dcd2dd109a946b377a952140d8da313c78ad967247bff6c81709a775a70e22ab74d048e31945830aa8c3d4f8c2fc8811513f080043548183d36def411fca92de052b5e54
I: MonitorObliviousTransfer::next
I: GeneratePublicKey::next
D:  sending message (size 0.000768 MB)
I: MonitorObliviousTransfer::next
I: SendPublicKey::next
I: MonitorObliviousTransfer::next
I: RecvEncryptedMessages::next
I: MonitorObliviousTransfer::next
I: DecryptChosenMessage::next
I: MonitorObliviousTransfer::next
I: ChooserDone::next
I: MonitorObliviousTransfer::next
I: MonitorObliviousTransfer::next
I: InitChooser::next
I: MonitorObliviousTransfer::next
I: RecvConstant::next
D: received message: bb8b6bde29519c6103cd445c985405851b1ae3443ef6bc7dc64fa5cfff1737a64d8c98d6cdeeb9cba24c47b4b2e0dd9068f6f708e2412c523d5f26dc258eb723a8db856f6bae57ecba2ba63d65260eadd847659215967ce8c65a1da3527718c081a82e2376472d05fd9799bf578159cb29c8037ee3251cd6261dd4ef0b1f50612a50328f72737043c71a77b363fa24962970cc2fae5dafc61d6c5ec9ed1a1d4d12ccd18dd73c11f3a3cc0920bb8de1efe3fab5510827ad963f6794f95a23ba66080cc90468201a092dae346e3862685e47d7ce82c7f1824a671a5fb4fb627b649803ba9b3ad8cd57f224df32f0f44100948e53f363866e1685ea00ea4b5d4945011e991bd47983087ae67a11d63cf27cf72cc395c2089a2733e05e21cc0857ecca6eb1570d6c3d7b32e713a6cdbb7f5625f6de29e2ed554b5479e9b21c3df797a68b2697fe5dbf446ed33a42501659f04f00d75a3d66b3d53989ed9e0e07d1fa24660dbd0a2efe92ec9b100542cbb51e11cf3e8d694b42fca271d9ed5dcfa920
I: MonitorObliviousTransfer::next
I: GeneratePublicKey::next
D:  sending message (size 0.000768 MB)
I: MonitorObliviousTransfer::next
I: SendPublicKey::next
I: MonitorObliviousTransfer::next
I: RecvEncryptedMessages::next
I: MonitorObliviousTransfer::next
I: DecryptChosenMessage::next
I: MonitorObliviousTransfer::next
I: ChooserDone::next
I: MonitorObliviousTransfer::next
I: MonitorObliviousTransfer::next
I: InitChooser::next
I: MonitorObliviousTransfer::next
I: RecvConstant::next
D: received message: 1f9a1dc82d066f3703960b4dd9291086fce822a8aabb3eab7ae9b5909676904458c7768cb3c5047d249ec3cc358b12e54b3fbfe7e6bbc3409f2b0fa09201348c06aad487e7173a1709c0e1aaae886cffff5a692c55663e04fa28d6c58aaf0539a095798d61d3a2652d73385e0a1a90e3b560658390256abc2f11ba7b71391c7f281763f802c51483d7545a14b235e62940515dc64a89cf03e3bc066450a400e8a2b7e2b65e85c0f022952cda25c61e84a3063b8332ba1f4befbfe573d7b664f20c782f2180b3023794fabb995b502f8359836137dd41af8ded7299c8bd8da50323d599a1154951fb5f88fdc2d6d0633f07a6ca5f1de82623cbe516f97c3cc7140413ab27bcc3fe7cd59325b81364b8224e7624a56557caa516fd17dc12424b4c1e4f8f552285a2a0fa8ade646edd4e4f46e559114de44d1ce335f7ffb7fb9f02fa724721bbb3d5e988111c74b88788e85990f5f3a131f3083ba6b5755694c98f98ac6945755d0d2adbd0ee8f9e4afbf800ad64174d8f6c48686c5bcfa13f1afc
I: MonitorObliviousTransfer::next
I: GeneratePublicKey::next
D:  sending message (size 0.000768 MB)
I: MonitorObliviousTransfer::next
I: SendPublicKey::next
I: MonitorObliviousTransfer::next
I: RecvEncryptedMessages::next
I: MonitorObliviousTransfer::next
I: DecryptChosenMessage::next
I: MonitorObliviousTransfer::next
I: ChooserDone::next
I: MonitorObliviousTransfer::next
I: MonitorObliviousTransfer::next
I: InitChooser::next
I: MonitorObliviousTransfer::next
I: RecvConstant::next
D: received message: 95131aa162e92c051b23d06ccb258d34143c833b91dce5cf05779b73a5429ea1a8ebe5efb81eda937cfd66b031c0c9c2faeb71a5b70b1f4108b53c59fac4acbf33525c09294722227e9ba8a4f100defc3db263d720db2f30a60539249386b1fe5353d05a90ecdaf4cd827745028a89145a660431f67de0d38b9fab8220ab505bc2fab0549e98a957faa37b2b0b965b957ef2bb9dfe9a019443e16d1b92d5b18c261209577901afc3a88596d643d297594e3991a559af0d9f9b258fc5f510dcdd5e1346863d9821451340651b62fd7489336751d414a86cc33d00c814fd7248da5e19d8449cea252dbb7c3829e36d80dd7495708092a7fc4bfbf05556f591dc3730f1750cda1fe8defd46381a0f2206656ff6ead86eb6afbd8dfb80463e9851c2b3f1cd63f6878007506b4dad091de5aac739915a4880e4c5fb0d35a831f3f69a4dad6656667018d3c9bb00780263410cff91e2249bf5b9af04173e785adf1d10f932bbde329d856127967f52c75ae5dc86fd168d859c16b4918b4dacfca34fd4
I: MonitorObliviousTransfer::next
I: GeneratePublicKey::next
D:  sending message (size 0.000768 MB)
I: MonitorObliviousTransfer::next
I: SendPublicKey::next
I: MonitorObliviousTransfer::next
I: RecvEncryptedMessages::next
I: MonitorObliviousTransfer::next
I: DecryptChosenMessage::next
I: MonitorObliviousTransfer::next
I: ChooserDone::next
I: MonitorObliviousTransfer::next
I: MonitorObliviousTransfer::next
I: InitChooser::next
I: MonitorObliviousTransfer::next
I: RecvConstant::next
D: received message: 8fe66377294331d17860c09154a5c6116d452a515b8a05e501347af09ddca21e3b3451216d98fb866ecd9854dc4a6a48a1c589b52d3c9389237ab3436bcecfab15986c375a727127ef4b3e639aa2df1bba217a0ae20bbbf044833c3a5db06bdbd610c54d847e1db56a95dfcc364c334cc46732d99c975ad00ac95a36c827e2227b52ea3dadcb7a80e37ffe7d88af789d635cdfe347ad6a209004e197f5c18e922652881a1389931c0d181cff3d9a6463b762a696292f4807f2b9a61e258f1342b9d2fc25f72be68fdd2ca81c173caf5157996acb7b7b7b041af49aa4379bf1037e8e9badd25bb1b7fa0a4ef9b3f01cf29d5385e01e74c578a93b42f539fb0077b060f4965d9bc4bd983ac74918ccb5f532853581ad60b8d3b3590f0122b39853e272b118e5244a0b71b8ebbc7c4d82b7cb6f8298c704c053c601006d9318b21797844914d9441039c11641ce2d73009f01c68f4f7f58e9dea5185beee6d1b745369b6f99cd50ce77efe27aee34fad79a9e32138ef0a33f6b70de2ca8ac59fe9d
I: MonitorObliviousTransfer::next
I: GeneratePublicKey::next
D:  sending message (size 0.000768 MB)
I: MonitorObliviousTransfer::next
I: SendPublicKey::next
I: MonitorObliviousTransfer::next
I: RecvEncryptedMessages::next
I: MonitorObliviousTransfer::next
I: DecryptChosenMessage::next
I: MonitorObliviousTransfer::next
I: ChooserDone::next
I: MonitorObliviousTransfer::next
I: MonitorObliviousTransfer::next
I: InitChooser::next
I: MonitorObliviousTransfer::next
I: RecvConstant::next
D: received message: 2de86c43b09935dd4772bf69d73e84c2aef5f81aabb2299e252ce1c6ee8fc6a8b8418c1a9a5a525fac8738a73eb941862b3a634a896e7f0580ff7192ab092e94c0773da977fcb03b91b8c179317b376a31046c3d02b8e10d4f5aa320a2df562ed3d344e90911701504a5cb74b1ae48d7a0c0dfaa7f8f8f682e5c4e96bfebf8fd68b5f976eba2b13599c85ff74534dc84a9a9b7f58080ef3cd422710ffcc20a407a979c6e31281f7ff5d3e47b110fa328ce32b3629659b8f71cbc13ab61880f0bb08d4eafa1620d2ce959fcc775a072a77332a4c12c69441f7dbe37c7c35c050ca5df71addbc3c2881c019fad5243b58675799c6a34a3f10fa3dcee644988df0d3308245906ff390036a45477b98e6ddb24ec33775c23254bf88fa3a6fa72f649f29bf5892a45bd0684d0de8e7432c72b88e7d4080afd6f671b3d10c5bcc1226a51ca7608e45b902a29c65141e37c99d773f7444f92a37574a4e170630e0bd2c4ab11a97fec6573de54a74f9b191a8548d6a218311ddcb5197fee01ff7a7e894e
I: MonitorObliviousTransfer::next
I: GeneratePublicKey::next
D:  sending message (size 0.000767 MB)
I: MonitorObliviousTransfer::next
I: SendPublicKey::next
I: MonitorObliviousTransfer::next
I: RecvEncryptedMessages::next
I: MonitorObliviousTransfer::next
I: DecryptChosenMessage::next
I: MonitorObliviousTransfer::next
I: ChooserDone::next
I: MonitorObliviousTransfer::next
I: MonitorObliviousTransfer::next
I: InitChooser::next
I: MonitorObliviousTransfer::next
I: RecvConstant::next
D: received message: 37c689c1fb1b6b36cfc115a916a325d55d704464be18c3030595ebaf6da1f22af6afd84e6e221245e169ba233c8ef14b2e2c970480c397386e1a2707c20049a7a2f111cbfe2b8571104202ed8386cd9146d755a2521bf1182770560b305d8bc3ac315f0d763705281a8c9a24462074fbe99c0c634fdaf652a4fb8aad83ee60ec70bf8c497138d4df42d446cc5333692d958874d266de07bc57bb20d62defe2c85bf22870978ce1a65c46c7a02f4dae433b8e053a8b1c59bef252686efc851daf3788316090ca66148236e4b4e65e45ae72166c0e056f412630c146066ba45b360d116a7dc937762d4689746a5eb1bbd40504468bfa3efd817ae64dfcbc2e7575aa7d6771a4e6be90df30e6fd08ad3f2d08ed3d2bb89fa92fe62f368219401174d4ccfdf62d0b9259eca3a07c06351ea6f82ae09b271009fbbf9db14f4bb078352a7ffedb84d34ff3cca01f7f2d29ea18e902d612005ad5ecf901dda8f4905a58ea9f63c5d73efd1d376af5917d1f29e88ef45847385fc0292fa82c51128c1a74
I: MonitorObliviousTransfer::next
I: GeneratePublicKey::next
D:  sending message (size 0.000768 MB)
I: MonitorObliviousTransfer::next
I: SendPublicKey::next
I: MonitorObliviousTransfer::next
I: RecvEncryptedMessages::next
I: MonitorObliviousTransfer::next
I: DecryptChosenMessage::next
I: MonitorObliviousTransfer::next
I: ChooserDone::next
I: MonitorObliviousTransfer::next
I: MonitorObliviousTransfer::next
I: InitChooser::next
I: MonitorObliviousTransfer::next
I: RecvConstant::next
D: received message: a9bc2cc1bbd723588b59bd630f7781b1f51415541c52b0069f3370a860d50911ce2bbd23890ac7a2a8f4206bdd5abb831ca8e997c0ab0ac7c3bb15be3505173aa3628247eefc247321be9932f15b6f1231bb8d8f537f11e268e78244b7614c12eebfd4e04b00c5b83993b06aab7cee2cbd275c1afa55a5a874294165a91cc8ba41b2db141e17a2ff85eec7559c214dbab752c5a892f6107775df9e5224c8763bdddc7fa233e2aa8e7aa70002ed7688ff91ed57444882263205bd165b7a4ab32124fbe870f1bfd159e3976a4b551feef10818c745eae920eec405c7ec4d81f44df8fc2554644d08840cecb8975e9c456422f287013d76f2f554645a3424141b8a87df2a7c7cfadee6cefb66f9ef324c3c74e1b1e8cc13834ec54825c6482d1cff45e31d3819d72ae3a135c88abc96584254ee9df99890c75ca36701f218e98e364a7ab0419ace5f38846f81a459bc83759b6c2fd07058c337ef0d061f21088d22d44b39445261bc21edd6dd82724381170ad3fa198bcff9245beb446efc0306
I: MonitorObliviousTransfer::next
I: GeneratePublicKey::next
D:  sending message (size 0.000768 MB)
I: MonitorObliviousTransfer::next
I: SendPublicKey::next
I: MonitorObliviousTransfer::next
I: RecvEncryptedMessages::next
I: MonitorObliviousTransfer::next
I: DecryptChosenMessage::next
I: MonitorObliviousTransfer::next
I: ChooserDone::next
I: MonitorObliviousTransfer::next
I: MonitorObliviousTransfer::next
I: InitChooser::next
I: MonitorObliviousTransfer::next
I: RecvConstant::next
D: received message: 79162b340830a32ca9bab7c16d6bce35ffd2def6b7b9a34402945bac72fd8783102ea5c9a98b1670dec343b4223851d59f8820d557e8e3ebef07da9300f0f4e7e49c3330c8d076308ae784d4ee2cb7519d42e86a9b392cf2c7e492ff901c7d814042c6abb6ffa7d889b792a1a3eef631598aa83ba458cd1879e75ce565e253951c73dcce0e781330f5050bc89625d4814b1664ce10e04db0c57018f0bdaa10158f89911295c4aa41b84fd5962e8029f0f29388cfa63baf0c7f7a9e11fd6650d43d565ccb9388d4cc644ddc87485537d8b8d5b21c3b4356c678a0008e88e9e0be77b0c3c715243da9d8485b55f74bc21727db788713daa6bd7ddfab8df3cd7d7499093c45f4795d435dc3be31bb7f23f7c64471cb5ec65cda98b9e08f2bdf5e5d6f1427f8676facec573dd221560f4a655c34943ed95aef49edc55c6c5140e342c320fe5345302b99b8d4438f71f95a913425092b2d8ff97781efa17587d4f790927368318d8a87513352a928cbee356352553401037cba1ad0df407858e44c2
I: MonitorObliviousTransfer::next
I: GeneratePublicKey::next
D:  sending message (size 0.000768 MB)
I: MonitorObliviousTransfer::next
I: SendPublicKey::next
I: MonitorObliviousTransfer::next
I: RecvEncryptedMessages::next
I: MonitorObliviousTransfer::next
I: DecryptChosenMessage::next
I: MonitorObliviousTransfer::next
I: ChooserDone::next
I: MonitorObliviousTransfer::next
I: MonitorObliviousTransfer::next
I: InitChooser::next
I: MonitorObliviousTransfer::next
I: RecvConstant::next
D: received message: 3da83133cdf4f6da0df294045073ea774f96cb2b18520e75b9f21fab1484ff9c3050f2dc75787f883f69872e84ec02ce17da86d6d896be7bdb3de2bc6988ce9736a64381db033c59f681691db518966c501220d4534bdb22313b9671fb36ca84e3c1726333cf64ff1be93d29dd959b9915a3e8250ca6e228ccfef82ed8e72305483b257adc3770a890ae5905054e3deca76821ab8da451637638091dd01d6efe1468810026143571f5775561e9b9110a84903dceded04ee215c30d52b88c3996e1b5daad5a24c6be13a358b6aa05041dd65e7f5d23fdb5c293185daadc86a483f1e98e41da3a8fad6b19dd96e825fc816edade5e0f0e5f78f8f47fc9cb896f24a0f3ebb4a0badfec8d11adf5c8effa0bb5cbb5dcb23eeb74f2912d0253908fa392aeae80b7f0ceeec40b23efff85683fa011434221d9943a7fedc2d4f28fff6b76e4abada0cc2ac817f8f4071154ed7dd793637d46613be95ff9373958651effa5387df08fc60d007047905fc1a2b5b56f600fdb501aa56602c7b3d0d9f5ea5a
I: MonitorObliviousTransfer::next
I: GeneratePublicKey::next
D:  sending message (size 0.000768 MB)
I: MonitorObliviousTransfer::next
I: SendPublicKey::next
I: MonitorObliviousTransfer::next
I: RecvEncryptedMessages::next
I: MonitorObliviousTransfer::next
I: DecryptChosenMessage::next
I: MonitorObliviousTransfer::next
I: ChooserDone::next
I: MonitorObliviousTransfer::next
I: MonitorObliviousTransfer::next
I: InitChooser::next
I: MonitorObliviousTransfer::next
I: RecvConstant::next
D: received message: ec078fd7cd77dd8b963fe6c4db52e29e544127c2db6c6facfe25e4152f328f0eae9b90760284bc26b4f7553d7872fe0143b0003b060b31bb71628f90e752040da2f96e7802c02bf8a9a90bcc9be25fc9040f816901631582072c7641cc870fcfc95a574957f35da0d8983d24c27af54da7f3686a2c4db28802f6d7b04513b0dde106a7ab5ab5dba9f5fe0fa45795b3fd90c6301919494aba34a28c454430a84bc7373883f6a37627c25ad95a8daf6377fcc7733dcf0952ba703dfaf3ade361cee87cce87e79ebdce7c84402fb209823a88b93349a0bc949f872343f75ca4ef444ef65db60bfbd862051b48244f9e1101d1b7f193805ad7d08c9a739ba93fa6db542ad113c60536a1b2609ab7adc153c5c1822a1cefce8f6fca4faf91865c78585215a3ebe858590eb706cf85fd8830fa6dbe70ec6e46ca7172d2169acaa879ab8ac8b0acd62dba8a6fbd0363d6267df6b57312422a73cc564dfce9de742403b407a8565eb41d54cbad9ccafd2894ef7a82940808639b57130284d9d7372bde96
I: MonitorObliviousTransfer::next
I: GeneratePublicKey::next
D:  sending message (size 0.000767 MB)
I: MonitorObliviousTransfer::next
I: SendPublicKey::next
I: MonitorObliviousTransfer::next
I: RecvEncryptedMessages::next
I: MonitorObliviousTransfer::next
I: DecryptChosenMessage::next
I: MonitorObliviousTransfer::next
I: ChooserDone::next
I: MonitorObliviousTransfer::next
I: MonitorObliviousTransfer::next
I: InitChooser::next
I: MonitorObliviousTransfer::next
I: RecvConstant::next
D: received message: b6411de7f04fde23567b18a85aca35d5026528b1727d42e1d04f2821e49004a846b35bbe8a9da2e0aa1ac6a5e81f16c7824ba58530b9520399dd3c377ca2183514c3f5573005ba224ebfecc296f26df3d4a090f2507507fb67291032914957687760a09b4d9c708bbc33313bc2628fc6bf029658fa33234c233424092837ceb4b425758a8aace56d9de8fec9b15fd361de2655bf8a566d6370c742f3ac5bad328d8a2b5fd39abe368cc43bceb49a45db9db299c0a667e1d404349c36668b81c7f265ec997b75287338585f44f7433e9bc24348e5cd6c9609d327299613b01e71be2dcc47cc4c8a4ce881a8b71869a81901369b5b4bea1fac29e079059832fb7c72e095120ff2fd0ad24fc30bb1378621c806c693e954a3af86f9e2da30ca3a0195ca75a4706730060177e043031b9cbfe86776ea63007e249d9be9718968e4923b002f519b9d20f1b33c0a12564cb6caea91eaa22efc9f731a967fc5b74156c5172c166bb3f3d67b13bd676d7bc857444a9695f75d51143cc415886d3983d0a6
I: MonitorObliviousTransfer::next
I: GeneratePublicKey::next
D:  sending message (size 0.000768 MB)
I: MonitorObliviousTransfer::next
I: SendPublicKey::next
I: MonitorObliviousTransfer::next
I: RecvEncryptedMessages::next
I: MonitorObliviousTransfer::next
I: DecryptChosenMessage::next
I: MonitorObliviousTransfer::next
I: ChooserDone::next
I: MonitorObliviousTransfer::next
I: MonitorObliviousTransfer::next
I: InitChooser::next
I: MonitorObliviousTransfer::next
I: RecvConstant::next
D: received message: d76295520d110dbc0932f1a200dac84cb8ea602166a34ddb0d217db56f81b9d80a06f3df46d7efb2f2875d328817c12123640fb3abaaabe3b321c74045ada2843144afe615d698618c51624a4f80e6e596979be650356d187272bb44c23203185f5106feeb313e3e7c25b404c76d11de7b3b4660c8f4ff360562b2250502a8cb6c4147b098794e9681b7100c653483a85fb0410e9a73a1091b1ee748b2da6af3f23b12b858ab59fe2122e309b59615bf6184d8bf916da01ce929cbe825c5b4568ab169d773254c82b2b52c812d0b0a0ecd4c18b18284a0e560bc4cf270d3f03f2b7c24de17d65ae98183dd30c65eb9ee35914d7563d52b1bdaa3892278bde41fb1ee67002c8e41b339cccc96f064e113590da7c6404ff8b931b831a9c1a646ce55e23b87f874e2a7486aa017dc5fc46f727f0fa81ee3d1705d81515730052a067e9e069611f65a589e1fcb63c4cb034827b461695ac4ca1fb2c14abeb4fcb27e99c6c6d2c9ddc92c2d58f058c4ca56c0bdf81b98afd4f90253bdffb0821389
I: MonitorObliviousTransfer::next
I: GeneratePublicKey::next
D:  sending message (size 0.000768 MB)
I: MonitorObliviousTransfer::next
I: SendPublicKey::next
I: MonitorObliviousTransfer::next
I: RecvEncryptedMessages::next
I: MonitorObliviousTransfer::next
I: DecryptChosenMessage::next
I: MonitorObliviousTransfer::next
I: ChooserDone::next
I: MonitorObliviousTransfer::next
I: MonitorObliviousTransfer::next
I: InitChooser::next
I: MonitorObliviousTransfer::next
I: RecvConstant::next
D: received message: 9225d6d1b37bfc4b8d53acef7f719458c78f2ebfc3acb2659cf61536732156d9eae016a2d8db40327ff25d40a50bfaf77376bd39a67c42816ae1c0cbf85e9639ad825d9addfbcbe4544a8952c05d112c3f925f3b85b0e70cc4047b59c7e372246f2f6d09279d58a95e1ea179db4a45a38e8c10cddcd9f1c3813c42ab7005173732289666db22cfdc5117210c8b3ea4ff69bf6885ff8b4e15e823e03d69b54568525b746e70ca409a442c309cd1d5840c7d4bdd095f77257bb3c3f9c49c69b6f0e8124cc8a2c6993ffb23831e2ab91b6bcc853cbdf0fe6b907a6c7fbca771b25724ef78388e2e059829ef7c17d83ad5561748ef44cfecacc33e99bcfcfc17d7f6d124d024b164ac557296082e178236308455e97888384e19b6c691a3ba2b70ad0fb0f0955ea9d00b51e95dde7fea53d7f12c19589a09c0d2f97151d3a17f0ad8205424e64bc875e66ba65c3b37cde7cc43739fa870195aa22a7872a36ac0f0b90f1150252ede3e1782b2847fe44ecae1c3cbf35544cfbd22b34bfbc2680e8831
I: MonitorObliviousTransfer::next
I: GeneratePublicKey::next
D:  sending message (size 0.000768 MB)
I: MonitorObliviousTransfer::next
I: SendPublicKey::next
I: MonitorObliviousTransfer::next
I: RecvEncryptedMessages::next
I: MonitorObliviousTransfer::next
I: DecryptChosenMessage::next
I: MonitorObliviousTransfer::next
I: ChooserDone::next
I: MonitorObliviousTransfer::next
I: MonitorObliviousTransfer::next
I: InitChooser::next
I: MonitorObliviousTransfer::next
I: RecvConstant::next
D: received message: f2d27f9247f21a44670db6ed159731ab4b34a45f35604c900de58401c3a1f1a8946236df1d222e084fff8c0da21f5cd6ada5184c050e35759512012565497d1c89c3e0316e5637928ff69c11f531ac31b4e9695a37b3812028f465cd0b30bb879c68d83d567ece670e5af48b8fa64d02d6ba80bf1b139e12f434246caa5e6e0ba4e247ea05e3bf0fa69cc7aad252b8ccd7dafbf3845e28f70cecdaede775fb8dbf0e5748db69c232c17739a5bfa57cbf44028b15468ae4683f9d3494704840806280a19b38522c99b1b60a4aca0eda100ebcd31cd500791398027b8946aa5a9c5d9ff01270a705628bf10dcf4ae3a71b616c2f986e400fb740c9cb9cd4d3353cd684285d714b5f6cdc3ae9cfbe6cf133f5cf1a55ce2a7d1e91bfe6c4527a158f7ba2836e4d006d2b96589c25a5dbef7ada111e15b76ede1814c533f3ffa8f412f16775fcaabcfb26dba31e4117a924e5b26c3f46008b13cabee7cb58d9c184e8d992d1d3ea63f350ca24c67d88bcf3294a46f27d83ee327bad474374ef2f578f
I: MonitorObliviousTransfer::next
I: GeneratePublicKey::next
D:  sending message (size 0.000768 MB)
I: MonitorObliviousTransfer::next
I: SendPublicKey::next
I: MonitorObliviousTransfer::next
I: RecvEncryptedMessages::next
I: MonitorObliviousTransfer::next
I: DecryptChosenMessage::next
I: MonitorObliviousTransfer::next
I: ChooserDone::next
I: MonitorObliviousTransfer::next
I: MonitorObliviousTransfer::next
I: InitChooser::next
I: MonitorObliviousTransfer::next
I: RecvConstant::next
D: received message: ac9cafc2d992f840f34367ffd7f0c73449bdf68478288f89727d2024b62fb4b2e8b57784ade92ca61b56746c9f79e52d200f5de303fc464ab279ea6d0eba313b2cbab4da69b1af690fd2bec99794634e22f1067a96ef4e8766f051b90f24ab495c20135e3dec890ae7a0103490a36903f5dc7b21cf0bb1a2e14aa2e672e4efc016f6ac051e0443630645cc7ff96043eca1c4025a0c0631652547c350a7d441950e19c5c6ce54966365e0c2f069c6515b3b101323c407597e6f33ddf4ed2003c805c87cacc445f338f65d84f77f30c300b574af2b72c12bb3be783732d83bfe99caf68e5cbf7c3268647d838687eb031a46fa9be7d5301b2691ddf1b6000b5a8ae43b46457d722ee5bf0f50a858582a995794cf76739f3adc0cc5eefbba191e854c61de12d5ea5f7205cae25db73ed9980f8bd631d38127c1d99d3b367514498da301e58a6ea697c21f4ebba64a2947d91e34fa7dc72b2ca147faeae802144591b7e8b91dd575d62c2f42771307b6bf5f2df46ea2790b21387736f3d8602996de
I: MonitorObliviousTransfer::next
I: GeneratePublicKey::next
D:  sending message (size 0.000768 MB)
I: MonitorObliviousTransfer::next
I: SendPublicKey::next
I: MonitorObliviousTransfer::next
I: RecvEncryptedMessages::next
I: MonitorObliviousTransfer::next
I: DecryptChosenMessage::next
I: MonitorObliviousTransfer::next
I: ChooserDone::next
I: MonitorObliviousTransfer::next
I: MonitorObliviousTransfer::next
I: EvaluateCircuit::next
D:   evaluating gate 10000
D:   evaluating gate 20000
D:  sending message (size 0.000001 MB)
I: SendOutputBit::next
I: ==== round duration: 310638.531250 ms ====
I: CopyMonitorStateLabels::next
I: RecvGarbledGates::next
I: RecvSystemInputLabels::next
I: RecvFlagBitLabels::next
I: EvaluateCircuit::next
D:   evaluating gate 10000
D:   evaluating gate 20000
D:  sending message (size 0.000001 MB)
I: SendOutputBit::next
I: ==== round duration: 278830.750000 ms ====
I: FaultObserved::next
I: MonitorDone::next
