I: parsing spec file timekeeper+.v...
I: parsing BLIF file synth.blif...
D: inputs and outputs parsed.
D: circuit initialized.
D: connections (#2018) parsed.
D: gates (#20547) parsed.
D: outputs: 24327 24330 24333 24336 24339 24342 24345 24348 24351 24354 24357 24360 24363 24366 24369 24372 24375 24378 24381 24384 24387 24390 24393 24396 24399 24402 24405 24408 24411 24414 24417 24423 24325 
D: circuit size: 24424
D: adding identity gates for outputs...
D: outputs after identity: 24457 24458 24459 24460 24461 24462 24463 24464 24465 24466 24467 24468 24469 24470 24471 24472 24473 24474 24475 24476 24477 24478 24479 24480 24481 24482 24483 24484 24485 24486 24487 24488 24489 
D: circuit size after identity: 24490
I: initializing safe primes...
I: using prime modulus 1552518092300708935130918131258481755631334049434514313202351194902966239949102107258669453876591642442910007680288864229150803718918046342632727613031282983744380820890196288509170691316593175367469551763119843371637221007210577919
D:  sending message (size 0.000005 MB)
I: InitMonitor::next
I: GenerateDriverLabels::next
D:   driver labels generated in 15588.080078 ms
I: GenerateInWireKeys::next
D:   in-wire keys generated in 10573.252930 ms
D: SendLabels::message
D:   generating in-wire labels for 20618 gates
D:   10000 gates processed
D:   20000 gates processed
D:   in-wire labels generated in 5211.881836 ms
D:  gateCount: 20618
D:  sending message (size 12.680478 MB)
I: SendLabels::next
I: RecvGarbledGates::next
I: RecvSystemInputLabels::next
I: RecvFlagBitLabels::next
I: MonitorObliviousTransfer::next
I: InitChooser::next
I: MonitorObliviousTransfer::next
I: RecvConstant::next
D: received message: 55b8cd8ee7f8d422ad51e0dcc3a0e64874c17ebb95ea42b02ca9a12b6ed06cc10df82ae494ba3420b3b4fe17b54b38a08b1183a65b11c8793bf947a61ccb42aaba5128f2705a8769a201aba37d7e439297759c2bc1e748ca5ab0287b0083322
I: MonitorObliviousTransfer::next
I: GeneratePublicKey::next
D:  sending message (size 0.000192 MB)
I: MonitorObliviousTransfer::next
I: SendPublicKey::next
I: MonitorObliviousTransfer::next
I: RecvEncryptedMessages::next
I: MonitorObliviousTransfer::next
I: DecryptChosenMessage::next
I: MonitorObliviousTransfer::next
I: ChooserDone::next
I: MonitorObliviousTransfer::next
I: MonitorObliviousTransfer::next
I: InitChooser::next
I: MonitorObliviousTransfer::next
I: RecvConstant::next
D: received message: 96211a6ef156cf1b3b57840472a4cbad771a9e269ae88ddc1572e71caa7994b0af978e18d4da8488dd86ba1f9756165b8a23e11a28a003d82e6148c7dd233795ea70668d8a538ca2e761404b9cd357c53d84275934820e6ee1b35cf6686cebdf
I: MonitorObliviousTransfer::next
I: GeneratePublicKey::next
D:  sending message (size 0.000192 MB)
I: MonitorObliviousTransfer::next
I: SendPublicKey::next
I: MonitorObliviousTransfer::next
I: RecvEncryptedMessages::next
I: MonitorObliviousTransfer::next
I: DecryptChosenMessage::next
I: MonitorObliviousTransfer::next
I: ChooserDone::next
I: MonitorObliviousTransfer::next
I: MonitorObliviousTransfer::next
I: InitChooser::next
I: MonitorObliviousTransfer::next
I: RecvConstant::next
D: received message: 6293bb7043ae214928a1f911ce5e40016804ea5bf06969a0a4f19b481a13bb5e9dc333d9ae6fd00f158b10142d95e23622b7d85b2ab3e58eef1f6412b79dca187ce17e216fe7a4c11771556964c2c943410144eee6ec51381c2cf79d627f7a1d
I: MonitorObliviousTransfer::next
I: GeneratePublicKey::next
D:  sending message (size 0.000192 MB)
I: MonitorObliviousTransfer::next
I: SendPublicKey::next
I: MonitorObliviousTransfer::next
I: RecvEncryptedMessages::next
I: MonitorObliviousTransfer::next
I: DecryptChosenMessage::next
I: MonitorObliviousTransfer::next
I: ChooserDone::next
I: MonitorObliviousTransfer::next
I: MonitorObliviousTransfer::next
I: InitChooser::next
I: MonitorObliviousTransfer::next
I: RecvConstant::next
D: received message: 3fc0030455497cac09e70923c91882b8bd64511e897d9b20ed101f680a933d9fcc653fa9813d7a1d9e1760fe4729574c9477ca8365fecc926e9861649c21e657ca30a4c640ff4b403c4f641492cf529a53d2e0f9fd7f8909325c332e63d71681
I: MonitorObliviousTransfer::next
I: GeneratePublicKey::next
D:  sending message (size 0.000192 MB)
I: MonitorObliviousTransfer::next
I: SendPublicKey::next
I: MonitorObliviousTransfer::next
I: RecvEncryptedMessages::next
I: MonitorObliviousTransfer::next
I: DecryptChosenMessage::next
I: MonitorObliviousTransfer::next
I: ChooserDone::next
I: MonitorObliviousTransfer::next
I: MonitorObliviousTransfer::next
I: InitChooser::next
I: MonitorObliviousTransfer::next
I: RecvConstant::next
D: received message: fcc0076fe27a39bb7d0d6cec1274a4f05afb29e5e681697f61c73887cd7ec6944ae31c9e92bf515214b1f1585850b0fb52c0e86b6e57f27e9d38e44fda8fe0a2889eea48646402987720dfccdb8c213a666acce86b828890f3a59768e01fc096
I: MonitorObliviousTransfer::next
I: GeneratePublicKey::next
D:  sending message (size 0.000192 MB)
I: MonitorObliviousTransfer::next
I: SendPublicKey::next
I: MonitorObliviousTransfer::next
I: RecvEncryptedMessages::next
I: MonitorObliviousTransfer::next
I: DecryptChosenMessage::next
I: MonitorObliviousTransfer::next
I: ChooserDone::next
I: MonitorObliviousTransfer::next
I: MonitorObliviousTransfer::next
I: InitChooser::next
I: MonitorObliviousTransfer::next
I: RecvConstant::next
D: received message: 3bc3e07e830d57e811c0a19777cf2b244320d4413031a70e83a806c1f452b153553ab941f737001ffbc598ea46950e7fc695db94b88cd9134b5008dbc04e17a48bfcbc6f7c3d09c458b5006d21d41553bd8c52b65ad62380fecc231c8b8503ae
I: MonitorObliviousTransfer::next
I: GeneratePublicKey::next
D:  sending message (size 0.000192 MB)
I: MonitorObliviousTransfer::next
I: SendPublicKey::next
I: MonitorObliviousTransfer::next
I: RecvEncryptedMessages::next
I: MonitorObliviousTransfer::next
I: DecryptChosenMessage::next
I: MonitorObliviousTransfer::next
I: ChooserDone::next
I: MonitorObliviousTransfer::next
I: MonitorObliviousTransfer::next
I: InitChooser::next
I: MonitorObliviousTransfer::next
I: RecvConstant::next
D: received message: 328600aee3c8ad7499f10433d98d9a04a12a6261e246b184e178a6d34c1de92b2fd966eed603b6b85f8fdabea92689d92a12d0de246f05b1ef9dfab2d15e63b11bd624a7c8fa5cfd0a3e92db0a7eb55e0e8dcc869911f787fc8f1b02b312183d
I: MonitorObliviousTransfer::next
I: GeneratePublicKey::next
D:  sending message (size 0.000192 MB)
I: MonitorObliviousTransfer::next
I: SendPublicKey::next
I: MonitorObliviousTransfer::next
I: RecvEncryptedMessages::next
I: MonitorObliviousTransfer::next
I: DecryptChosenMessage::next
I: MonitorObliviousTransfer::next
I: ChooserDone::next
I: MonitorObliviousTransfer::next
I: MonitorObliviousTransfer::next
I: InitChooser::next
I: MonitorObliviousTransfer::next
I: RecvConstant::next
D: received message: 732a9af2d4de1f43e6c6910ec45f7670e8e514fc2b3104a363b6601d6c25facce3abb06ef351df434ba673bcd77a8e8216f2c8715d4792b68bdeb40f7182fd6553680a6bd63850cc8e0c8158e53275c67c70116b40f111890862d5a679cd0a96
I: MonitorObliviousTransfer::next
I: GeneratePublicKey::next
D:  sending message (size 0.000192 MB)
I: MonitorObliviousTransfer::next
I: SendPublicKey::next
I: MonitorObliviousTransfer::next
I: RecvEncryptedMessages::next
I: MonitorObliviousTransfer::next
I: DecryptChosenMessage::next
I: MonitorObliviousTransfer::next
I: ChooserDone::next
I: MonitorObliviousTransfer::next
I: MonitorObliviousTransfer::next
I: InitChooser::next
I: MonitorObliviousTransfer::next
I: RecvConstant::next
D: received message: d366ef10db1044dea4863931e042bf5089db87cf3883afe4f442fa04489135a0924fd587e23a4a280a4ce7a1e110b551619a7fd23b6cb2c09f57aafaa2380cdfd908626f4da591c2c23cbf0c736bcd86ff4c8a92e9da33709150d4805c95995f
I: MonitorObliviousTransfer::next
I: GeneratePublicKey::next
D:  sending message (size 0.000192 MB)
I: MonitorObliviousTransfer::next
I: SendPublicKey::next
I: MonitorObliviousTransfer::next
I: RecvEncryptedMessages::next
I: MonitorObliviousTransfer::next
I: DecryptChosenMessage::next
I: MonitorObliviousTransfer::next
I: ChooserDone::next
I: MonitorObliviousTransfer::next
I: MonitorObliviousTransfer::next
I: InitChooser::next
I: MonitorObliviousTransfer::next
I: RecvConstant::next
D: received message: 55b45e52c25f58440f44f3f255b041e5810e856b7ba698c23e91cc9b8906d364513e64d7830d6ebda3d7a5af24ddedc38c2a62fb9bff44a1d6348b21a685ea11c877cf6b597e3a4d2b93737e05715a99660cda4079b0da861026aeaf68b6969d
I: MonitorObliviousTransfer::next
I: GeneratePublicKey::next
D:  sending message (size 0.000192 MB)
I: MonitorObliviousTransfer::next
I: SendPublicKey::next
I: MonitorObliviousTransfer::next
I: RecvEncryptedMessages::next
I: MonitorObliviousTransfer::next
I: DecryptChosenMessage::next
I: MonitorObliviousTransfer::next
I: ChooserDone::next
I: MonitorObliviousTransfer::next
I: MonitorObliviousTransfer::next
I: InitChooser::next
I: MonitorObliviousTransfer::next
I: RecvConstant::next
D: received message: cbf0d0be048e75d0ef3da53410fc92cf14c08c3971ac8df3018b161a6bcbb2d16cd4c4c6f09e60279cdd899f7d83d3f30241e8af5083e0d58474f764fa59b41fc11da7b6b8f988a30867c0f1fbf399efeb045f44f2523c3e25f6d2cfd6997114
I: MonitorObliviousTransfer::next
I: GeneratePublicKey::next
D:  sending message (size 0.000192 MB)
I: MonitorObliviousTransfer::next
I: SendPublicKey::next
I: MonitorObliviousTransfer::next
I: RecvEncryptedMessages::next
I: MonitorObliviousTransfer::next
I: DecryptChosenMessage::next
I: MonitorObliviousTransfer::next
I: ChooserDone::next
I: MonitorObliviousTransfer::next
I: MonitorObliviousTransfer::next
I: InitChooser::next
I: MonitorObliviousTransfer::next
I: RecvConstant::next
D: received message: b828dfd8c0ec2b08d8d2adcf392ebda3ed97e44fb2dbedf80e526baa743dd3cd937416ab93fd80d0a07a12490b25fcef91abb4aa9bd3791d4a9edb57dfbc02c529fe3a0ef71a53d7e07b0239454751033cf8b509d93a8c4251ec4f371d3c6014
I: MonitorObliviousTransfer::next
I: GeneratePublicKey::next
D:  sending message (size 0.000192 MB)
I: MonitorObliviousTransfer::next
I: SendPublicKey::next
I: MonitorObliviousTransfer::next
I: RecvEncryptedMessages::next
I: MonitorObliviousTransfer::next
I: DecryptChosenMessage::next
I: MonitorObliviousTransfer::next
I: ChooserDone::next
I: MonitorObliviousTransfer::next
I: MonitorObliviousTransfer::next
I: InitChooser::next
I: MonitorObliviousTransfer::next
I: RecvConstant::next
D: received message: 231429123d84787d81153fe9863eab3b222df145cd9a0db27a442506e6c1ba766d2d42fe463dfadadce96499b6a9b52918cbc6ccfa1c09aaef6c6b92cdac2358fcdebb8d3bd7696e4c33320269441796b857bab325568ffcbc8f4136b6eea9e8
I: MonitorObliviousTransfer::next
I: GeneratePublicKey::next
D:  sending message (size 0.000192 MB)
I: MonitorObliviousTransfer::next
I: SendPublicKey::next
I: MonitorObliviousTransfer::next
I: RecvEncryptedMessages::next
I: MonitorObliviousTransfer::next
I: DecryptChosenMessage::next
I: MonitorObliviousTransfer::next
I: ChooserDone::next
I: MonitorObliviousTransfer::next
I: MonitorObliviousTransfer::next
I: InitChooser::next
I: MonitorObliviousTransfer::next
I: RecvConstant::next
D: received message: 581ac989d4f6b6a3b7cdb97a53685a59d941561320f410e780a4bb9c232720491ad2b4e615a6e7e6141b94f4d235bc004933986c04b7c9dc9e288a429df184b921b52f14ed3fea5b06061ed19824b514cb15ac26de03aaa7a44f1bc8eb218e64
I: MonitorObliviousTransfer::next
I: GeneratePublicKey::next
D:  sending message (size 0.000192 MB)
I: MonitorObliviousTransfer::next
I: SendPublicKey::next
I: MonitorObliviousTransfer::next
I: RecvEncryptedMessages::next
I: MonitorObliviousTransfer::next
I: DecryptChosenMessage::next
I: MonitorObliviousTransfer::next
I: ChooserDone::next
I: MonitorObliviousTransfer::next
I: MonitorObliviousTransfer::next
I: InitChooser::next
I: MonitorObliviousTransfer::next
I: RecvConstant::next
D: received message: 5c3bb26713f229f976250d1cfba3f4398829a23fddf34f9c9a41b26ef0a905f82dabf9608901fe491a2cc16718717109996547756ce353b80dcb44a68cdeb22199fdf80176a7b01f3f6e49a53c0e985712f2057253aae4e525393cfd0bfa9518
I: MonitorObliviousTransfer::next
I: GeneratePublicKey::next
D:  sending message (size 0.000191 MB)
I: MonitorObliviousTransfer::next
I: SendPublicKey::next
I: MonitorObliviousTransfer::next
I: RecvEncryptedMessages::next
I: MonitorObliviousTransfer::next
I: DecryptChosenMessage::next
I: MonitorObliviousTransfer::next
I: ChooserDone::next
I: MonitorObliviousTransfer::next
I: MonitorObliviousTransfer::next
I: InitChooser::next
I: MonitorObliviousTransfer::next
I: RecvConstant::next
D: received message: d9c3bfd3714263cdc3c329f0d7bd3f61da3cf9747131570536880c54e582c5a83ee838d5b58ee2f0b7d34a3fe84f6213ba8201ab1167491a9226685840c6918fd097d026856aa8331d3ea6696315362fb5db007e2b7d28354b02fc97e5ea1614
I: MonitorObliviousTransfer::next
I: GeneratePublicKey::next
D:  sending message (size 0.000192 MB)
I: MonitorObliviousTransfer::next
I: SendPublicKey::next
I: MonitorObliviousTransfer::next
I: RecvEncryptedMessages::next
I: MonitorObliviousTransfer::next
I: DecryptChosenMessage::next
I: MonitorObliviousTransfer::next
I: ChooserDone::next
I: MonitorObliviousTransfer::next
I: MonitorObliviousTransfer::next
I: InitChooser::next
I: MonitorObliviousTransfer::next
I: RecvConstant::next
D: received message: af0519c1614f76f9f841edecc17cb87f2edb6d52651bc567604a4fe273162ea0c478bded01f5f75b8414164fb9db5f826de55693ac017aae74ce8dc86b835e7618a8a0ee9414ce28947baec7f078849dccede0f729820b6889b1b95faa5f4535
I: MonitorObliviousTransfer::next
I: GeneratePublicKey::next
D:  sending message (size 0.000192 MB)
I: MonitorObliviousTransfer::next
I: SendPublicKey::next
I: MonitorObliviousTransfer::next
I: RecvEncryptedMessages::next
I: MonitorObliviousTransfer::next
I: DecryptChosenMessage::next
I: MonitorObliviousTransfer::next
I: ChooserDone::next
I: MonitorObliviousTransfer::next
I: MonitorObliviousTransfer::next
I: InitChooser::next
I: MonitorObliviousTransfer::next
I: RecvConstant::next
D: received message: 692979fe8b829c3baef74da187d150cd9e348a43ab88e21454fbbc1b7f6ff3644ad372f90d3663a9ac0397c1ddc25a85a8afb69d6bd53f6a0c5bcf683a8158d94b096cf563ad8a7a122edbaea7e3478be2cf1da330e5e89f1ff09e7803e5dda2
I: MonitorObliviousTransfer::next
I: GeneratePublicKey::next
D:  sending message (size 0.000192 MB)
I: MonitorObliviousTransfer::next
I: SendPublicKey::next
I: MonitorObliviousTransfer::next
I: RecvEncryptedMessages::next
I: MonitorObliviousTransfer::next
I: DecryptChosenMessage::next
I: MonitorObliviousTransfer::next
I: ChooserDone::next
I: MonitorObliviousTransfer::next
I: MonitorObliviousTransfer::next
I: InitChooser::next
I: MonitorObliviousTransfer::next
I: RecvConstant::next
D: received message: ab64d377d6dcf8075f03e10324dc9c986588fd6ebb6800162a3e7219368c4f8144f7ca243acf3a05a0142b1da06cb0a0334e0047263ea531fb0c9deb3d2293f47be8e2e3842a3d3c4606dd775d1274b066a56dbbafd5c12089055edd8eca3bba
I: MonitorObliviousTransfer::next
I: GeneratePublicKey::next
D:  sending message (size 0.000192 MB)
I: MonitorObliviousTransfer::next
I: SendPublicKey::next
I: MonitorObliviousTransfer::next
I: RecvEncryptedMessages::next
I: MonitorObliviousTransfer::next
I: DecryptChosenMessage::next
I: MonitorObliviousTransfer::next
I: ChooserDone::next
I: MonitorObliviousTransfer::next
I: MonitorObliviousTransfer::next
I: InitChooser::next
I: MonitorObliviousTransfer::next
I: RecvConstant::next
D: received message: 807fe003982c1210ab48480701ef7102f6bde6a9e2fa0249ab993544e52bb5d086e6290407f1422d3ada769ed4e2ebcd9182b9cf2a361b7881251efe0542c937d850f114d655cb52fdaf0acf468f312c2817c71ff9360e931d7f4fe9177e73bc
I: MonitorObliviousTransfer::next
I: GeneratePublicKey::next
D:  sending message (size 0.000192 MB)
I: MonitorObliviousTransfer::next
I: SendPublicKey::next
I: MonitorObliviousTransfer::next
I: RecvEncryptedMessages::next
I: MonitorObliviousTransfer::next
I: DecryptChosenMessage::next
I: MonitorObliviousTransfer::next
I: ChooserDone::next
I: MonitorObliviousTransfer::next
I: MonitorObliviousTransfer::next
I: InitChooser::next
I: MonitorObliviousTransfer::next
I: RecvConstant::next
D: received message: 5d6b236931b2b90436042db67ecf22b5e49408f0bb827ee764968f20cd0fa79b90fb1eeff9dbed24d6bdc9976d193d6e970d23737a20854d4e5822c4b4e504d43b8a3760a39485afc18a961a97922e7fbdb3b61c789945eadf584f06685ac3f4
I: MonitorObliviousTransfer::next
I: GeneratePublicKey::next
D:  sending message (size 0.000191 MB)
I: MonitorObliviousTransfer::next
I: SendPublicKey::next
I: MonitorObliviousTransfer::next
I: RecvEncryptedMessages::next
I: MonitorObliviousTransfer::next
I: DecryptChosenMessage::next
I: MonitorObliviousTransfer::next
I: ChooserDone::next
I: MonitorObliviousTransfer::next
I: MonitorObliviousTransfer::next
I: InitChooser::next
I: MonitorObliviousTransfer::next
I: RecvConstant::next
D: received message: 849ce544628ed5a28e7e0e7f10e663252fd6e9e7fda61687a1c029508548af640eea2d13a429f3a7fdd24774b993bce140d3a8b96c97e4322013ec002a265d6c292f258d1be3eaafee31f2412cf0872f709b8f3547c807260a2e2c50621a16bd
I: MonitorObliviousTransfer::next
I: GeneratePublicKey::next
D:  sending message (size 0.000192 MB)
I: MonitorObliviousTransfer::next
I: SendPublicKey::next
I: MonitorObliviousTransfer::next
I: RecvEncryptedMessages::next
I: MonitorObliviousTransfer::next
I: DecryptChosenMessage::next
I: MonitorObliviousTransfer::next
I: ChooserDone::next
I: MonitorObliviousTransfer::next
I: MonitorObliviousTransfer::next
I: InitChooser::next
I: MonitorObliviousTransfer::next
I: RecvConstant::next
D: received message: aedaa15a49169702ed367562c21c3bd3c9433bd62e97a359d0dc35fded64da2020fbada1f65c1572848332b0ee6ebf554f4978606774732b0d46769193c61feb578efa2d5bbb512801b1e5bc8d8ebcc9cc7d00eef9d592225b09388fb9d6f908
I: MonitorObliviousTransfer::next
I: GeneratePublicKey::next
D:  sending message (size 0.000192 MB)
I: MonitorObliviousTransfer::next
I: SendPublicKey::next
I: MonitorObliviousTransfer::next
I: RecvEncryptedMessages::next
I: MonitorObliviousTransfer::next
I: DecryptChosenMessage::next
I: MonitorObliviousTransfer::next
I: ChooserDone::next
I: MonitorObliviousTransfer::next
I: MonitorObliviousTransfer::next
I: InitChooser::next
I: MonitorObliviousTransfer::next
I: RecvConstant::next
D: received message: 1b237029d7f1dc554f6680c7001dcae79c9b0cfa27fae7bf4f3184cf176da96308727d6ed17848943732bf447bdf7f8aeb78103fe6da9c8e83462a582c803e8a41a6d3d9a5bea2a4e1e59444e96b978690f592619ef6e749fee42ea01810741a
I: MonitorObliviousTransfer::next
I: GeneratePublicKey::next
D:  sending message (size 0.000192 MB)
I: MonitorObliviousTransfer::next
I: SendPublicKey::next
I: MonitorObliviousTransfer::next
I: RecvEncryptedMessages::next
I: MonitorObliviousTransfer::next
I: DecryptChosenMessage::next
I: MonitorObliviousTransfer::next
I: ChooserDone::next
I: MonitorObliviousTransfer::next
I: MonitorObliviousTransfer::next
I: InitChooser::next
I: MonitorObliviousTransfer::next
I: RecvConstant::next
D: received message: 393c289febd36691cc6ad330ad707f6e01063728fa5c24dadc33fe6d66eb2b2273af02daeb505f872474901bf37a5c00198808db6d91e134d7c843c0be2beef4d5f3a33075fd49ab08e8661c909529c4e95276d57a46b76776bbd3b5190f9b7b
I: MonitorObliviousTransfer::next
I: GeneratePublicKey::next
D:  sending message (size 0.000192 MB)
I: MonitorObliviousTransfer::next
I: SendPublicKey::next
I: MonitorObliviousTransfer::next
I: RecvEncryptedMessages::next
I: MonitorObliviousTransfer::next
I: DecryptChosenMessage::next
I: MonitorObliviousTransfer::next
I: ChooserDone::next
I: MonitorObliviousTransfer::next
I: MonitorObliviousTransfer::next
I: InitChooser::next
I: MonitorObliviousTransfer::next
I: RecvConstant::next
D: received message: 7c42d932f541c0e3dd1a14b560298695a49fe91c60bd72d783b29323dd99a9322c7be216279cdc69d27d03801f35a43565b5c85185acedd98fa6186b8f2932c91b754f5310fb2dac7a07fe2a0155b73a38d8746d2ee067d23202887693d9aed
I: MonitorObliviousTransfer::next
I: GeneratePublicKey::next
D:  sending message (size 0.000192 MB)
I: MonitorObliviousTransfer::next
I: SendPublicKey::next
I: MonitorObliviousTransfer::next
I: RecvEncryptedMessages::next
I: MonitorObliviousTransfer::next
I: DecryptChosenMessage::next
I: MonitorObliviousTransfer::next
I: ChooserDone::next
I: MonitorObliviousTransfer::next
I: MonitorObliviousTransfer::next
I: InitChooser::next
I: MonitorObliviousTransfer::next
I: RecvConstant::next
D: received message: a2ef65c70b256258931597bc700758a257191657287bef2c84feee6eaef3aed9d4aa2b3809aded061175e5c98d049cf80dfbac8aadd0dc574d18c0f5a4ba65f756c5db39b9df0656180791f08b222df189ba60a6fc6d22508bb5eba8ab30fd9b
I: MonitorObliviousTransfer::next
I: GeneratePublicKey::next
D:  sending message (size 0.000192 MB)
I: MonitorObliviousTransfer::next
I: SendPublicKey::next
I: MonitorObliviousTransfer::next
I: RecvEncryptedMessages::next
I: MonitorObliviousTransfer::next
I: DecryptChosenMessage::next
I: MonitorObliviousTransfer::next
I: ChooserDone::next
I: MonitorObliviousTransfer::next
I: MonitorObliviousTransfer::next
I: InitChooser::next
I: MonitorObliviousTransfer::next
I: RecvConstant::next
D: received message: e6ae8a7d7625dbac3d29b008f3e5e3a102469505170543501f2c3f75833bb93577115b41d5da594eb30fbb57b74a778804818ddd1814be11bcbbd34ed0a6d8fc31a4e7f21cbe840c6c173e039a7908ad38bdced3c6da88545102d6f8da0664be
I: MonitorObliviousTransfer::next
I: GeneratePublicKey::next
D:  sending message (size 0.000192 MB)
I: MonitorObliviousTransfer::next
I: SendPublicKey::next
I: MonitorObliviousTransfer::next
I: RecvEncryptedMessages::next
I: MonitorObliviousTransfer::next
I: DecryptChosenMessage::next
I: MonitorObliviousTransfer::next
I: ChooserDone::next
I: MonitorObliviousTransfer::next
I: MonitorObliviousTransfer::next
I: InitChooser::next
I: MonitorObliviousTransfer::next
I: RecvConstant::next
D: received message: eb05a3b493aed7091d40f5ff3af26c8a7db4a48c873aa93bcb8844a54f41e466f9cdc0f952de9ce29b8c2d8a9c8440279e9046f34a66815c8ee1d6bfff85cdf60ffea86db3ea9991a43fa35cc9b84f7f78a357d97298b46c9158cc39ed6b5e25
I: MonitorObliviousTransfer::next
I: GeneratePublicKey::next
D:  sending message (size 0.000192 MB)
I: MonitorObliviousTransfer::next
I: SendPublicKey::next
I: MonitorObliviousTransfer::next
I: RecvEncryptedMessages::next
I: MonitorObliviousTransfer::next
I: DecryptChosenMessage::next
I: MonitorObliviousTransfer::next
I: ChooserDone::next
I: MonitorObliviousTransfer::next
I: MonitorObliviousTransfer::next
I: InitChooser::next
I: MonitorObliviousTransfer::next
I: RecvConstant::next
D: received message: 1cfc2b2b2e3327a8446441185a9a3ea1ff86a47a26865c85f38d40be68dce48fb257ae657c756e476e263e65c91bff0965a44b8f40464e87f2f9eb991bb7a49e5dca649d2706843b951ee1f0605c1c4eb1d507a194874fdc75b5d7e6387a1924
I: MonitorObliviousTransfer::next
I: GeneratePublicKey::next
D:  sending message (size 0.000192 MB)
I: MonitorObliviousTransfer::next
I: SendPublicKey::next
I: MonitorObliviousTransfer::next
I: RecvEncryptedMessages::next
I: MonitorObliviousTransfer::next
I: DecryptChosenMessage::next
I: MonitorObliviousTransfer::next
I: ChooserDone::next
I: MonitorObliviousTransfer::next
I: MonitorObliviousTransfer::next
I: InitChooser::next
I: MonitorObliviousTransfer::next
I: RecvConstant::next
D: received message: 4ba6029a22aec58f8856a0ef02af85cef4e2f966f9c7e20ecc5e47919683ee544e7c55480f43b1780fe1a389c4dd08a726b214084a13b319419c152980dde8fe9ec0cb123b7fe32d5e95a7ca95cd594258ce4bf7efffb18f76af2ada1ddccb1
I: MonitorObliviousTransfer::next
I: GeneratePublicKey::next
D:  sending message (size 0.000192 MB)
I: MonitorObliviousTransfer::next
I: SendPublicKey::next
I: MonitorObliviousTransfer::next
I: RecvEncryptedMessages::next
I: MonitorObliviousTransfer::next
I: DecryptChosenMessage::next
I: MonitorObliviousTransfer::next
I: ChooserDone::next
I: MonitorObliviousTransfer::next
I: MonitorObliviousTransfer::next
I: InitChooser::next
I: MonitorObliviousTransfer::next
I: RecvConstant::next
D: received message: 38a749822db5c6e2935f3acc9dc5d3301c994ba204ce1e7ffa30e6163fb9c7a99f682bb977ff3621594a6abb463ab9453abae0ca6d7eb085c09703f8fac4d352f0da6d22e34efaeda3a0a29637606d0b8b8c0ef77744515ad75008f9fde7b382
I: MonitorObliviousTransfer::next
I: GeneratePublicKey::next
D:  sending message (size 0.000192 MB)
I: MonitorObliviousTransfer::next
I: SendPublicKey::next
I: MonitorObliviousTransfer::next
I: RecvEncryptedMessages::next
I: MonitorObliviousTransfer::next
I: DecryptChosenMessage::next
I: MonitorObliviousTransfer::next
I: ChooserDone::next
I: MonitorObliviousTransfer::next
I: MonitorObliviousTransfer::next
I: EvaluateCircuit::next
D:   evaluating gate 10000
D:   evaluating gate 20000
D:  sending message (size 0.000001 MB)
I: SendOutputBit::next
I: ==== round duration: 7281.729492 ms ====
I: CopyMonitorStateLabels::next
I: RecvGarbledGates::next
I: RecvSystemInputLabels::next
I: RecvFlagBitLabels::next
I: EvaluateCircuit::next
D:   evaluating gate 10000
D:   evaluating gate 20000
D:  sending message (size 0.000001 MB)
I: SendOutputBit::next
I: ==== round duration: 7558.395996 ms ====
I: FaultObserved::next
I: MonitorDone::next
