I: parsing spec file timekeeper+.v...
I: parsing BLIF file synth.blif...
D: inputs and outputs parsed.
D: circuit initialized.
D: connections (#2018) parsed.
D: gates (#20547) parsed.
D: outputs: 22407 22410 22413 22416 22419 22422 22425 22428 22431 22434 22437 22440 22443 22446 22449 22452 22455 22458 22461 22464 22467 22470 22473 22476 22479 22482 22485 22488 22491 22494 22497 22503 22405 
D: circuit size: 22504
D: adding identity gates for outputs...
D: outputs after identity: 22537 22538 22539 22540 22541 22542 22543 22544 22545 22546 22547 22548 22549 22550 22551 22552 22553 22554 22555 22556 22557 22558 22559 22560 22561 22562 22563 22564 22565 22566 22567 22568 22569 
D: circuit size after identity: 22570
I: initializing safe primes...
I: using prime modulus 1552518092300708935130918131258481755631334049434514313202351194902966239949102107258669453876591642442910007680288864229150803718918046342632727613031282983744380820890196288509170691316593175367469551763119843371637221007210577919
D:  sending message (size 0.000005 MB)
I: InitMonitor::next
I: GenerateDriverLabels::next
D:   driver labels generated in 18593.685547 ms
I: GenerateInWireKeys::next
D:   in-wire keys generated in 11942.384766 ms
D: SendLabels::message
D:   generating in-wire labels for 20618 gates
D:   10000 gates processed
D:   20000 gates processed
D:   in-wire labels generated in 5854.932129 ms
D:  gateCount: 20618
D:  sending message (size 12.310139 MB)
I: SendLabels::next
I: RecvGarbledGates::next
I: RecvSystemInputLabels::next
I: RecvFlagBitLabels::next
I: MonitorObliviousTransfer::next
I: InitChooser::next
I: MonitorObliviousTransfer::next
I: RecvConstant::next
D: received message: 7d789d74b9b4de5cde2bdc9108e410bf8b7291771d2da08d826671037862b0a1ceef9d87da06eed97aed79fe42b070971800b19e6b653e70ff90ae06840d78c751b07aac1618845cce89c3c0480498041f8b5a1db94351036a0d2f5c501fdc18
I: MonitorObliviousTransfer::next
I: GeneratePublicKey::next
D:  sending message (size 0.000192 MB)
I: MonitorObliviousTransfer::next
I: SendPublicKey::next
I: MonitorObliviousTransfer::next
I: RecvEncryptedMessages::next
I: MonitorObliviousTransfer::next
I: DecryptChosenMessage::next
I: MonitorObliviousTransfer::next
I: ChooserDone::next
I: MonitorObliviousTransfer::next
I: MonitorObliviousTransfer::next
I: InitChooser::next
I: MonitorObliviousTransfer::next
I: RecvConstant::next
D: received message: 8f3dcf662b8872c63d7ae9dd335758c13d8871518e73d3983f274261d006dca7a56dab8017737f6daf5ced571295c3b7a91f11d2255a67e1ef6d7c249a222df138b0261d3a70a17e3f18d7e5caec9d1529207cebbcce52ac5957f63e28f24e39
I: MonitorObliviousTransfer::next
I: GeneratePublicKey::next
D:  sending message (size 0.000192 MB)
I: MonitorObliviousTransfer::next
I: SendPublicKey::next
I: MonitorObliviousTransfer::next
I: RecvEncryptedMessages::next
I: MonitorObliviousTransfer::next
I: DecryptChosenMessage::next
I: MonitorObliviousTransfer::next
I: ChooserDone::next
I: MonitorObliviousTransfer::next
I: MonitorObliviousTransfer::next
I: InitChooser::next
I: MonitorObliviousTransfer::next
I: RecvConstant::next
D: received message: 98ffabc84f39ad07d36a7f972dc7fa79426eb305382357f8a27a085301cdef1788af8639f7372c3a779ccddb257e0b856b0299029d2d58398ed5afbabad74ca8181a5581c1a7ff8b6aa749ebb98a314ae23a472de2acec22c372d99969c86d2
I: MonitorObliviousTransfer::next
I: GeneratePublicKey::next
D:  sending message (size 0.000192 MB)
I: MonitorObliviousTransfer::next
I: SendPublicKey::next
I: MonitorObliviousTransfer::next
I: RecvEncryptedMessages::next
I: MonitorObliviousTransfer::next
I: DecryptChosenMessage::next
I: MonitorObliviousTransfer::next
I: ChooserDone::next
I: MonitorObliviousTransfer::next
I: MonitorObliviousTransfer::next
I: InitChooser::next
I: MonitorObliviousTransfer::next
I: RecvConstant::next
D: received message: 77f7b435c177b020830a73475f907cda7173bed09dd0f8dc4a12fd999175868fb50aa5c9dfd59a9091da777f601dcbdc559c081a5751e0c916bed7c0e07b276792d0dac5e7aa832eb51bc6d1f410d14580d7b34f5c25dd3e277cc4e63cad4496
I: MonitorObliviousTransfer::next
I: GeneratePublicKey::next
D:  sending message (size 0.000192 MB)
I: MonitorObliviousTransfer::next
I: SendPublicKey::next
I: MonitorObliviousTransfer::next
I: RecvEncryptedMessages::next
I: MonitorObliviousTransfer::next
I: DecryptChosenMessage::next
I: MonitorObliviousTransfer::next
I: ChooserDone::next
I: MonitorObliviousTransfer::next
I: MonitorObliviousTransfer::next
I: InitChooser::next
I: MonitorObliviousTransfer::next
I: RecvConstant::next
D: received message: 310f94325e362bcb508a319c79d943c208275d7fd7f880c9d58333bde6111a3ab3f4ff2ad70024b26aeb4e529dc5e3e9d29aabc5be8bdebe0f1847be5acb05189ff6b36280a38a72240309dbb6815387e25af62f553cf8c754080a0eb644b3ff
I: MonitorObliviousTransfer::next
I: GeneratePublicKey::next
D:  sending message (size 0.000192 MB)
I: MonitorObliviousTransfer::next
I: SendPublicKey::next
I: MonitorObliviousTransfer::next
I: RecvEncryptedMessages::next
I: MonitorObliviousTransfer::next
I: DecryptChosenMessage::next
I: MonitorObliviousTransfer::next
I: ChooserDone::next
I: MonitorObliviousTransfer::next
I: MonitorObliviousTransfer::next
I: InitChooser::next
I: MonitorObliviousTransfer::next
I: RecvConstant::next
D: received message: 6795ef1d853874dd08c96c0e8a01f84d59b9240631d9781e8d7900a91cfcf1faeb9ce519dfd6ff1fbe9d205007c38c95b77f07bcb199304235722834784053cf766de1bcda75442638b1946ee3f66ce009ccc299b504cf29d10e62b3aeb44060
I: MonitorObliviousTransfer::next
I: GeneratePublicKey::next
D:  sending message (size 0.000192 MB)
I: MonitorObliviousTransfer::next
I: SendPublicKey::next
I: MonitorObliviousTransfer::next
I: RecvEncryptedMessages::next
I: MonitorObliviousTransfer::next
I: DecryptChosenMessage::next
I: MonitorObliviousTransfer::next
I: ChooserDone::next
I: MonitorObliviousTransfer::next
I: MonitorObliviousTransfer::next
I: InitChooser::next
I: MonitorObliviousTransfer::next
I: RecvConstant::next
D: received message: 9b7cde7e6571594ff2829c7845536fc4f75211fa7264546b5fb698f51ee7aac6496b2d4d0f7f3500cec4a38c214bb932ad45863ee1fed07d9c1142739b64cdf81259320bfcf42d51b5cf214848bd80d3b2ed5ad5442267fd4071fa999f76ffd1
I: MonitorObliviousTransfer::next
I: GeneratePublicKey::next
D:  sending message (size 0.000192 MB)
I: MonitorObliviousTransfer::next
I: SendPublicKey::next
I: MonitorObliviousTransfer::next
I: RecvEncryptedMessages::next
I: MonitorObliviousTransfer::next
I: DecryptChosenMessage::next
I: MonitorObliviousTransfer::next
I: ChooserDone::next
I: MonitorObliviousTransfer::next
I: MonitorObliviousTransfer::next
I: InitChooser::next
I: MonitorObliviousTransfer::next
I: RecvConstant::next
D: received message: b420a22beac6d841411c80c3d11b74acd90d06327db009631587899b977e86b679e04448d854466d2049587c274f4f84651220bd22d801076890e58323861ca932c2128cb5fe1efa8f54b37aa448a6ff300f3d83e15d3c84a6edd610c558afd3
I: MonitorObliviousTransfer::next
I: GeneratePublicKey::next
D:  sending message (size 0.000192 MB)
I: MonitorObliviousTransfer::next
I: SendPublicKey::next
I: MonitorObliviousTransfer::next
I: RecvEncryptedMessages::next
I: MonitorObliviousTransfer::next
I: DecryptChosenMessage::next
I: MonitorObliviousTransfer::next
I: ChooserDone::next
I: MonitorObliviousTransfer::next
I: MonitorObliviousTransfer::next
I: InitChooser::next
I: MonitorObliviousTransfer::next
I: RecvConstant::next
D: received message: 9993482c4d2d45a2f6ec9b21480e8df49a9e29fff47c68bc6ee7354f95c01066baa2e19f5e33569f2ee107ac05a45616d643da345bbe1879150386b27889053d874c7d5abc302f11deb2c88614f3089b9193051740c37c57d8f6b52a7a7d1fb0
I: MonitorObliviousTransfer::next
I: GeneratePublicKey::next
D:  sending message (size 0.000192 MB)
I: MonitorObliviousTransfer::next
I: SendPublicKey::next
I: MonitorObliviousTransfer::next
I: RecvEncryptedMessages::next
I: MonitorObliviousTransfer::next
I: DecryptChosenMessage::next
I: MonitorObliviousTransfer::next
I: ChooserDone::next
I: MonitorObliviousTransfer::next
I: MonitorObliviousTransfer::next
I: InitChooser::next
I: MonitorObliviousTransfer::next
I: RecvConstant::next
D: received message: 5f2a044b29b87ddd0d6cd8c0a34d2d36faa6e3b262e8212ab06ce7dc5e9ed0a645a0dbe384d8523dca853a502728ec9aa3cd587db1b3709a3e9e9a2b54059e08a0aff3aa7dc30030f974ed154107fda9d286cce630a10c953650539605db9760
I: MonitorObliviousTransfer::next
I: GeneratePublicKey::next
D:  sending message (size 0.000192 MB)
I: MonitorObliviousTransfer::next
I: SendPublicKey::next
I: MonitorObliviousTransfer::next
I: RecvEncryptedMessages::next
I: MonitorObliviousTransfer::next
I: DecryptChosenMessage::next
I: MonitorObliviousTransfer::next
I: ChooserDone::next
I: MonitorObliviousTransfer::next
I: MonitorObliviousTransfer::next
I: InitChooser::next
I: MonitorObliviousTransfer::next
I: RecvConstant::next
D: received message: 4186e1056868ab0db5bc03aa346e40d76b69b846a0dd5d9be66b4295772755c2e13294333ddecca9ba4a7a700ed8c20d335c4a7e79c336a3509183a38cf30986d1e449579beabefaca8be3d1e6aa38cec5cf455c94ef0bd7e8ad9964b4ff4590
I: MonitorObliviousTransfer::next
I: GeneratePublicKey::next
D:  sending message (size 0.000192 MB)
I: MonitorObliviousTransfer::next
I: SendPublicKey::next
I: MonitorObliviousTransfer::next
I: RecvEncryptedMessages::next
I: MonitorObliviousTransfer::next
I: DecryptChosenMessage::next
I: MonitorObliviousTransfer::next
I: ChooserDone::next
I: MonitorObliviousTransfer::next
I: MonitorObliviousTransfer::next
I: InitChooser::next
I: MonitorObliviousTransfer::next
I: RecvConstant::next
D: received message: 84751d0f1ce5eee6b941210c5e1f3affd0dbe9dcac7c9b8f9a8cfc0a1ec93b1d1704b78bdd213b186d329f6a18bd42e9dc913aa62c711853682056b7d8411627e99c1840bd41b516957de931a1ee24ff1cb836ea308e796919d8341f0834a060
I: MonitorObliviousTransfer::next
I: GeneratePublicKey::next
D:  sending message (size 0.000192 MB)
I: MonitorObliviousTransfer::next
I: SendPublicKey::next
I: MonitorObliviousTransfer::next
I: RecvEncryptedMessages::next
I: MonitorObliviousTransfer::next
I: DecryptChosenMessage::next
I: MonitorObliviousTransfer::next
I: ChooserDone::next
I: MonitorObliviousTransfer::next
I: MonitorObliviousTransfer::next
I: InitChooser::next
I: MonitorObliviousTransfer::next
I: RecvConstant::next
D: received message: 3f09fb9d853c50ec077cb1f32f5def97d64c7afb67e248d300e7b1e27141ca2c888e9d23e7a724a09dd4437d515099006337b70125fcd055607f15b6e07021428a4a31cc1c7f71a37c385e0ad8bf30408e1531c449546c7a8cf1863e3b677ae9
I: MonitorObliviousTransfer::next
I: GeneratePublicKey::next
D:  sending message (size 0.000192 MB)
I: MonitorObliviousTransfer::next
I: SendPublicKey::next
I: MonitorObliviousTransfer::next
I: RecvEncryptedMessages::next
I: MonitorObliviousTransfer::next
I: DecryptChosenMessage::next
I: MonitorObliviousTransfer::next
I: ChooserDone::next
I: MonitorObliviousTransfer::next
I: MonitorObliviousTransfer::next
I: InitChooser::next
I: MonitorObliviousTransfer::next
I: RecvConstant::next
D: received message: 3ef6f03b8ab2d8021e1c14e7f08deb1747f509d1de1c0dd663ba38bd1161ef72a050cf7e002b6b9026d86b4da7ceba8690066dca1f176dced26f15d5ae6be1583d00e8f4e4fd354d632c90b9ecae83045c6e446b802e2dd563264cc944440099
I: MonitorObliviousTransfer::next
I: GeneratePublicKey::next
D:  sending message (size 0.000192 MB)
I: MonitorObliviousTransfer::next
I: SendPublicKey::next
I: MonitorObliviousTransfer::next
I: RecvEncryptedMessages::next
I: MonitorObliviousTransfer::next
I: DecryptChosenMessage::next
I: MonitorObliviousTransfer::next
I: ChooserDone::next
I: MonitorObliviousTransfer::next
I: MonitorObliviousTransfer::next
I: InitChooser::next
I: MonitorObliviousTransfer::next
I: RecvConstant::next
D: received message: 1a3c7ee6e59a044aede18619cea025f6ce4b4c4aaacfce9889cc0af703a9bf72b7ba6ded7fff78d4d6ac9ebc969d88100f5466d79aa2b897213e1dc5bda77f3453e462f2f999838f1a85d97b9ede54ac5aead1ecf8ab2d4e5c6acbded0c1ba45
I: MonitorObliviousTransfer::next
I: GeneratePublicKey::next
D:  sending message (size 0.000192 MB)
I: MonitorObliviousTransfer::next
I: SendPublicKey::next
I: MonitorObliviousTransfer::next
I: RecvEncryptedMessages::next
I: MonitorObliviousTransfer::next
I: DecryptChosenMessage::next
I: MonitorObliviousTransfer::next
I: ChooserDone::next
I: MonitorObliviousTransfer::next
I: MonitorObliviousTransfer::next
I: InitChooser::next
I: MonitorObliviousTransfer::next
I: RecvConstant::next
D: received message: 2f59ae28ccbd91a8ab86a50fbb0a1930ef49477a51db369403a56155001cfe4fd89aeb6a4b51bb93bdb43c8234222e82be402e41c3a11ec50edaa3c9e38c67f3ff45d855ede1b63b88bc2f067a2fd2af7fe5e3cb58e5cda0eb681c9f37d792f5
I: MonitorObliviousTransfer::next
I: GeneratePublicKey::next
D:  sending message (size 0.000192 MB)
I: MonitorObliviousTransfer::next
I: SendPublicKey::next
I: MonitorObliviousTransfer::next
I: RecvEncryptedMessages::next
I: MonitorObliviousTransfer::next
I: DecryptChosenMessage::next
I: MonitorObliviousTransfer::next
I: ChooserDone::next
I: MonitorObliviousTransfer::next
I: MonitorObliviousTransfer::next
I: InitChooser::next
I: MonitorObliviousTransfer::next
I: RecvConstant::next
D: received message: 71526e5581508e21b4c842026e283e9f27da1c8bc17395903461b131095bf52c4f712eace1bb698eebcc5a5d7a262ad1fa76b5a74252b4aa80a17cb3bdd784c45f774b5d16452f06d0861784ce11316e1c7f1d0f913589bce870e9a2234fe319
I: MonitorObliviousTransfer::next
I: GeneratePublicKey::next
D:  sending message (size 0.000192 MB)
I: MonitorObliviousTransfer::next
I: SendPublicKey::next
I: MonitorObliviousTransfer::next
I: RecvEncryptedMessages::next
I: MonitorObliviousTransfer::next
I: DecryptChosenMessage::next
I: MonitorObliviousTransfer::next
I: ChooserDone::next
I: MonitorObliviousTransfer::next
I: MonitorObliviousTransfer::next
I: InitChooser::next
I: MonitorObliviousTransfer::next
I: RecvConstant::next
D: received message: 397e9231b73b365d0a4898ba22a96ac7a15c39a763eecdafb68905b4a6eb24c7fa35e72421323f23428f8a504ac798fa24387806dae3ea5bfb95b2b4e089dc96e0507668c0f423d7f77dfecd4769853098d7179e85e5153250acab481cc48ea
I: MonitorObliviousTransfer::next
I: GeneratePublicKey::next
D:  sending message (size 0.000192 MB)
I: MonitorObliviousTransfer::next
I: SendPublicKey::next
I: MonitorObliviousTransfer::next
I: RecvEncryptedMessages::next
I: MonitorObliviousTransfer::next
I: DecryptChosenMessage::next
I: MonitorObliviousTransfer::next
I: ChooserDone::next
I: MonitorObliviousTransfer::next
I: MonitorObliviousTransfer::next
I: InitChooser::next
I: MonitorObliviousTransfer::next
I: RecvConstant::next
D: received message: 6cd52e57a6a1866a68bc56267991b9f7cef8a65b9b6708fba32e9770ce2081d6abd36ee7f8d4360f9a8fd6d4ceed9a0abd10053845a4a7a88c1c58278c09e1dab96122de05fcfa5727a927eb10c1a8e366feab2694c87e0991ecccade6992d6d
I: MonitorObliviousTransfer::next
I: GeneratePublicKey::next
D:  sending message (size 0.000192 MB)
I: MonitorObliviousTransfer::next
I: SendPublicKey::next
I: MonitorObliviousTransfer::next
I: RecvEncryptedMessages::next
I: MonitorObliviousTransfer::next
I: DecryptChosenMessage::next
I: MonitorObliviousTransfer::next
I: ChooserDone::next
I: MonitorObliviousTransfer::next
I: MonitorObliviousTransfer::next
I: InitChooser::next
I: MonitorObliviousTransfer::next
I: RecvConstant::next
D: received message: 681d369f3863483bffb0bed6bdaa1305ba0609e1c32ffb08268d55759f0c71ee0edfc6a56959dfdf6b75d11f885f932ad52afd4434909c273e3a940dab7a86b7cfcabbac0d3e2291762d198132483877a13855907958f8f8764148472e3c3285
I: MonitorObliviousTransfer::next
I: GeneratePublicKey::next
D:  sending message (size 0.000192 MB)
I: MonitorObliviousTransfer::next
I: SendPublicKey::next
I: MonitorObliviousTransfer::next
I: RecvEncryptedMessages::next
I: MonitorObliviousTransfer::next
I: DecryptChosenMessage::next
I: MonitorObliviousTransfer::next
I: ChooserDone::next
I: MonitorObliviousTransfer::next
I: MonitorObliviousTransfer::next
I: InitChooser::next
I: MonitorObliviousTransfer::next
I: RecvConstant::next
D: received message: 314944a18c4d2ca15ef54a7af9450f870e318cd53807e92e0828833b8d002e867d4a7d65956a9d21842ca78a9836e629e7a5581601c340aa9aeef249a8f6f78a41380953c173fc32d8b29e280d0eba83a1de992090aed04d4c1f54b9e53974c6
I: MonitorObliviousTransfer::next
I: GeneratePublicKey::next
D:  sending message (size 0.000192 MB)
I: MonitorObliviousTransfer::next
I: SendPublicKey::next
I: MonitorObliviousTransfer::next
I: RecvEncryptedMessages::next
I: MonitorObliviousTransfer::next
I: DecryptChosenMessage::next
I: MonitorObliviousTransfer::next
I: ChooserDone::next
I: MonitorObliviousTransfer::next
I: MonitorObliviousTransfer::next
I: InitChooser::next
I: MonitorObliviousTransfer::next
I: RecvConstant::next
D: received message: 9b663d746f8de118b192c10f1854b82c41465987b00d907afbaf17896c9c7ce758fa694b7c0868579a2251ad27aaeb16df06a76430fa640e09b4f57a1727b79ac388b63c139cd3bcc4197d65bbd52892bf2be9f103b317c65cc8526cbc87b930
I: MonitorObliviousTransfer::next
I: GeneratePublicKey::next
D:  sending message (size 0.000192 MB)
I: MonitorObliviousTransfer::next
I: SendPublicKey::next
I: MonitorObliviousTransfer::next
I: RecvEncryptedMessages::next
I: MonitorObliviousTransfer::next
I: DecryptChosenMessage::next
I: MonitorObliviousTransfer::next
I: ChooserDone::next
I: MonitorObliviousTransfer::next
I: MonitorObliviousTransfer::next
I: InitChooser::next
I: MonitorObliviousTransfer::next
I: RecvConstant::next
D: received message: a88a8b73d97cd180193206956fcddd072ea2dd470e7b444ab887a974cb4a95c0b67e12dbe8c313fc28d712845277da3cb7a23c7360fde21560cd7eca3a0890037a9917b3c88db442da7b91273d8bca248fcde91db704c4de9fd27118f9940247
I: MonitorObliviousTransfer::next
I: GeneratePublicKey::next
D:  sending message (size 0.000192 MB)
I: MonitorObliviousTransfer::next
I: SendPublicKey::next
I: MonitorObliviousTransfer::next
I: RecvEncryptedMessages::next
I: MonitorObliviousTransfer::next
I: DecryptChosenMessage::next
I: MonitorObliviousTransfer::next
I: ChooserDone::next
I: MonitorObliviousTransfer::next
I: MonitorObliviousTransfer::next
I: InitChooser::next
I: MonitorObliviousTransfer::next
I: RecvConstant::next
D: received message: 78879b0b171b7d32794db60b106ff498c50babfb8bf654473d0bde82292e131d724ae766145c8158cafe76f13e785297821b5fcb5b1fbebbdb87500edfa45407cb72916362707101c713a432df2cb366acfccf6516a94dff2c785e0d33eb292e
I: MonitorObliviousTransfer::next
I: GeneratePublicKey::next
D:  sending message (size 0.000192 MB)
I: MonitorObliviousTransfer::next
I: SendPublicKey::next
I: MonitorObliviousTransfer::next
I: RecvEncryptedMessages::next
I: MonitorObliviousTransfer::next
I: DecryptChosenMessage::next
I: MonitorObliviousTransfer::next
I: ChooserDone::next
I: MonitorObliviousTransfer::next
I: MonitorObliviousTransfer::next
I: InitChooser::next
I: MonitorObliviousTransfer::next
I: RecvConstant::next
D: received message: 8440298f8438d08ce998be8d4e99dd487462936ed3e5e8f59f071267e599cd7733d90a08da85b2c3492a20064eca2de65a2cdd2533a0862263f82be47b1d4e3c02e64dc65b7a6030a03e0f88bf539fe54c8664007a73b51ca708061050c583b3
I: MonitorObliviousTransfer::next
I: GeneratePublicKey::next
D:  sending message (size 0.000192 MB)
I: MonitorObliviousTransfer::next
I: SendPublicKey::next
I: MonitorObliviousTransfer::next
I: RecvEncryptedMessages::next
I: MonitorObliviousTransfer::next
I: DecryptChosenMessage::next
I: MonitorObliviousTransfer::next
I: ChooserDone::next
I: MonitorObliviousTransfer::next
I: MonitorObliviousTransfer::next
I: InitChooser::next
I: MonitorObliviousTransfer::next
I: RecvConstant::next
D: received message: 1581fc267d12c8aac4a5e7753403cef9a4c4336aa58e6ca297cfa6b5f1e5b47ca9ba32a750e351c9142540e401171fed863251f19ab108c72c19c0fefbf369e26d66fef92a49631a1d8f145dfb4e5bda4273ecf46de844b40b2352898e1f34
I: MonitorObliviousTransfer::next
I: GeneratePublicKey::next
D:  sending message (size 0.000192 MB)
I: MonitorObliviousTransfer::next
I: SendPublicKey::next
I: MonitorObliviousTransfer::next
I: RecvEncryptedMessages::next
I: MonitorObliviousTransfer::next
I: DecryptChosenMessage::next
I: MonitorObliviousTransfer::next
I: ChooserDone::next
I: MonitorObliviousTransfer::next
I: MonitorObliviousTransfer::next
I: InitChooser::next
I: MonitorObliviousTransfer::next
I: RecvConstant::next
D: received message: b010cab52f6eb9a3f393273d73a3cb9041b4fe7a0dc373614ea5696e87578241849e9002bd032c8fd0e9448853888d9fbbc78c3ae24522cb3a0f3522ca56f35ee641ef93153bb74c2a201bc1a8146fb8390fbaeeae955d2124eedfa237f2c780
I: MonitorObliviousTransfer::next
I: GeneratePublicKey::next
D:  sending message (size 0.000192 MB)
I: MonitorObliviousTransfer::next
I: SendPublicKey::next
I: MonitorObliviousTransfer::next
I: RecvEncryptedMessages::next
I: MonitorObliviousTransfer::next
I: DecryptChosenMessage::next
I: MonitorObliviousTransfer::next
I: ChooserDone::next
I: MonitorObliviousTransfer::next
I: MonitorObliviousTransfer::next
I: InitChooser::next
I: MonitorObliviousTransfer::next
I: RecvConstant::next
D: received message: 5c4c06adc3335beebe692d6c397def6775c3a55abf06a469a5f35f06579535fdc1cdeab2ead89ed969df4106f4deda934db085f821708e0f87d8485085ae531eb9b02e601cff3ff81aa713408c7bdfdfc2248eaac76dea5168dfc63b1e0823a6
I: MonitorObliviousTransfer::next
I: GeneratePublicKey::next
D:  sending message (size 0.000192 MB)
I: MonitorObliviousTransfer::next
I: SendPublicKey::next
I: MonitorObliviousTransfer::next
I: RecvEncryptedMessages::next
I: MonitorObliviousTransfer::next
I: DecryptChosenMessage::next
I: MonitorObliviousTransfer::next
I: ChooserDone::next
I: MonitorObliviousTransfer::next
I: MonitorObliviousTransfer::next
I: InitChooser::next
I: MonitorObliviousTransfer::next
I: RecvConstant::next
D: received message: aceaded13c1c9ab00dc1498f9bba63839b827f9933187c91ee57ec6582e930854adae64c30213e87d1d6d23ee1e424aa0360915060222d19c7ca79d824b6141c3a6d6d23f0aeac7a14ded01b46251401229912117b2782e085f85faf5c91361a
I: MonitorObliviousTransfer::next
I: GeneratePublicKey::next
D:  sending message (size 0.000192 MB)
I: MonitorObliviousTransfer::next
I: SendPublicKey::next
I: MonitorObliviousTransfer::next
I: RecvEncryptedMessages::next
I: MonitorObliviousTransfer::next
I: DecryptChosenMessage::next
I: MonitorObliviousTransfer::next
I: ChooserDone::next
I: MonitorObliviousTransfer::next
I: MonitorObliviousTransfer::next
I: InitChooser::next
I: MonitorObliviousTransfer::next
I: RecvConstant::next
D: received message: cce30dda87249d35efc814dd9c0100864768046ed92b4ecff23b6859865e38ec2f965cee80d1d2dea46ab66f84df4f4de589f448deb0c995aa4b26984dbc2289bbaf9d0bac570e15e5d902ea2417b3ae28b4e71a6a8c33e9bd52faeffe39ab9a
I: MonitorObliviousTransfer::next
I: GeneratePublicKey::next
D:  sending message (size 0.000192 MB)
I: MonitorObliviousTransfer::next
I: SendPublicKey::next
I: MonitorObliviousTransfer::next
I: RecvEncryptedMessages::next
I: MonitorObliviousTransfer::next
I: DecryptChosenMessage::next
I: MonitorObliviousTransfer::next
I: ChooserDone::next
I: MonitorObliviousTransfer::next
I: MonitorObliviousTransfer::next
I: InitChooser::next
I: MonitorObliviousTransfer::next
I: RecvConstant::next
D: received message: 290f866d5195041ba61371852ca7bb884c499e5bbccb7d391d38e07b7f47e0cd91a59366eae66d952d8ed3f410f4663b4222a1f3355c05ca96be9858368cbb59164583668b6f3b5e7d81be9113a096b6554eaf0658ead20e5dc267d766402dfe
I: MonitorObliviousTransfer::next
I: GeneratePublicKey::next
D:  sending message (size 0.000191 MB)
I: MonitorObliviousTransfer::next
I: SendPublicKey::next
I: MonitorObliviousTransfer::next
I: RecvEncryptedMessages::next
I: MonitorObliviousTransfer::next
I: DecryptChosenMessage::next
I: MonitorObliviousTransfer::next
I: ChooserDone::next
I: MonitorObliviousTransfer::next
I: MonitorObliviousTransfer::next
I: InitChooser::next
I: MonitorObliviousTransfer::next
I: RecvConstant::next
D: received message: 82f3afdb0ebace884173c5c5577a9d09d47b082ed8959db6eaa8bfa4d24bfc89389623dbc53388ce5670823861ab7b69b76239eb2e4910fe7e34ca490db563622501e424861ecb152e27f47890cd557e3eb1eda2c95141742994f537cf0439f5
I: MonitorObliviousTransfer::next
I: GeneratePublicKey::next
D:  sending message (size 0.000192 MB)
I: MonitorObliviousTransfer::next
I: SendPublicKey::next
I: MonitorObliviousTransfer::next
I: RecvEncryptedMessages::next
I: MonitorObliviousTransfer::next
I: DecryptChosenMessage::next
I: MonitorObliviousTransfer::next
I: ChooserDone::next
I: MonitorObliviousTransfer::next
I: MonitorObliviousTransfer::next
I: EvaluateCircuit::next
D:   evaluating gate 10000
D:   evaluating gate 20000
D:  sending message (size 0.000001 MB)
I: SendOutputBit::next
I: ==== round duration: 8324.335938 ms ====
I: CopyMonitorStateLabels::next
I: RecvGarbledGates::next
I: RecvSystemInputLabels::next
I: RecvFlagBitLabels::next
I: EvaluateCircuit::next
D:   evaluating gate 10000
D:   evaluating gate 20000
D:  sending message (size 0.000001 MB)
I: SendOutputBit::next
I: ==== round duration: 9120.214844 ms ====
I: FaultObserved::next
I: MonitorDone::next
