I: parsing spec file timekeeper+.v...
skipping synthesis, BLIF file already exists.
I: parsing BLIF file synth.blif...
D: inputs and outputs parsed.
D: circuit initialized.
D: connections (#2018) parsed.
D: gates (#20547) parsed.
D: outputs: 23047 23050 23053 23056 23059 23062 23065 23068 23071 23074 23077 23080 23083 23086 23089 23092 23095 23098 23101 23104 23107 23110 23113 23116 23119 23122 23125 23128 23131 23134 23137 23143 23045 
D: circuit size: 23144
D: adding identity gates for outputs...
D: outputs after identity: 23177 23178 23179 23180 23181 23182 23183 23184 23185 23186 23187 23188 23189 23190 23191 23192 23193 23194 23195 23196 23197 23198 23199 23200 23201 23202 23203 23204 23205 23206 23207 23208 23209 
D: circuit size after identity: 23210
I: initializing safe primes...
I: using prime modulus 2410312426921032588552076022197566074856950548502459942654116941958108831682612228890093858261341614673227141477904012196503648957050582631942730706805009223062734745341073406696246014589361659774041027169249453200378729434170325843778659198143763193776859869524088940195577346119843545301547043747207749969763750084308926339295559968882457872412993810129130294592999947926365264059284647209730384947211681434464714438488520940127459844288859336526896320919633919
D:  sending message (size 0.000005 MB)
I: InitMonitor::next
I: GenerateDriverLabels::next
D:   driver labels generated in 32012.798828 ms
I: GenerateInWireKeys::next
D:   in-wire keys generated in 10877.164062 ms
D: SendLabels::message
D:   generating in-wire labels for 20618 gates
D:   10000 gates processed
D:   20000 gates processed
D:   in-wire labels generated in 35862.437500 ms
D:  gateCount: 20618
D:  sending message (size 24.807012 MB)
I: SendLabels::next
I: RecvGarbledGates::next
I: RecvSystemInputLabels::next
I: RecvFlagBitLabels::next
I: MonitorObliviousTransfer::next
I: InitChooser::next
I: MonitorObliviousTransfer::next
I: RecvConstant::next
D: received message: 7cf79f171e83fc3a66ae504cfb205e9275507c10a22393172e1620bcd22fc5bfa5ac5e3fd2ea185bb405e531f35e268763de14169edf4a1b1311372ea5c24065b661bd04a819a399fee47f3ccae14cb0ac6f1b7283110e336a8ceb5fb747ab4dc9a5e76f65716d2d530072188a6f0bd1236a42118664690445857bed9ad6fe49fcde7a5bb81e769b16073a81ce94d2e382c9072529d65816b6c0059a6f8b75e012024b2f7018961306d1299b801e8d781ba7a80ca9f3484fd0352dd5ff66dc6
I: MonitorObliviousTransfer::next
I: GeneratePublicKey::next
D:  sending message (size 0.000384 MB)
I: MonitorObliviousTransfer::next
I: SendPublicKey::next
I: MonitorObliviousTransfer::next
I: RecvEncryptedMessages::next
I: MonitorObliviousTransfer::next
I: DecryptChosenMessage::next
I: MonitorObliviousTransfer::next
I: ChooserDone::next
I: MonitorObliviousTransfer::next
I: MonitorObliviousTransfer::next
I: InitChooser::next
I: MonitorObliviousTransfer::next
I: RecvConstant::next
D: received message: 33acedd7958b26ca33900fb07839a7741d4a9fa085061c54c8c3171f24e7c63d76f1a9221aaa498c03ba298e11362390f8437a3dfe20f98e0616ed02153159bc15d655e7fb4c7e6db887262ab45492a99d3d067c2ad1d9e760c3c299d8fdb85febb6177cca2461a17f9f734a9d8316282cabd6468f1c9a11d989f9a83f9d65dbd39967dd637084ff6c121fbf80185b803bd614e1c47c7c1ce2ab3fddf27ab6c3cf79ad2f7cdd77d688e9b55806a8f0a99c5ee9c6f2ee6dd8ea6af1a882818fc3
I: MonitorObliviousTransfer::next
I: GeneratePublicKey::next
D:  sending message (size 0.000384 MB)
I: MonitorObliviousTransfer::next
I: SendPublicKey::next
I: MonitorObliviousTransfer::next
I: RecvEncryptedMessages::next
I: MonitorObliviousTransfer::next
I: DecryptChosenMessage::next
I: MonitorObliviousTransfer::next
I: ChooserDone::next
I: MonitorObliviousTransfer::next
I: MonitorObliviousTransfer::next
I: InitChooser::next
I: MonitorObliviousTransfer::next
I: RecvConstant::next
D: received message: 7b9a09ec79582941d01b2ebd4376df4c27b86f2d36bb17ea608e5792ae0eed5880e54635634452349b0718520c90e880b3d802c30e12930329d4e04c3139c16a57c653453be21f51d0620d11230c4f909dd061d3e430da77beecb1b57005a95f84ff0f87793cf0448b0e33740862ab5f484bb76c83a447b2cd032eef9887f886d84173d628868e9dcc971d1cffeaae4ddc38524457fc360cd08ccb8627b22fb4eca49b91b727e6acf9747b4ce301b423d72477c776cc2b889b6b5c52902dd9c9
I: MonitorObliviousTransfer::next
I: GeneratePublicKey::next
D:  sending message (size 0.000384 MB)
I: MonitorObliviousTransfer::next
I: SendPublicKey::next
I: MonitorObliviousTransfer::next
I: RecvEncryptedMessages::next
I: MonitorObliviousTransfer::next
I: DecryptChosenMessage::next
I: MonitorObliviousTransfer::next
I: ChooserDone::next
I: MonitorObliviousTransfer::next
I: MonitorObliviousTransfer::next
I: InitChooser::next
I: MonitorObliviousTransfer::next
I: RecvConstant::next
D: received message: 962c03748abbb1b0156375436e4bf44befe60dab22ad41b78a10adab8c37e396c5ba83c5853e284bfd125522990a3ee525afa5fdddf1d1b67b84db5d2250e37bd142738b9ba345450535d572530f8b8aa539caca574ea3fa0d4d08ec2b2cd5b8d00616a985a1841b786fd2dd132bf427cc502a090184a7aa3381d8ecd53512072cabac8c12b0ba3c6608b3acddcac5410085451c97b529395b75e1ea7aac56d548b9ab4b19d1305ee9a805066ab42e91bf7075114a1a3a4225b986825f023cc2
I: MonitorObliviousTransfer::next
I: GeneratePublicKey::next
D:  sending message (size 0.000384 MB)
I: MonitorObliviousTransfer::next
I: SendPublicKey::next
I: MonitorObliviousTransfer::next
I: RecvEncryptedMessages::next
I: MonitorObliviousTransfer::next
I: DecryptChosenMessage::next
I: MonitorObliviousTransfer::next
I: ChooserDone::next
I: MonitorObliviousTransfer::next
I: MonitorObliviousTransfer::next
I: InitChooser::next
I: MonitorObliviousTransfer::next
I: RecvConstant::next
D: received message: 38177709b8244fd84abd566d472faf342e145ae49fad37351ec9386c2b8de8cfaf016a50947a79e0d9b997ca33c6b193cf93230783b07bb15207c17ed7fbe26a39e3dd5bfdf23057d6baaa6243c45f97a7e7dd7c04090b8316bd2ad19b633a01c7576213a0c8b2daa73e2d02c17ef4b8ae89d7bb395dd152e214c7f3926f342e95414edba84fcdc95358ea167a71440aa61ff3de7db2c3eb8f707e6f40b6a8c549c633cffee24e29f59b083de3904c2b7ab02eeaffff2de7e2472740649e6435
I: MonitorObliviousTransfer::next
I: GeneratePublicKey::next
D:  sending message (size 0.000384 MB)
I: MonitorObliviousTransfer::next
I: SendPublicKey::next
I: MonitorObliviousTransfer::next
I: RecvEncryptedMessages::next
I: MonitorObliviousTransfer::next
I: DecryptChosenMessage::next
I: MonitorObliviousTransfer::next
I: ChooserDone::next
I: MonitorObliviousTransfer::next
I: MonitorObliviousTransfer::next
I: InitChooser::next
I: MonitorObliviousTransfer::next
I: RecvConstant::next
D: received message: e90ad855ebd2a78d07a80baa9a9ad58d00b6faa687fb1621693633c26c5fb3e6c76af41d4ec66ecade9a531d1063ef28a81fdc01872dfe86e40c1345fa05a2f565390548f9521f471c4e4b1628b92e7cd32b6547354a1b98275f428adf09cea328a16b205a50e47961ce23db8572571f659c17e24c596084e4c45dcaaa6b53aa73f919093564803a9ad908a45c3c41d7eaed136ef4de58cf83642402d293c66c5b58ab9e07dbd96779d21b48ca14b127100eb2ca21547165db4ee358722cc42b
I: MonitorObliviousTransfer::next
I: GeneratePublicKey::next
D:  sending message (size 0.000384 MB)
I: MonitorObliviousTransfer::next
I: SendPublicKey::next
I: MonitorObliviousTransfer::next
I: RecvEncryptedMessages::next
I: MonitorObliviousTransfer::next
I: DecryptChosenMessage::next
I: MonitorObliviousTransfer::next
I: ChooserDone::next
I: MonitorObliviousTransfer::next
I: MonitorObliviousTransfer::next
I: InitChooser::next
I: MonitorObliviousTransfer::next
I: RecvConstant::next
D: received message: 6e3bc3375bb97db951ea10c57172356cf398ba0f2eb7191d633eb533458193b52e0539ddc5e8b3bbd0c099ed7bce169d48f8d67c4aa2a8db2ba356a9ddacfcf8edab0b57285fdb889d2ce559704ff35a3d3bf9c17f941f3f5151fdcef4eca874fd85eb4ec7bac6457084880f341d252d1c98934ffde0667c2ac00f2747668a2d76282864418ba7429134a869b88a52010c3eab0ae3ac907ea5f538e3c2cb4b11fa1da413d7a873e5a8d7631607bd3bb5169baadfc8f2f6d10623eaf335f50a1c
I: MonitorObliviousTransfer::next
I: GeneratePublicKey::next
D:  sending message (size 0.000384 MB)
I: MonitorObliviousTransfer::next
I: SendPublicKey::next
I: MonitorObliviousTransfer::next
I: RecvEncryptedMessages::next
I: MonitorObliviousTransfer::next
I: DecryptChosenMessage::next
I: MonitorObliviousTransfer::next
I: ChooserDone::next
I: MonitorObliviousTransfer::next
I: MonitorObliviousTransfer::next
I: InitChooser::next
I: MonitorObliviousTransfer::next
I: RecvConstant::next
D: received message: 116d7ec6ae8731727664d798d93a0709cc8d0872eb04beeec401ef8e19583aa3bc90ad8e50fb935dba5e67a7a6a6f0a2fc2bddbdd25b48d77899af63f030ed9e1d34ad58ec40f93efa129af5a126f21b6d434a5fe005a00ba1487a98c3ab3762b42beb7c021fb66756372947d7544e4ad62aca610e5e48240c4f3f4bc678ec2f7684c38a3a86d55390e0a5de4a61cdde149b5546eb23532b2c579d20e077d1a55c8794d656883494786d2f8225e6a696f3d813407f5323f8f6eb1b5867e11f52
I: MonitorObliviousTransfer::next
I: GeneratePublicKey::next
D:  sending message (size 0.000384 MB)
I: MonitorObliviousTransfer::next
I: SendPublicKey::next
I: MonitorObliviousTransfer::next
I: RecvEncryptedMessages::next
I: MonitorObliviousTransfer::next
I: DecryptChosenMessage::next
I: MonitorObliviousTransfer::next
I: ChooserDone::next
I: MonitorObliviousTransfer::next
I: MonitorObliviousTransfer::next
I: InitChooser::next
I: MonitorObliviousTransfer::next
I: RecvConstant::next
D: received message: 8eb27ad2dbd98bc3612fadcbe52a4363fd2d23625d99d94be189bfbb8acb5825a475ddecdc32ea5a55015dbaedd4f127acd381ab18131c0fee370036e8ded9fbb7877ae5b23497360b3d2a49c1c753bc915a2bbe41ceb8121e88d9181aed8b576ac828a4d952d1e7e3f0338d9e9f54664e762d3a88a67f345a05061d912ef1de3e4e5b972c9b579d629de355638e3a2a52d4276a86226c88843ed748b488f86df7ae849f92f3493c7bc7dd94f17be922e4b923392708744a27991077493f899b
I: MonitorObliviousTransfer::next
I: GeneratePublicKey::next
D:  sending message (size 0.000384 MB)
I: MonitorObliviousTransfer::next
I: SendPublicKey::next
I: MonitorObliviousTransfer::next
I: RecvEncryptedMessages::next
I: MonitorObliviousTransfer::next
I: DecryptChosenMessage::next
I: MonitorObliviousTransfer::next
I: ChooserDone::next
I: MonitorObliviousTransfer::next
I: MonitorObliviousTransfer::next
I: InitChooser::next
I: MonitorObliviousTransfer::next
I: RecvConstant::next
D: received message: ad2219a7ad69071ada685c38d9aadce516d7fd21fbcd1c463724af2ef196074e49ba2567f3a06ad393d883738fc4971b097be45820bd142cecbab43f1cd320772a233c3984fa6485fade2a67b8166c2bde2b24156b9497d1e030fb2aaf034c60f41f296624c5e0786ff9a2d86d1cd3441891a964a932230bc1d31ad59c90d8168242d574a065d7ad4fe14488171819ec87fcd388ac627245835c2b1b96b2cb53e55be0a856aff807081b1451a11226351e0d5a61c1bde5d439c7416d1a2c44db
I: MonitorObliviousTransfer::next
I: GeneratePublicKey::next
D:  sending message (size 0.000384 MB)
I: MonitorObliviousTransfer::next
I: SendPublicKey::next
I: MonitorObliviousTransfer::next
I: RecvEncryptedMessages::next
I: MonitorObliviousTransfer::next
I: DecryptChosenMessage::next
I: MonitorObliviousTransfer::next
I: ChooserDone::next
I: MonitorObliviousTransfer::next
I: MonitorObliviousTransfer::next
I: InitChooser::next
I: MonitorObliviousTransfer::next
I: RecvConstant::next
D: received message: ebaf5ee9cb8b4e4dbdfc5abf5358b99407c300b41326472a10239f74bcd4205bf9848e19c162dcb8560341764c6a1fb0f65c4c5099b63e6581f677546fce2818c63f8bc97559955815783241a230cffc1caec098dbe01d6ead508fb100fd4a2a1df73054408d908e53702041f7a517d5e719f2c889f1114267507146f832ebae9b1fe17b02417ed2e9655d030fb9d373902013714087c35e9b91ceeb43edbfa3b520d4dc5c424d9eb5082d57547696ac0e2c7d4e0cf444cff42dd527ef9a6d0e
I: MonitorObliviousTransfer::next
I: GeneratePublicKey::next
D:  sending message (size 0.000384 MB)
I: MonitorObliviousTransfer::next
I: SendPublicKey::next
I: MonitorObliviousTransfer::next
I: RecvEncryptedMessages::next
I: MonitorObliviousTransfer::next
I: DecryptChosenMessage::next
I: MonitorObliviousTransfer::next
I: ChooserDone::next
I: MonitorObliviousTransfer::next
I: MonitorObliviousTransfer::next
I: InitChooser::next
I: MonitorObliviousTransfer::next
I: RecvConstant::next
D: received message: 6f75df282dcda3451dc7235bd099327a4b6e8037291c4773b4c5ebaa1c31327aa31a242a413119025e620aff44434327315c5aa10f66a9fde059c6b2b895a9c753168318e549361d83e4f0d24db44d08281ed739e2f3192e27674087f6dc90b85dfcdee7b87977942e5e132ed6165c327da3fde0e1179e7cd8aba70f0116ff360383d83a84ccbb67133f79346a13e227c28857172fb6f0fc581405fb0b1688a2d9244a4f9b3ca4ebaf0a0b67aa923b4f3af3977a8b3372eaffdc49e767925192
I: MonitorObliviousTransfer::next
I: GeneratePublicKey::next
D:  sending message (size 0.000384 MB)
I: MonitorObliviousTransfer::next
I: SendPublicKey::next
I: MonitorObliviousTransfer::next
I: RecvEncryptedMessages::next
I: MonitorObliviousTransfer::next
I: DecryptChosenMessage::next
I: MonitorObliviousTransfer::next
I: ChooserDone::next
I: MonitorObliviousTransfer::next
I: MonitorObliviousTransfer::next
I: InitChooser::next
I: MonitorObliviousTransfer::next
I: RecvConstant::next
D: received message: af8139b6f2a0541e49b05dac85a8ccb90783f521d102835e40bce881758d5987eae7e062c1f06266289305e92618c229c25d6e8ec382df3119370c45c9d809fa9ead0b91b8856c0831efb93067da557c504ee13e90dedf6e7d79dfaf0a2736e4018ec5ff0a3253d35d10611481b0759238d1e47c94a7435fd8cc5f900d9577ca9cb28e7ab040a00b05ee9ac4e40d1caa675c77e0e0854fc8c84ba32b6556432f44f4e9270417319b5952494c922fcbd41f7e179200e6d78f31c67568b6939dac
I: MonitorObliviousTransfer::next
I: GeneratePublicKey::next
D:  sending message (size 0.000384 MB)
I: MonitorObliviousTransfer::next
I: SendPublicKey::next
I: MonitorObliviousTransfer::next
I: RecvEncryptedMessages::next
I: MonitorObliviousTransfer::next
I: DecryptChosenMessage::next
I: MonitorObliviousTransfer::next
I: ChooserDone::next
I: MonitorObliviousTransfer::next
I: MonitorObliviousTransfer::next
I: InitChooser::next
I: MonitorObliviousTransfer::next
I: RecvConstant::next
D: received message: b43f56404b293493716398909bdf3a121e206916eb7879203fa4fb4b95a296a206fbfa0125bef71aae7cee0313ce88e18dfd3b8853c82fde1dd6843c55078d7daf9256c4eff631921d9abcbfa6d8874f0476f56f90022e6cff48df0cb570c378ca73e6bbf8e971e6e99de431a941fea5316bff9a4dcda717263b838da34955b699eb9f9f7bb52d9b132454a6c51d5e4ad06e939088942b127132876d09de7d275dfb7bc1ae60489d410419b562567a16eb3ca841597d4161c59d7082346f4dd
I: MonitorObliviousTransfer::next
I: GeneratePublicKey::next
D:  sending message (size 0.000384 MB)
I: MonitorObliviousTransfer::next
I: SendPublicKey::next
I: MonitorObliviousTransfer::next
I: RecvEncryptedMessages::next
I: MonitorObliviousTransfer::next
I: DecryptChosenMessage::next
I: MonitorObliviousTransfer::next
I: ChooserDone::next
I: MonitorObliviousTransfer::next
I: MonitorObliviousTransfer::next
I: InitChooser::next
I: MonitorObliviousTransfer::next
I: RecvConstant::next
D: received message: 24531669b8b2ccbe1937514128104c1ff83744565fe53ebd62d9398bd886eeee442ad19d2da9378493e9be19d43cf00b6539855bd127e1baa2ecaac1ec826e7dc8b04865229590aa57b151cdbb8d4f641b6a83b920adc003368bde9a043122c573dbdea76718e89b07fb29c92439ccd44e005965d7f2391dc52e49050d44dbe3e78f6e823c9c24658a4c29f690802e1371d1808c01ed7fb3b8ba0d5a41d6bc8eb8764827b92b5a477ac2e71e63344e42587630600f1168e4d35eb0105fc19dfb
I: MonitorObliviousTransfer::next
I: GeneratePublicKey::next
D:  sending message (size 0.000384 MB)
I: MonitorObliviousTransfer::next
I: SendPublicKey::next
I: MonitorObliviousTransfer::next
I: RecvEncryptedMessages::next
I: MonitorObliviousTransfer::next
I: DecryptChosenMessage::next
I: MonitorObliviousTransfer::next
I: ChooserDone::next
I: MonitorObliviousTransfer::next
I: MonitorObliviousTransfer::next
I: InitChooser::next
I: MonitorObliviousTransfer::next
I: RecvConstant::next
D: received message: 31483c2be1a8e8c4768c943654e4662df3f3eca283ad3c310441b8be5d0de9d4d7da9dfebcfaeb579b51e004e00d37e29b242bf4ad0f3bed07bc16c078309beed9f6a196c1024754ba9086187667c756ad4a59ed7771b4df31b6a76be39bd33c49ba5796c8bb3b36c8c5d3cb9500981c2c2a6ec2f8761b50ea2ffe5f1aa3d86d13a4d24f4e08326b2afdb477b1be483254df58703be3c362abe0b15bb771d4ced5e9f13c48c86cbd955cdd6a8277b70c1184273b47609af306dcbc8457250d35
I: MonitorObliviousTransfer::next
I: GeneratePublicKey::next
D:  sending message (size 0.000384 MB)
I: MonitorObliviousTransfer::next
I: SendPublicKey::next
I: MonitorObliviousTransfer::next
I: RecvEncryptedMessages::next
I: MonitorObliviousTransfer::next
I: DecryptChosenMessage::next
I: MonitorObliviousTransfer::next
I: ChooserDone::next
I: MonitorObliviousTransfer::next
I: MonitorObliviousTransfer::next
I: InitChooser::next
I: MonitorObliviousTransfer::next
I: RecvConstant::next
D: received message: 9fe1349ffd9928be51c4fe2525a33574d3a024fc26f0bc7ec9ce555c767790d9c0837485a11fd7d401f5dc995747d7bf3d81792642feb2d6614d8a640b40d118c06c06ee776f27a235b93608d31ac1c93db354a07265d6429942925596c714400e0661567142a1f271f18d33fcdce7b857c2ca17344994d378621fe818d86069c8f0bbf07391c147ed61f8ff684b8e422fe06434ec347c3ad86d91198ffb46e5ca85710775a7fa4412e5e94de1cc847ff2a184f1668990093c80033f4b54087
I: MonitorObliviousTransfer::next
I: GeneratePublicKey::next
D:  sending message (size 0.000384 MB)
I: MonitorObliviousTransfer::next
I: SendPublicKey::next
I: MonitorObliviousTransfer::next
I: RecvEncryptedMessages::next
I: MonitorObliviousTransfer::next
I: DecryptChosenMessage::next
I: MonitorObliviousTransfer::next
I: ChooserDone::next
I: MonitorObliviousTransfer::next
I: MonitorObliviousTransfer::next
I: InitChooser::next
I: MonitorObliviousTransfer::next
I: RecvConstant::next
D: received message: d19b2822dd94939cc4b0212012690b2a0b59c45b161dcd623e5570fcd5dc9ee58a2f244f0eae52bc13b3b2605307dfd9b6433428cf7d7d2d21904072a4cd5828388971f063a80ff62dff21b7aefc755af92cacfba49d5c30e0f3fe6fbe9f8b613fea794f1ca1e80273b730f947bb1f245750f16e48454d4e31137754bbcb4948fb6d44d1aef1b2a5107e5605a97862d2d1b3e0439cc39146be7c62c3b24e400e8055113a21d9c01724613fc3159eeb286e564f03c855d30cddb46c059a179b1d
I: MonitorObliviousTransfer::next
I: GeneratePublicKey::next
D:  sending message (size 0.000384 MB)
I: MonitorObliviousTransfer::next
I: SendPublicKey::next
I: MonitorObliviousTransfer::next
I: RecvEncryptedMessages::next
I: MonitorObliviousTransfer::next
I: DecryptChosenMessage::next
I: MonitorObliviousTransfer::next
I: ChooserDone::next
I: MonitorObliviousTransfer::next
I: MonitorObliviousTransfer::next
I: InitChooser::next
I: MonitorObliviousTransfer::next
I: RecvConstant::next
D: received message: ebae3b8ce110c4bb4b8c505150f663f3f5f44bb3769393044b665cec97906c5c1d55e064f30a85926ea51de0b6dfa05005d40cccaee4aa00a615c4f73da46337d01051c31e12c4c006d42ab145546cfa63dda8ecb12b8312ee270e85f5dbe8d2871d6258616987d336beb84e78ef439aa9f4805c73ba6a39d9e5e9918e127b6128a35b8df985295239b504356cac6308c3249f0c6490baa6c7f28a433fd1ea7fcc9ab2fbb0e60cda700a1db8d376b8af35cad1d98d55f85ceb83c8bbad887f4a
I: MonitorObliviousTransfer::next
I: GeneratePublicKey::next
D:  sending message (size 0.000383 MB)
I: MonitorObliviousTransfer::next
I: SendPublicKey::next
I: MonitorObliviousTransfer::next
I: RecvEncryptedMessages::next
I: MonitorObliviousTransfer::next
I: DecryptChosenMessage::next
I: MonitorObliviousTransfer::next
I: ChooserDone::next
I: MonitorObliviousTransfer::next
I: MonitorObliviousTransfer::next
I: InitChooser::next
I: MonitorObliviousTransfer::next
I: RecvConstant::next
D: received message: 9ea994d42b2c3dcfd5daaa67ae7b19af0619c8e4d4daae55aa277a278167e395b1a64e70965afac69ac888a174564ac960a88153ce5957b4d188bd57878c0f6f48eb19ee0bfb560c3b195812c6d4e6611ce068274c6e9dad9c69dc5aacaec581ab003649f28a5e83b25d10751d0bd251c69d454f9a9dcef813564267e54dbcb949dabfb28e3afddb41f0253b575004dc8bd420d6fe3aafef1508ab137a3b9276fb26afdfbb5cb06eaa1d4ac4617d7958edb3ba39d6d7b75a4725462c24f99b9f
I: MonitorObliviousTransfer::next
I: GeneratePublicKey::next
D:  sending message (size 0.000384 MB)
I: MonitorObliviousTransfer::next
I: SendPublicKey::next
I: MonitorObliviousTransfer::next
I: RecvEncryptedMessages::next
I: MonitorObliviousTransfer::next
I: DecryptChosenMessage::next
I: MonitorObliviousTransfer::next
I: ChooserDone::next
I: MonitorObliviousTransfer::next
I: MonitorObliviousTransfer::next
I: InitChooser::next
I: MonitorObliviousTransfer::next
I: RecvConstant::next
D: received message: b97de04ff7a914b56552830cafc072d8a14fb678a42eaf5d9c09a0cf73fa25c113f5f801b14c95da4909d790e991ecd6892107004d71cfff40f7d34c6112a29dc51bf5a3b8e60ae3c9221c7f7ca30bd783aedafe2e6bac66aa40171390bdc461a7328f52c20aa02fa635115949d8c9206f92288cac0dceae31ba1a4ea5adff17d196358d755555ca7fbea702755a6272f35bf98aadd02b2e279cec3ec881d7c1b7ede0e7ba5f71085c9ad4fd93b4314fc1bbf649547cac4d03ceb823e1ab3765
I: MonitorObliviousTransfer::next
I: GeneratePublicKey::next
D:  sending message (size 0.000384 MB)
I: MonitorObliviousTransfer::next
I: SendPublicKey::next
I: MonitorObliviousTransfer::next
I: RecvEncryptedMessages::next
I: MonitorObliviousTransfer::next
I: DecryptChosenMessage::next
I: MonitorObliviousTransfer::next
I: ChooserDone::next
I: MonitorObliviousTransfer::next
I: MonitorObliviousTransfer::next
I: InitChooser::next
I: MonitorObliviousTransfer::next
I: RecvConstant::next
D: received message: ed096dab0770c9482b726547bb8673d3841094a6881d953e0a8d6bf9242c7af48e49848c9f8157f02e3cf9138264d0fb30aadf5a1259c2a727df0cb62ca8ae3707bd9da189e64f506f946a39eef8fa0fa4f5064e178f60d1b5630d0dc2c4479898bc627bb326030cec61f513232a62d7ad1545b781d7b0b4d9141d96ce7f4ccc6cb5c036a76029f8d63dfa6040c7dc9971ab64ebb1633a354c4179cd94b9fee168dcfa33f045995cd8de1ed87a283db5bdd3bf7d229a016284db868b2ab3c8eb
I: MonitorObliviousTransfer::next
I: GeneratePublicKey::next
D:  sending message (size 0.000384 MB)
I: MonitorObliviousTransfer::next
I: SendPublicKey::next
I: MonitorObliviousTransfer::next
I: RecvEncryptedMessages::next
I: MonitorObliviousTransfer::next
I: DecryptChosenMessage::next
I: MonitorObliviousTransfer::next
I: ChooserDone::next
I: MonitorObliviousTransfer::next
I: MonitorObliviousTransfer::next
I: InitChooser::next
I: MonitorObliviousTransfer::next
I: RecvConstant::next
D: received message: 855a5eeb7e860617a50680690e53b6c9300c1e088945e88ce25922a5abb6c082a153c5146157a189b99b10546ce7b09410cb1ea66fdfa6df6b29561c1a1d763de90264180b8b4acd7d35fa4b17b2cb36810baa7753a925a042fff4b8c5ad74370fca0d617f82db7ca2ce4d4a843299dcfbddae674bd885ba4cd970b32580de82366cb46cfbbd5afbb86968b3f7979fc049eea4e3fc46387e5c359cd1f5e164e7a8263a6501f48bc72508e33436bfc8ed3a8895f4b37af72628b10809c2d70905
I: MonitorObliviousTransfer::next
I: GeneratePublicKey::next
D:  sending message (size 0.000384 MB)
I: MonitorObliviousTransfer::next
I: SendPublicKey::next
I: MonitorObliviousTransfer::next
I: RecvEncryptedMessages::next
I: MonitorObliviousTransfer::next
I: DecryptChosenMessage::next
I: MonitorObliviousTransfer::next
I: ChooserDone::next
I: MonitorObliviousTransfer::next
I: MonitorObliviousTransfer::next
I: InitChooser::next
I: MonitorObliviousTransfer::next
I: RecvConstant::next
D: received message: a919341cf840c03ee5e5cdb6daf06111eab5b5fab784f8213bea448e051a51350f54218f2380ba51bd9738d08d99b8ebe9b606f63d009fc352da6f5cfb593551e0b77467e9bd5497a70d1721fe5f43bd75129736671a2c24cd251a9db07aa6e783f465c6bb2f518a2eb2ff45fddf236dfc0243e9004e2832d89495c2eb40c2350a8f2f35b8fb8120b286c46cc25f3239ed72f863dac79b142340a78df5c10eeada49dcdc1cdf09fbf24b2a93baf2dde968f59cc0fc566bfd7a2298fa2482f1c3
I: MonitorObliviousTransfer::next
I: GeneratePublicKey::next
D:  sending message (size 0.000384 MB)
I: MonitorObliviousTransfer::next
I: SendPublicKey::next
I: MonitorObliviousTransfer::next
I: RecvEncryptedMessages::next
I: MonitorObliviousTransfer::next
I: DecryptChosenMessage::next
I: MonitorObliviousTransfer::next
I: ChooserDone::next
I: MonitorObliviousTransfer::next
I: MonitorObliviousTransfer::next
I: InitChooser::next
I: MonitorObliviousTransfer::next
I: RecvConstant::next
D: received message: 5f10cd92af8f0609b7f4025a03a2c9a98379ba00b16544bcc2d79bcdd075d90e992d49ded8c5f575c103e31d9020d052e996e1c074c635269160666b0ca1e28aa822b676f76a50c27b5aff4ff8678ff0d72604c8a8efa642a68b13b34cba13b50bca8696986a7862328313d68bd6bc5b8eb7aa75bddb5f17fefa53d2ae516da510eb5a81fa4dec3d804c40e8156245dd51e5ecb35d3079b9a0b794d9fa9aa78e99540f2bfeec0fafee39fbcad2e9653e666cd6cf4d2a9500e14f0837000d8e2a
I: MonitorObliviousTransfer::next
I: GeneratePublicKey::next
D:  sending message (size 0.000384 MB)
I: MonitorObliviousTransfer::next
I: SendPublicKey::next
I: MonitorObliviousTransfer::next
I: RecvEncryptedMessages::next
I: MonitorObliviousTransfer::next
I: DecryptChosenMessage::next
I: MonitorObliviousTransfer::next
I: ChooserDone::next
I: MonitorObliviousTransfer::next
I: MonitorObliviousTransfer::next
I: InitChooser::next
I: MonitorObliviousTransfer::next
I: RecvConstant::next
D: received message: 7abe3c4d845a32e6daecdb80d5142b3edcbf7477268e9245668318ad97be2526781fd809c0d77d49364869ec94d73a0dd1d149da5397fa1d5bbdc8f3dfa43fa0f4bb2a5109b92f5876e6ea2ccecc2421bf0c77d92a1ca54da6e9ab01ecc2da84e7bb29f7974971f9668c80028af45ff525fcebb241ee5dc4a81649e058ca59e653524e15aa6c5f837cc41e7a001017c607d1c211e93ae2f15ffe2073c1a814e21cca21afc30c52376699a3ccad560519497d25573d3ed94a1323ca067617de86
I: MonitorObliviousTransfer::next
I: GeneratePublicKey::next
D:  sending message (size 0.000384 MB)
I: MonitorObliviousTransfer::next
I: SendPublicKey::next
I: MonitorObliviousTransfer::next
I: RecvEncryptedMessages::next
I: MonitorObliviousTransfer::next
I: DecryptChosenMessage::next
I: MonitorObliviousTransfer::next
I: ChooserDone::next
I: MonitorObliviousTransfer::next
I: MonitorObliviousTransfer::next
I: InitChooser::next
I: MonitorObliviousTransfer::next
I: RecvConstant::next
D: received message: 76c0cff7391c607a8fa8108f52a917cb7fef175bb68e03759f9b5efd388c7bdd79d38ce119bc644cd2e0c8d7c908fc0b296d2ad0a18185ccad163c513bbce0f880ca76d3b6ac309c71bd2bc706b18d2f7ac2b02f56490f71fd2ab2113eab3f48a19581a1d23777d70541e8d9fead92df7442f0c56f0048c1e2a2204561fc49195c752e82f348d5f9f300bd15012e383c4aa5c0d26e8152c7cbdc97c3cdf0d9247124426345d9decf88c828d11ca2f12a70f3013b009497992d7ff5eccf728409
I: MonitorObliviousTransfer::next
I: GeneratePublicKey::next
D:  sending message (size 0.000384 MB)
I: MonitorObliviousTransfer::next
I: SendPublicKey::next
I: MonitorObliviousTransfer::next
I: RecvEncryptedMessages::next
I: MonitorObliviousTransfer::next
I: DecryptChosenMessage::next
I: MonitorObliviousTransfer::next
I: ChooserDone::next
I: MonitorObliviousTransfer::next
I: MonitorObliviousTransfer::next
I: InitChooser::next
I: MonitorObliviousTransfer::next
I: RecvConstant::next
D: received message: a441afad6ad8f3bf68bde22016b2c4a8120021ea99458c7fe2c59c4c7f61cdb47718e5a2ed2cdc9597ba965c54202cb73edf13b6d96de46ebecb518c9e9897536bf05f3a3af146c604cc69e0b9508ab600a291a1defc89bc8dfb8d2dcfa0653fddcb51f43d97099ceecd9f71af24dcc1d49404d039f13ff52670354fedae0afae804bde1717f08ef33480aafc3494e2d973dd9e8a4a03260fe34cc3a2d996878d678d4d8368a589e769cc824f351d251a2265f789ad6a8a69169e6b35ef7ed69
I: MonitorObliviousTransfer::next
I: GeneratePublicKey::next
D:  sending message (size 0.000384 MB)
I: MonitorObliviousTransfer::next
I: SendPublicKey::next
I: MonitorObliviousTransfer::next
I: RecvEncryptedMessages::next
I: MonitorObliviousTransfer::next
I: DecryptChosenMessage::next
I: MonitorObliviousTransfer::next
I: ChooserDone::next
I: MonitorObliviousTransfer::next
I: MonitorObliviousTransfer::next
I: InitChooser::next
I: MonitorObliviousTransfer::next
I: RecvConstant::next
D: received message: 712375dcc975317243344eaad1e183bc3b19e83b5e42aee197970ff957211fb9681c45ca570ff162a2ca71a4da7d812d124600548817de00b72f33be152fa756da3b658664becfe9d97062afdaf8fc2ed6718e253e008e06b98fa17b58a476994d31ebdda5f34f4f96f4c6205151c232bc1ca7a46935bfcf4d969ec8b162204d57fb1e6bbfdc9497c5ec3763c21e22671cfe83c89e41f100426ecb01bda6dabd09ad825df879b6257b4bdf7f383f2f6d7a0dc3d60a7ed3b95df2bd2dc99f7084
I: MonitorObliviousTransfer::next
I: GeneratePublicKey::next
D:  sending message (size 0.000384 MB)
I: MonitorObliviousTransfer::next
I: SendPublicKey::next
I: MonitorObliviousTransfer::next
I: RecvEncryptedMessages::next
I: MonitorObliviousTransfer::next
I: DecryptChosenMessage::next
I: MonitorObliviousTransfer::next
I: ChooserDone::next
I: MonitorObliviousTransfer::next
I: MonitorObliviousTransfer::next
I: InitChooser::next
I: MonitorObliviousTransfer::next
I: RecvConstant::next
D: received message: f73179aadaff7e5f6b5c1f6cde0a651f6b0a86714f4305682f93822ca38cdaab1a09bfde5f30b170b91749e3ed7a81942b0446083da9f7f5c1f771547b4ed8ce51b701114d92e175ebb26b9b10b066413b8438e9c19864de40756aea322668f465156eced7e7dfb1fe5cbd52569a63bad0d51ac8b0dda5db45b5d0c5d34a7a43f48283636aa1bf4c4b8964f4b71d28985b17afad697dbfe3c0b6b8955110596c5c0b9bec76c04fb8e8421e7330be89aa629f8ee1061973ad9d520e5200f79dec
I: MonitorObliviousTransfer::next
I: GeneratePublicKey::next
D:  sending message (size 0.000384 MB)
I: MonitorObliviousTransfer::next
I: SendPublicKey::next
I: MonitorObliviousTransfer::next
I: RecvEncryptedMessages::next
I: MonitorObliviousTransfer::next
I: DecryptChosenMessage::next
I: MonitorObliviousTransfer::next
I: ChooserDone::next
I: MonitorObliviousTransfer::next
I: MonitorObliviousTransfer::next
I: InitChooser::next
I: MonitorObliviousTransfer::next
I: RecvConstant::next
D: received message: 85ff0c49b73e527c81bb460736eb261d59c13f1cd87c4ce1f5dc456da8a723c53b69f7593245da48617bf47a4d6c0394e3262406ca9ede06f6611165e74cc63ad7abc8102756645dbe4a3848ea39e82e7c4abd7c77b27da4592faea64dc611a09b935bd658e6c851092311f4dd417e6b8c3d0728d56b0edbc1863bf071d8af4459f3abb5105b9af987e84f3367938d1c07f8c97b85e853c6f1946afa10cc2450b26728b5f373ae37b9d8df4881904e6d32edd2fabd2e72f60592635d93d88533
I: MonitorObliviousTransfer::next
I: GeneratePublicKey::next
D:  sending message (size 0.000384 MB)
I: MonitorObliviousTransfer::next
I: SendPublicKey::next
I: MonitorObliviousTransfer::next
I: RecvEncryptedMessages::next
I: MonitorObliviousTransfer::next
I: DecryptChosenMessage::next
I: MonitorObliviousTransfer::next
I: ChooserDone::next
I: MonitorObliviousTransfer::next
I: MonitorObliviousTransfer::next
I: InitChooser::next
I: MonitorObliviousTransfer::next
I: RecvConstant::next
D: received message: 9990b599f50496fd20cb78e9a88123e99d8148caf73bbcff86b5728ac40dd22c24d4990052bdedbc9ab98d6cc68c36df47e85d437f6d5e351a8867023ff05af8368532c2321f386437f170a39b7f0dddfadfca044fe4f949db9d3dc6d693226f92ca6337b544ccc1a20416653d65b568cc89dafabe56c01de4598db32ee22ece88b1a9525683af2ac8dfc3c6f1c247068da7e3f910dbc2dc56f7ce4b541d04894645be6afd6cccf26242a38219e41bd2aeba2d1bcd92080fd6ec9292e07c7ff9
I: MonitorObliviousTransfer::next
I: GeneratePublicKey::next
D:  sending message (size 0.000384 MB)
I: MonitorObliviousTransfer::next
I: SendPublicKey::next
I: MonitorObliviousTransfer::next
I: RecvEncryptedMessages::next
I: MonitorObliviousTransfer::next
I: DecryptChosenMessage::next
I: MonitorObliviousTransfer::next
I: ChooserDone::next
I: MonitorObliviousTransfer::next
I: MonitorObliviousTransfer::next
I: EvaluateCircuit::next
D:   evaluating gate 10000
D:   evaluating gate 20000
D:  sending message (size 0.000001 MB)
I: SendOutputBit::next
I: ==== round duration: 39053.593750 ms ====
I: CopyMonitorStateLabels::next
I: RecvGarbledGates::next
I: RecvSystemInputLabels::next
I: RecvFlagBitLabels::next
I: EvaluateCircuit::next
D:   evaluating gate 10000
D:   evaluating gate 20000
D:  sending message (size 0.000001 MB)
I: SendOutputBit::next
I: ==== round duration: 38272.722656 ms ====
I: FaultObserved::next
I: MonitorDone::next
