I: parsing spec file timekeeper+.v...
skipping synthesis, BLIF file already exists.
I: parsing BLIF file synth.blif...
D: inputs and outputs parsed.
D: circuit initialized.
D: connections (#2018) parsed.
D: gates (#20547) parsed.
D: outputs: 33607 33610 33613 33616 33619 33622 33625 33628 33631 33634 33637 33640 33643 33646 33649 33652 33655 33658 33661 33664 33667 33670 33673 33676 33679 33682 33685 33688 33691 33694 33697 33703 33605 
D: circuit size: 33704
D: adding identity gates for outputs...
D: outputs after identity: 33737 33738 33739 33740 33741 33742 33743 33744 33745 33746 33747 33748 33749 33750 33751 33752 33753 33754 33755 33756 33757 33758 33759 33760 33761 33762 33763 33764 33765 33766 33767 33768 33769 
D: circuit size after identity: 33770
I: initializing safe primes...
I: using prime modulus 2410312426921032588552076022197566074856950548502459942654116941958108831682612228890093858261341614673227141477904012196503648957050582631942730706805009223062734745341073406696246014589361659774041027169249453200378729434170325843778659198143763193776859869524088940195577346119843545301547043747207749969763750084308926339295559968882457872412993810129130294592999947926365264059284647209730384947211681434464714438488520940127459844288859336526896320919633919
D:  sending message (size 0.000005 MB)
I: InitMonitor::next
I: GenerateDriverLabels::next
D:   driver labels generated in 47101.476562 ms
I: GenerateInWireKeys::next
D:   in-wire keys generated in 10638.211914 ms
D: SendLabels::message
D:   generating in-wire labels for 20618 gates
D:   10000 gates processed
D:   20000 gates processed
D:   in-wire labels generated in 36052.554688 ms
D:  gateCount: 20618
D:  sending message (size 28.871874 MB)
I: SendLabels::next
I: RecvGarbledGates::next
I: RecvSystemInputLabels::next
I: RecvFlagBitLabels::next
I: MonitorObliviousTransfer::next
I: InitChooser::next
I: MonitorObliviousTransfer::next
I: RecvConstant::next
D: received message: 8cb65d806ba4f8fcfcea794a22aab587c4e1d1a9bbdee2042e8e5a281cf918c1235e08bdff8b94a08fcbda59866c29d42da531965ed41b11fe8e531e0818caeb6e90636af0cc7b8d9c88c8f8d8889c4d49d1ff8aee74eb4e3455f94535a0dbfeb5c871a5955bca577d5423c916843106ba2234b7643957e94a08c702ca896701df939b88dd69a50805ba2bdfa2d180e25283607460ce2863ed6dbbfbc7550bdc9fc0505747021c5883feae27cd2153bc93e2d1fba0395de4deae81996faab714
I: MonitorObliviousTransfer::next
I: GeneratePublicKey::next
D:  sending message (size 0.000384 MB)
I: MonitorObliviousTransfer::next
I: SendPublicKey::next
I: MonitorObliviousTransfer::next
I: RecvEncryptedMessages::next
I: MonitorObliviousTransfer::next
I: DecryptChosenMessage::next
I: MonitorObliviousTransfer::next
I: ChooserDone::next
I: MonitorObliviousTransfer::next
I: MonitorObliviousTransfer::next
I: InitChooser::next
I: MonitorObliviousTransfer::next
I: RecvConstant::next
D: received message: 6d8a21f2a2be3a6bc21cd1576248ac97e6eeb1d980ef6281b47f96b3d05b8bf4fa5c1ab236aa51f2dfe50d01a3d188f2aa81a2e410348900534f8b6110cff572bb0a9cdd7e77f64802aa45b17df1744943f3138a5b175f655a6da90e818e42767d9b2b011485b835f4de0f403fd44eaeef1d7d5453738381069f773a9bf2d66509c0cc3134f5a8a371d8a946af38a7ab2e0c3d431016746e21cb7a7950ab5af76faa69da67c1879fb18ed06c9e4adb1b7c7954aa4a0228f57cebaad34b4c69c2
I: MonitorObliviousTransfer::next
I: GeneratePublicKey::next
D:  sending message (size 0.000384 MB)
I: MonitorObliviousTransfer::next
I: SendPublicKey::next
I: MonitorObliviousTransfer::next
I: RecvEncryptedMessages::next
I: MonitorObliviousTransfer::next
I: DecryptChosenMessage::next
I: MonitorObliviousTransfer::next
I: ChooserDone::next
I: MonitorObliviousTransfer::next
I: MonitorObliviousTransfer::next
I: InitChooser::next
I: MonitorObliviousTransfer::next
I: RecvConstant::next
D: received message: 93ea303a2b3f374828a2dbe4824f2afc2a36738b19437088f2b54ee3cdac344f56049f0be2b11ac1798da2d765d5bf955abf5ae64ceafd9a64faf8838321ad4064cdab24f53a5355bd2e82e8d0126cad368852f615906ebd53c3c511b76465c3aa8230494010174831f420534d09797bf0ce854db8b1e30f6f82bfbd12bad7fed46fc63ceca86d04b18a43e170cdf92dd8a351c0c466967c00d680c0e17c10ed4581c480270bc45fbcabd670894c81aba4dc70c86e58f7a11afe8b8781c47c1a
I: MonitorObliviousTransfer::next
I: GeneratePublicKey::next
D:  sending message (size 0.000384 MB)
I: MonitorObliviousTransfer::next
I: SendPublicKey::next
I: MonitorObliviousTransfer::next
I: RecvEncryptedMessages::next
I: MonitorObliviousTransfer::next
I: DecryptChosenMessage::next
I: MonitorObliviousTransfer::next
I: ChooserDone::next
I: MonitorObliviousTransfer::next
I: MonitorObliviousTransfer::next
I: InitChooser::next
I: MonitorObliviousTransfer::next
I: RecvConstant::next
D: received message: 6ec0e20fee04899856c196929fbb1a366680084408ccd10524e0da2a36cd275cc204094a0cbe9a5accc2274542ec5f87828155bfe8bf449728fc5467fcf173c32180deec86b945c09e77e6259a987a96c6d284d0f2fad957f2a732e5d0a0d541e102f68223a911f54b42587af35560b2982815716f9b0a4fe315c7ccc613721592dca2252acd47b205dbe9490253e3e3c7ad87d5d8947321a56f041755691c2acdc8f1bc0594860c5343166e1e980fdb0677bac64f047ea733d55dffec912b51
I: MonitorObliviousTransfer::next
I: GeneratePublicKey::next
D:  sending message (size 0.000384 MB)
I: MonitorObliviousTransfer::next
I: SendPublicKey::next
I: MonitorObliviousTransfer::next
I: RecvEncryptedMessages::next
I: MonitorObliviousTransfer::next
I: DecryptChosenMessage::next
I: MonitorObliviousTransfer::next
I: ChooserDone::next
I: MonitorObliviousTransfer::next
I: MonitorObliviousTransfer::next
I: InitChooser::next
I: MonitorObliviousTransfer::next
I: RecvConstant::next
D: received message: d8aa2599f72377d1f200313d558385a32ca2af2756ecd902425c2357b34dd932435717928dffc6de6b0762c5ae495ae7603918a346511fba6634aeabd5dcfb0f77f6beddab91bf02d42cfd41db6723c57e54bb6fca626eccbf8490226af19b8e932c5ff7b0383f4857a9301cd76163d43676942a40e9de2c410dee87591e160aeaf2ed56a847310923b0ccba05d37ded751f2d46c4247bce119174f01a3bbe1b11e549604a72e98c6f4ad583e703ff762c25af6724ecbfe85c8278bb48b9d61a
I: MonitorObliviousTransfer::next
I: GeneratePublicKey::next
D:  sending message (size 0.000384 MB)
I: MonitorObliviousTransfer::next
I: SendPublicKey::next
I: MonitorObliviousTransfer::next
I: RecvEncryptedMessages::next
I: MonitorObliviousTransfer::next
I: DecryptChosenMessage::next
I: MonitorObliviousTransfer::next
I: ChooserDone::next
I: MonitorObliviousTransfer::next
I: MonitorObliviousTransfer::next
I: InitChooser::next
I: MonitorObliviousTransfer::next
I: RecvConstant::next
D: received message: 1871a1f06ac1933e9c98791b025145e3ca11b26e2d7bfe379007dddde7b4352efaf0ca6558069b284c61a794d0040024c147378573f89cc46ac8279549ba81e4591c13b3ad92d14207bc50abef90d4ec9cfff3fb3266b19e21753108ed452af2baa759c1b581e56f1bdcd9804e5210aea775cb61f2103cdc250a3bda9f6027e91ae1640cdd19a91a6e097e02d3d9f32319f6b7603af68e0eecc3dde6d17645f49d7ccaaabdfd10492011e68fc201e850c18f3ee90600c97551087b3fba09bb29
I: MonitorObliviousTransfer::next
I: GeneratePublicKey::next
D:  sending message (size 0.000384 MB)
I: MonitorObliviousTransfer::next
I: SendPublicKey::next
I: MonitorObliviousTransfer::next
I: RecvEncryptedMessages::next
I: MonitorObliviousTransfer::next
I: DecryptChosenMessage::next
I: MonitorObliviousTransfer::next
I: ChooserDone::next
I: MonitorObliviousTransfer::next
I: MonitorObliviousTransfer::next
I: InitChooser::next
I: MonitorObliviousTransfer::next
I: RecvConstant::next
D: received message: 30898c4ae4def1cad610d9d1a298930d1c9b989d4a941c719ef2fe1d11a50c5d83f1c321087d90bf280ad4ead161bf542bf135a594ee86d159872a060a0bebfb908b763f1561be9a880912f56586eafbe3adb305e7e846cf63349d124df416a98e15374e36994baafe0b74a9ed4011ef2bf720b57660bd5071d396797003d5bfefb6b9241429865bb8e93d1c78eec25874947cbacc5f5357533e50a25afc4b53897171b2bb9fcdd14bcb5b0ee35875f14d1e7c0323c99d3752a61b433a421efb
I: MonitorObliviousTransfer::next
I: GeneratePublicKey::next
D:  sending message (size 0.000384 MB)
I: MonitorObliviousTransfer::next
I: SendPublicKey::next
I: MonitorObliviousTransfer::next
I: RecvEncryptedMessages::next
I: MonitorObliviousTransfer::next
I: DecryptChosenMessage::next
I: MonitorObliviousTransfer::next
I: ChooserDone::next
I: MonitorObliviousTransfer::next
I: MonitorObliviousTransfer::next
I: InitChooser::next
I: MonitorObliviousTransfer::next
I: RecvConstant::next
D: received message: be6179ac16c0db35ad775b894ddc58fbb65b7314da1d9dff2129f4a724da93c2290a59fbc4e132cc9030887a274702a7fca8dc76f9a2ed1a042233af44441dfc7729c04e165a4fa69323bba6e785b65d3f8adaf63011dd5e454b83907b4410c603f4a05c9b8a43f57647fb8e7a5f4859a203f86c7395f6af0532bacd08b384dd8fcaf27a4679c86d029ba4b9bf8d2ab22f7b86f1b0ed5706dc442c86bfcad44a5532c0c02e951ba7fd866d0fc2e4ac4017059de5603b503871c48918e6b37969
I: MonitorObliviousTransfer::next
I: GeneratePublicKey::next
D:  sending message (size 0.000384 MB)
I: MonitorObliviousTransfer::next
I: SendPublicKey::next
I: MonitorObliviousTransfer::next
I: RecvEncryptedMessages::next
I: MonitorObliviousTransfer::next
I: DecryptChosenMessage::next
I: MonitorObliviousTransfer::next
I: ChooserDone::next
I: MonitorObliviousTransfer::next
I: MonitorObliviousTransfer::next
I: InitChooser::next
I: MonitorObliviousTransfer::next
I: RecvConstant::next
D: received message: 625c331738ae309dd3d4dee6ab0329e4a5d1bd3c2571b630088375f8e7fb03852015232ee61c2ae72f6bb22ad1e3211838ae06a3b32b6dbe57a63fea3eafedbb7a6a4abbd4c97fced46e9fd2bcc990366edafd335bce1c7ebba5ba88283f69969242405fabff4afc02f623e7f6d5f902b2b43804aeb383c57d6d5e0150c4e403ea5ad2866b43d9ff15635a1579f30194c6b6a9ee4415730e45d4a20678793ef2a120203659dc85bb51e1b7cf1061c98c6a143e2fed800f4e323e183c078f0eee
I: MonitorObliviousTransfer::next
I: GeneratePublicKey::next
D:  sending message (size 0.000384 MB)
I: MonitorObliviousTransfer::next
I: SendPublicKey::next
I: MonitorObliviousTransfer::next
I: RecvEncryptedMessages::next
I: MonitorObliviousTransfer::next
I: DecryptChosenMessage::next
I: MonitorObliviousTransfer::next
I: ChooserDone::next
I: MonitorObliviousTransfer::next
I: MonitorObliviousTransfer::next
I: InitChooser::next
I: MonitorObliviousTransfer::next
I: RecvConstant::next
D: received message: 2e7e2e9df6885bf9c34709e47927d377443d7476f6ed382a8204cd22e4aef34e6cc9150aeff28583b5790af1a3b20343682fa6534083b77b3b1d04ec32fefcfd16ab4648243430a3fca52da2e1ca96682f3aa603688c552e112fcff04ed7e090850de63c9367e18490293967a5a26a559b55c4239bf0ed32000878dbee20a23038e795950c4d436ec958f5ba84c76f2650d54664555f9943fb4cbcdede608b2f8f8bfce0b8a63c2baea56e86a6e721669f517eb1d5ae0215f3cf058a26294aa
I: MonitorObliviousTransfer::next
I: GeneratePublicKey::next
D:  sending message (size 0.000384 MB)
I: MonitorObliviousTransfer::next
I: SendPublicKey::next
I: MonitorObliviousTransfer::next
I: RecvEncryptedMessages::next
I: MonitorObliviousTransfer::next
I: DecryptChosenMessage::next
I: MonitorObliviousTransfer::next
I: ChooserDone::next
I: MonitorObliviousTransfer::next
I: MonitorObliviousTransfer::next
I: InitChooser::next
I: MonitorObliviousTransfer::next
I: RecvConstant::next
D: received message: 38a143bf73b223fd9572b0086095250cc053386db7ed9b6f6a14ba0442eae0729e3959397e1e56bbcc608482b2cacdb42d27a44e3cd0dd03d9e9a62a3ce3c1f51b903597c43eca09df97b3669015c23e510213e107ced684a49e739936923b0335f04ecd2c730e31ef2a3d5b284b148af90548ea225a3c4c425a7379629833cfb2c7813172fb14a6114242a348401e4ef8b556d5be8734f85eccd1a4bccf90eca6d238c45a2b8dcd42f90772c1b2bf051ab801c16d5c8d29a89822fe79abdaa
I: MonitorObliviousTransfer::next
I: GeneratePublicKey::next
D:  sending message (size 0.000384 MB)
I: MonitorObliviousTransfer::next
I: SendPublicKey::next
I: MonitorObliviousTransfer::next
I: RecvEncryptedMessages::next
I: MonitorObliviousTransfer::next
I: DecryptChosenMessage::next
I: MonitorObliviousTransfer::next
I: ChooserDone::next
I: MonitorObliviousTransfer::next
I: MonitorObliviousTransfer::next
I: InitChooser::next
I: MonitorObliviousTransfer::next
I: RecvConstant::next
D: received message: 36928450dfd8c5a476ad9e9d48d46443a87e81a017b9ca511dbb70015e8d3c0d21381baebcdef08c98b246f8f9c2f54e6d52e6b12e64fd833b796e6c3101f7b6136dcbd5b70632492eefbcbb3922d17f52620ed85a0d99579ad6796a981d8a8d87c7ba3600d7957d7c255da598b5e653ef3e5b91628aa480d66478072c34bbad4e38f6201d397f13710761a7832bf8aef2906a3690390b94b8c64d2d6dd6d07ccfeddc8006e0f794d3fd2dfe47c460cff3ef8162e968c95eea79567eddb05fe2
I: MonitorObliviousTransfer::next
I: GeneratePublicKey::next
D:  sending message (size 0.000384 MB)
I: MonitorObliviousTransfer::next
I: SendPublicKey::next
I: MonitorObliviousTransfer::next
I: RecvEncryptedMessages::next
I: MonitorObliviousTransfer::next
I: DecryptChosenMessage::next
I: MonitorObliviousTransfer::next
I: ChooserDone::next
I: MonitorObliviousTransfer::next
I: MonitorObliviousTransfer::next
I: InitChooser::next
I: MonitorObliviousTransfer::next
I: RecvConstant::next
D: received message: efb1656638e825a9bf752ddc98c982acdc299498b65c0e8e52ea953560d56638e04083d53fd6a0674089dc54bd75a420d776f70dc65bbbab5273a22db5cb2983338e40ef470b48a7cf560dbca21b551fe93d7bf404c6f25744e20b842d26eb6f4340aa3234c71130ceb8ff8a358fe75ffc399a8c58937b6a99206903f1a41fcbdfa2c60bd7c78e1eb6e2b8ce556557b4e7b606713f9c4ea4d624ad3fa55f2253e959b9fd34df98f04da4ec4090e79dce2be5902a15a5b2d18a797d00fee7e2eb
I: MonitorObliviousTransfer::next
I: GeneratePublicKey::next
D:  sending message (size 0.000384 MB)
I: MonitorObliviousTransfer::next
I: SendPublicKey::next
I: MonitorObliviousTransfer::next
I: RecvEncryptedMessages::next
I: MonitorObliviousTransfer::next
I: DecryptChosenMessage::next
I: MonitorObliviousTransfer::next
I: ChooserDone::next
I: MonitorObliviousTransfer::next
I: MonitorObliviousTransfer::next
I: InitChooser::next
I: MonitorObliviousTransfer::next
I: RecvConstant::next
D: received message: 3d8fe8fa627ada04ca99ac66dcf302d4a268009694df2e0cc4baa1c54cabdd6deeb3f6d58773843fce7adb6f2d3a7ea35dca93b18221bd180224b2e8f8ed4eae844b6f4bde00e6d9fcc33677e43dc1ca714dfd326f257a5a680cbcf86e873d7011d737bb2d5ab6d3f6952cfa9572b0b2912e3db44a7e72b182e35bc55b35f6783550a5c8a6709757140aa40f2ef314cc1d4df47a86289b417cf75b9e32991b107d09b50171f9338dd9b7d5b6b440c1b4f79a11b9f0f9bed2b402751fb8ea3a0e
I: MonitorObliviousTransfer::next
I: GeneratePublicKey::next
D:  sending message (size 0.000384 MB)
I: MonitorObliviousTransfer::next
I: SendPublicKey::next
I: MonitorObliviousTransfer::next
I: RecvEncryptedMessages::next
I: MonitorObliviousTransfer::next
I: DecryptChosenMessage::next
I: MonitorObliviousTransfer::next
I: ChooserDone::next
I: MonitorObliviousTransfer::next
I: MonitorObliviousTransfer::next
I: InitChooser::next
I: MonitorObliviousTransfer::next
I: RecvConstant::next
D: received message: ae2cc83a7ea5cfca35e6c161ebd27a013f1c17cda17100231fc38a116ff7a87ef5665611c2269c600ee94adbcfee661092da929764e1287b9d451b0cc27c8f0243581f060f8d6835bfd5f0b07ccc4d3f34063fc721c2351e8fbe2c2630300eddab178a696b4df660846898f1396eec44dcd34ddf943b7c131942c5b29b0ca49c497e8706afaa01adbfba24f10dda9fef65affc7cde061c40adeb1d23b3c1fff1828a6653c421b2ac9ce1eca2850bf46dd7468943cfb4ec0cd40e437b812369f
I: MonitorObliviousTransfer::next
I: GeneratePublicKey::next
D:  sending message (size 0.000384 MB)
I: MonitorObliviousTransfer::next
I: SendPublicKey::next
I: MonitorObliviousTransfer::next
I: RecvEncryptedMessages::next
I: MonitorObliviousTransfer::next
I: DecryptChosenMessage::next
I: MonitorObliviousTransfer::next
I: ChooserDone::next
I: MonitorObliviousTransfer::next
I: MonitorObliviousTransfer::next
I: InitChooser::next
I: MonitorObliviousTransfer::next
I: RecvConstant::next
D: received message: 3d1f8ef39efbbdd9ae831cb828956092c46880c50bc0947f248c8eb0dc52c9e920340246e53e1aea4ed8b8b196710c00ac2b1851d6ae0eccc8c3d2cbc6a0ccc3c00e3b3ab20d7dc8d591020ef07dce808f1522f5c153e79d441d1f92fe13e14fce5723b8fb01ba3d79f32e63369bb92379520371ef95a15ff9d76c8e288367d7a633c5aa6aff13a454769795b383f63de4bb6de0adf139b5a842280f8741b311ea0957f09bdf0ba20d2a7ff9b7ba2c30f5d1d58ccb30f253668ea77df636eb1f
I: MonitorObliviousTransfer::next
I: GeneratePublicKey::next
D:  sending message (size 0.000384 MB)
I: MonitorObliviousTransfer::next
I: SendPublicKey::next
I: MonitorObliviousTransfer::next
I: RecvEncryptedMessages::next
I: MonitorObliviousTransfer::next
I: DecryptChosenMessage::next
I: MonitorObliviousTransfer::next
I: ChooserDone::next
I: MonitorObliviousTransfer::next
I: MonitorObliviousTransfer::next
I: InitChooser::next
I: MonitorObliviousTransfer::next
I: RecvConstant::next
D: received message: 7c794adb6486d9a1418dd906aa1f9432db045ebac7e2d787cadd1ae4759318357da2735330755d83d87c60578f3fd73f3d56ecf82c539667f1b04ead1f342eb54c63fe3ba9b995bd70bec66a07c10c3330c4b976ea0cf9bf0843edb38549f67688e13f51216b7cea4f83c4a52ca8337962180628000acc1a171a8476e41c4df45881642890e197be08ccc21335c093954ecd4bdf183a55f8b336393c4999858eb396639d58df01b411c69e917a7d70ae76c8cfdd3073ee3480d7421e78799155
I: MonitorObliviousTransfer::next
I: GeneratePublicKey::next
D:  sending message (size 0.000384 MB)
I: MonitorObliviousTransfer::next
I: SendPublicKey::next
I: MonitorObliviousTransfer::next
I: RecvEncryptedMessages::next
I: MonitorObliviousTransfer::next
I: DecryptChosenMessage::next
I: MonitorObliviousTransfer::next
I: ChooserDone::next
I: MonitorObliviousTransfer::next
I: MonitorObliviousTransfer::next
I: InitChooser::next
I: MonitorObliviousTransfer::next
I: RecvConstant::next
D: received message: 2c408248280c9875008bdb685f731374c593828a242e55733b8e5590a43e06a4a1083027ece03fd073e2a7d9a540375195293a121623f3292ca21a630cc66065756724c7be58a4416b866478fbb403f893bca6c51e21a5cd1a3b54e9445e1b1ae0a0ff694544f45bc1349346a175fd00936d6bca2f39da21ad5d16f4c52dc26ebdea57705b6ae5fcb4152e7adedbda09f769878614a134208f73cb61bd0e4e2700ecc74c928792bc36dbcf58a64e8660a16d0f11f86271f31a212423e4fae4d0
I: MonitorObliviousTransfer::next
I: GeneratePublicKey::next
D:  sending message (size 0.000384 MB)
I: MonitorObliviousTransfer::next
I: SendPublicKey::next
I: MonitorObliviousTransfer::next
I: RecvEncryptedMessages::next
I: MonitorObliviousTransfer::next
I: DecryptChosenMessage::next
I: MonitorObliviousTransfer::next
I: ChooserDone::next
I: MonitorObliviousTransfer::next
I: MonitorObliviousTransfer::next
I: InitChooser::next
I: MonitorObliviousTransfer::next
I: RecvConstant::next
D: received message: 3c79bc4a93932930a98db774c146425c38c9af2499f0733b4047db46314fcbae7d1f40f1e0249bf5889c8ef1ebf6ba532149fe74ad5379e4f585808bf8d45fb596ec84934b9d3bdfe9823f71c7b7a9d8d40b5a5e8df893ca5c39a5425525f7b909081d8fdfdce6505e49136b315c86d1460ea5c6ec10a126ee260134472ddf7934b54a81428c0ef9769e5e8ba66e03315e7a0b537057b18a807fea83c53b67f3d2b04e6758da7fe8cc4ae8cc9972d877808f4fe1b49ca783d4fe742a3896d1a7
I: MonitorObliviousTransfer::next
I: GeneratePublicKey::next
D:  sending message (size 0.000384 MB)
I: MonitorObliviousTransfer::next
I: SendPublicKey::next
I: MonitorObliviousTransfer::next
I: RecvEncryptedMessages::next
I: MonitorObliviousTransfer::next
I: DecryptChosenMessage::next
I: MonitorObliviousTransfer::next
I: ChooserDone::next
I: MonitorObliviousTransfer::next
I: MonitorObliviousTransfer::next
I: InitChooser::next
I: MonitorObliviousTransfer::next
I: RecvConstant::next
D: received message: 2c9238e84bef7246a3fbf525554d62a0ad1a3611e1a181dd84a52ccb0cbe9f940c07717dce20a70604709c285a7e8eea693b0d727a1fcc1cd8ed8d8f8e4bffe36ea6389fba5db995ad19123053cb47f70515285233f695bedf9731f047118a23b552b4d241a1b5ec775b5ac1d9b8b11ae681cb09a557686e6d5069c76cdf55eec9b1185d1d8035758b45a9437094533397684db022be1683f4e8241436115c82895ba6fdf4607e527db14f0f485ba54af1ff18b480246331b83465ff2b8e25b0
I: MonitorObliviousTransfer::next
I: GeneratePublicKey::next
D:  sending message (size 0.000384 MB)
I: MonitorObliviousTransfer::next
I: SendPublicKey::next
I: MonitorObliviousTransfer::next
I: RecvEncryptedMessages::next
I: MonitorObliviousTransfer::next
I: DecryptChosenMessage::next
I: MonitorObliviousTransfer::next
I: ChooserDone::next
I: MonitorObliviousTransfer::next
I: MonitorObliviousTransfer::next
I: InitChooser::next
I: MonitorObliviousTransfer::next
I: RecvConstant::next
D: received message: e9dd94db9b63ebeaa3660268c91087d74f609d0ccaa05712a384edfcb77d682c59d8507a9b1c23ca34579226d6d78a42b5732682dd038070acf52320b7deddb3ce4fc4608f02cf8e6816c710b92209fd7014f42a401b0014bfcbf7b44e40f3c987efae29a72dff10a71a2ec98661aa2091fb508f6f85f30336f1847dfa7b576c66df41d9258c7d734de4016a651cbe15ad5cd7a18a54f5549155bc88d2071c77216fcfc285d214102f483167dce88b204937e82df2e8fb64bde1594029103c87
I: MonitorObliviousTransfer::next
I: GeneratePublicKey::next
D:  sending message (size 0.000384 MB)
I: MonitorObliviousTransfer::next
I: SendPublicKey::next
I: MonitorObliviousTransfer::next
I: RecvEncryptedMessages::next
I: MonitorObliviousTransfer::next
I: DecryptChosenMessage::next
I: MonitorObliviousTransfer::next
I: ChooserDone::next
I: MonitorObliviousTransfer::next
I: MonitorObliviousTransfer::next
I: InitChooser::next
I: MonitorObliviousTransfer::next
I: RecvConstant::next
D: received message: 603e42a9f7341b1da5c68945295def76ec5b85a9292353e8aaefad69cadfadb72aa9aabf9e62f2a7bfb55f9b7efc1e6d6754840c775310cd2b4234529b65f753b511e93d6764bb7bd6c139421d86bb4ae47f7bb8d08bd1f1ee7caf4169e810d99d73be9c3d5539d5fcaa4ac737fad1d239b3c9f1406a7f5b022ed5145e842144fe4121bade56c4cdd1a2b0fcfa272f33a73aa287f1f284b09e597ee7d4d0def68958aa13ec64aa9f1bef88b759807a43cd9e3db3a46bc22089959635bd13e2d5
I: MonitorObliviousTransfer::next
I: GeneratePublicKey::next
D:  sending message (size 0.000384 MB)
I: MonitorObliviousTransfer::next
I: SendPublicKey::next
I: MonitorObliviousTransfer::next
I: RecvEncryptedMessages::next
I: MonitorObliviousTransfer::next
I: DecryptChosenMessage::next
I: MonitorObliviousTransfer::next
I: ChooserDone::next
I: MonitorObliviousTransfer::next
I: MonitorObliviousTransfer::next
I: InitChooser::next
I: MonitorObliviousTransfer::next
I: RecvConstant::next
D: received message: 272844d7f7a242ec33c4acadf1bd7b80985aa7a5e326f26206e52a1cbc1940d2259a660fccd3044a06ca74bb0790e57a3f072f51e17950c6b0c1bede91dcc18c89788908f5773ade30f34a2cd496920300084e3dab1cd4adf25dbff569acca00aa1af118b35694ad0366a15590ab17df2551986abc42df649dd9a86ed95f62f4b3b2ce13fc97ddb7cf4484697d6527bc07e445dd0137829b9bb32730f3d1d1169d23044c35bd45653955f0b08dd307a62cc09347ece2472f510011066739b969
I: MonitorObliviousTransfer::next
I: GeneratePublicKey::next
D:  sending message (size 0.000384 MB)
I: MonitorObliviousTransfer::next
I: SendPublicKey::next
I: MonitorObliviousTransfer::next
I: RecvEncryptedMessages::next
I: MonitorObliviousTransfer::next
I: DecryptChosenMessage::next
I: MonitorObliviousTransfer::next
I: ChooserDone::next
I: MonitorObliviousTransfer::next
I: MonitorObliviousTransfer::next
I: InitChooser::next
I: MonitorObliviousTransfer::next
I: RecvConstant::next
D: received message: 367368edb9d860e7cf2f2896f0700854b375a75d0bb6a7b02f7291f919ae3499f57a6fa37f49534c745658e5abdf71f31002bb5b7d6b1441f118918254f512a1fd84f894aee5b1cbe423a355a094ba9e156319991c8403a4260d547ea4656346a9b37f2911492350a52c00d525664b20d00da0c27f352bc98dc0eaeb3bd3af52075d1dfdf2494fc22bfb5bcc0f1e6c1d3e78045b87d36fe4f4cc6a6d33c64d20e9d844f27a7c58ff74d06386d66496f1e11bbd4488476e60e8c9331b4cb1f3d0
I: MonitorObliviousTransfer::next
I: GeneratePublicKey::next
D:  sending message (size 0.000384 MB)
I: MonitorObliviousTransfer::next
I: SendPublicKey::next
I: MonitorObliviousTransfer::next
I: RecvEncryptedMessages::next
I: MonitorObliviousTransfer::next
I: DecryptChosenMessage::next
I: MonitorObliviousTransfer::next
I: ChooserDone::next
I: MonitorObliviousTransfer::next
I: MonitorObliviousTransfer::next
I: InitChooser::next
I: MonitorObliviousTransfer::next
I: RecvConstant::next
D: received message: 7f9d3c32d5d676864d1880ba63a502acd02b885badb956aaf2ab5db2aba119d4825f5a019abc22da8111edf71b5ae78d5bce69ffb4172937d0bd66c96be470bb50b683d9ca117d54b8679c605582967aabba5d31af0af71fde64804c8d6fb671dc13fb37dacc8351640c494ab90afa8f7d04a861549e235e4b4b305edcca736e8221fd1bf780623bf43d759386fee807604c9aa75e6d360c44d650d217b75813716779c589652304708991d4b182dfdeb1717dfa0e6a11d58ab8c62e52868406
I: MonitorObliviousTransfer::next
I: GeneratePublicKey::next
D:  sending message (size 0.000384 MB)
I: MonitorObliviousTransfer::next
I: SendPublicKey::next
I: MonitorObliviousTransfer::next
I: RecvEncryptedMessages::next
I: MonitorObliviousTransfer::next
I: DecryptChosenMessage::next
I: MonitorObliviousTransfer::next
I: ChooserDone::next
I: MonitorObliviousTransfer::next
I: MonitorObliviousTransfer::next
I: InitChooser::next
I: MonitorObliviousTransfer::next
I: RecvConstant::next
D: received message: 3d199da2cf0a83b83fd9ee57f0ef894a2164f5272d2e72876bf42f73bd856df2bf37f39118ffa4d91ba9f3d1cb1a9a3a4401e93143533abd5ac56daf02c1097c7cace5a11f6d50f6ce33c733e1022de3b9159b444aa9d82e9dba70a9c80fd7929225d663ab1092b564043b02a990af8ba2ebc3516638ec642dfc27fb0f697aed95f7a3070bb3f144550079cf6f30860a6fdb09cc50613a337007b0eacf284d5b796a816d9355d47d128ef0d5771a3c20945d8cbf222dd803628a51d371027caa
I: MonitorObliviousTransfer::next
I: GeneratePublicKey::next
D:  sending message (size 0.000382 MB)
I: MonitorObliviousTransfer::next
I: SendPublicKey::next
I: MonitorObliviousTransfer::next
I: RecvEncryptedMessages::next
I: MonitorObliviousTransfer::next
I: DecryptChosenMessage::next
I: MonitorObliviousTransfer::next
I: ChooserDone::next
I: MonitorObliviousTransfer::next
I: MonitorObliviousTransfer::next
I: InitChooser::next
I: MonitorObliviousTransfer::next
I: RecvConstant::next
D: received message: b17168f0ffcdb1a0aad597e567b606d58807c9bc1f3e9f021806dd059fc09c3b9b021df0c7979886e8f854cf19df70bb27a165268924e047ad81602dc8b6319378a5697c7a7f6acd3c14947f249e15bc181fce3e09d61e1ebe5b4ad4a0cd8d39fa2ca5751bac20e22ea29806d6458e6e0887dc813b8fb9417d11aeacf6fa59e90cc0fa9243a0362d6bc69067fe6d192d9fcb4dce287718f5e8e0e55ff3dc85788e4ee22163eee96ceb09fb3352aa8fef59083d357913b671056c02645c04385f
I: MonitorObliviousTransfer::next
I: GeneratePublicKey::next
D:  sending message (size 0.000384 MB)
I: MonitorObliviousTransfer::next
I: SendPublicKey::next
I: MonitorObliviousTransfer::next
I: RecvEncryptedMessages::next
I: MonitorObliviousTransfer::next
I: DecryptChosenMessage::next
I: MonitorObliviousTransfer::next
I: ChooserDone::next
I: MonitorObliviousTransfer::next
I: MonitorObliviousTransfer::next
I: InitChooser::next
I: MonitorObliviousTransfer::next
I: RecvConstant::next
D: received message: 72176bd8ebcd5f79957ea9a9cf8b1ab17157afbb75d8b7a7eb0a9a2015d5dc9a9dafdb9fd5275ec8e3342caa4d8d42fa630dd51e7656051a0ed497f749b73a95c4bb4ae6d22c623912bb625f21a1aeedee0fc81548e2ea61a7423ea509ced8186c2b24bbeabeb711eaf9b9e527d78eacd4f65b07b841a6181d21919b91f3db59d23780693320d76e132598f6d8154d49ef1aa76a560a1692558b6f51f9d785d25702dd4d24a2b4706ea9247347c32927b0607fcf79527a3a2c6bf3bcc0e313b
I: MonitorObliviousTransfer::next
I: GeneratePublicKey::next
D:  sending message (size 0.000384 MB)
I: MonitorObliviousTransfer::next
I: SendPublicKey::next
I: MonitorObliviousTransfer::next
I: RecvEncryptedMessages::next
I: MonitorObliviousTransfer::next
I: DecryptChosenMessage::next
I: MonitorObliviousTransfer::next
I: ChooserDone::next
I: MonitorObliviousTransfer::next
I: MonitorObliviousTransfer::next
I: InitChooser::next
I: MonitorObliviousTransfer::next
I: RecvConstant::next
D: received message: 511f2e6ad963ee9a41f67676ab8d73513916b0a6db59cca955343027a4ccf44939f88ba24e38fcc509568d2930e238043ed4f98c6f8eb5f82af48b90bb2e11d4392792944c645deee0c48858e5cfbf929dd5e460d5726cd5456b2bf97032fc64859a04182f0100583fbe71707070e3e2095fe73716e47d66676a57965c44300f94183787af97d68c9c8c194bb91c9a33406f048371d288cd7697dab5af6ba48be8ccbb390fb2889d48c2cb5acf3d214102d9772f42ef5c5a60d149c48f135499
I: MonitorObliviousTransfer::next
I: GeneratePublicKey::next
D:  sending message (size 0.000384 MB)
I: MonitorObliviousTransfer::next
I: SendPublicKey::next
I: MonitorObliviousTransfer::next
I: RecvEncryptedMessages::next
I: MonitorObliviousTransfer::next
I: DecryptChosenMessage::next
I: MonitorObliviousTransfer::next
I: ChooserDone::next
I: MonitorObliviousTransfer::next
I: MonitorObliviousTransfer::next
I: InitChooser::next
I: MonitorObliviousTransfer::next
I: RecvConstant::next
D: received message: 7dc3374d451714981778d1b100c37c3a031117d27a65983918c3ed3b47e0a4aac77d4571b30d8e518dbabfd5b37315e6c7188ede5170bd617b6bb19aaa2688da0e6c0754ff7459d4745acc87ea56493176a5b3e84664fe01f1a0d396a5ea3bb521349ef6b2c965b7f1db7978dc950e5b266a766a84a81a9bc3d8ad0a09bc0bec931fd48be20d5499b4eb45a08cb9cccbb51fdd748c63bdda2a332875c046b6e44d824791017f1e70ad69ddefdbc646875052bd2506d85b7c4fb973d89faec62a
I: MonitorObliviousTransfer::next
I: GeneratePublicKey::next
D:  sending message (size 0.000384 MB)
I: MonitorObliviousTransfer::next
I: SendPublicKey::next
I: MonitorObliviousTransfer::next
I: RecvEncryptedMessages::next
I: MonitorObliviousTransfer::next
I: DecryptChosenMessage::next
I: MonitorObliviousTransfer::next
I: ChooserDone::next
I: MonitorObliviousTransfer::next
I: MonitorObliviousTransfer::next
I: InitChooser::next
I: MonitorObliviousTransfer::next
I: RecvConstant::next
D: received message: 16b7c8f8532039ce5497ebd7e8cfe101956943e2a565552f6384d271b967214bbbf881b0f40544ac2e221aeec5bfeeeaefaacc9598c4c674f59f81281c6d674bd5b4da298c84b90a819297ecc02407f7ff9db2a5c7ea81adfb07d139e45a494da61dbc054e632ab8bcea23b544d971fa91666cb799a5eea9db5212f77f6268513f7a4c26d0d6d229a0c56abb0a698f83430d00d1669c998339fec5087c9422b650a39f109dcbef0a3e3212625a0038366001e69d63aeb6b4e65117163f275a11
I: MonitorObliviousTransfer::next
I: GeneratePublicKey::next
D:  sending message (size 0.000384 MB)
I: MonitorObliviousTransfer::next
I: SendPublicKey::next
I: MonitorObliviousTransfer::next
I: RecvEncryptedMessages::next
I: MonitorObliviousTransfer::next
I: DecryptChosenMessage::next
I: MonitorObliviousTransfer::next
I: ChooserDone::next
I: MonitorObliviousTransfer::next
I: MonitorObliviousTransfer::next
I: InitChooser::next
I: MonitorObliviousTransfer::next
I: RecvConstant::next
D: received message: de622e6f2901cddf11c6a97d9c72a7a2d8117fd1b49ce749aa8a3edb0a687f2aee46d723560b6f6dbbbdfd2000c6200fc4012469819607d8019041d4e8deeab11e4c0622bd977a4b671488b9c4982c9d91faeb437b1213e7810abf8030cf92f1e59b81091d464dc47e946aad9b34f4c7b07c1143946205953b2afa2a46e1dc0534e35a673d25eae3874a409a630ff74045165a91a7bf74fb0d8b2ae89ab54b396e301e30cda08e50c20a8e4678ce670d646de790e2f59498653925457da1f372
I: MonitorObliviousTransfer::next
I: GeneratePublicKey::next
D:  sending message (size 0.000384 MB)
I: MonitorObliviousTransfer::next
I: SendPublicKey::next
I: MonitorObliviousTransfer::next
I: RecvEncryptedMessages::next
I: MonitorObliviousTransfer::next
I: DecryptChosenMessage::next
I: MonitorObliviousTransfer::next
I: ChooserDone::next
I: MonitorObliviousTransfer::next
I: MonitorObliviousTransfer::next
I: EvaluateCircuit::next
D:   evaluating gate 10000
D:   evaluating gate 20000
D:  sending message (size 0.000001 MB)
I: SendOutputBit::next
I: ==== round duration: 38954.546875 ms ====
I: CopyMonitorStateLabels::next
I: RecvGarbledGates::next
I: RecvSystemInputLabels::next
I: RecvFlagBitLabels::next
I: EvaluateCircuit::next
D:   evaluating gate 10000
D:   evaluating gate 20000
D:  sending message (size 0.000001 MB)
I: SendOutputBit::next
I: ==== round duration: 39055.726562 ms ====
I: FaultObserved::next
I: MonitorDone::next
