I: parsing spec file timekeeper+.v...
I: parsing BLIF file synth.blif...
D: inputs and outputs parsed.
D: circuit initialized.
D: connections (#2018) parsed.
D: gates (#20547) parsed.
D: outputs: 35207 35210 35213 35216 35219 35222 35225 35228 35231 35234 35237 35240 35243 35246 35249 35252 35255 35258 35261 35264 35267 35270 35273 35276 35279 35282 35285 35288 35291 35294 35297 35303 35205 
D: circuit size: 35304
D: adding identity gates for outputs...
D: outputs after identity: 35337 35338 35339 35340 35341 35342 35343 35344 35345 35346 35347 35348 35349 35350 35351 35352 35353 35354 35355 35356 35357 35358 35359 35360 35361 35362 35363 35364 35365 35366 35367 35368 35369 
D: circuit size after identity: 35370
I: initializing safe primes...
I: using prime modulus 1552518092300708935130918131258481755631334049434514313202351194902966239949102107258669453876591642442910007680288864229150803718918046342632727613031282983744380820890196288509170691316593175367469551763119843371637221007210577919
D:  sending message (size 0.000005 MB)
I: InitMonitor::next
I: GenerateDriverLabels::next
D:   driver labels generated in 26581.404297 ms
I: GenerateInWireKeys::next
D:   in-wire keys generated in 10977.838867 ms
D: SendLabels::message
D:   generating in-wire labels for 20618 gates
D:   10000 gates processed
D:   20000 gates processed
D:   in-wire labels generated in 5592.055176 ms
D:  gateCount: 20618
D:  sending message (size 14.779553 MB)
I: SendLabels::next
I: RecvGarbledGates::next
I: RecvSystemInputLabels::next
I: RecvFlagBitLabels::next
I: MonitorObliviousTransfer::next
I: InitChooser::next
I: MonitorObliviousTransfer::next
I: RecvConstant::next
D: received message: d56a0c4b6893514dfa25d7dc486d39e35493a785093ced625214d604d4d509059f052c3a4a776d64bdf93e1f43a699026ce7ed9f13f9832923e520977272751143feb17d5858ad6683a979fb8247f667e5b4b14fb516ab520f4cab0f6cddc14f
I: MonitorObliviousTransfer::next
I: GeneratePublicKey::next
D:  sending message (size 0.000192 MB)
I: MonitorObliviousTransfer::next
I: SendPublicKey::next
I: MonitorObliviousTransfer::next
I: RecvEncryptedMessages::next
I: MonitorObliviousTransfer::next
I: DecryptChosenMessage::next
I: MonitorObliviousTransfer::next
I: ChooserDone::next
I: MonitorObliviousTransfer::next
I: MonitorObliviousTransfer::next
I: InitChooser::next
I: MonitorObliviousTransfer::next
I: RecvConstant::next
D: received message: b4733dc376b6a900040faf2d8efdd850910d14dc945df937d6be11f313b18d719f77dee8c59cef4fc2e4df98f0eb8cfbbc6c17653153c861e655e2375716de991e59e3cbd486309ab1b8d8f031c70b79d743774ded31e008e77f6428363d9325
I: MonitorObliviousTransfer::next
I: GeneratePublicKey::next
D:  sending message (size 0.000192 MB)
I: MonitorObliviousTransfer::next
I: SendPublicKey::next
I: MonitorObliviousTransfer::next
I: RecvEncryptedMessages::next
I: MonitorObliviousTransfer::next
I: DecryptChosenMessage::next
I: MonitorObliviousTransfer::next
I: ChooserDone::next
I: MonitorObliviousTransfer::next
I: MonitorObliviousTransfer::next
I: InitChooser::next
I: MonitorObliviousTransfer::next
I: RecvConstant::next
D: received message: 40a32d5dfc967686a863fdef23be91cbee2a04b05b6f4b803a1be46a6e607fdf9647b5e4d5450f5a0681de109f579cfc430acdfbbf8512df1aa1139d97752ba8a38f2856a2e6878355416729d3524b0e5786867e394c993a97e07991ae291d7f
I: MonitorObliviousTransfer::next
I: GeneratePublicKey::next
D:  sending message (size 0.000192 MB)
I: MonitorObliviousTransfer::next
I: SendPublicKey::next
I: MonitorObliviousTransfer::next
I: RecvEncryptedMessages::next
I: MonitorObliviousTransfer::next
I: DecryptChosenMessage::next
I: MonitorObliviousTransfer::next
I: ChooserDone::next
I: MonitorObliviousTransfer::next
I: MonitorObliviousTransfer::next
I: InitChooser::next
I: MonitorObliviousTransfer::next
I: RecvConstant::next
D: received message: 4cfc67564221c785dcab377b02b5bd76130139377868d2176e3ed94a3ef9de8b72eb660bb45ed1007ead603cb1fb9f6b10ee2769461d19b53e6f9ff33e4fd9017e5dc09079ca806ab51d1e549f89df694ddb26d77e4384418b5d84f4422c00e3
I: MonitorObliviousTransfer::next
I: GeneratePublicKey::next
D:  sending message (size 0.000192 MB)
I: MonitorObliviousTransfer::next
I: SendPublicKey::next
I: MonitorObliviousTransfer::next
I: RecvEncryptedMessages::next
I: MonitorObliviousTransfer::next
I: DecryptChosenMessage::next
I: MonitorObliviousTransfer::next
I: ChooserDone::next
I: MonitorObliviousTransfer::next
I: MonitorObliviousTransfer::next
I: InitChooser::next
I: MonitorObliviousTransfer::next
I: RecvConstant::next
D: received message: 4f49dd2a6e0aeae70755f3200dd9fe3a826279eb24b66cf1c2e8cdbe6dc798471ab56f0b0e6a718285dba7bf97bb26c9e8a7e86e52d49bd32af512ab2e3074e1a90d557065f34ecbef0c1919b2c4dcbc814c40a568d9623115fc402cf3f09807
I: MonitorObliviousTransfer::next
I: GeneratePublicKey::next
D:  sending message (size 0.000192 MB)
I: MonitorObliviousTransfer::next
I: SendPublicKey::next
I: MonitorObliviousTransfer::next
I: RecvEncryptedMessages::next
I: MonitorObliviousTransfer::next
I: DecryptChosenMessage::next
I: MonitorObliviousTransfer::next
I: ChooserDone::next
I: MonitorObliviousTransfer::next
I: MonitorObliviousTransfer::next
I: InitChooser::next
I: MonitorObliviousTransfer::next
I: RecvConstant::next
D: received message: 74a31f6f37998c9d8cd288a0aa0292b201328cdf001842827b627392700e0f17414221693dd5df46c8bdf7a0b94e7dec63f775466f259880c2e0156984c83c472e6a387a5edabcfaf8520366d405218fd9a60b7fab7a29dc4894ec1b2ee22344
I: MonitorObliviousTransfer::next
I: GeneratePublicKey::next
D:  sending message (size 0.000192 MB)
I: MonitorObliviousTransfer::next
I: SendPublicKey::next
I: MonitorObliviousTransfer::next
I: RecvEncryptedMessages::next
I: MonitorObliviousTransfer::next
I: DecryptChosenMessage::next
I: MonitorObliviousTransfer::next
I: ChooserDone::next
I: MonitorObliviousTransfer::next
I: MonitorObliviousTransfer::next
I: InitChooser::next
I: MonitorObliviousTransfer::next
I: RecvConstant::next
D: received message: b159751fed0d0476575c4eced8f278b700e5c7b03b44ff920e773b5c4a6969ef6649eb9b9985f39680ea2854b4363785c40e99a7a4af552735e898de268babb8a8606b5d9de76b3ed2558f0bc306f9919595a81b65b51abf110f1103a83b8f38
I: MonitorObliviousTransfer::next
I: GeneratePublicKey::next
D:  sending message (size 0.000192 MB)
I: MonitorObliviousTransfer::next
I: SendPublicKey::next
I: MonitorObliviousTransfer::next
I: RecvEncryptedMessages::next
I: MonitorObliviousTransfer::next
I: DecryptChosenMessage::next
I: MonitorObliviousTransfer::next
I: ChooserDone::next
I: MonitorObliviousTransfer::next
I: MonitorObliviousTransfer::next
I: InitChooser::next
I: MonitorObliviousTransfer::next
I: RecvConstant::next
D: received message: 18c0641aaed5a710c69c324b6baeecf30088b150781fb875fc86be6650de70a3b89e8c93ec24229875e24ccf64a47bc6c7de78b79d2638abec2524644900ca34c46461310147a71e78df6496e845b77aaf2d0d5830b22abcca43f276832190e7
I: MonitorObliviousTransfer::next
I: GeneratePublicKey::next
D:  sending message (size 0.000192 MB)
I: MonitorObliviousTransfer::next
I: SendPublicKey::next
I: MonitorObliviousTransfer::next
I: RecvEncryptedMessages::next
I: MonitorObliviousTransfer::next
I: DecryptChosenMessage::next
I: MonitorObliviousTransfer::next
I: ChooserDone::next
I: MonitorObliviousTransfer::next
I: MonitorObliviousTransfer::next
I: InitChooser::next
I: MonitorObliviousTransfer::next
I: RecvConstant::next
D: received message: 2ca0aa3e12b62569d86b432f979b3213cbc975a5aab908affd80fc8d58127ed43c6d6e68ae831c042f716d49497528cc59b68856516e1af50ccd707c1613d5d855fc9f0e7e5d22f9d58f7230d8a032fe355b69c264bc908d90c7370359eaf86
I: MonitorObliviousTransfer::next
I: GeneratePublicKey::next
D:  sending message (size 0.000192 MB)
I: MonitorObliviousTransfer::next
I: SendPublicKey::next
I: MonitorObliviousTransfer::next
I: RecvEncryptedMessages::next
I: MonitorObliviousTransfer::next
I: DecryptChosenMessage::next
I: MonitorObliviousTransfer::next
I: ChooserDone::next
I: MonitorObliviousTransfer::next
I: MonitorObliviousTransfer::next
I: InitChooser::next
I: MonitorObliviousTransfer::next
I: RecvConstant::next
D: received message: 94ee25e2fd2390e9e5507ad1dc5a745d0fee3209da94acebe4e3e8818550ef2c9b135098a167e8a39d1b4ff21b87d398a82b3bf5de0910906f4009a8f66773d916698b20988959fdb508537131b18e4e2bc924dafbb4274782b01a39f883c57e
I: MonitorObliviousTransfer::next
I: GeneratePublicKey::next
D:  sending message (size 0.000192 MB)
I: MonitorObliviousTransfer::next
I: SendPublicKey::next
I: MonitorObliviousTransfer::next
I: RecvEncryptedMessages::next
I: MonitorObliviousTransfer::next
I: DecryptChosenMessage::next
I: MonitorObliviousTransfer::next
I: ChooserDone::next
I: MonitorObliviousTransfer::next
I: MonitorObliviousTransfer::next
I: InitChooser::next
I: MonitorObliviousTransfer::next
I: RecvConstant::next
D: received message: da3a67fce89f3fa4163f44a513833e8a7944f4a096ceba1b72ba2f95437450ee2fbec1d897e86ccbb0a9c3c41595350938d38fc07bfcc6db5a47404fb14c2c2bf55d7b028a1b640db467429711d33e66f38771aec3765e73d5860d2a7625eb23
I: MonitorObliviousTransfer::next
I: GeneratePublicKey::next
D:  sending message (size 0.000191 MB)
I: MonitorObliviousTransfer::next
I: SendPublicKey::next
I: MonitorObliviousTransfer::next
I: RecvEncryptedMessages::next
I: MonitorObliviousTransfer::next
I: DecryptChosenMessage::next
I: MonitorObliviousTransfer::next
I: ChooserDone::next
I: MonitorObliviousTransfer::next
I: MonitorObliviousTransfer::next
I: InitChooser::next
I: MonitorObliviousTransfer::next
I: RecvConstant::next
D: received message: 15e5cdc4731e472b7c193ed91699ae4c94cc166f654aa2f510e132de2df3f886d469f0cb5a274fe88df0aa3b1e3015b2d3663c3115b38f10390167c150f74d906dae5f2b20ed457ac603065fb8ff9b6b219c5739bc7e0bbe092571307ff95d96
I: MonitorObliviousTransfer::next
I: GeneratePublicKey::next
D:  sending message (size 0.000192 MB)
I: MonitorObliviousTransfer::next
I: SendPublicKey::next
I: MonitorObliviousTransfer::next
I: RecvEncryptedMessages::next
I: MonitorObliviousTransfer::next
I: DecryptChosenMessage::next
I: MonitorObliviousTransfer::next
I: ChooserDone::next
I: MonitorObliviousTransfer::next
I: MonitorObliviousTransfer::next
I: InitChooser::next
I: MonitorObliviousTransfer::next
I: RecvConstant::next
D: received message: 64a7f42a94a697495866cf7d529e4feeec6b1f66639cfd47ba516a5ecfc80fa73c0adcc0946d1a972f090d0e69b8681ff0c3cb8082fd0b37d7f1c7c7fe98658db18459db5c1b2bf038cbfb40359f892f43db16e42ca1fcedf50336058a847ca7
I: MonitorObliviousTransfer::next
I: GeneratePublicKey::next
D:  sending message (size 0.000192 MB)
I: MonitorObliviousTransfer::next
I: SendPublicKey::next
I: MonitorObliviousTransfer::next
I: RecvEncryptedMessages::next
I: MonitorObliviousTransfer::next
I: DecryptChosenMessage::next
I: MonitorObliviousTransfer::next
I: ChooserDone::next
I: MonitorObliviousTransfer::next
I: MonitorObliviousTransfer::next
I: InitChooser::next
I: MonitorObliviousTransfer::next
I: RecvConstant::next
D: received message: 328a2028bf34fe0fdb7a4f556d91a76ebcd9809c389f13702fb3cf2dc84b9bd4df3cc2064e910741ba602bb143a84872b9576feb3b61a32d048f440f7a6bb21424bdca2862375ab7cfc04d2c49f474f83d0d5175762881c5ba7deafdc663f888
I: MonitorObliviousTransfer::next
I: GeneratePublicKey::next
D:  sending message (size 0.000192 MB)
I: MonitorObliviousTransfer::next
I: SendPublicKey::next
I: MonitorObliviousTransfer::next
I: RecvEncryptedMessages::next
I: MonitorObliviousTransfer::next
I: DecryptChosenMessage::next
I: MonitorObliviousTransfer::next
I: ChooserDone::next
I: MonitorObliviousTransfer::next
I: MonitorObliviousTransfer::next
I: InitChooser::next
I: MonitorObliviousTransfer::next
I: RecvConstant::next
D: received message: 1c3ae99afda69b9aea140ee96d9d8f16b727d8e5b555dd4f73925075a82bcb58b843094e8bcc2c54f4f982841eeadeb49dea0796a1e63385e1f0c93699689107ebc7827f382ddc99548af0de4f8a7dcabf98d09c27162e09266c6ec4df0e405
I: MonitorObliviousTransfer::next
I: GeneratePublicKey::next
D:  sending message (size 0.000192 MB)
I: MonitorObliviousTransfer::next
I: SendPublicKey::next
I: MonitorObliviousTransfer::next
I: RecvEncryptedMessages::next
I: MonitorObliviousTransfer::next
I: DecryptChosenMessage::next
I: MonitorObliviousTransfer::next
I: ChooserDone::next
I: MonitorObliviousTransfer::next
I: MonitorObliviousTransfer::next
I: InitChooser::next
I: MonitorObliviousTransfer::next
I: RecvConstant::next
D: received message: 34e3f4d211f70d1008c523a9c4cd0805966ff15b8df4dc1f73c9d6aa5bf0b9f702630df1d2e82a310cc6188ffee42b663999c63314967e064f87779156bb52ca02158e6001c6da8a0f35f47f82b159c8807199c8c7b45c217161fd7d52fa9222
I: MonitorObliviousTransfer::next
I: GeneratePublicKey::next
D:  sending message (size 0.000192 MB)
I: MonitorObliviousTransfer::next
I: SendPublicKey::next
I: MonitorObliviousTransfer::next
I: RecvEncryptedMessages::next
I: MonitorObliviousTransfer::next
I: DecryptChosenMessage::next
I: MonitorObliviousTransfer::next
I: ChooserDone::next
I: MonitorObliviousTransfer::next
I: MonitorObliviousTransfer::next
I: InitChooser::next
I: MonitorObliviousTransfer::next
I: RecvConstant::next
D: received message: 246c8217d2f606b543df2cc9a852a1171ad961b19666317e794071c775b5fe7a1271070ca162f75d39ac2a15d040de1b268d27c5326cb37cc1282bd982c758b631337db3c904a49bf370f7c39e4051f7bfcf176a6b2fb9ab69989d27990c47e
I: MonitorObliviousTransfer::next
I: GeneratePublicKey::next
D:  sending message (size 0.000192 MB)
I: MonitorObliviousTransfer::next
I: SendPublicKey::next
I: MonitorObliviousTransfer::next
I: RecvEncryptedMessages::next
I: MonitorObliviousTransfer::next
I: DecryptChosenMessage::next
I: MonitorObliviousTransfer::next
I: ChooserDone::next
I: MonitorObliviousTransfer::next
I: MonitorObliviousTransfer::next
I: InitChooser::next
I: MonitorObliviousTransfer::next
I: RecvConstant::next
D: received message: a9e3fc1fead29c29ee3f18ddf4c2c664ce6fdac6c0fe121441bd1e2cebb32b8dcdb04b5a6bf352513ca2d2ce01ee3636ca75f2be5fcc28560794b7e8c1bdcbd37ccc92f9e669189dd29b0cef9186c061692e5010951ca0aeea8b4f371c9348ba
I: MonitorObliviousTransfer::next
I: GeneratePublicKey::next
D:  sending message (size 0.000192 MB)
I: MonitorObliviousTransfer::next
I: SendPublicKey::next
I: MonitorObliviousTransfer::next
I: RecvEncryptedMessages::next
I: MonitorObliviousTransfer::next
I: DecryptChosenMessage::next
I: MonitorObliviousTransfer::next
I: ChooserDone::next
I: MonitorObliviousTransfer::next
I: MonitorObliviousTransfer::next
I: InitChooser::next
I: MonitorObliviousTransfer::next
I: RecvConstant::next
D: received message: e8b146ba17ed8900606a267577c18cc05639824d73dc856900d8430ebd5986a6e19c8284315b431bef95c312f787d9c7f5152412cfda28f1d9cd3101a7a7376b7fc3b777ae450d34cb6e8ff1155c9f1902b0b59641edca78eefc02ff59219e9e
I: MonitorObliviousTransfer::next
I: GeneratePublicKey::next
D:  sending message (size 0.000192 MB)
I: MonitorObliviousTransfer::next
I: SendPublicKey::next
I: MonitorObliviousTransfer::next
I: RecvEncryptedMessages::next
I: MonitorObliviousTransfer::next
I: DecryptChosenMessage::next
I: MonitorObliviousTransfer::next
I: ChooserDone::next
I: MonitorObliviousTransfer::next
I: MonitorObliviousTransfer::next
I: InitChooser::next
I: MonitorObliviousTransfer::next
I: RecvConstant::next
D: received message: 34da0e4b62bcdbda6b042702280fcd2eaad5e5145daac3d0a5fda2e055a28174991821d236d306ef3886a297aa0d49020368805abc53e65091de12d050184e0b6aa70400c3647e77cea741c1c4a99461b59fd0fe038a10bf550b2efbb4aadc71
I: MonitorObliviousTransfer::next
I: GeneratePublicKey::next
D:  sending message (size 0.000192 MB)
I: MonitorObliviousTransfer::next
I: SendPublicKey::next
I: MonitorObliviousTransfer::next
I: RecvEncryptedMessages::next
I: MonitorObliviousTransfer::next
I: DecryptChosenMessage::next
I: MonitorObliviousTransfer::next
I: ChooserDone::next
I: MonitorObliviousTransfer::next
I: MonitorObliviousTransfer::next
I: InitChooser::next
I: MonitorObliviousTransfer::next
I: RecvConstant::next
D: received message: 70bc3497b2a7b7e0cb263d9f82977e656054b74b48ade0326587339f83a88563f526ea58b257cd9b28aa1b2b4a2ade40f9fea7d7e8ef60562c20809ad7118bdbfb499251c24df60ff21e04b6008671b161d51c304e5f795789231fc5e358fbc9
I: MonitorObliviousTransfer::next
I: GeneratePublicKey::next
D:  sending message (size 0.000192 MB)
I: MonitorObliviousTransfer::next
I: SendPublicKey::next
I: MonitorObliviousTransfer::next
I: RecvEncryptedMessages::next
I: MonitorObliviousTransfer::next
I: DecryptChosenMessage::next
I: MonitorObliviousTransfer::next
I: ChooserDone::next
I: MonitorObliviousTransfer::next
I: MonitorObliviousTransfer::next
I: InitChooser::next
I: MonitorObliviousTransfer::next
I: RecvConstant::next
D: received message: c9875a815da2236e292c4d3298e1858b7e067cfdc1ce9005b99cc9f8be56389b533c722657bdcdf6108f4a6a0cec82fd63f15cad844e1a5c400d2c30b3629258498a2989b8cfd689fb3bc098cdbed74f283463d5193cb8ee0aef5fa60662d636
I: MonitorObliviousTransfer::next
I: GeneratePublicKey::next
D:  sending message (size 0.000192 MB)
I: MonitorObliviousTransfer::next
I: SendPublicKey::next
I: MonitorObliviousTransfer::next
I: RecvEncryptedMessages::next
I: MonitorObliviousTransfer::next
I: DecryptChosenMessage::next
I: MonitorObliviousTransfer::next
I: ChooserDone::next
I: MonitorObliviousTransfer::next
I: MonitorObliviousTransfer::next
I: InitChooser::next
I: MonitorObliviousTransfer::next
I: RecvConstant::next
D: received message: 4e4c7c1aacd352cf29a66a7e6c709fb75cd0fc6da9f7de5422e52b304df80d521a0f54dc68a569556bca376cfafb605ec3d0263e1be37a6732c22be6c5c15677ba2a9fbdf02cbdce9e7af2c5f80930d47cc3410a8c4ce5e31352e9f01605c6f3
I: MonitorObliviousTransfer::next
I: GeneratePublicKey::next
D:  sending message (size 0.000191 MB)
I: MonitorObliviousTransfer::next
I: SendPublicKey::next
I: MonitorObliviousTransfer::next
I: RecvEncryptedMessages::next
I: MonitorObliviousTransfer::next
I: DecryptChosenMessage::next
I: MonitorObliviousTransfer::next
I: ChooserDone::next
I: MonitorObliviousTransfer::next
I: MonitorObliviousTransfer::next
I: InitChooser::next
I: MonitorObliviousTransfer::next
I: RecvConstant::next
D: received message: 452c21d77bd7bfe6be10285b5948cda49bf54b2b05522e138759781ee17cc86e32bbf650dd1df23a415f46f8690d7fdfd628b0e69957c60e21b6d6950331c3f558e6fd2dac55dd3b3afad73fbaa823a27f63dc83466ff2b5143d82a27995f60c
I: MonitorObliviousTransfer::next
I: GeneratePublicKey::next
D:  sending message (size 0.000192 MB)
I: MonitorObliviousTransfer::next
I: SendPublicKey::next
I: MonitorObliviousTransfer::next
I: RecvEncryptedMessages::next
I: MonitorObliviousTransfer::next
I: DecryptChosenMessage::next
I: MonitorObliviousTransfer::next
I: ChooserDone::next
I: MonitorObliviousTransfer::next
I: MonitorObliviousTransfer::next
I: InitChooser::next
I: MonitorObliviousTransfer::next
I: RecvConstant::next
D: received message: e5fc151f1a20dd654b23013ee4f0fc80dc70dc5eee811c150b3d16255cd793b9e011ac0ec4701c9a4f1716e915e5c733799cf66a7fba6bd6af5ac8cf50583ac038665c75c0e2eedbc99cdae07a49a21a77473b24a1c0c05a156baef12b476715
I: MonitorObliviousTransfer::next
I: GeneratePublicKey::next
D:  sending message (size 0.000192 MB)
I: MonitorObliviousTransfer::next
I: SendPublicKey::next
I: MonitorObliviousTransfer::next
I: RecvEncryptedMessages::next
I: MonitorObliviousTransfer::next
I: DecryptChosenMessage::next
I: MonitorObliviousTransfer::next
I: ChooserDone::next
I: MonitorObliviousTransfer::next
I: MonitorObliviousTransfer::next
I: InitChooser::next
I: MonitorObliviousTransfer::next
I: RecvConstant::next
D: received message: 186ddd6a65910a887557a00222fc02a4b0812a3185c8597026be87ca2f7d3ad4b6c0080ed07163e4ff47d357f6286bc68470131b53285007e66da810d39eda6ff8b7abf312c4d385b645d87dae7a2e5f10fb1e4f115b3a10c071bc7531c7b390
I: MonitorObliviousTransfer::next
I: GeneratePublicKey::next
D:  sending message (size 0.000192 MB)
I: MonitorObliviousTransfer::next
I: SendPublicKey::next
I: MonitorObliviousTransfer::next
I: RecvEncryptedMessages::next
I: MonitorObliviousTransfer::next
I: DecryptChosenMessage::next
I: MonitorObliviousTransfer::next
I: ChooserDone::next
I: MonitorObliviousTransfer::next
I: MonitorObliviousTransfer::next
I: InitChooser::next
I: MonitorObliviousTransfer::next
I: RecvConstant::next
D: received message: f5a13bbf7c8ddb35cf161b88de7aca46c23ae845283ec6892fff374bd0dc850f65b48a37fce1f5e7d92bd5328c240857fb0e9ab813a4597f37570c543557669687f38cf1730724a71d4ef6e2a2e4ad6d4cdd89c014bff8a5c1adfe1870440f9
I: MonitorObliviousTransfer::next
I: GeneratePublicKey::next
D:  sending message (size 0.000192 MB)
I: MonitorObliviousTransfer::next
I: SendPublicKey::next
I: MonitorObliviousTransfer::next
I: RecvEncryptedMessages::next
I: MonitorObliviousTransfer::next
I: DecryptChosenMessage::next
I: MonitorObliviousTransfer::next
I: ChooserDone::next
I: MonitorObliviousTransfer::next
I: MonitorObliviousTransfer::next
I: InitChooser::next
I: MonitorObliviousTransfer::next
I: RecvConstant::next
D: received message: 58082ffe1e4d2f6bf4fb6144ab898b3b001aca5f0a337458e5cd22395105a3644b8004114ef6e0144d601a10db3f22e87a6a2d77880a8dfabdc62e6a8f2660f9ed86a830405ac22c63a19e570d4d7171e28122c520df0fbc14ddefb845235a99
I: MonitorObliviousTransfer::next
I: GeneratePublicKey::next
D:  sending message (size 0.000192 MB)
I: MonitorObliviousTransfer::next
I: SendPublicKey::next
I: MonitorObliviousTransfer::next
I: RecvEncryptedMessages::next
I: MonitorObliviousTransfer::next
I: DecryptChosenMessage::next
I: MonitorObliviousTransfer::next
I: ChooserDone::next
I: MonitorObliviousTransfer::next
I: MonitorObliviousTransfer::next
I: InitChooser::next
I: MonitorObliviousTransfer::next
I: RecvConstant::next
D: received message: 60432b0cdfca87b60533ea9fbf0d4a620385a4e939dc061cca2ea19c05b85a505f8e17c4f4a9dec6fb5f80a0f9a28dc199131aa6207cefd7e8db40131ab355ba8ab6b29c65f3c9848c007b16aba1f781b9408ef21ad54ef6812ecef6155754f6
I: MonitorObliviousTransfer::next
I: GeneratePublicKey::next
D:  sending message (size 0.000192 MB)
I: MonitorObliviousTransfer::next
I: SendPublicKey::next
I: MonitorObliviousTransfer::next
I: RecvEncryptedMessages::next
I: MonitorObliviousTransfer::next
I: DecryptChosenMessage::next
I: MonitorObliviousTransfer::next
I: ChooserDone::next
I: MonitorObliviousTransfer::next
I: MonitorObliviousTransfer::next
I: InitChooser::next
I: MonitorObliviousTransfer::next
I: RecvConstant::next
D: received message: b596255d92297d8c5ef90c6990191330e01eb78f913aa028884961f84342b49889e53d0da8054e64a76aa0853dfee478279b2b2006d5473aa4fbdfde9fdf503594a68293d6235a768467696e1ed62749d2eab229ce9bd0e917e2a9d8856b8815
I: MonitorObliviousTransfer::next
I: GeneratePublicKey::next
D:  sending message (size 0.000192 MB)
I: MonitorObliviousTransfer::next
I: SendPublicKey::next
I: MonitorObliviousTransfer::next
I: RecvEncryptedMessages::next
I: MonitorObliviousTransfer::next
I: DecryptChosenMessage::next
I: MonitorObliviousTransfer::next
I: ChooserDone::next
I: MonitorObliviousTransfer::next
I: MonitorObliviousTransfer::next
I: InitChooser::next
I: MonitorObliviousTransfer::next
I: RecvConstant::next
D: received message: b4063c1774c6533054d848686eb9fc6f035a479751b41284f7ebe48758a0f802c6309f93a48bf845d32cc07b810a14bd002e1f227e2e41586f1cef3fce4862f70df7b36d3f89359f708a30668606a54077ec40ee9fb7d2b497ad863c106a9ecf
I: MonitorObliviousTransfer::next
I: GeneratePublicKey::next
D:  sending message (size 0.000192 MB)
I: MonitorObliviousTransfer::next
I: SendPublicKey::next
I: MonitorObliviousTransfer::next
I: RecvEncryptedMessages::next
I: MonitorObliviousTransfer::next
I: DecryptChosenMessage::next
I: MonitorObliviousTransfer::next
I: ChooserDone::next
I: MonitorObliviousTransfer::next
I: MonitorObliviousTransfer::next
I: InitChooser::next
I: MonitorObliviousTransfer::next
I: RecvConstant::next
D: received message: d3f462b47951974daa377deb93d0934ef91a13c9e782fe9ee06b7d45bd27781df5575e8fcc215623209cd3790d301ca6501d16ea028a119e310e40a0e28ca367abd2bbd60991706dc8ef8e568b5faa2606bd8a9cf0096641decd73b8f84b2be0
I: MonitorObliviousTransfer::next
I: GeneratePublicKey::next
D:  sending message (size 0.000192 MB)
I: MonitorObliviousTransfer::next
I: SendPublicKey::next
I: MonitorObliviousTransfer::next
I: RecvEncryptedMessages::next
I: MonitorObliviousTransfer::next
I: DecryptChosenMessage::next
I: MonitorObliviousTransfer::next
I: ChooserDone::next
I: MonitorObliviousTransfer::next
I: MonitorObliviousTransfer::next
I: EvaluateCircuit::next
D:   evaluating gate 10000
D:   evaluating gate 20000
D:  sending message (size 0.000001 MB)
I: SendOutputBit::next
I: ==== round duration: 8493.005859 ms ====
I: CopyMonitorStateLabels::next
I: RecvGarbledGates::next
I: RecvSystemInputLabels::next
I: RecvFlagBitLabels::next
I: EvaluateCircuit::next
D:   evaluating gate 10000
D:   evaluating gate 20000
D:  sending message (size 0.000001 MB)
I: SendOutputBit::next
I: ==== round duration: 8733.417969 ms ====
I: FaultObserved::next
I: MonitorDone::next
